kernel 0 23.475
normal 0 0.255
sanitizers 0 0.334
phases 0 0.255
model_values 0 0.382
certificate 0 1.617
binding 0 0.053
ledger 0 0.05
toolchain 0 1.396
{
  "status": "FRESH_REPLAY_PASS",
  "mode": "rehearsal",
  "expected_outputs_sha256": null,
  "local_proof_kind": "MIXED_KERNEL_AND_UNIVERSAL_ANALYTICAL_SOURCE_PROOF",
  "fully_kernelized_source_add_error": false,
  "no_carried_olean_binary_cache": true,
  "originals_required": false,
  "asan_ubsan_replayed": true,
  "H3_range_proved": false,
  "global_reachability_proved": false,
  "sampler_law_proved": false,
  "semantic_manifest_sha256": "a8e12dd3c55d8af56a419b2dda877d776a79b96d5a01a08616437a9febdd0ea7",
  "matched_files": 95
}
