{
  "status": "PASS_KERNEL_SUBSET_AND_INPUT_BINDING",
  "modules": 17,
  "checked_theorems": 97,
  "new_theorems": 48,
  "all_final_logs_clean": true,
  "axioms_allowed": [
    "Classical.choice",
    "Quot.sound",
    "propext"
  ],
  "bootstrap_members": 73,
  "inherited_modules_unchanged": 6,
  "audit_stdout_sha256": "1df2ca8c9554a03a9b55da35d20e57b589d263f6c53f29983c125fbb15a414c4",
  "full_types_sha256": "01d47e8e8ea35076c7eb866a68a91df08f7afc483205ffd99df8882837b890ca",
  "B_universal_proof_kind": "ANALYTICAL_SOURCE_PROOF_WITH_KERNEL_INTEGER_LEMMAS",
  "B_fully_kernelized": false,
  "consumer_analytic_premise_explicit": true,
  "analytic_proof_sha256": "579b8614c249dc2f1a6938d600f6b234e85ef6a441ef922bde5570e304d93918",
  "H3_range_proved": false,
  "global_reachability_proved": false,
  "sampler_law_proved": false
}
