formal/BitErrors.lean:28:34: error: Type mismatch
  Nat.mod_add_div x (2 ^ k)
has type
  x % 2 ^ k + 2 ^ k * (x / 2 ^ k) = x
but is expected to have type
  x % 2 ^ k + x / 2 ^ k * 2 ^ k = x
formal/BitErrors.lean:56:12: error: omega could not prove the goal:
a possible counterexample may satisfy the constraints
  b ≥ 64
  4 ≤ a ≤ 15
where
 a := ↑m
 b := ↑(if m * 4294967296 * 65536 * 256 * 16 < 9223372036854775808 then (m * 4294967296 * 65536 * 256 * 16 * 2, 61)
    else (m * 4294967296 * 65536 * 256 * 16, 60)).snd
formal/BitErrors.lean:56:12: error: omega could not prove the goal:
a possible counterexample may satisfy the constraints
  b ≥ 64
  16 ≤ a ≤ 255
where
 a := ↑m
 b := ↑(if
        (if m * 4294967296 * 65536 * 256 < 4611686018427387904 then (m * 4294967296 * 65536 * 256 * 4, 58)
            else (m * 4294967296 * 65536 * 256, 56)).fst <
          9223372036854775808 then
      ((if m * 4294967296 * 65536 * 256 < 4611686018427387904 then (m * 4294967296 * 65536 * 256 * 4, 58)
            else (m * 4294967296 * 65536 * 256, 56)).fst *
          2,
        (if m * 4294967296 * 65536 * 256 < 4611686018427387904 then (m * 4294967296 * 65536 * 256 * 4, 58)
            else (m * 4294967296 * 65536 * 256, 56)).snd +
          1)
    else
      if m * 4294967296 * 65536 * 256 < 4611686018427387904 then (m * 4294967296 * 65536 * 256 * 4, 58)
      else (m * 4294967296 * 65536 * 256, 56)).snd
formal/BitErrors.lean:56:12: error: omega could not prove the goal:
a possible counterexample may satisfy the constraints
  b ≥ 64
  256 ≤ a ≤ 65535
where
 a := ↑m
 b := ↑(if
        (if
                (if m * 4294967296 * 65536 < 1152921504606846976 then (m * 4294967296 * 65536 * 16, 52)
                    else (m * 4294967296 * 65536, 48)).fst <
                  4611686018427387904 then
              ((if m * 4294967296 * 65536 < 1152921504606846976 then (m * 4294967296 * 65536 * 16, 52)
                    else (m * 4294967296 * 65536, 48)).fst *
                  4,
                (if m * 4294967296 * 65536 < 1152921504606846976 then (m * 4294967296 * 65536 * 16, 52)
                    else (m * 4294967296 * 65536, 48)).snd +
                  2)
            else
              if m * 4294967296 * 65536 < 1152921504606846976 then (m * 4294967296 * 65536 * 16, 52)
              else (m * 4294967296 * 65536, 48)).fst <
          9223372036854775808 then
      ((if
                (if m * 4294967296 * 65536 < 1152921504606846976 then (m * 4294967296 * 65536 * 16, 52)
                    else (m * 4294967296 * 65536, 48)).fst <
                  4611686018427387904 then
              ((if m * 4294967296 * 65536 < 1152921504606846976 then (m * 4294967296 * 65536 * 16, 52)
                    else (m * 4294967296 * 65536, 48)).fst *
                  4,
                (if m * 4294967296 * 65536 < 1152921504606846976 then (m * 4294967296 * 65536 * 16, 52)
                    else (m * 4294967296 * 65536, 48)).snd +
                  2)
            else
              if m * 4294967296 * 65536 < 1152921504606846976 then (m * 4294967296 * 65536 * 16, 52)
              else (m * 4294967296 * 65536, 48)).fst *
          2,
        (if
                (if m * 4294967296 * 65536 < 1152921504606846976 then (m * 4294967296 * 65536 * 16, 52)
                    else (m * 4294967296 * 65536, 48)).fst <
                  4611686018427387904 then
              ((if m * 4294967296 * 65536 < 1152921504606846976 then (m * 4294967296 * 65536 * 16, 52)
                    else (m * 4294967296 * 65536, 48)).fst *
                  4,
                (if m * 4294967296 * 65536 < 1152921504606846976 then (m * 4294967296 * 65536 * 16, 52)
                    else (m * 4294967296 * 65536, 48)).snd +
                  2)
            else
              if m * 4294967296 * 65536 < 1152921504606846976 then (m * 4294967296 * 65536 * 16, 52)
              else (m * 4294967296 * 65536, 48)).snd +
          1)
    else
      if
          (if m * 4294967296 * 65536 < 1152921504606846976 then (m * 4294967296 * 65536 * 16, 52)
              else (m * 4294967296 * 65536, 48)).fst <
            4611686018427387904 then
        ((if m * 4294967296 * 65536 < 1152921504606846976 then (m * 4294967296 * 65536 * 16, 52)
              else (m * 4294967296 * 65536, 48)).fst *
            4,
          (if m * 4294967296 * 65536 < 1152921504606846976 then (m * 4294967296 * 65536 * 16, 52)
              else (m * 4294967296 * 65536, 48)).snd +
            2)
      else
        if m * 4294967296 * 65536 < 1152921504606846976 then (m * 4294967296 * 65536 * 16, 52)
        else (m * 4294967296 * 65536, 48)).snd
formal/BitErrors.lean:56:12: error: omega could not prove the goal:
a possible counterexample may satisfy the constraints
  b ≥ 64
  65536 ≤ a ≤ 4294967295
where
 a := ↑m
 b := ↑(if
        (if
                (if
                        (if m * 4294967296 < 72057594037927936 then (m * 4294967296 * 256, 40)
                            else (m * 4294967296, 32)).fst <
                          1152921504606846976 then
                      ((if m * 4294967296 < 72057594037927936 then (m * 4294967296 * 256, 40)
                            else (m * 4294967296, 32)).fst *
                          16,
                        (if m * 4294967296 < 72057594037927936 then (m * 4294967296 * 256, 40)
                            else (m * 4294967296, 32)).snd +
                          4)
                    else
                      if m * 4294967296 < 72057594037927936 then (m * 4294967296 * 256, 40)
                      else (m * 4294967296, 32)).fst <
                  4611686018427387904 then
              ((if
                        (if m * 4294967296 < 72057594037927936 then (m * 4294967296 * 256, 40)
                            else (m * 4294967296, 32)).fst <
                          1152921504606846976 then
                      ((if m * 4294967296 < 72057594037927936 then (m * 4294967296 * 256, 40)
                            else (m * 4294967296, 32)).fst *
                          16,
                        (if m * 4294967296 < 72057594037927936 then (m * 4294967296 * 256, 40)
                            else (m * 4294967296, 32)).snd +
                          4)
                    else
                      if m * 4294967296 < 72057594037927936 then (m * 4294967296 * 256, 40)
                      else (m * 4294967296, 32)).fst *
                  4,
                (if
                        (if m * 4294967296 < 72057594037927936 then (m * 4294967296 * 256, 40)
                            else (m * 4294967296, 32)).fst <
                          1152921504606846976 then
                      ((if m * 4294967296 < 72057594037927936 then (m * 4294967296 * 256, 40)
                            else (m * 4294967296, 32)).fst *
                          16,
                        (if m * 4294967296 < 72057594037927936 then (m * 4294967296 * 256, 40)
                            else (m * 4294967296, 32)).snd +
                          4)
                    else
                      if m * 4294967296 < 72057594037927936 then (m * 4294967296 * 256, 40)
                      else (m * 4294967296, 32)).snd +
                  2)
            else
              if
                  (if m * 4294967296 < 72057594037927936 then (m * 4294967296 * 256, 40)
                      else (m * 4294967296, 32)).fst <
                    1152921504606846976 then
                ((if m * 4294967296 < 72057594037927936 then (m * 4294967296 * 256, 40) else (m * 4294967296, 32)).fst *
                    16,
                  (if m * 4294967296 < 72057594037927936 then (m * 4294967296 * 256, 40)
                      else (m * 4294967296, 32)).snd +
                    4)
              else
                if m * 4294967296 < 72057594037927936 then (m * 4294967296 * 256, 40) else (m * 4294967296, 32)).fst <
          9223372036854775808 then
      ((if
                (if
                        (if m * 4294967296 < 72057594037927936 then (m * 4294967296 * 256, 40)
                            else (m * 4294967296, 32)).fst <
                          1152921504606846976 then
                      ((if m * 4294967296 < 72057594037927936 then (m * 4294967296 * 256, 40)
                            else (m * 4294967296, 32)).fst *
                          16,
                        (if m * 4294967296 < 72057594037927936 then (m * 4294967296 * 256, 40)
                            else (m * 4294967296, 32)).snd +
                          4)
                    else
                      if m * 4294967296 < 72057594037927936 then (m * 4294967296 * 256, 40)
                      else (m * 4294967296, 32)).fst <
                  4611686018427387904 then
              ((if
                        (if m * 4294967296 < 72057594037927936 then (m * 4294967296 * 256, 40)
                            else (m * 4294967296, 32)).fst <
                          1152921504606846976 then
                      ((if m * 4294967296 < 72057594037927936 then (m * 4294967296 * 256, 40)
                            else (m * 4294967296, 32)).fst *
                          16,
                        (if m * 4294967296 < 72057594037927936 then (m * 4294967296 * 256, 40)
                            else (m * 4294967296, 32)).snd +
                          4)
                    else
                      if m * 4294967296 < 72057594037927936 then (m * 4294967296 * 256, 40)
                      else (m * 4294967296, 32)).fst *
                  4,
                (if
                        (if m * 4294967296 < 72057594037927936 then (m * 4294967296 * 256, 40)
                            else (m * 4294967296, 32)).fst <
                          1152921504606846976 then
                      ((if m * 4294967296 < 72057594037927936 then (m * 4294967296 * 256, 40)
                            else (m * 4294967296, 32)).fst *
                          16,
                        (if m * 4294967296 < 72057594037927936 then (m * 4294967296 * 256, 40)
                            else (m * 4294967296, 32)).snd +
                          4)
                    else
                      if m * 4294967296 < 72057594037927936 then (m * 4294967296 * 256, 40)
                      else (m * 4294967296, 32)).snd +
                  2)
            else
              if
                  (if m * 4294967296 < 72057594037927936 then (m * 4294967296 * 256, 40)
                      else (m * 4294967296, 32)).fst <
                    1152921504606846976 then
                ((if m * 4294967296 < 72057594037927936 then (m * 4294967296 * 256, 40) else (m * 4294967296, 32)).fst *
                    16,
                  (if m * 4294967296 < 72057594037927936 then (m * 4294967296 * 256, 40)
                      else (m * 4294967296, 32)).snd +
                    4)
              else
                if m * 4294967296 < 72057594037927936 then (m * 4294967296 * 256, 40) else (m * 4294967296, 32)).fst *
          2,
        (if
                (if
                        (if m * 4294967296 < 72057594037927936 then (m * 4294967296 * 256, 40)
                            else (m * 4294967296, 32)).fst <
                          1152921504606846976 then
                      ((if m * 4294967296 < 72057594037927936 then (m * 4294967296 * 256, 40)
                            else (m * 4294967296, 32)).fst *
                          16,
                        (if m * 4294967296 < 72057594037927936 then (m * 4294967296 * 256, 40)
                            else (m * 4294967296, 32)).snd +
                          4)
                    else
                      if m * 4294967296 < 72057594037927936 then (m * 4294967296 * 256, 40)
                      else (m * 4294967296, 32)).fst <
                  4611686018427387904 then
              ((if
                        (if m * 4294967296 < 72057594037927936 then (m * 4294967296 * 256, 40)
                            else (m * 4294967296, 32)).fst <
                          1152921504606846976 then
                      ((if m * 4294967296 < 72057594037927936 then (m * 4294967296 * 256, 40)
                            else (m * 4294967296, 32)).fst *
                          16,
                        (if m * 4294967296 < 72057594037927936 then (m * 4294967296 * 256, 40)
                            else (m * 4294967296, 32)).snd +
                          4)
                    else
                      if m * 4294967296 < 72057594037927936 then (m * 4294967296 * 256, 40)
                      else (m * 4294967296, 32)).fst *
                  4,
                (if
                        (if m * 4294967296 < 72057594037927936 then (m * 4294967296 * 256, 40)
                            else (m * 4294967296, 32)).fst <
                          1152921504606846976 then
                      ((if m * 4294967296 < 72057594037927936 then (m * 4294967296 * 256, 40)
                            else (m * 4294967296, 32)).fst *
                          16,
                        (if m * 4294967296 < 72057594037927936 then (m * 4294967296 * 256, 40)
                            else (m * 4294967296, 32)).snd +
                          4)
                    else
                      if m * 4294967296 < 72057594037927936 then (m * 4294967296 * 256, 40)
                      else (m * 4294967296, 32)).snd +
                  2)
            else
              if
                  (if m * 4294967296 < 72057594037927936 then (m * 4294967296 * 256, 40)
                      else (m * 4294967296, 32)).fst <
                    1152921504606846976 then
                ((if m * 4294967296 < 72057594037927936 then (m * 4294967296 * 256, 40) else (m * 4294967296, 32)).fst *
                    16,
                  (if m * 4294967296 < 72057594037927936 then (m * 4294967296 * 256, 40)
                      else (m * 4294967296, 32)).snd +
                    4)
              else
                if m * 4294967296 < 72057594037927936 then (m * 4294967296 * 256, 40) else (m * 4294967296, 32)).snd +
          1)
    else
      if
          (if
                  (if m * 4294967296 < 72057594037927936 then (m * 4294967296 * 256, 40)
                      else (m * 4294967296, 32)).fst <
                    1152921504606846976 then
                ((if m * 4294967296 < 72057594037927936 then (m * 4294967296 * 256, 40) else (m * 4294967296, 32)).fst *
                    16,
                  (if m * 4294967296 < 72057594037927936 then (m * 4294967296 * 256, 40)
                      else (m * 4294967296, 32)).snd +
                    4)
              else
                if m * 4294967296 < 72057594037927936 then (m * 4294967296 * 256, 40) else (m * 4294967296, 32)).fst <
            4611686018427387904 then
        ((if
                  (if m * 4294967296 < 72057594037927936 then (m * 4294967296 * 256, 40)
                      else (m * 4294967296, 32)).fst <
                    1152921504606846976 then
                ((if m * 4294967296 < 72057594037927936 then (m * 4294967296 * 256, 40) else (m * 4294967296, 32)).fst *
                    16,
                  (if m * 4294967296 < 72057594037927936 then (m * 4294967296 * 256, 40)
                      else (m * 4294967296, 32)).snd +
                    4)
              else
                if m * 4294967296 < 72057594037927936 then (m * 4294967296 * 256, 40) else (m * 4294967296, 32)).fst *
            4,
          (if
                  (if m * 4294967296 < 72057594037927936 then (m * 4294967296 * 256, 40)
                      else (m * 4294967296, 32)).fst <
                    1152921504606846976 then
                ((if m * 4294967296 < 72057594037927936 then (m * 4294967296 * 256, 40) else (m * 4294967296, 32)).fst *
                    16,
                  (if m * 4294967296 < 72057594037927936 then (m * 4294967296 * 256, 40)
                      else (m * 4294967296, 32)).snd +
                    4)
              else
                if m * 4294967296 < 72057594037927936 then (m * 4294967296 * 256, 40) else (m * 4294967296, 32)).snd +
            2)
      else
        if
            (if m * 4294967296 < 72057594037927936 then (m * 4294967296 * 256, 40) else (m * 4294967296, 32)).fst <
              1152921504606846976 then
          ((if m * 4294967296 < 72057594037927936 then (m * 4294967296 * 256, 40) else (m * 4294967296, 32)).fst * 16,
            (if m * 4294967296 < 72057594037927936 then (m * 4294967296 * 256, 40) else (m * 4294967296, 32)).snd + 4)
        else if m * 4294967296 < 72057594037927936 then (m * 4294967296 * 256, 40) else (m * 4294967296, 32)).snd
formal/BitErrors.lean:56:12: error: omega could not prove the goal:
a possible counterexample may satisfy the constraints
  b ≥ 64
  4294967296 ≤ a ≤ 18446744073709551615
where
 a := ↑m
 b := ↑(if
        (if
                (if
                        (if (if m < 281474976710656 then (m * 65536, 16) else (m, 0)).fst < 72057594037927936 then
                              ((if m < 281474976710656 then (m * 65536, 16) else (m, 0)).fst * 256,
                                (if m < 281474976710656 then (m * 65536, 16) else (m, 0)).snd + 8)
                            else if m < 281474976710656 then (m * 65536, 16) else (m, 0)).fst <
                          1152921504606846976 then
                      ((if (if m < 281474976710656 then (m * 65536, 16) else (m, 0)).fst < 72057594037927936 then
                              ((if m < 281474976710656 then (m * 65536, 16) else (m, 0)).fst * 256,
                                (if m < 281474976710656 then (m * 65536, 16) else (m, 0)).snd + 8)
                            else if m < 281474976710656 then (m * 65536, 16) else (m, 0)).fst *
                          16,
                        (if (if m < 281474976710656 then (m * 65536, 16) else (m, 0)).fst < 72057594037927936 then
                              ((if m < 281474976710656 then (m * 65536, 16) else (m, 0)).fst * 256,
                                (if m < 281474976710656 then (m * 65536, 16) else (m, 0)).snd + 8)
                            else if m < 281474976710656 then (m * 65536, 16) else (m, 0)).snd +
                          4)
                    else
                      if (if m < 281474976710656 then (m * 65536, 16) else (m, 0)).fst < 72057594037927936 then
                        ((if m < 281474976710656 then (m * 65536, 16) else (m, 0)).fst * 256,
                          (if m < 281474976710656 then (m * 65536, 16) else (m, 0)).snd + 8)
                      else if m < 281474976710656 then (m * 65536, 16) else (m, 0)).fst <
                  4611686018427387904 then
              ((if
                        (if (if m < 281474976710656 then (m * 65536, 16) else (m, 0)).fst < 72057594037927936 then
                              ((if m < 281474976710656 then (m * 65536, 16) else (m, 0)).fst * 256,
                                (if m < 281474976710656 then (m * 65536, 16) else (m, 0)).snd + 8)
                            else if m < 281474976710656 then (m * 65536, 16) else (m, 0)).fst <
                          1152921504606846976 then
                      ((if (if m < 281474976710656 then (m * 65536, 16) else (m, 0)).fst < 72057594037927936 then
                              ((if m < 281474976710656 then (m * 65536, 16) else (m, 0)).fst * 256,
                                (if m < 281474976710656 then (m * 65536, 16) else (m, 0)).snd + 8)
                            else if m < 281474976710656 then (m * 65536, 16) else (m, 0)).fst *
                          16,
                        (if (if m < 281474976710656 then (m * 65536, 16) else (m, 0)).fst < 72057594037927936 then
                              ((if m < 281474976710656 then (m * 65536, 16) else (m, 0)).fst * 256,
                                (if m < 281474976710656 then (m * 65536, 16) else (m, 0)).snd + 8)
                            else if m < 281474976710656 then (m * 65536, 16) else (m, 0)).snd +
                          4)
                    else
                      if (if m < 281474976710656 then (m * 65536, 16) else (m, 0)).fst < 72057594037927936 then
                        ((if m < 281474976710656 then (m * 65536, 16) else (m, 0)).fst * 256,
                          (if m < 281474976710656 then (m * 65536, 16) else (m, 0)).snd + 8)
                      else if m < 281474976710656 then (m * 65536, 16) else (m, 0)).fst *
                  4,
                (if
                        (if (if m < 281474976710656 then (m * 65536, 16) else (m, 0)).fst < 72057594037927936 then
                              ((if m < 281474976710656 then (m * 65536, 16) else (m, 0)).fst * 256,
                                (if m < 281474976710656 then (m * 65536, 16) else (m, 0)).snd + 8)
                            else if m < 281474976710656 then (m * 65536, 16) else (m, 0)).fst <
                          1152921504606846976 then
                      ((if (if m < 281474976710656 then (m * 65536, 16) else (m, 0)).fst < 72057594037927936 then
                              ((if m < 281474976710656 then (m * 65536, 16) else (m, 0)).fst * 256,
                                (if m < 281474976710656 then (m * 65536, 16) else (m, 0)).snd + 8)
                            else if m < 281474976710656 then (m * 65536, 16) else (m, 0)).fst *
                          16,
                        (if (if m < 281474976710656 then (m * 65536, 16) else (m, 0)).fst < 72057594037927936 then
                              ((if m < 281474976710656 then (m * 65536, 16) else (m, 0)).fst * 256,
                                (if m < 281474976710656 then (m * 65536, 16) else (m, 0)).snd + 8)
                            else if m < 281474976710656 then (m * 65536, 16) else (m, 0)).snd +
                          4)
                    else
                      if (if m < 281474976710656 then (m * 65536, 16) else (m, 0)).fst < 72057594037927936 then
                        ((if m < 281474976710656 then (m * 65536, 16) else (m, 0)).fst * 256,
                          (if m < 281474976710656 then (m * 65536, 16) else (m, 0)).snd + 8)
                      else if m < 281474976710656 then (m * 65536, 16) else (m, 0)).snd +
                  2)
            else
              if
                  (if (if m < 281474976710656 then (m * 65536, 16) else (m, 0)).fst < 72057594037927936 then
                        ((if m < 281474976710656 then (m * 65536, 16) else (m, 0)).fst * 256,
                          (if m < 281474976710656 then (m * 65536, 16) else (m, 0)).snd + 8)
                      else if m < 281474976710656 then (m * 65536, 16) else (m, 0)).fst <
                    1152921504606846976 then
                ((if (if m < 281474976710656 then (m * 65536, 16) else (m, 0)).fst < 72057594037927936 then
                        ((if m < 281474976710656 then (m * 65536, 16) else (m, 0)).fst * 256,
                          (if m < 281474976710656 then (m * 65536, 16) else (m, 0)).snd + 8)
                      else if m < 281474976710656 then (m * 65536, 16) else (m, 0)).fst *
                    16,
                  (if (if m < 281474976710656 then (m * 65536, 16) else (m, 0)).fst < 72057594037927936 then
                        ((if m < 281474976710656 then (m * 65536, 16) else (m, 0)).fst * 256,
                          (if m < 281474976710656 then (m * 65536, 16) else (m, 0)).snd + 8)
                      else if m < 281474976710656 then (m * 65536, 16) else (m, 0)).snd +
                    4)
              else
                if (if m < 281474976710656 then (m * 65536, 16) else (m, 0)).fst < 72057594037927936 then
                  ((if m < 281474976710656 then (m * 65536, 16) else (m, 0)).fst * 256,
                    (if m < 281474976710656 then (m * 65536, 16) else (m, 0)).snd + 8)
                else if m < 281474976710656 then (m * 65536, 16) else (m, 0)).fst <
          9223372036854775808 then
      ((if
                (if
                        (if (if m < 281474976710656 then (m * 65536, 16) else (m, 0)).fst < 72057594037927936 then
                              ((if m < 281474976710656 then (m * 65536, 16) else (m, 0)).fst * 256,
                                (if m < 281474976710656 then (m * 65536, 16) else (m, 0)).snd + 8)
                            else if m < 281474976710656 then (m * 65536, 16) else (m, 0)).fst <
                          1152921504606846976 then
                      ((if (if m < 281474976710656 then (m * 65536, 16) else (m, 0)).fst < 72057594037927936 then
                              ((if m < 281474976710656 then (m * 65536, 16) else (m, 0)).fst * 256,
                                (if m < 281474976710656 then (m * 65536, 16) else (m, 0)).snd + 8)
                            else if m < 281474976710656 then (m * 65536, 16) else (m, 0)).fst *
                          16,
                        (if (if m < 281474976710656 then (m * 65536, 16) else (m, 0)).fst < 72057594037927936 then
                              ((if m < 281474976710656 then (m * 65536, 16) else (m, 0)).fst * 256,
                                (if m < 281474976710656 then (m * 65536, 16) else (m, 0)).snd + 8)
                            else if m < 281474976710656 then (m * 65536, 16) else (m, 0)).snd +
                          4)
                    else
                      if (if m < 281474976710656 then (m * 65536, 16) else (m, 0)).fst < 72057594037927936 then
                        ((if m < 281474976710656 then (m * 65536, 16) else (m, 0)).fst * 256,
                          (if m < 281474976710656 then (m * 65536, 16) else (m, 0)).snd + 8)
                      else if m < 281474976710656 then (m * 65536, 16) else (m, 0)).fst <
                  4611686018427387904 then
              ((if
                        (if (if m < 281474976710656 then (m * 65536, 16) else (m, 0)).fst < 72057594037927936 then
                              ((if m < 281474976710656 then (m * 65536, 16) else (m, 0)).fst * 256,
                                (if m < 281474976710656 then (m * 65536, 16) else (m, 0)).snd + 8)
                            else if m < 281474976710656 then (m * 65536, 16) else (m, 0)).fst <
                          1152921504606846976 then
                      ((if (if m < 281474976710656 then (m * 65536, 16) else (m, 0)).fst < 72057594037927936 then
                              ((if m < 281474976710656 then (m * 65536, 16) else (m, 0)).fst * 256,
                                (if m < 281474976710656 then (m * 65536, 16) else (m, 0)).snd + 8)
                            else if m < 281474976710656 then (m * 65536, 16) else (m, 0)).fst *
                          16,
                        (if (if m < 281474976710656 then (m * 65536, 16) else (m, 0)).fst < 72057594037927936 then
                              ((if m < 281474976710656 then (m * 65536, 16) else (m, 0)).fst * 256,
                                (if m < 281474976710656 then (m * 65536, 16) else (m, 0)).snd + 8)
                            else if m < 281474976710656 then (m * 65536, 16) else (m, 0)).snd +
                          4)
                    else
                      if (if m < 281474976710656 then (m * 65536, 16) else (m, 0)).fst < 72057594037927936 then
                        ((if m < 281474976710656 then (m * 65536, 16) else (m, 0)).fst * 256,
                          (if m < 281474976710656 then (m * 65536, 16) else (m, 0)).snd + 8)
                      else if m < 281474976710656 then (m * 65536, 16) else (m, 0)).fst *
                  4,
                (if
                        (if (if m < 281474976710656 then (m * 65536, 16) else (m, 0)).fst < 72057594037927936 then
                              ((if m < 281474976710656 then (m * 65536, 16) else (m, 0)).fst * 256,
                                (if m < 281474976710656 then (m * 65536, 16) else (m, 0)).snd + 8)
                            else if m < 281474976710656 then (m * 65536, 16) else (m, 0)).fst <
                          1152921504606846976 then
                      ((if (if m < 281474976710656 then (m * 65536, 16) else (m, 0)).fst < 72057594037927936 then
                              ((if m < 281474976710656 then (m * 65536, 16) else (m, 0)).fst * 256,
                                (if m < 281474976710656 then (m * 65536, 16) else (m, 0)).snd + 8)
                            else if m < 281474976710656 then (m * 65536, 16) else (m, 0)).fst *
                          16,
                        (if (if m < 281474976710656 then (m * 65536, 16) else (m, 0)).fst < 72057594037927936 then
                              ((if m < 281474976710656 then (m * 65536, 16) else (m, 0)).fst * 256,
                                (if m < 281474976710656 then (m * 65536, 16) else (m, 0)).snd + 8)
                            else if m < 281474976710656 then (m * 65536, 16) else (m, 0)).snd +
                          4)
                    else
                      if (if m < 281474976710656 then (m * 65536, 16) else (m, 0)).fst < 72057594037927936 then
                        ((if m < 281474976710656 then (m * 65536, 16) else (m, 0)).fst * 256,
                          (if m < 281474976710656 then (m * 65536, 16) else (m, 0)).snd + 8)
                      else if m < 281474976710656 then (m * 65536, 16) else (m, 0)).snd +
                  2)
            else
              if
                  (if (if m < 281474976710656 then (m * 65536, 16) else (m, 0)).fst < 72057594037927936 then
                        ((if m < 281474976710656 then (m * 65536, 16) else (m, 0)).fst * 256,
                          (if m < 281474976710656 then (m * 65536, 16) else (m, 0)).snd + 8)
                      else if m < 281474976710656 then (m * 65536, 16) else (m, 0)).fst <
                    1152921504606846976 then
                ((if (if m < 281474976710656 then (m * 65536, 16) else (m, 0)).fst < 72057594037927936 then
                        ((if m < 281474976710656 then (m * 65536, 16) else (m, 0)).fst * 256,
                          (if m < 281474976710656 then (m * 65536, 16) else (m, 0)).snd + 8)
                      else if m < 281474976710656 then (m * 65536, 16) else (m, 0)).fst *
                    16,
                  (if (if m < 281474976710656 then (m * 65536, 16) else (m, 0)).fst < 72057594037927936 then
                        ((if m < 281474976710656 then (m * 65536, 16) else (m, 0)).fst * 256,
                          (if m < 281474976710656 then (m * 65536, 16) else (m, 0)).snd + 8)
                      else if m < 281474976710656 then (m * 65536, 16) else (m, 0)).snd +
                    4)
              else
                if (if m < 281474976710656 then (m * 65536, 16) else (m, 0)).fst < 72057594037927936 then
                  ((if m < 281474976710656 then (m * 65536, 16) else (m, 0)).fst * 256,
                    (if m < 281474976710656 then (m * 65536, 16) else (m, 0)).snd + 8)
                else if m < 281474976710656 then (m * 65536, 16) else (m, 0)).fst *
          2,
        (if
                (if
                        (if (if m < 281474976710656 then (m * 65536, 16) else (m, 0)).fst < 72057594037927936 then
                              ((if m < 281474976710656 then (m * 65536, 16) else (m, 0)).fst * 256,
                                (if m < 281474976710656 then (m * 65536, 16) else (m, 0)).snd + 8)
                            else if m < 281474976710656 then (m * 65536, 16) else (m, 0)).fst <
                          1152921504606846976 then
                      ((if (if m < 281474976710656 then (m * 65536, 16) else (m, 0)).fst < 72057594037927936 then
                              ((if m < 281474976710656 then (m * 65536, 16) else (m, 0)).fst * 256,
                                (if m < 281474976710656 then (m * 65536, 16) else (m, 0)).snd + 8)
                            else if m < 281474976710656 then (m * 65536, 16) else (m, 0)).fst *
                          16,
                        (if (if m < 281474976710656 then (m * 65536, 16) else (m, 0)).fst < 72057594037927936 then
                              ((if m < 281474976710656 then (m * 65536, 16) else (m, 0)).fst * 256,
                                (if m < 281474976710656 then (m * 65536, 16) else (m, 0)).snd + 8)
                            else if m < 281474976710656 then (m * 65536, 16) else (m, 0)).snd +
                          4)
                    else
                      if (if m < 281474976710656 then (m * 65536, 16) else (m, 0)).fst < 72057594037927936 then
                        ((if m < 281474976710656 then (m * 65536, 16) else (m, 0)).fst * 256,
                          (if m < 281474976710656 then (m * 65536, 16) else (m, 0)).snd + 8)
                      else if m < 281474976710656 then (m * 65536, 16) else (m, 0)).fst <
                  4611686018427387904 then
              ((if
                        (if (if m < 281474976710656 then (m * 65536, 16) else (m, 0)).fst < 72057594037927936 then
                              ((if m < 281474976710656 then (m * 65536, 16) else (m, 0)).fst * 256,
                                (if m < 281474976710656 then (m * 65536, 16) else (m, 0)).snd + 8)
                            else if m < 281474976710656 then (m * 65536, 16) else (m, 0)).fst <
                          1152921504606846976 then
                      ((if (if m < 281474976710656 then (m * 65536, 16) else (m, 0)).fst < 72057594037927936 then
                              ((if m < 281474976710656 then (m * 65536, 16) else (m, 0)).fst * 256,
                                (if m < 281474976710656 then (m * 65536, 16) else (m, 0)).snd + 8)
                            else if m < 281474976710656 then (m * 65536, 16) else (m, 0)).fst *
                          16,
                        (if (if m < 281474976710656 then (m * 65536, 16) else (m, 0)).fst < 72057594037927936 then
                              ((if m < 281474976710656 then (m * 65536, 16) else (m, 0)).fst * 256,
                                (if m < 281474976710656 then (m * 65536, 16) else (m, 0)).snd + 8)
                            else if m < 281474976710656 then (m * 65536, 16) else (m, 0)).snd +
                          4)
                    else
                      if (if m < 281474976710656 then (m * 65536, 16) else (m, 0)).fst < 72057594037927936 then
                        ((if m < 281474976710656 then (m * 65536, 16) else (m, 0)).fst * 256,
                          (if m < 281474976710656 then (m * 65536, 16) else (m, 0)).snd + 8)
                      else if m < 281474976710656 then (m * 65536, 16) else (m, 0)).fst *
                  4,
                (if
                        (if (if m < 281474976710656 then (m * 65536, 16) else (m, 0)).fst < 72057594037927936 then
                              ((if m < 281474976710656 then (m * 65536, 16) else (m, 0)).fst * 256,
                                (if m < 281474976710656 then (m * 65536, 16) else (m, 0)).snd + 8)
                            else if m < 281474976710656 then (m * 65536, 16) else (m, 0)).fst <
                          1152921504606846976 then
                      ((if (if m < 281474976710656 then (m * 65536, 16) else (m, 0)).fst < 72057594037927936 then
                              ((if m < 281474976710656 then (m * 65536, 16) else (m, 0)).fst * 256,
                                (if m < 281474976710656 then (m * 65536, 16) else (m, 0)).snd + 8)
                            else if m < 281474976710656 then (m * 65536, 16) else (m, 0)).fst *
                          16,
                        (if (if m < 281474976710656 then (m * 65536, 16) else (m, 0)).fst < 72057594037927936 then
                              ((if m < 281474976710656 then (m * 65536, 16) else (m, 0)).fst * 256,
                                (if m < 281474976710656 then (m * 65536, 16) else (m, 0)).snd + 8)
                            else if m < 281474976710656 then (m * 65536, 16) else (m, 0)).snd +
                          4)
                    else
                      if (if m < 281474976710656 then (m * 65536, 16) else (m, 0)).fst < 72057594037927936 then
                        ((if m < 281474976710656 then (m * 65536, 16) else (m, 0)).fst * 256,
                          (if m < 281474976710656 then (m * 65536, 16) else (m, 0)).snd + 8)
                      else if m < 281474976710656 then (m * 65536, 16) else (m, 0)).snd +
                  2)
            else
              if
                  (if (if m < 281474976710656 then (m * 65536, 16) else (m, 0)).fst < 72057594037927936 then
                        ((if m < 281474976710656 then (m * 65536, 16) else (m, 0)).fst * 256,
                          (if m < 281474976710656 then (m * 65536, 16) else (m, 0)).snd + 8)
                      else if m < 281474976710656 then (m * 65536, 16) else (m, 0)).fst <
                    1152921504606846976 then
                ((if (if m < 281474976710656 then (m * 65536, 16) else (m, 0)).fst < 72057594037927936 then
                        ((if m < 281474976710656 then (m * 65536, 16) else (m, 0)).fst * 256,
                          (if m < 281474976710656 then (m * 65536, 16) else (m, 0)).snd + 8)
                      else if m < 281474976710656 then (m * 65536, 16) else (m, 0)).fst *
                    16,
                  (if (if m < 281474976710656 then (m * 65536, 16) else (m, 0)).fst < 72057594037927936 then
                        ((if m < 281474976710656 then (m * 65536, 16) else (m, 0)).fst * 256,
                          (if m < 281474976710656 then (m * 65536, 16) else (m, 0)).snd + 8)
                      else if m < 281474976710656 then (m * 65536, 16) else (m, 0)).snd +
                    4)
              else
                if (if m < 281474976710656 then (m * 65536, 16) else (m, 0)).fst < 72057594037927936 then
                  ((if m < 281474976710656 then (m * 65536, 16) else (m, 0)).fst * 256,
                    (if m < 281474976710656 then (m * 65536, 16) else (m, 0)).snd + 8)
                else if m < 281474976710656 then (m * 65536, 16) else (m, 0)).snd +
          1)
    else
      if
          (if
                  (if (if m < 281474976710656 then (m * 65536, 16) else (m, 0)).fst < 72057594037927936 then
                        ((if m < 281474976710656 then (m * 65536, 16) else (m, 0)).fst * 256,
                          (if m < 281474976710656 then (m * 65536, 16) else (m, 0)).snd + 8)
                      else if m < 281474976710656 then (m * 65536, 16) else (m, 0)).fst <
                    1152921504606846976 then
                ((if (if m < 281474976710656 then (m * 65536, 16) else (m, 0)).fst < 72057594037927936 then
                        ((if m < 281474976710656 then (m * 65536, 16) else (m, 0)).fst * 256,
                          (if m < 281474976710656 then (m * 65536, 16) else (m, 0)).snd + 8)
                      else if m < 281474976710656 then (m * 65536, 16) else (m, 0)).fst *
                    16,
                  (if (if m < 281474976710656 then (m * 65536, 16) else (m, 0)).fst < 72057594037927936 then
                        ((if m < 281474976710656 then (m * 65536, 16) else (m, 0)).fst * 256,
                          (if m < 281474976710656 then (m * 65536, 16) else (m, 0)).snd + 8)
                      else if m < 281474976710656 then (m * 65536, 16) else (m, 0)).snd +
                    4)
              else
                if (if m < 281474976710656 then (m * 65536, 16) else (m, 0)).fst < 72057594037927936 then
                  ((if m < 281474976710656 then (m * 65536, 16) else (m, 0)).fst * 256,
                    (if m < 281474976710656 then (m * 65536, 16) else (m, 0)).snd + 8)
                else if m < 281474976710656 then (m * 65536, 16) else (m, 0)).fst <
            4611686018427387904 then
        ((if
                  (if (if m < 281474976710656 then (m * 65536, 16) else (m, 0)).fst < 72057594037927936 then
                        ((if m < 281474976710656 then (m * 65536, 16) else (m, 0)).fst * 256,
                          (if m < 281474976710656 then (m * 65536, 16) else (m, 0)).snd + 8)
                      else if m < 281474976710656 then (m * 65536, 16) else (m, 0)).fst <
                    1152921504606846976 then
                ((if (if m < 281474976710656 then (m * 65536, 16) else (m, 0)).fst < 72057594037927936 then
                        ((if m < 281474976710656 then (m * 65536, 16) else (m, 0)).fst * 256,
                          (if m < 281474976710656 then (m * 65536, 16) else (m, 0)).snd + 8)
                      else if m < 281474976710656 then (m * 65536, 16) else (m, 0)).fst *
                    16,
                  (if (if m < 281474976710656 then (m * 65536, 16) else (m, 0)).fst < 72057594037927936 then
                        ((if m < 281474976710656 then (m * 65536, 16) else (m, 0)).fst * 256,
                          (if m < 281474976710656 then (m * 65536, 16) else (m, 0)).snd + 8)
                      else if m < 281474976710656 then (m * 65536, 16) else (m, 0)).snd +
                    4)
              else
                if (if m < 281474976710656 then (m * 65536, 16) else (m, 0)).fst < 72057594037927936 then
                  ((if m < 281474976710656 then (m * 65536, 16) else (m, 0)).fst * 256,
                    (if m < 281474976710656 then (m * 65536, 16) else (m, 0)).snd + 8)
                else if m < 281474976710656 then (m * 65536, 16) else (m, 0)).fst *
            4,
          (if
                  (if (if m < 281474976710656 then (m * 65536, 16) else (m, 0)).fst < 72057594037927936 then
                        ((if m < 281474976710656 then (m * 65536, 16) else (m, 0)).fst * 256,
                          (if m < 281474976710656 then (m * 65536, 16) else (m, 0)).snd + 8)
                      else if m < 281474976710656 then (m * 65536, 16) else (m, 0)).fst <
                    1152921504606846976 then
                ((if (if m < 281474976710656 then (m * 65536, 16) else (m, 0)).fst < 72057594037927936 then
                        ((if m < 281474976710656 then (m * 65536, 16) else (m, 0)).fst * 256,
                          (if m < 281474976710656 then (m * 65536, 16) else (m, 0)).snd + 8)
                      else if m < 281474976710656 then (m * 65536, 16) else (m, 0)).fst *
                    16,
                  (if (if m < 281474976710656 then (m * 65536, 16) else (m, 0)).fst < 72057594037927936 then
                        ((if m < 281474976710656 then (m * 65536, 16) else (m, 0)).fst * 256,
                          (if m < 281474976710656 then (m * 65536, 16) else (m, 0)).snd + 8)
                      else if m < 281474976710656 then (m * 65536, 16) else (m, 0)).snd +
                    4)
              else
                if (if m < 281474976710656 then (m * 65536, 16) else (m, 0)).fst < 72057594037927936 then
                  ((if m < 281474976710656 then (m * 65536, 16) else (m, 0)).fst * 256,
                    (if m < 281474976710656 then (m * 65536, 16) else (m, 0)).snd + 8)
                else if m < 281474976710656 then (m * 65536, 16) else (m, 0)).snd +
            2)
      else
        if
            (if (if m < 281474976710656 then (m * 65536, 16) else (m, 0)).fst < 72057594037927936 then
                  ((if m < 281474976710656 then (m * 65536, 16) else (m, 0)).fst * 256,
                    (if m < 281474976710656 then (m * 65536, 16) else (m, 0)).snd + 8)
                else if m < 281474976710656 then (m * 65536, 16) else (m, 0)).fst <
              1152921504606846976 then
          ((if (if m < 281474976710656 then (m * 65536, 16) else (m, 0)).fst < 72057594037927936 then
                  ((if m < 281474976710656 then (m * 65536, 16) else (m, 0)).fst * 256,
                    (if m < 281474976710656 then (m * 65536, 16) else (m, 0)).snd + 8)
                else if m < 281474976710656 then (m * 65536, 16) else (m, 0)).fst *
              16,
            (if (if m < 281474976710656 then (m * 65536, 16) else (m, 0)).fst < 72057594037927936 then
                  ((if m < 281474976710656 then (m * 65536, 16) else (m, 0)).fst * 256,
                    (if m < 281474976710656 then (m * 65536, 16) else (m, 0)).snd + 8)
                else if m < 281474976710656 then (m * 65536, 16) else (m, 0)).snd +
              4)
        else
          if (if m < 281474976710656 then (m * 65536, 16) else (m, 0)).fst < 72057594037927936 then
            ((if m < 281474976710656 then (m * 65536, 16) else (m, 0)).fst * 256,
              (if m < 281474976710656 then (m * 65536, 16) else (m, 0)).snd + 8)
          else if m < 281474976710656 then (m * 65536, 16) else (m, 0)).snd
sticky_interval : ∀ (x k : Nat), sticky x k * 2 ^ k ≤ x + 2 ^ k ∧ x ≤ sticky x k * 2 ^ k + 2 ^ k
round_error : ∀ (m : Nat), -2 ≤ 4 * ↑(roundMant m) - ↑m ∧ 4 * ↑(roundMant m) - ↑m ≤ 2
normalizer_bounds : ∀ (m : Nat),
  m < 18446744073709551616 →
    (norm64 m).snd ≤ 63 ∧
      (norm64 m).fst = m * 2 ^ (norm64 m).snd ∧
        (m = 0 ∨ 9223372036854775808 ≤ (norm64 m).fst) ∧ (norm64 m).fst < 18446744073709551616
'ZeroScalar.or_one_bounds' depends on axioms: [propext, Classical.choice, Quot.sound]
'ZeroScalar.sticky_cases' depends on axioms: [propext, Quot.sound]
'ZeroScalar.sticky_interval' depends on axioms: [propext, sorryAx, Classical.choice, Quot.sound]
'ZeroScalar.round_error' depends on axioms: [propext, Classical.choice, Quot.sound]
'ZeroScalar.normalizer_bounds' depends on axioms: [propext, sorryAx, Classical.choice, Quot.sound]
BitErrors 1 3.849
