{"job": "fixtures", "exit_code": 0, "timeout": false}
{"job": "build_verify-observed-reference-normal", "exit_code": 0, "timeout": false}
{"job": "build_verify-plain-reference-normal", "exit_code": 0, "timeout": false}
{"job": "build_verify-observed-reference-asan", "exit_code": 0, "timeout": false}
{"job": "build_verify-plain-reference-asan", "exit_code": 0, "timeout": false}
{"job": "build_verify-observed-candidate-normal", "exit_code": 0, "timeout": false}
{"job": "build_verify-plain-candidate-normal", "exit_code": 0, "timeout": false}
{"job": "build_verify-observed-candidate-asan", "exit_code": 0, "timeout": false}
{"job": "build_verify-plain-candidate-asan", "exit_code": 0, "timeout": false}
{"job": "reg_witness-reference-normal-observed", "exit_code": 0, "timeout": false}
{"job": "reg_witness-reference-normal-plain", "exit_code": 0, "timeout": false}
{"job": "reg_witness-reference-asan-observed", "exit_code": 0, "timeout": false}
{"job": "reg_witness-reference-asan-plain", "exit_code": 0, "timeout": false}
{"job": "reg_witness-candidate-normal-observed", "exit_code": 0, "timeout": false}
{"job": "reg_witness-candidate-normal-plain", "exit_code": 0, "timeout": false}
{"job": "reg_witness-candidate-asan-observed", "exit_code": 0, "timeout": false}
{"job": "reg_witness-candidate-asan-plain", "exit_code": 0, "timeout": false}
{"job": "reg_positive_0_0-reference-normal-observed", "exit_code": 0, "timeout": false}
{"job": "reg_positive_0_0-reference-normal-plain", "exit_code": 0, "timeout": false}
{"job": "reg_positive_0_0-reference-asan-observed", "exit_code": 0, "timeout": false}
{"job": "reg_positive_0_0-reference-asan-plain", "exit_code": 0, "timeout": false}
{"job": "reg_positive_0_0-candidate-normal-observed", "exit_code": 0, "timeout": false}
{"job": "reg_positive_0_0-candidate-normal-plain", "exit_code": 0, "timeout": false}
{"job": "reg_positive_0_0-candidate-asan-observed", "exit_code": 0, "timeout": false}
{"job": "reg_positive_0_0-candidate-asan-plain", "exit_code": 0, "timeout": false}
{"job": "reg_positive_0_1-reference-normal-observed", "exit_code": 0, "timeout": false}
{"job": "reg_positive_0_1-reference-normal-plain", "exit_code": 0, "timeout": false}
{"job": "reg_positive_0_1-reference-asan-observed", "exit_code": 0, "timeout": false}
{"job": "reg_positive_0_1-reference-asan-plain", "exit_code": 0, "timeout": false}
{"job": "reg_positive_0_1-candidate-normal-observed", "exit_code": 0, "timeout": false}
{"job": "reg_positive_0_1-candidate-normal-plain", "exit_code": 0, "timeout": false}
{"job": "reg_positive_0_1-candidate-asan-observed", "exit_code": 0, "timeout": false}
{"job": "reg_positive_0_1-candidate-asan-plain", "exit_code": 0, "timeout": false}
{"job": "reg_positive_1_0-reference-normal-observed", "exit_code": 0, "timeout": false}
{"job": "reg_positive_1_0-reference-normal-plain", "exit_code": 0, "timeout": false}
{"job": "reg_positive_1_0-reference-asan-observed", "exit_code": 0, "timeout": false}
{"job": "reg_positive_1_0-reference-asan-plain", "exit_code": 0, "timeout": false}
{"job": "reg_positive_1_0-candidate-normal-observed", "exit_code": 0, "timeout": false}
{"job": "reg_positive_1_0-candidate-normal-plain", "exit_code": 0, "timeout": false}
{"job": "reg_positive_1_0-candidate-asan-observed", "exit_code": 0, "timeout": false}
{"job": "reg_positive_1_0-candidate-asan-plain", "exit_code": 0, "timeout": false}
{"job": "reg_positive_1_1-reference-normal-observed", "exit_code": 0, "timeout": false}
{"job": "reg_positive_1_1-reference-normal-plain", "exit_code": 0, "timeout": false}
{"job": "reg_positive_1_1-reference-asan-observed", "exit_code": 0, "timeout": false}
{"job": "reg_positive_1_1-reference-asan-plain", "exit_code": 0, "timeout": false}
{"job": "reg_positive_1_1-candidate-normal-observed", "exit_code": 0, "timeout": false}
{"job": "reg_positive_1_1-candidate-normal-plain", "exit_code": 0, "timeout": false}
{"job": "reg_positive_1_1-candidate-asan-observed", "exit_code": 0, "timeout": false}
{"job": "reg_positive_1_1-candidate-asan-plain", "exit_code": 0, "timeout": false}
{"job": "reg_positive_2_0-reference-normal-observed", "exit_code": 0, "timeout": false}
{"job": "reg_positive_2_0-reference-normal-plain", "exit_code": 0, "timeout": false}
{"job": "reg_positive_2_0-reference-asan-observed", "exit_code": 0, "timeout": false}
{"job": "reg_positive_2_0-reference-asan-plain", "exit_code": 0, "timeout": false}
{"job": "reg_positive_2_0-candidate-normal-observed", "exit_code": 0, "timeout": false}
{"job": "reg_positive_2_0-candidate-normal-plain", "exit_code": 0, "timeout": false}
{"job": "reg_positive_2_0-candidate-asan-observed", "exit_code": 0, "timeout": false}
{"job": "reg_positive_2_0-candidate-asan-plain", "exit_code": 0, "timeout": false}
{"job": "reg_positive_2_1-reference-normal-observed", "exit_code": 0, "timeout": false}
{"job": "reg_positive_2_1-reference-normal-plain", "exit_code": 0, "timeout": false}
{"job": "reg_positive_2_1-reference-asan-observed", "exit_code": 0, "timeout": false}
{"job": "reg_positive_2_1-reference-asan-plain", "exit_code": 0, "timeout": false}
{"job": "reg_positive_2_1-candidate-normal-observed", "exit_code": 0, "timeout": false}
{"job": "reg_positive_2_1-candidate-normal-plain", "exit_code": 0, "timeout": false}
{"job": "reg_positive_2_1-candidate-asan-observed", "exit_code": 0, "timeout": false}
{"job": "reg_positive_2_1-candidate-asan-plain", "exit_code": 0, "timeout": false}
{"job": "check_regressions", "exit_code": 0, "timeout": false}
{"runs": 56, "cases": 7, "final_ASAN_environment": {"ASAN_OPTIONS": "detect_leaks=1"}}
