{
  "status": "REGRESSIONS_PASS",
  "sage_version": "10.9",
  "python_version": "3.14.7 | packaged by conda-forge | (main, Sep  2 2026, 21:08:32) [GCC 15.3.0]",
  "checks": [
    {
      "case": "witness",
      "version": "reference",
      "build": "normal",
      "verify": 1,
      "norm": 400000000,
      "normalized_s0": 63969,
      "signed_s0": -20000
    },
    {
      "case": "witness",
      "version": "reference",
      "build": "asan",
      "verify": 1,
      "norm": 400000000,
      "normalized_s0": 63969,
      "signed_s0": -20000
    },
    {
      "case": "witness",
      "version": "candidate",
      "build": "normal",
      "verify": 0,
      "norm": 43058711057,
      "normalized_s0": 16866,
      "signed_s0": -20000
    },
    {
      "case": "witness",
      "version": "candidate",
      "build": "asan",
      "verify": 0,
      "norm": 43058711057,
      "normalized_s0": 16866,
      "signed_s0": -20000
    },
    {
      "case": "positive_0_0",
      "version": "reference",
      "build": "normal",
      "verify": 1,
      "norm": 7,
      "normalized_s0": 0,
      "signed_s0": 0
    },
    {
      "case": "positive_0_0",
      "version": "reference",
      "build": "asan",
      "verify": 1,
      "norm": 7,
      "normalized_s0": 0,
      "signed_s0": 0
    },
    {
      "case": "positive_0_0",
      "version": "candidate",
      "build": "normal",
      "verify": 1,
      "norm": 7,
      "normalized_s0": 0,
      "signed_s0": 0
    },
    {
      "case": "positive_0_0",
      "version": "candidate",
      "build": "asan",
      "verify": 1,
      "norm": 7,
      "normalized_s0": 0,
      "signed_s0": 0
    },
    {
      "case": "positive_0_1",
      "version": "reference",
      "build": "normal",
      "verify": 1,
      "norm": 7,
      "normalized_s0": 0,
      "signed_s0": 0
    },
    {
      "case": "positive_0_1",
      "version": "reference",
      "build": "asan",
      "verify": 1,
      "norm": 7,
      "normalized_s0": 0,
      "signed_s0": 0
    },
    {
      "case": "positive_0_1",
      "version": "candidate",
      "build": "normal",
      "verify": 1,
      "norm": 7,
      "normalized_s0": 0,
      "signed_s0": 0
    },
    {
      "case": "positive_0_1",
      "version": "candidate",
      "build": "asan",
      "verify": 1,
      "norm": 7,
      "normalized_s0": 0,
      "signed_s0": 0
    },
    {
      "case": "positive_1_0",
      "version": "reference",
      "build": "normal",
      "verify": 1,
      "norm": 296,
      "normalized_s0": 0,
      "signed_s0": 0
    },
    {
      "case": "positive_1_0",
      "version": "reference",
      "build": "asan",
      "verify": 1,
      "norm": 296,
      "normalized_s0": 0,
      "signed_s0": 0
    },
    {
      "case": "positive_1_0",
      "version": "candidate",
      "build": "normal",
      "verify": 1,
      "norm": 296,
      "normalized_s0": 0,
      "signed_s0": 0
    },
    {
      "case": "positive_1_0",
      "version": "candidate",
      "build": "asan",
      "verify": 1,
      "norm": 296,
      "normalized_s0": 0,
      "signed_s0": 0
    },
    {
      "case": "positive_1_1",
      "version": "reference",
      "build": "normal",
      "verify": 1,
      "norm": 296,
      "normalized_s0": 0,
      "signed_s0": 0
    },
    {
      "case": "positive_1_1",
      "version": "reference",
      "build": "asan",
      "verify": 1,
      "norm": 296,
      "normalized_s0": 0,
      "signed_s0": 0
    },
    {
      "case": "positive_1_1",
      "version": "candidate",
      "build": "normal",
      "verify": 1,
      "norm": 296,
      "normalized_s0": 0,
      "signed_s0": 0
    },
    {
      "case": "positive_1_1",
      "version": "candidate",
      "build": "asan",
      "verify": 1,
      "norm": 296,
      "normalized_s0": 0,
      "signed_s0": 0
    },
    {
      "case": "positive_2_0",
      "version": "reference",
      "build": "normal",
      "verify": 1,
      "norm": 80,
      "normalized_s0": 9,
      "signed_s0": 9
    },
    {
      "case": "positive_2_0",
      "version": "reference",
      "build": "asan",
      "verify": 1,
      "norm": 80,
      "normalized_s0": 9,
      "signed_s0": 9
    },
    {
      "case": "positive_2_0",
      "version": "candidate",
      "build": "normal",
      "verify": 1,
      "norm": 80,
      "normalized_s0": 9,
      "signed_s0": 9
    },
    {
      "case": "positive_2_0",
      "version": "candidate",
      "build": "asan",
      "verify": 1,
      "norm": 80,
      "normalized_s0": 9,
      "signed_s0": 9
    },
    {
      "case": "positive_2_1",
      "version": "reference",
      "build": "normal",
      "verify": 1,
      "norm": 80,
      "normalized_s0": 9,
      "signed_s0": 9
    },
    {
      "case": "positive_2_1",
      "version": "reference",
      "build": "asan",
      "verify": 1,
      "norm": 80,
      "normalized_s0": 9,
      "signed_s0": 9
    },
    {
      "case": "positive_2_1",
      "version": "candidate",
      "build": "normal",
      "verify": 1,
      "norm": 80,
      "normalized_s0": 9,
      "signed_s0": 9
    },
    {
      "case": "positive_2_1",
      "version": "candidate",
      "build": "asan",
      "verify": 1,
      "norm": 80,
      "normalized_s0": 9,
      "signed_s0": 9
    }
  ],
  "observed_and_plain_runs": 56,
  "norm_and_product": "exact ZZ and GF(q)[X], independent of tested NTT",
  "full_L_V_proved": false
}
