{
  "status": "SCALAR_FAIL",
  "sage_version": "10.9",
  "python_version": "3.14.7 | packaged by conda-forge | (main, Sep  2 2026, 21:08:32) [GCC 15.3.0]",
  "rows": 65536,
  "complete_unique_coverage": true,
  "table_sha256": "cd95d4bdde8f07bb3c18c810c6e45c1d94f368c236b001d1a79794fa728be329",
  "violations": 51202,
  "first_failures": [
    {
      "x": -18434,
      "actual": 0,
      "expected": 18432,
      "reasons": [
        "CONGRUENCE",
        "CANONICAL_VALUE"
      ]
    },
    {
      "x": -18433,
      "actual": 1,
      "expected": 0,
      "reasons": [
        "CONGRUENCE",
        "CANONICAL_VALUE"
      ]
    },
    {
      "x": -18432,
      "actual": 2,
      "expected": 1,
      "reasons": [
        "CONGRUENCE",
        "CANONICAL_VALUE"
      ]
    },
    {
      "x": -18431,
      "actual": 3,
      "expected": 2,
      "reasons": [
        "CONGRUENCE",
        "CANONICAL_VALUE"
      ]
    },
    {
      "x": -18430,
      "actual": 4,
      "expected": 3,
      "reasons": [
        "CONGRUENCE",
        "CANONICAL_VALUE"
      ]
    },
    {
      "x": -18429,
      "actual": 5,
      "expected": 4,
      "reasons": [
        "CONGRUENCE",
        "CANONICAL_VALUE"
      ]
    },
    {
      "x": -18428,
      "actual": 6,
      "expected": 5,
      "reasons": [
        "CONGRUENCE",
        "CANONICAL_VALUE"
      ]
    },
    {
      "x": -18427,
      "actual": 7,
      "expected": 6,
      "reasons": [
        "CONGRUENCE",
        "CANONICAL_VALUE"
      ]
    },
    {
      "x": -18426,
      "actual": 8,
      "expected": 7,
      "reasons": [
        "CONGRUENCE",
        "CANONICAL_VALUE"
      ]
    },
    {
      "x": -18425,
      "actual": 9,
      "expected": 8,
      "reasons": [
        "CONGRUENCE",
        "CANONICAL_VALUE"
      ]
    },
    {
      "x": -18424,
      "actual": 10,
      "expected": 9,
      "reasons": [
        "CONGRUENCE",
        "CANONICAL_VALUE"
      ]
    },
    {
      "x": -18423,
      "actual": 11,
      "expected": 10,
      "reasons": [
        "CONGRUENCE",
        "CANONICAL_VALUE"
      ]
    },
    {
      "x": -18422,
      "actual": 12,
      "expected": 11,
      "reasons": [
        "CONGRUENCE",
        "CANONICAL_VALUE"
      ]
    },
    {
      "x": -18421,
      "actual": 13,
      "expected": 12,
      "reasons": [
        "CONGRUENCE",
        "CANONICAL_VALUE"
      ]
    },
    {
      "x": -18420,
      "actual": 14,
      "expected": 13,
      "reasons": [
        "CONGRUENCE",
        "CANONICAL_VALUE"
      ]
    },
    {
      "x": -18419,
      "actual": 15,
      "expected": 14,
      "reasons": [
        "CONGRUENCE",
        "CANONICAL_VALUE"
      ]
    }
  ],
  "old_canonical_count": 36866,
  "old_congruence_count": 51201,
  "agreement_on_old_canonical": 0,
  "edges": {
    "-32768": {
      "actual": 4098,
      "expected": 4098,
      "old": 51201
    },
    "-20000": {
      "actual": 16866,
      "expected": 16866,
      "old": 63969
    },
    "-18434": {
      "actual": 0,
      "expected": 18432,
      "old": 65535
    },
    "-18433": {
      "actual": 1,
      "expected": 0,
      "old": 0
    },
    "-18432": {
      "actual": 2,
      "expected": 1,
      "old": 1
    },
    "-1": {
      "actual": 1,
      "expected": 18432,
      "old": 18432
    },
    "0": {
      "actual": 2,
      "expected": 0,
      "old": 0
    },
    "1": {
      "actual": 3,
      "expected": 1,
      "old": 1
    },
    "18432": {
      "actual": 2,
      "expected": 18432,
      "old": 18432
    },
    "18433": {
      "actual": 3,
      "expected": 0,
      "old": 18433
    },
    "18434": {
      "actual": 4,
      "expected": 1,
      "old": 18434
    },
    "32767": {
      "actual": 14337,
      "expected": 14334,
      "old": 32767
    }
  }
}
