{
  "argv": [
    "/usr/bin/gcc",
    "-W",
    "-Wall",
    "-O",
    "-DFPR_IMPL=\"fpr-emulated.h\"",
    "-DSAMPLER_CODF=0",
    "-DSAMPLER_CDF=0",
    "-DCT_BEREXP=1",
    "-DFT_TERNARY_ADAPTIVE_CDF=1",
    "-DFT1536_CANDIDATE_PROFILE=1",
    "-DCLEANSE=1",
    "-DTRUE_TERNARY_SECRET=1",
    "-DTRUE_TERNARY_SECRET_MODE=1",
    "-DTERNARY_KEYGEN_BOUND_SCALE_NUM=1250",
    "-DTERNARY_KEYGEN_BOUND_SCALE_DEN=100",
    "-DTERNARY_KEYGEN_MAX_ATTEMPTS=3000000",
    "-DSIGN_MAX_ATTEMPTS=16",
    "-std=c99",
    "-DVERIFY_SOURCE=\"../mutants/negative_C_remainder/falcon-vrfy.c\"",
    "-DOBSERVE=0",
    "-Icandidate",
    "scripts/enumerate.c",
    "candidate/falcon-enc.c",
    "candidate/shake.c",
    "-o",
    "/home/footfalcon/Dokumenty/FT1536_L_RHO_RUN_001/tmp/replay_001/bin/enum-negative_C_remainder-normal",
    "-lm"
  ],
  "cwd": "/home/footfalcon/Dokumenty/FT1536_L_RHO_RUN_001/tmp/replay_001",
  "exit_code": 0,
  "stdout": "",
  "stderr": "",
  "source": "mutants/negative_C_remainder/falcon-vrfy.c",
  "source_sha256": "9217bc1127177f72bae6868448299c6c4286cb399a7772f5cc387d9751f96db1",
  "binary": "bin/enum-negative_C_remainder-normal",
  "binary_sha256": "81efb505e8194f48122e2c7a954d1c5316ec3aea4b761e57527f19af37bbb9e7"
}
