{
  "argv": [
    "/usr/bin/gcc",
    "-W",
    "-Wall",
    "-O",
    "-DFPR_IMPL=\"fpr-emulated.h\"",
    "-DSAMPLER_CODF=0",
    "-DSAMPLER_CDF=0",
    "-DCT_BEREXP=1",
    "-DFT_TERNARY_ADAPTIVE_CDF=1",
    "-DFT1536_CANDIDATE_PROFILE=1",
    "-DCLEANSE=1",
    "-DTRUE_TERNARY_SECRET=1",
    "-DTRUE_TERNARY_SECRET_MODE=1",
    "-DTERNARY_KEYGEN_BOUND_SCALE_NUM=1250",
    "-DTERNARY_KEYGEN_BOUND_SCALE_DEN=100",
    "-DTERNARY_KEYGEN_MAX_ATTEMPTS=3000000",
    "-DSIGN_MAX_ATTEMPTS=16",
    "-std=c99",
    "-DVERIFY_SOURCE=\"../mutants/wrong_modulus/falcon-vrfy.c\"",
    "-DOBSERVE=0",
    "-Icandidate",
    "scripts/enumerate.c",
    "candidate/falcon-enc.c",
    "candidate/shake.c",
    "-o",
    "/home/footfalcon/Dokumenty/FT1536_L_RHO_RUN_001/tmp/replay_001/bin/enum-wrong_modulus-normal",
    "-lm"
  ],
  "cwd": "/home/footfalcon/Dokumenty/FT1536_L_RHO_RUN_001/tmp/replay_001",
  "exit_code": 0,
  "stdout": "",
  "stderr": "",
  "source": "mutants/wrong_modulus/falcon-vrfy.c",
  "source_sha256": "34b621e58a767565930cf32e441731fdedff388a0b9da99a7e177614e2cb7f6f",
  "binary": "bin/enum-wrong_modulus-normal",
  "binary_sha256": "e4484458abe2d2ce713ffa8a373df4ee08224b181a9d24f11d76885b6ccc429b"
}
