{
  "argv": [
    "/usr/bin/gcc",
    "-W",
    "-Wall",
    "-O",
    "-DFPR_IMPL=\"fpr-emulated.h\"",
    "-DSAMPLER_CODF=0",
    "-DSAMPLER_CDF=0",
    "-DCT_BEREXP=1",
    "-DFT_TERNARY_ADAPTIVE_CDF=1",
    "-DFT1536_CANDIDATE_PROFILE=1",
    "-DCLEANSE=1",
    "-DTRUE_TERNARY_SECRET=1",
    "-DTRUE_TERNARY_SECRET_MODE=1",
    "-DTERNARY_KEYGEN_BOUND_SCALE_NUM=1250",
    "-DTERNARY_KEYGEN_BOUND_SCALE_DEN=100",
    "-DTERNARY_KEYGEN_MAX_ATTEMPTS=3000000",
    "-DSIGN_MAX_ATTEMPTS=16",
    "-std=c99",
    "-DVERIFY_SOURCE=\"../observed/candidate/falcon-vrfy.c\"",
    "-DOBSERVE=1",
    "-Icandidate",
    "scripts/verify_driver.c",
    "candidate/falcon-enc.c",
    "candidate/shake.c",
    "-o",
    "/home/footfalcon/Dokumenty/FT1536_L_RHO_RUN_001/tmp/replay_001/bin/verify-observed-candidate-normal",
    "-lm"
  ],
  "cwd": "/home/footfalcon/Dokumenty/FT1536_L_RHO_RUN_001/tmp/replay_001",
  "exit_code": 0,
  "stdout": "",
  "stderr": "",
  "source": "observed/candidate/falcon-vrfy.c",
  "source_sha256": "995a7102379acb8e0a927053423d5ac84aba091ebba14547298b6f6e427694f8",
  "binary": "bin/verify-observed-candidate-normal",
  "binary_sha256": "3ad7bd15e3c0dc94e0ac0ea519c1d2da585f42282f74838c71cfd595800990c8"
}
