{
  "argv": [
    "/usr/bin/gcc",
    "-W",
    "-Wall",
    "-O",
    "-DFPR_IMPL=\"fpr-emulated.h\"",
    "-DSAMPLER_CODF=0",
    "-DSAMPLER_CDF=0",
    "-DCT_BEREXP=1",
    "-DFT_TERNARY_ADAPTIVE_CDF=1",
    "-DFT1536_CANDIDATE_PROFILE=1",
    "-DCLEANSE=1",
    "-DTRUE_TERNARY_SECRET=1",
    "-DTRUE_TERNARY_SECRET_MODE=1",
    "-DTERNARY_KEYGEN_BOUND_SCALE_NUM=1250",
    "-DTERNARY_KEYGEN_BOUND_SCALE_DEN=100",
    "-DTERNARY_KEYGEN_MAX_ATTEMPTS=3000000",
    "-DSIGN_MAX_ATTEMPTS=16",
    "-std=c99",
    "-DVERIFY_SOURCE=\"../candidate/falcon-vrfy.c\"",
    "-DOBSERVE=0",
    "-Icandidate",
    "scripts/verify_driver.c",
    "candidate/falcon-enc.c",
    "candidate/shake.c",
    "-o",
    "/home/footfalcon/Dokumenty/FT1536_L_RHO_RUN_001/tmp/replay_001/bin/verify-plain-candidate-normal",
    "-lm"
  ],
  "cwd": "/home/footfalcon/Dokumenty/FT1536_L_RHO_RUN_001/tmp/replay_001",
  "exit_code": 0,
  "stdout": "",
  "stderr": "",
  "source": "candidate/falcon-vrfy.c",
  "source_sha256": "3fe78f8df8003b760a21f4897b44b876717e30029bed031ee7d0cd224e968d42",
  "binary": "bin/verify-plain-candidate-normal",
  "binary_sha256": "3cd6a1baa82218e84d2bc95dc8b9b1258fe4bc176c3e97752f139f3712083e5c"
}
