{
  "argv": [
    "/usr/bin/gcc",
    "-W",
    "-Wall",
    "-O",
    "-DFPR_IMPL=\"fpr-emulated.h\"",
    "-DSAMPLER_CODF=0",
    "-DSAMPLER_CDF=0",
    "-DCT_BEREXP=1",
    "-DFT_TERNARY_ADAPTIVE_CDF=1",
    "-DFT1536_CANDIDATE_PROFILE=1",
    "-DCLEANSE=1",
    "-DTRUE_TERNARY_SECRET=1",
    "-DTRUE_TERNARY_SECRET_MODE=1",
    "-DTERNARY_KEYGEN_BOUND_SCALE_NUM=1250",
    "-DTERNARY_KEYGEN_BOUND_SCALE_DEN=100",
    "-DTERNARY_KEYGEN_MAX_ATTEMPTS=3000000",
    "-DSIGN_MAX_ATTEMPTS=16",
    "-std=c99",
    "-DVERIFY_SOURCE=\"../observed/reference/falcon-vrfy.c\"",
    "-DOBSERVE=1",
    "-fsanitize=address,undefined",
    "-fno-sanitize-recover=all",
    "-g",
    "-Ireference",
    "scripts/verify_driver.c",
    "reference/falcon-enc.c",
    "reference/shake.c",
    "-o",
    "/home/footfalcon/Dokumenty/FT1536_L_RHO_RUN_001/tmp/replay_001/bin/verify-observed-reference-asan",
    "-lm"
  ],
  "cwd": "/home/footfalcon/Dokumenty/FT1536_L_RHO_RUN_001/tmp/replay_001",
  "exit_code": 0,
  "stdout": "",
  "stderr": "",
  "source": "observed/reference/falcon-vrfy.c",
  "source_sha256": "908660b967b3acd5e9ebdf94f2dac530d3fd22254df8ef79eb9e07ffec51fe42",
  "binary": "bin/verify-observed-reference-asan",
  "binary_sha256": "a23da253191e5a30a86c32d61e767ffb59321d3499411c9dbb2f55954d5f4e38"
}
