'H3Range.p2_mono' depends on axioms: [propext]
'H3Range.mant_bounds' depends on axioms: [propext, Classical.choice.{u}, Quot.sound.{u}]
'H3Range.p2_shift' depends on axioms: [propext]
'H3Range.normal_floor_refinement' depends on axioms: [propext, Classical.choice.{u}, Quot.sound.{u}]
'H3Range.subnormal_floor_refinement' depends on axioms: [propext, Classical.choice.{u}, Quot.sound.{u}]
'H3Range.floor_refinement' depends on axioms: [propext, Classical.choice.{u}, Quot.sound.{u}]
'H3Range.negative_zero_exception' depends on axioms: [propext]
'H3Range.signed_zero_guard' does not depend on any axioms
'H3Range.integer_safety' depends on axioms: [propext, Classical.choice.{u}, Quot.sound.{u}]
'H3Range.negative_zero_sum_still_safe' depends on axioms: [propext, Classical.choice.{u}, Quot.sound.{u}]
'H3Range.conditional_H3_local' depends on axioms: [propext, Classical.choice.{u}, Quot.sound.{u}]
'ZeroScalar.p2_pos' depends on axioms: [propext]
'ZeroScalar.D_pos' depends on axioms: [propext]
'ZeroScalar.p2_add' depends on axioms: [propext]
'ZeroScalar.frac_bound' does not depend on any axioms
'ZeroScalar.exponent_from_value' depends on axioms: [propext, Quot.sound.{u}]
'ZeroScalar.floorVal_old' depends on axioms: [propext, Quot.sound.{u}]
'ZeroScalar.floorVal_range' depends on axioms: [propext, Classical.choice.{u}, Quot.sound.{u}]
'ZeroScalar.negzero_fields' depends on axioms: [propext, Classical.choice.{u}, Quot.sound.{u}]
'ZeroScalar.zero_aware_parts' depends on axioms: [propext, Classical.choice.{u}, Quot.sound.{u}]
'ZeroScalar.raw_mantissa' depends on axioms: [propext, Classical.choice.{u}, Quot.sound.{u}]
'ZeroScalar.raw_mantissa_int' depends on axioms: [propext, Classical.choice.{u}, Quot.sound.{u}]
'ZeroScalar.floorC_parts' depends on axioms: [propext, Classical.choice.{u}, Quot.sound.{u}]
'ZeroScalar.FLOOR_ZERO' depends on axioms: [propext, Classical.choice.{u}, Quot.sound.{u}]
'ZeroScalar.source_floor_range' depends on axioms: [propext, Classical.choice.{u}, Quot.sound.{u}]
'ZeroScalar.C_INT_BRIDGE' depends on axioms: [propext, Classical.choice.{u}, Quot.sound.{u}]
'H3Range.scan_bound' depends on axioms: [propext, Quot.sound.{u}]
'H3Range.max_at_zero' depends on axioms: [propext, Quot.sound.{u}]
'H3Range.select_found' depends on axioms: [propext]
'H3Range.select_bound' depends on axioms: [propext]
'H3Range.proposal_support' depends on axioms: [propext, Classical.choice.{u}, Quot.sound.{u}]
'H3Range.proposal_return_safe' depends on axioms: [propext, Classical.choice.{u}, Quot.sound.{u}]
'H3Range.bank0_size' does not depend on any axioms
'H3Range.bank0_max' does not depend on any axioms
'H3Range.bank0_support' depends on axioms: [propext, Quot.sound.{u}]
'H3Range.bank1_size' does not depend on any axioms
'H3Range.bank1_max' does not depend on any axioms
'H3Range.bank1_support' depends on axioms: [propext, Quot.sound.{u}]
'H3Range.bank2_size' does not depend on any axioms
'H3Range.bank2_max' does not depend on any axioms
'H3Range.bank2_support' depends on axioms: [propext, Quot.sound.{u}]
'H3Range.bank3_size' does not depend on any axioms
'H3Range.bank3_max' does not depend on any axioms
'H3Range.bank3_support' depends on axioms: [propext, Quot.sound.{u}]
'H3Range.bank4_size' does not depend on any axioms
'H3Range.bank4_max' does not depend on any axioms
'H3Range.bank4_support' depends on axioms: [propext, Quot.sound.{u}]
'H3Range.all_bank_support' depends on axioms: [propext, Quot.sound.{u}]
'H3Range.scalar_residual' depends on axioms: [propext, Classical.choice.{u}, Quot.sound.{u}]
'H3Range.terminal_right_then_left' depends on axioms: [propext, Classical.choice.{u}, Quot.sound.{u}]
'H3Range.next_terminal_center' depends on axioms: [propext, Classical.choice.{u}, Quot.sound.{u}]
'H3Range.safe_next_center' depends on axioms: [propext, Classical.choice.{u}, Quot.sound.{u}]
'H3Range.inner_visits_count' depends on axioms: [propext, Quot.sound.{u}]
'H3Range.actual_3072_calls' depends on axioms: [propext, Quot.sound.{u}]
'H3Range.first_terminal_right_first' does not depend on any axioms
'H3Range.checked_key_coefficients' depends on axioms: [propext, Classical.choice.{u}, Quot.sound.{u}]
'H3Range.lt64_correct' depends on axioms: [propext, Quot.sound.{u}]
'H3Range.eq64_correct' depends on axioms: [propext, Quot.sound.{u}]
'H3Range.lt128_correct' depends on axioms: [propext, Quot.sound.{u}]
'H3Range.active_guards' depends on axioms: [propext, Classical.choice.{u}, Quot.sound.{u}]
'H3Range.sticky_path' depends on axioms: [propext]
'H3Range.negative_zero_admitted' does not depend on any axioms
'H3Range.guards_do_not_imply_floor_refinement' depends on axioms: [propext]
'H3Range.complete_local_lift' depends on axioms: [propext, Classical.choice.{u}, Quot.sound.{u}]
'ZeroScalar.value_negative_zero' depends on axioms: [propext, Classical.choice.{u}, Quot.sound.{u}]
'ZeroScalar.RHO_CLOSED' depends on axioms: [propext, Classical.choice.{u}, Quot.sound.{u}]
'ZeroScalar.EXACT_RESIDUAL_366' depends on axioms: [propext, Classical.choice.{u}, Quot.sound.{u}]
'ZeroScalar.old_new_relation' depends on axioms: [propext, Classical.choice.{u}, Quot.sound.{u}]
'ZeroScalar.old_floor_equality' depends on axioms: [propext, Classical.choice.{u}, Quot.sound.{u}]
'ZeroScalar.old_implies_numeric' depends on axioms: [propext, Quot.sound.{u}]
'ZeroScalar.or_one_bounds' depends on axioms: [propext, Classical.choice.{u}, Quot.sound.{u}]
'ZeroScalar.sticky_cases' depends on axioms: [propext, Quot.sound.{u}]
'ZeroScalar.sticky_interval' depends on axioms: [propext, Classical.choice.{u}, Quot.sound.{u}]
'ZeroScalar.round_error' depends on axioms: [propext, Classical.choice.{u}, Quot.sound.{u}]
'ZeroScalar.normalizer_bounds' depends on axioms: [propext, Classical.choice.{u}, Quot.sound.{u}]
'ZeroScalar.normalizer_for_add' depends on axioms: [propext, Classical.choice.{u}, Quot.sound.{u}]
'ZeroScalar.shrink9_range' depends on axioms: [propext, Classical.choice.{u}, Quot.sound.{u}]
'ZeroScalar.pack_normal_value' depends on axioms: [propext, Quot.sound.{u}]
'ZeroScalar.round_normal_range' depends on axioms: [propext, Classical.choice.{u}, Quot.sound.{u}]
'ZeroScalar.norm_small_shift' depends on axioms: [propext, Classical.choice.{u}, Quot.sound.{u}]
'ZeroScalar.sticky_multiple' depends on axioms: [propext, Quot.sound.{u}]
'ZeroScalar.OF_EXACT' depends on axioms: [propext, Classical.choice.{u}, Quot.sound.{u}]
'ZeroScalar.error_rational' does not depend on any axioms
'ZeroScalar.error_budget_numeric' does not depend on any axioms
'ZeroScalar.phase_scale_bound' depends on axioms: [propext, Quot.sound.{u}]
'ZeroScalar.error_budget_composition' depends on axioms: [propext, Classical.choice.{u}, Quot.sound.{u}]
'ZeroScalar.MACHINE_RESIDUAL_366' depends on axioms: [propext, Classical.choice.{u}, Quot.sound.{u}]
'ZeroScalar.MACHINE_CENTER_INTERVAL' depends on axioms: [propext, Classical.choice.{u}, Quot.sound.{u}]
'ZeroScalar.ORDERED_ZERO_TERMINAL' depends on axioms: [propext, Classical.choice.{u}, Quot.sound.{u}]
'RootLDL.step_range' depends on axioms: [propext, Quot.sound.{u}]
'RootLDL.step_invariant' depends on axioms: [propext, Quot.sound.{u}]
'RootLDL.loop_range' depends on axioms: [propext, Quot.sound.{u}]
'RootLDL.loop_invariant' depends on axioms: [propext, Quot.sound.{u}]
'RootLDL.loop55' depends on axioms: [propext, Quot.sound.{u}]
'RootLDL.store_frame' depends on axioms: [propext, Quot.sound.{u}]
'RootLDL.root_frame' depends on axioms: [propext, Quot.sound.{u}]
'RootLDL.root_layout' does not depend on any axioms
'RootLDL.fft_partition' depends on axioms: [propext, Classical.choice.{u}, Quot.sound.{u}]
'RootLDL.ternary_store' depends on axioms: [propext, Classical.choice.{u}, Quot.sound.{u}]
'RootLDL.coefficient_test' depends on axioms: [propext, Classical.choice.{u}, Quot.sound.{u}]
'RootLDL.positive_margin' depends on axioms: [propext, Quot.sound.{u}]
'RootLDL.machine_schur_consumer' depends on axioms: [propext, Quot.sound.{u}]
'RootLDL.imaginary_consumer' depends on axioms: [propext, Classical.choice.{u}, Quot.sound.{u}]
'RootLDL.no_overflow_primitive_scale' does not depend on any axioms
'RootLDL.zero_domain_not_root_domain' does not depend on any axioms
'RootLDL.coefficient_reduction_bound' does not depend on any axioms
'Node3.inverse3_bits' depends on axioms: [propext, Quot.sound.{u}]
'Node3.inverse3_units' depends on axioms: [propext, Quot.sound.{u}]
'Node3.expanded_div_exponent' depends on axioms: [propext, Classical.choice.{u}, Quot.sound.{u}]
'Node3.normalization_indices' depends on axioms: [propext, Classical.choice.{u}, Quot.sound.{u}]
'Node3.real_slot_noninterference' does not depend on any axioms
'Node3.divReal_ignores_imag' does not depend on any axioms
'Node3.mulReal_ignores_imag' does not depend on any axioms
'Node3.selfadj_imag_store' does not depend on any axioms
'Node3.valid_c3' does not depend on any axioms
'Node3.branch0_round_margin' does not depend on any axioms
'Node3.branch1_round_margin' does not depend on any axioms
'Node3.quotient_domain' does not depend on any axioms
'Node3.safe_order' depends on axioms: [propext, Quot.sound.{u}]
'Node2.half_bits' depends on axioms: [propext, Quot.sound.{u}]
'Node2.half_fields' depends on axioms: [propext, Quot.sound.{u}]
'Node2.half_value' depends on axioms: [propext, Quot.sound.{u}]
'Node2.parts_error' depends on axioms: [propext, Classical.choice.{u}, Quot.sound.{u}]
'Node2.half_error_units' depends on axioms: [propext, Classical.choice.{u}, Quot.sound.{u}]
'Node2.finite_half' depends on axioms: [propext, Quot.sound.{u}]
'Node2.half_endpoint_classes' does not depend on any axioms
'InitialTarget.one_word' depends on axioms: [propext, Quot.sound.{u}]
'InitialTarget.q_word' depends on axioms: [propext, Quot.sound.{u}]
'InitialTarget.ni_word' depends on axioms: [propext, Quot.sound.{u}]
'InitialTarget.ni_fields' depends on axioms: [propext, Quot.sound.{u}]
'InitialTarget.ni_value_scaled' depends on axioms: [propext, Quot.sound.{u}]
'InitialTarget.reciprocal_error_numerator' does not depend on any axioms
'InitialTarget.reciprocal_interval' does not depend on any axioms
'InitialTarget.canonical_int_ranges' depends on axioms: [propext, Classical.choice.{u}, Quot.sound.{u}]
'InitialTarget.canonical_of_exact' depends on axioms: [propext, Classical.choice.{u}, Quot.sound.{u}]
'InitialTarget.hash_to_point_written_range' does not depend on any axioms
'InitialTarget.hash_to_point_uint16' depends on axioms: [propext, Quot.sound.{u}]
'InitialTarget.rejection_limit' does not depend on any axioms
'InitialTarget.basis_determinant' depends on axioms: [propext, Classical.choice.{u}, Quot.sound.{u}]
'InitialTarget.target_numerator_identity' depends on axioms: [propext, Classical.choice.{u}, Quot.sound.{u}]
'InitialTarget.reduced_low_count' depends on axioms: [propext, Quot.sound.{u}]
'InitialTarget.reduced_high_count' depends on axioms: [propext, Quot.sound.{u}]
'InitialTarget.reduced_row_bound' depends on axioms: [propext, Classical.choice.{u}, Quot.sound.{u}]
'InitialTarget.gram_pair_identities' depends on axioms: [propext, Classical.choice.{u}, Quot.sound.{u}]
'InitialTarget.gram_pair_bounds' depends on axioms: [propext, Classical.choice.{u}, Quot.sound.{u}]
'InitialTarget.two_error_layers' depends on axioms: [propext, Classical.choice.{u}, Quot.sound.{u}]
'InitialTarget.inverse_eval_energy_transport' depends on axioms: [propext, Quot.sound.{u}]
'InitialTarget.target_frame' depends on axioms: [propext, Quot.sound.{u}]
'InitialTarget.prefix_offsets' does not depend on any axioms
'InitialTarget.buffers_and_future_pointers' does not depend on any axioms
'InitialTarget.target_read_write_indices' depends on axioms: [propext, Classical.choice.{u}, Quot.sound.{u}]
'InitialTarget.packed_indices' depends on axioms: [propext, Classical.choice.{u}, Quot.sound.{u}]
'InitialTarget.copy_disjoint' depends on axioms: [propext, Quot.sound.{u}]
'InitialTarget.whole_key_frame' depends on axioms: [propext, Quot.sound.{u}]
'InitialTarget.source_word_match' depends on axioms: [propext, Quot.sound.{u}]
'InitialTarget.defined_prefix_from_local_domains' depends on axioms: [propext, Quot.sound.{u}]
'OrderedReach.fault_sticky' depends on axioms: [propext]
'OrderedReach.clear_prefix' depends on axioms: [propext, Quot.sound.{u}]
'OrderedReach.safe_normal_return' depends on axioms: [propext, Classical.choice.{u}, Quot.sound.{u}]
'OrderedReach.normal_residual_after_center' depends on axioms: [propext, Classical.choice.{u}, Quot.sound.{u}]
'OrderedReach.fault_zero_is_not_close' does not depend on any axioms
'OrderedReach.normal_zero_distinct_tag' does not depend on any axioms
'OrderedReach.rejection_no_return' does not depend on any axioms
'OrderedReach.shifted_half_bound' depends on axioms: [propext, Classical.choice.{u}, Quot.sound.{u}]
'OrderedReach.next_center_needs_update' depends on axioms: [propext, Classical.choice.{u}, Quot.sound.{u}]
'OrderedReach.final_residual_after_unshift' depends on axioms: [propext, Classical.choice.{u}, Quot.sound.{u}]
'OrderedReach.right_margin' depends on axioms: [propext, Quot.sound.{u}]
'OrderedReach.right_margin_constants' does not depend on any axioms
'OrderedReach.cutoff_counts' depends on axioms: [propext, Quot.sound.{u}]
'OrderedReach.safe_shift' depends on axioms: [propext, Quot.sound.{u}]
'OrderedReach.scalar_integer_products' depends on axioms: [propext, Classical.choice.{u}, Quot.sound.{u}]
'ScalarIID.getter64_ranges' depends on axioms: [propext, Classical.choice.{u}, Quot.sound.{u}]
'ScalarIID.getter64_read_range' depends on axioms: [propext, Quot.sound.{u}]
'ScalarIID.getter8_ranges' depends on axioms: [propext, Classical.choice.{u}, Quot.sound.{u}]
'ScalarIID.sign_getter_no_refill' depends on axioms: [propext, Quot.sound.{u}]
'ScalarIID.exact_boundary' does not depend on any axioms
'ScalarIID.returned_proposal_bytes' does not depend on any axioms
'ScalarIID.refill_budget' depends on axioms: [propext, Classical.choice.{u}, Quot.sound.{u}]
'ScalarIID.discarded_budget' depends on axioms: [propext, Quot.sound.{u}]
'ScalarIID.unique_read_positions' depends on axioms: [propext, Quot.sound.{u}]
'ScalarIID.unsigned_low55_comparison' depends on axioms: [propext, Quot.sound.{u}]
'ScalarIID.saturated_count' depends on axioms: [propext, Quot.sound.{u}]
'ScalarIID.zero_low_bits' depends on axioms: [propext, Classical.choice.{u}, Quot.sound.{u}]
'ScalarIID.high_half_bound' depends on axioms: [propext, Quot.sound.{u}]
'ScalarIID.horner_interval' depends on axioms: [propext, Classical.choice.{u}, Quot.sound.{u}]
'ScalarIID.final_positive_threshold' depends on axioms: [propext, Quot.sound.{u}]
'ScalarIID.cutoff_integer' depends on axioms: [propext, Quot.sound.{u}]
'ScalarIID.small_trunc_shift' depends on axioms: [propext, Classical.choice.{u}, Quot.sound.{u}]
'ScalarIID.raw_trunc_counts' depends on axioms: [propext, Classical.choice.{u}, Quot.sound.{u}]
'ScalarIID.mass_telescopes' depends on axioms: [propext, Quot.sound.{u}]
'ScalarIID.count_append' depends on axioms: [propext]
'ScalarIID.count_all' depends on axioms: [propext, Quot.sound.{u}]
'ScalarIID.count_none' depends on axioms: [propext, Quot.sound.{u}]
'ScalarIID.atom_partition' depends on axioms: [propext, Quot.sound.{u}]
'ScalarIID.threshold_strict' depends on axioms: [propext, Quot.sound.{u}]
'ScalarIID.sign_outputs_disjoint' depends on axioms: [propext, Quot.sound.{u}]
'ScalarIID.small_atom_mass' does not depend on any axioms
'ScalarIID.limb_expansion' depends on axioms: [propext, Classical.choice.{u}, Quot.sound.{u}]
'ScalarIID.high_carry' depends on axioms: [propext, Quot.sound.{u}]
'ScalarIID.first_limb_sum_bound' depends on axioms: [propext, Quot.sound.{u}]
'ScalarIID.high_product_range' depends on axioms: [propext, Quot.sound.{u}]
'ScalarIID.finite_geometric_count' depends on axioms: [propext, Classical.choice.{u}, Quot.sound.{u}]
'ScalarIID.normalized_mass_integer' depends on axioms: [propext]
'ScalarIID.positive_normalizer' depends on axioms: [propext, Quot.sound.{u}]
'ScalarIID.strict_reject_fraction' depends on axioms: [propext, Classical.choice.{u}, Quot.sound.{u}]
'ScalarIID.source_return_injective_left' depends on axioms: [propext, Classical.choice.{u}, Quot.sound.{u}]
'ScalarIID.source_return_injective_right' depends on axioms: [propext, Classical.choice.{u}, Quot.sound.{u}]
'ScalarIID.normal_zero_is_not_fault' does not depend on any axioms
