{"cwd": "/home/footfalcon/Dokumenty/FT1536_L_NTT_RUN_001/tmp/replay_002", "argv": ["python3", "-B", "scripts/bind.py"], "exit_code": 0}
{"cwd": "/home/footfalcon/Dokumenty/FT1536_L_NTT_RUN_001/tmp/replay_002", "argv": ["/home/footfalcon/.elan/toolchains/leanprover--lean4---v4.34.0/bin/lean", "formal/Words.lean"], "exit_code": 0}
{"cwd": "/home/footfalcon/Dokumenty/FT1536_L_NTT_RUN_001/tmp/replay_002", "argv": ["python3", "-B", "scripts/build.py", "base", "normal"], "exit_code": 0}
{"cwd": "/home/footfalcon/Dokumenty/FT1536_L_NTT_RUN_001/tmp/replay_002", "argv": ["bin/base-normal", "tables", "artifacts/tables_C.json"], "exit_code": 0}
{"cwd": "/home/footfalcon/Dokumenty/FT1536_L_NTT_RUN_001/tmp/replay_002", "argv": ["bin/base-normal", "division", "artifacts/division_C.csv"], "exit_code": 0}
{"cwd": "/home/footfalcon/Dokumenty/FT1536_L_NTT_RUN_001/tmp/replay_002", "argv": ["/home/footfalcon/.local/bin/sage", "scripts/certify.py", "constants"], "exit_code": 0}
{"cwd": "/home/footfalcon/Dokumenty/FT1536_L_NTT_RUN_001/tmp/replay_002", "argv": ["/home/footfalcon/.local/bin/sage", "scripts/certify.py", "fixtures"], "exit_code": 0}
{"cwd": "/home/footfalcon/Dokumenty/FT1536_L_NTT_RUN_001/tmp/replay_002", "argv": ["bin/base-normal", "primitives", "fixtures/primitive_pairs.txt", "artifacts/primitives_C.csv"], "exit_code": 0}
{"cwd": "/home/footfalcon/Dokumenty/FT1536_L_NTT_RUN_001/tmp/replay_002", "argv": ["/home/footfalcon/.local/bin/sage", "scripts/certify.py", "primitives", "artifacts/primitives_C.csv", "artifacts/primitive_check.json"], "exit_code": 0}
{"cwd": "/home/footfalcon/Dokumenty/FT1536_L_NTT_RUN_001/tmp/replay_002", "argv": ["python3", "-B", "scripts/export_tables.py"], "exit_code": 0}
{"cwd": "/home/footfalcon/Dokumenty/FT1536_L_NTT_RUN_001/tmp/replay_002", "argv": ["/home/footfalcon/.elan/toolchains/leanprover--lean4---v4.34.0/bin/lean", "formal/Tables.lean"], "exit_code": 0}
{"cwd": "/home/footfalcon/Dokumenty/FT1536_L_NTT_RUN_001/tmp/replay_002", "argv": ["/home/footfalcon/.elan/toolchains/leanprover--lean4---v4.34.0/bin/lean", "formal/Linear.lean"], "exit_code": 0}
{"cwd": "/home/footfalcon/Dokumenty/FT1536_L_NTT_RUN_001/tmp/replay_002", "argv": ["/home/footfalcon/.elan/toolchains/leanprover--lean4---v4.34.0/bin/lean", "formal/Composition.lean"], "exit_code": 0}
{"cwd": "/home/footfalcon/Dokumenty/FT1536_L_NTT_RUN_001/tmp/replay_002", "argv": ["python3", "-B", "scripts/test_suite.py"], "exit_code": 0}
{"cwd": "/home/footfalcon/Dokumenty/FT1536_L_NTT_RUN_001/tmp/replay_002", "argv": ["python3", "-B", "scripts/audit.py"], "exit_code": 0}
{
  "status": "FRESH_REPLAY_PASS",
  "identical_semantic_files": 98,
  "main_claim": "PARTIAL_PROOF"
}
