formal/Linear.lean:24:13: warning: Possibly looping simp theorem: `Int.add_emod`

Hint: You can disable a simp theorem from the default simp set by passing `- theoremName` to `simp`.
formal/Linear.lean:24:27: warning: Possibly looping simp theorem: `Int.mul_emod`

Hint: You can disable a simp theorem from the default simp set by passing `- theoremName` to `simp`.
formal/Linear.lean:24:2: error: Tactic `simp` failed with a nested error:
maximum recursion depth has been reached
use `set_option maxRecDepth <num>` to increase limit
use `set_option diagnostics true` to get diagnostic information
formal/Linear.lean:45:13: warning: Possibly looping simp theorem: `Int.add_emod`

Hint: You can disable a simp theorem from the default simp set by passing `- theoremName` to `simp`.
formal/Linear.lean:45:27: warning: Possibly looping simp theorem: `Int.mul_emod`

Hint: You can disable a simp theorem from the default simp set by passing `- theoremName` to `simp`.
formal/Linear.lean:45:2: error: Tactic `simp` failed with a nested error:
maximum recursion depth has been reached
use `set_option maxRecDepth <num>` to increase limit
use `set_option diagnostics true` to get diagnostic information
'FT1536Linear.dot2_compose' depends on axioms: [propext, Quot.sound]
'FT1536Linear.dot2_congr' depends on axioms: [sorryAx]
'FT1536Linear.dot3_compose' depends on axioms: [propext, Quot.sound]
'FT1536Linear.dot3_congr' depends on axioms: [sorryAx]
'FT1536Linear.two_row_inverse' depends on axioms: [propext, sorryAx, Quot.sound]
'FT1536Linear.final_scaling' depends on axioms: [propext, Quot.sound]
