{
  "status": "BINDINGS_VERIFIED",
  "source_files": 17,
  "original_inputs_checked": 31,
  "formal": [
    {
      "file": "formal/Words.lean",
      "sha256": "4630b8b49186ccbf49a074e7e684e8125bbf14e6aadfc5443be8e2cbedb7f52b",
      "theorems": 14,
      "axioms": [
        "Classical.choice",
        "Quot.sound",
        "propext"
      ],
      "receipt": "logs/2026-09-18T163337454563+0000.stdout"
    },
    {
      "file": "formal/Linear.lean",
      "sha256": "60b843d305f264d47b9411f479d83f647e747b9e9bd7763fa43f27d198336dd5",
      "theorems": 7,
      "axioms": [
        "Quot.sound",
        "propext"
      ],
      "receipt": "logs/2026-09-18T170421177469+0000.stdout"
    },
    {
      "file": "formal/Tables.lean",
      "sha256": "ee668bf1b63a8cb9a3192b39fee68347ed67481d4c73e948372ffc1db203821e",
      "theorems": 160,
      "axioms": [
        "Quot.sound",
        "propext"
      ],
      "receipt": "logs/2026-09-18T170402604151+0000.stdout"
    },
    {
      "file": "formal/Composition.lean",
      "sha256": "0ee19f21c9acdb4361d862905d7ab090ed3bb904066a22059cf7688948a34772",
      "theorems": 5,
      "axioms": [
        "Quot.sound",
        "propext"
      ],
      "receipt": "logs/2026-09-18T172115459765+0000.stdout"
    }
  ],
  "total_theorems": 186,
  "kernel_constant_record_counts": {
    "units": 1024,
    "sequence": 256,
    "parents": 511,
    "tree": 510,
    "rows2": 1022,
    "rows3": 1536,
    "chain": 60
  },
  "baseline_pipelines": 28,
  "primitive_cases": 737,
  "division_denominators": 18432,
  "final_theorem": "L_NTT_after_global_interfaces",
  "final_theorem_scope": "CONDITIONAL_NOT_INSTANTIATED_FOR_SOURCE",
  "permitted_main_verdict": "PARTIAL_PROOF",
  "global_open": [
    "FORWARD_GLOBAL",
    "INVERSE_GLOBAL",
    "SOURCE_GLOBAL_INSTANTIATION"
  ]
}
