{
  "status": "FAIL",
  "errors": [
    [
      "h_ntt",
      0,
      10278,
      13886
    ],
    [
      "H_mont",
      0,
      10104,
      14119
    ],
    [
      "r_ntt",
      0,
      14737,
      3535
    ],
    [
      "point_product",
      0,
      14731,
      18364
    ],
    [
      "p",
      0,
      11478,
      9438
    ],
    [
      "d",
      0,
      11469,
      9429
    ],
    [
      "roundtrip",
      0,
      2258,
      11
    ]
  ],
  "input_sha256": "894ad6b4b241f19c181e01873795a8061e35f0447a82f8e5bdc9e51429b8e586",
  "oracle_sha256": "db7a513825acced14bf3cc496543b2574965e5799576e006af9719487221da8a",
  "sage_version": "10.9",
  "python_version": "3.14.7 | packaged by conda-forge | (main, Sep  2 2026, 21:08:32) [GCC 15.3.0]"
}
