{
  "status": "FAIL",
  "errors": [
    [
      "H_mont",
      0,
      15421,
      10237
    ],
    [
      "point_product",
      0,
      16976,
      1
    ],
    [
      "p",
      7,
      16730,
      0
    ],
    [
      "d",
      7,
      16730,
      0
    ],
    [
      "roundtrip",
      0,
      15131,
      1
    ]
  ],
  "input_sha256": "8f5e82a74c0bd7a85b617d00c0976bdaa020c5478942db6b75b0ce1237bc2812",
  "oracle_sha256": "31e0a7f2495717b65535f9c79c304f3cc1b2cf688dfdc57f5269ea290a523501",
  "sage_version": "10.9",
  "python_version": "3.14.7 | packaged by conda-forge | (main, Sep  2 2026, 21:08:32) [GCC 15.3.0]"
}
