{
  "status": "FAIL",
  "errors": [
    [
      "h_ntt",
      3,
      15046,
      17006
    ],
    [
      "H_mont",
      3,
      18187,
      9170
    ],
    [
      "r_ntt",
      3,
      6375,
      6713
    ],
    [
      "point_product",
      3,
      11351,
      5709
    ],
    [
      "p",
      0,
      398,
      9438
    ],
    [
      "d",
      0,
      389,
      9429
    ]
  ],
  "input_sha256": "9fb1881d7437d132289b410a8a45988fd8f626893cc66bd8c29ce8e8627d5e2a",
  "oracle_sha256": "db7a513825acced14bf3cc496543b2574965e5799576e006af9719487221da8a",
  "sage_version": "10.9",
  "python_version": "3.14.7 | packaged by conda-forge | (main, Sep  2 2026, 21:08:32) [GCC 15.3.0]"
}
