{
  "status": "FAIL",
  "errors": [
    [
      "p",
      0,
      1536,
      1
    ],
    [
      "d",
      0,
      1535,
      0
    ],
    [
      "roundtrip",
      0,
      1536,
      1
    ]
  ],
  "input_sha256": "01538669f6273e477a959d87081e66e10fd9715e4cfcf315914e83fd12cfac91",
  "oracle_sha256": "31e0a7f2495717b65535f9c79c304f3cc1b2cf688dfdc57f5269ea290a523501",
  "sage_version": "10.9",
  "python_version": "3.14.7 | packaged by conda-forge | (main, Sep  2 2026, 21:08:32) [GCC 15.3.0]"
}
