{
  "status": "FAIL",
  "errors": [
    [
      "h_ntt",
      0,
      1578,
      7957
    ],
    [
      "H_mont",
      0,
      2778,
      382
    ],
    [
      "r_ntt",
      0,
      10151,
      625
    ],
    [
      "point_product",
      0,
      16976,
      14648
    ],
    [
      "p",
      0,
      0,
      18432
    ],
    [
      "d",
      0,
      0,
      18432
    ],
    [
      "roundtrip",
      1,
      15131,
      1
    ]
  ],
  "input_sha256": "693cd18c55495d735c56fd4fe0d2911eaa4d63b1fb3ada62613cb0adc8721f4d",
  "oracle_sha256": "5a3305ba993c3161e29b60b5a37fda7af3e0819a8f01c60a5d3318ca6cfd81f0",
  "sage_version": "10.9",
  "python_version": "3.14.7 | packaged by conda-forge | (main, Sep  2 2026, 21:08:32) [GCC 15.3.0]"
}
