kernel 0 29.096
normal 0 2.481
sanitizers 0 2.985
model_values 0 0.291
numeric 0 1.538
oracle 0 2.286
binding 0 0.061
ledger 0 0.063
toolchain 0 1.355
{
  "status": "FRESH_REPLAY_PASS",
  "mode": "rehearsal",
  "expected_outputs_sha256": null,
  "proof_kind": "MIXED_KERNEL_AND_UNIVERSAL_ANALYTICAL_SOURCE_PROOF",
  "full_binary_tower_theorem_kernelized": false,
  "levels_proved": [
    7,
    6,
    5,
    4,
    3,
    2,
    1
  ],
  "no_carried_olean_binary_cache": true,
  "originals_required": false,
  "asan_ubsan_replayed": true,
  "binary_tower_proved": true,
  "remaining_binary_subtrees_proved": true,
  "source_inner7_totality_proved": true,
  "H3_range_proved": false,
  "global_reachability_proved": false,
  "full_internal_tree_proved": false,
  "sampler_law_proved": false,
  "semantic_manifest_sha256": "8ddee387b0092e5add4ca5704e6d81330862f3e363852e5432caa3524a3c5fc7",
  "matched_files": 175
}
