{
  "status": "PASS_KERNEL_STRUCTURE_EXECUTION_AND_PROVENANCE",
  "modules": 30,
  "checked_theorems": 147,
  "new_theorems": 16,
  "all_final_logs_clean": true,
  "allowed_axioms": [
    "Classical.choice",
    "Quot.sound",
    "propext"
  ],
  "inherited_modules_unchanged": 24,
  "audit_stdout_sha256": "76ba5c02c9c3497dd7ef3ab9ac1bebe3b0a3d75e23bf0a1bf0229d9fd8b12cc1",
  "full_types_terms_sha256": "a225ee184935811a169d08c2ffd7914436b58ffdc3c932f848cf8744b953bde5",
  "analytical_proofs": {
    "INDUCTION.md": "dd8f76ff1c25f97a38098a4732981aa13eebc8725756c4c71dc431c727f2b229",
    "LEVEL7.md": "e3b3de845d487608778156b9e820699c2b8f48ac8c00908afd72c9dfa9ce48ac",
    "ASSEMBLY_INTERFACE.md": "f4e9c9a356a13b39a31b29c00ae9fcf0ae66d995c89ac196bee2d3285dbdffe3"
  },
  "full_binary_tower_theorem_kernelized": false,
  "proof_layer": "Kernel scalar/shape/order/frame/partial-execution induction; universal source numeric and memory instantiation analytical with exact certificates.",
  "H3_range_proved": false,
  "full_internal_tree_proved": false,
  "global_reachability_proved": false,
  "sampler_law_proved": false
}
