{
  "exports": 15,
  "printed_terms_complete": true,
  "axioms_allowlisted": true,
  "ledger_terms": [
    "A1",
    "A2",
    "A3",
    "A4",
    "B",
    "C1",
    "C2",
    "C3",
    "D",
    "E"
  ],
  "missing_interfaces": [
    "P02_ARITH",
    "P02_REACHED_DOMAIN",
    "P06_REFERENCE",
    "INTEGER_DEFECT_TRANSPORT",
    "P07_BASIS",
    "A2_INVERSE_AND_IFFT",
    "P02_REAL_RINT"
  ],
  "P02_shift_only_dispatcher_sha256": "6b5f39f49bad2f325543f69dd5309a38aa08b5180d3ba9a42856d32aa20d8a9a",
  "receipt_runs": 13,
  "receipt_steps": 57,
  "raw_logs": 114,
  "scope": "algebra/source byte-bindings only, no C refinement"
}
