{
  "review_bundle": {
    "count": 1946,
    "bytes": 76241324,
    "manifest_sha256": "6a784862e05cfffec5b691e286ff146c31c88e3be71d4b636456de2c8e3ef9d2"
  },
  "subject": {
    "count": 1939,
    "bytes": 75969266,
    "manifest_sha256": "12df61056ddada2f79c1b94b3b17e8f326db2b3a2cbe53d1694754d79d7958cc"
  },
  "author_inputs": {
    "count": 1437,
    "bytes": 41610946,
    "manifest_sha256": "81e7f8977ee442f2476d1844e814488e2ad7a19ee931fcad3b90bfd7219dbe87"
  },
  "review_origins_checked": 1946,
  "bootstrap": {
    "count": 1396,
    "bytes": 32721541,
    "manifest_sha256": "a47dc77e48fb521b17de30115be67dca9e97221063e6b001af5cb4db4bc63f9f"
  },
  "source17": {
    "count": 17,
    "bytes": 1491249,
    "manifest_sha256": "56974571b46e8257bdd3b4097c8c70fded6bb4b94c64805f6e35ec80929a0985"
  },
  "source_spans_checked": 14
}
