lean 0 0.37
gcc 0 0.563
c0 0 0.002
c1 0 0.001
sage 0 4.525
{
  "status": "PASS",
  "independent_oracle": "Sage GF(18433)[X]/(X^1536-X^768+1), closed root powers625",
  "selected_nodes": 15,
  "root_label_checks": 15,
  "binary_label_checks": 120,
  "remMonomial_degrees": [
    0,
    1,
    767,
    768,
    1535,
    1536,
    1537,
    2303,
    2304,
    2305,
    3070
  ],
  "remMonomial_evaluations": 165,
  "mutations_detected": [
    "word+1",
    "wrong physical index",
    "wrong split sign",
    "wrong cubic slot",
    "wrong high-degree reduction sign"
  ],
  "noop_pass": true,
  "pipeline_cases": [
    "canonical_dense",
    "rho_boundaries"
  ],
  "pipeline_coefficients_checked": 6144,
  "pipeline_sha256": [
    "29cb23db327ea0048704158dd3d85dc0bcff3adee27cca8fd68132047b9a9928",
    "42c252ddd17335facb4b490e9fcf39fde6c661777a6c7ed85582f0ecc609c445"
  ],
  "note": "Limited controls of new bindings, distinct from universal kernel theorems."
}

