'FT1536Forward.leaf_checked_0' depends on axioms: [propext]
LeafData/C00 0 0.347
'FT1536Forward.leaf_checked_1' depends on axioms: [propext]
LeafData/C01 0 0.306
'FT1536Forward.leaf_checked_2' depends on axioms: [propext]
LeafData/C02 0 0.285
'FT1536Forward.leaf_checked_3' depends on axioms: [propext]
LeafData/C03 0 0.296
'FT1536Forward.leaf_checked_4' depends on axioms: [propext]
LeafData/C04 0 0.292
'FT1536Forward.leaf_checked_5' depends on axioms: [propext]
LeafData/C05 0 0.299
'FT1536Forward.leaf_checked_6' depends on axioms: [propext]
LeafData/C06 0 0.283
'FT1536Forward.leaf_checked_7' depends on axioms: [propext]
LeafData/C07 0 0.278
'FT1536Forward.leaf_checked_8' depends on axioms: [propext]
LeafData/C08 0 0.28
'FT1536Forward.leaf_checked_9' depends on axioms: [propext]
LeafData/C09 0 0.283
'FT1536Forward.leaf_checked_10' depends on axioms: [propext]
LeafData/C10 0 0.278
'FT1536Forward.leaf_checked_11' depends on axioms: [propext]
LeafData/C11 0 0.291
'FT1536Forward.leaf_checked_12' depends on axioms: [propext]
LeafData/C12 0 0.279
'FT1536Forward.leaf_checked_13' depends on axioms: [propext]
LeafData/C13 0 0.278
'FT1536Forward.leaf_checked_14' depends on axioms: [propext]
LeafData/C14 0 0.289
'FT1536Forward.leaf_checked_15' depends on axioms: [propext]
LeafData/C15 0 0.293
'FT1536Forward.leaf_checked_20' depends on axioms: [propext]
LeafData/C20 0 5.785
'FT1536Forward.leaf_checked_21' depends on axioms: [propext]
LeafData/C21 0 5.899
'FT1536Forward.leaf_checked_22' depends on axioms: [propext]
LeafData/C22 0 6.173
'FT1536Forward.leaf_checked_23' depends on axioms: [propext]
LeafData/C23 0 6.154
'FT1536Forward.leaf_checked_24' depends on axioms: [propext]
LeafData/C24 0 6.261
'FT1536Forward.leaf_checked_25' depends on axioms: [propext]
LeafData/C25 0 6.265
'FT1536Forward.leaf_checked_26' depends on axioms: [propext]
LeafData/C26 0 6.238
'FT1536Forward.leaf_checked_27' depends on axioms: [propext]
LeafData/C27 0 6.806
'FT1536Forward.leaf_checked_28' depends on axioms: [propext]
LeafData/C28 0 6.634
'FT1536Forward.leaf_checked_29' depends on axioms: [propext]
LeafData/C29 0 6.937
'FT1536Forward.leaf_checked_30' depends on axioms: [propext]
LeafData/C30 0 6.774
'FT1536Forward.leaf_checked_31' depends on axioms: [propext]
LeafData/C31 0 7.148
'FT1536Forward.leaf_checked' depends on axioms: [propext]
LeafChecks 0 0.279
leaf_facts : ∀ (b : Nat),
  b < 512 →
    ∀ (j : Fin 3),
      have pos := 3 * b;
      have z := node b j;
      z ^ 768 % 18433 = rootLabel pos % 18433 ∧
        (∀ (p : Nat × Nat),
            p ∈ forwardSchedule 9 2 768 → z ^ (p.snd / 2) % 18433 = splitLabel p.fst (p.snd / 2) pos % 18433) ∧
          PhiZero z ∧ ∀ (k : Fin 3), (cubeFExpr (gmAt (512 + b)) fW j).eval (basis k) = z ^ ↑k % 18433
'FT1536Forward.leaf_facts' depends on axioms: [propext, Quot.sound]
LeafFacts 0 0.345
