{
  "status": "PASS",
  "modules": 63,
  "checked_theorems": 472,
  "new_theorems": 109,
  "all_final_logs_clean": true,
  "axioms_allowed": [
    "Classical.choice",
    "Quot.sound",
    "propext"
  ],
  "audit_stdout_sha256": "2591ec617b95ebbe1045bf38aa3b69cc03c19689c6bf1e94d5ec0ad6c694864c",
  "full_types_sha256": "a134885875d2ad71ba00a67b2dec8e3e1f491bae91b47d8593697c710635af66",
  "inherited_models_byte_identical": true,
  "remaining_global_hypotheses": [],
  "final_theorems": [
    "FT1536Forward.FORWARD_GLOBAL",
    "FT1536Forward.node_zero",
    "FT1536Forward.forward_product",
    "FT1536Forward.product_canonical_inputs",
    "FT1536Forward.L_NTT",
    "FT1536Forward.L_NTT_p",
    "FT1536Forward.L_NTT_d",
    "FT1536Forward.L_NTT_ranges",
    "FT1536Forward.L_NTT_rho",
    "FT1536Forward.L_NTT_rho_ranges"
  ]
}
