{
  "pins_verified": 9,
  "inputs_copied": 55,
  "inherited_modules": 16,
  "source_unchanged": true,
  "sandbox": [
    {
      "path": "/home/footfalcon/free_falcon_sign/proofs/ft1536/work/FT1536_L_NTT_FORWARD_RUN_001/AGENTS.md",
      "result": "writable_no_bytes_written"
    },
    {
      "path": "/home/footfalcon/free_falcon_sign/proofs/ft1536/stages/FT1536_L_NTT_GLOBAL_RUN_001/REPORT.md",
      "result": "EROFS"
    },
    {
      "path": "/home/footfalcon/free_falcon_sign/AGENTS.md",
      "result": "EROFS"
    }
  ]
}
