{"step": "00_sage_version", "exit": 0, "seconds": 7.332}
{"step": "00_lean_version", "exit": 0, "seconds": 0.066}
{"step": "01_lemma_chi_tail", "exit": 0, "seconds": 3.878}
{"step": "02_check_geometry", "exit": 0, "seconds": 0.519}
{"step": "03_check_layout", "exit": 0, "seconds": 0.117}
{"step": "04_check_bounds_table", "exit": 0, "seconds": 0.117}
{"step": "05_gen_layout_table", "exit": 0, "seconds": 0.117}
{"step": "06_layout_table_check", "exit": 0, "seconds": 0.117}
{"step": "07_lemma_controls", "exit": 0, "seconds": 3.975}
{"step": "08_test_r4_routing", "exit": 0, "seconds": 1.12}
{"step": "09_check_fft3_error_historical", "exit": 0, "seconds": 165.688}
{"step": "10_sage_exact_historical", "exit": 0, "seconds": 167.726}
{"step": "11_verify_inputs", "exit": 0, "seconds": 0.117}
{"step": "12_lean_FTA2", "exit": 0, "seconds": 0.368}
{"step": "13_lean_FTLayout", "exit": 0, "seconds": 0.418}
{"step": "14_lean_FTRoots", "exit": 0, "seconds": 0.316}
{"step": "15_lean_FTBounds", "exit": 0, "seconds": 0.267}
{"step": "16_lean_AxiomAudit", "exit": 0, "seconds": 0.419}
{"step": "pdf_1", "exit": 0, "seconds": 0.368}
{"step": "bibtex", "exit": 0, "seconds": 0.166}
{"step": "pdf_2", "exit": 0, "seconds": 0.569}
{"step": "pdf_3", "exit": 0, "seconds": 0.569}
{"step": "pdf_text_new", "exit": 0, "seconds": 0.117}
{"step": "pdf_text_original", "exit": 0, "seconds": 0.118}
{"step": "pdf_info", "exit": 0, "seconds": 0.068}
{"result": "REPLAY_FAIL", "matches": 18, "mismatches": 0, "seconds": 354.7745869120117}
