== pdflatex run 1 ==
This is pdfTeX, Version 3.141592653-2.6-1.40.26 (TeX Live 2025/dev/Debian) (preloaded format=pdflatex)
 restricted \write18 enabled.
entering extended mode
(./main.tex
LaTeX2e <2024-11-01> patch level 2
L3 programming layer <2025-01-18>
(/usr/share/texlive/texmf-dist/tex/latex/base/article.cls
Document Class: article 2024/06/29 v1.4n Standard LaTeX document class
(/usr/share/texlive/texmf-dist/tex/latex/base/size11.clo))
(/usr/share/texlive/texmf-dist/tex/latex/base/inputenc.sty)
(/usr/share/texlive/texmf-dist/tex/latex/base/fontenc.sty)
(/usr/share/texlive/texmf-dist/tex/latex/amsmath/amsmath.sty
For additional information on amsmath, use the `?' option.
(/usr/share/texlive/texmf-dist/tex/latex/amsmath/amstext.sty
(/usr/share/texlive/texmf-dist/tex/latex/amsmath/amsgen.sty))
(/usr/share/texlive/texmf-dist/tex/latex/amsmath/amsbsy.sty)
(/usr/share/texlive/texmf-dist/tex/latex/amsmath/amsopn.sty))
(/usr/share/texlive/texmf-dist/tex/latex/amsfonts/amssymb.sty
(/usr/share/texlive/texmf-dist/tex/latex/amsfonts/amsfonts.sty))
(/usr/share/texlive/texmf-dist/tex/latex/amscls/amsthm.sty)
(/usr/share/texlive/texmf-dist/tex/latex/booktabs/booktabs.sty)
(/usr/share/texlive/texmf-dist/tex/latex/url/url.sty)
(/usr/share/texlive/texmf-dist/tex/latex/geometry/geometry.sty
(/usr/share/texlive/texmf-dist/tex/latex/graphics/keyval.sty)
(/usr/share/texlive/texmf-dist/tex/generic/iftex/ifvtex.sty
(/usr/share/texlive/texmf-dist/tex/generic/iftex/iftex.sty)))
(/usr/share/texlive/texmf-dist/tex/latex/l3backend/l3backend-pdftex.def)
No file main.aux.
*geometry* driver: auto-detecting
*geometry* detected driver: pdftex
(/usr/share/texlive/texmf-dist/tex/latex/amsfonts/umsa.fd)
(/usr/share/texlive/texmf-dist/tex/latex/amsfonts/umsb.fd)

LaTeX Warning: Citation `falcon-spec' on page 1 undefined on input line 64.


LaTeX Warning: Reference `sec:family' on page 1 undefined on input line 69.


LaTeX Warning: Citation `falcon-spec' on page 1 undefined on input line 81.


LaTeX Warning: Citation `porninprest19' on page 1 undefined on input line 81.


LaTeX Warning: Citation `howeprest20' on page 1 undefined on input line 81.


LaTeX Warning: Citation `abd16' on page 1 undefined on input line 83.


LaTeX Warning: Citation `kirfou17' on page 1 undefined on input line 83.


LaTeX Warning: Citation `ducwoe21' on page 1 undefined on input line 83.


LaTeX Warning: Citation `howgraham07' on page 1 undefined on input line 84.


LaTeX Warning: Citation `wunderer19' on page 1 undefined on input line 84.


LaTeX Warning: Citation `adps16' on page 1 undefined on input line 85.


LaTeX Warning: Citation `estimator' on page 1 undefined on input line 86.


LaTeX Warning: Citation `aps15' on page 1 undefined on input line 86.


LaTeX Warning: Citation `prest17renyi' on page 1 undefined on input line 87.


LaTeX Warning: Citation `prest15thesis' on page 1 undefined on input line 87.


LaTeX Warning: Citation `prest-fixedpoint26' on page 1 undefined on input line 
88.


LaTeX Warning: Citation `fips204' on page 1 undefined on input line 90.


LaTeX Warning: Citation `fips206' on page 1 undefined on input line 91.


[1{/var/lib/texmf/fonts/map/pdftex/updmap/pdftex.map}{/usr/share/texmf/fonts/en
c/dvips/cm-super/cm-super-t1.enc}]

LaTeX Warning: Reference `tab:params' on page 2 undefined on input line 134.


Overfull \hbox (3.3068pt too wide) in paragraph at lines 142--156
 [][] 

[2]

LaTeX Warning: Reference `sec:geometry' on page 3 undefined on input line 184.


LaTeX Warning: Reference `lem:cyclo' on page 3 undefined on input line 200.


LaTeX Warning: Reference `thm:layout' on page 3 undefined on input line 205.


[3]

LaTeX Warning: Reference `lem:trace' on page 4 undefined on input line 251.


LaTeX Warning: Reference `lem:trace' on page 4 undefined on input line 264.


LaTeX Warning: Reference `lem:equiv' on page 4 undefined on input line 273.


LaTeX Warning: Reference `tab:geo' on page 4 undefined on input line 273.


LaTeX Warning: Reference `lem:trace' on page 4 undefined on input line 307.


LaTeX Warning: Reference `tab:geo' on page 4 undefined on input line 308.


[4]

LaTeX Warning: Citation `abd16' on page 5 undefined on input line 335.


LaTeX Warning: Citation `kirfou17' on page 5 undefined on input line 335.


LaTeX Warning: Citation `ducwoe21' on page 5 undefined on input line 335.


LaTeX Warning: Reference `sec:limits' on page 5 undefined on input line 378.


LaTeX Warning: Reference `sec:geometry' on page 5 undefined on input line 392.


[5]

LaTeX Warning: Reference `prop:fft3' on page 6 undefined on input line 395.


LaTeX Warning: Citation `prest17renyi' on page 6 undefined on input line 401.


[6]

LaTeX Warning: Reference `lem:equiv' on page 7 undefined on input line 480.


LaTeX Warning: Reference `thm:layout' on page 7 undefined on input line 481.


LaTeX Warning: Reference `lem:trace' on page 7 undefined on input line 484.


LaTeX Warning: Reference `lem:cyclo' on page 7 undefined on input line 486.


LaTeX Warning: Reference `lem:equiv' on page 7 undefined on input line 486.


LaTeX Warning: Reference `prop:fft3' on page 7 undefined on input line 487.


LaTeX Warning: Reference `thm:layout' on page 7 undefined on input line 499.


LaTeX Warning: Reference `tab:geo' on page 7 undefined on input line 500.


LaTeX Warning: Reference `lem:cyclo' on page 7 undefined on input line 501.


LaTeX Warning: Reference `prop:fft3' on page 7 undefined on input line 502.


LaTeX Warning: Reference `lem:trace' on page 7 undefined on input line 532.


[7]
Underfull \hbox (badness 2142) in paragraph at lines 550--552
[]\T1/cmr/m/n/10.95 kernel layer: $\T1/cmtt/m/n/10.95 lean / FTA2 . lean$\T1/cm
r/m/n/10.95 , $\T1/cmtt/m/n/10.95 lean / FTLayout . lean$\T1/cmr/m/n/10.95 , $\
T1/cmtt/m/n/10.95 lean / FTRoots . lean$\T1/cmr/m/n/10.95 , $\T1/cmtt/m/n/10.95
 lean /
No file main.bbl.

[8{/usr/share/texmf/fonts/enc/dvips/cm-super/cm-super-ts1.enc}] (./main.aux)

LaTeX Warning: There were undefined references.


LaTeX Warning: Label(s) may have changed. Rerun to get cross-references right.

 )
(see the transcript file for additional information)</usr/share/texlive/texmf-d
ist/fonts/type1/public/amsfonts/cm/cmex10.pfb></usr/share/texlive/texmf-dist/fo
nts/type1/public/amsfonts/cm/cmmi10.pfb></usr/share/texlive/texmf-dist/fonts/ty
pe1/public/amsfonts/cm/cmmi6.pfb></usr/share/texlive/texmf-dist/fonts/type1/pub
lic/amsfonts/cm/cmmi7.pfb></usr/share/texlive/texmf-dist/fonts/type1/public/ams
fonts/cm/cmmi8.pfb></usr/share/texlive/texmf-dist/fonts/type1/public/amsfonts/c
m/cmr10.pfb></usr/share/texlive/texmf-dist/fonts/type1/public/amsfonts/cm/cmr5.
pfb></usr/share/texlive/texmf-dist/fonts/type1/public/amsfonts/cm/cmr6.pfb></us
r/share/texlive/texmf-dist/fonts/type1/public/amsfonts/cm/cmr7.pfb></usr/share/
texlive/texmf-dist/fonts/type1/public/amsfonts/cm/cmr8.pfb></usr/share/texlive/
texmf-dist/fonts/type1/public/amsfonts/cm/cmsy10.pfb></usr/share/texlive/texmf-
dist/fonts/type1/public/amsfonts/cm/cmsy8.pfb></usr/share/texlive/texmf-dist/fo
nts/type1/public/amsfonts/symbols/msbm10.pfb></usr/share/texlive/texmf-dist/fon
ts/type1/public/amsfonts/symbols/msbm7.pfb></usr/share/texmf/fonts/type1/public
/cm-super/sfbx1000.pfb></usr/share/texmf/fonts/type1/public/cm-super/sfbx1095.p
fb></usr/share/texmf/fonts/type1/public/cm-super/sfbx1200.pfb></usr/share/texmf
/fonts/type1/public/cm-super/sfbx1440.pfb></usr/share/texmf/fonts/type1/public/
cm-super/sfit1095.pfb></usr/share/texmf/fonts/type1/public/cm-super/sfrm1000.pf
b></usr/share/texmf/fonts/type1/public/cm-super/sfrm1095.pfb></usr/share/texmf/
fonts/type1/public/cm-super/sfrm1200.pfb></usr/share/texmf/fonts/type1/public/c
m-super/sfrm1728.pfb></usr/share/texmf/fonts/type1/public/cm-super/sfss1000.pfb
></usr/share/texmf/fonts/type1/public/cm-super/sfss1095.pfb></usr/share/texmf/f
onts/type1/public/cm-super/sfsx1095.pfb></usr/share/texmf/fonts/type1/public/cm
-super/sfti1095.pfb></usr/share/texmf/fonts/type1/public/cm-super/sftt1000.pfb>
</usr/share/texmf/fonts/type1/public/cm-super/sftt1095.pfb>
Output written on main.pdf (8 pages, 474202 bytes).
Transcript written on main.log.
== bibtex ==
This is BibTeX, Version 0.99d (TeX Live 2025/dev/Debian)
The top-level auxiliary file: main.aux
The style file: plain.bst
Database file #1: references.bib
== pdflatex run 2 ==
This is pdfTeX, Version 3.141592653-2.6-1.40.26 (TeX Live 2025/dev/Debian) (preloaded format=pdflatex)
 restricted \write18 enabled.
entering extended mode
(./main.tex
LaTeX2e <2024-11-01> patch level 2
L3 programming layer <2025-01-18>
(/usr/share/texlive/texmf-dist/tex/latex/base/article.cls
Document Class: article 2024/06/29 v1.4n Standard LaTeX document class
(/usr/share/texlive/texmf-dist/tex/latex/base/size11.clo))
(/usr/share/texlive/texmf-dist/tex/latex/base/inputenc.sty)
(/usr/share/texlive/texmf-dist/tex/latex/base/fontenc.sty)
(/usr/share/texlive/texmf-dist/tex/latex/amsmath/amsmath.sty
For additional information on amsmath, use the `?' option.
(/usr/share/texlive/texmf-dist/tex/latex/amsmath/amstext.sty
(/usr/share/texlive/texmf-dist/tex/latex/amsmath/amsgen.sty))
(/usr/share/texlive/texmf-dist/tex/latex/amsmath/amsbsy.sty)
(/usr/share/texlive/texmf-dist/tex/latex/amsmath/amsopn.sty))
(/usr/share/texlive/texmf-dist/tex/latex/amsfonts/amssymb.sty
(/usr/share/texlive/texmf-dist/tex/latex/amsfonts/amsfonts.sty))
(/usr/share/texlive/texmf-dist/tex/latex/amscls/amsthm.sty)
(/usr/share/texlive/texmf-dist/tex/latex/booktabs/booktabs.sty)
(/usr/share/texlive/texmf-dist/tex/latex/url/url.sty)
(/usr/share/texlive/texmf-dist/tex/latex/geometry/geometry.sty
(/usr/share/texlive/texmf-dist/tex/latex/graphics/keyval.sty)
(/usr/share/texlive/texmf-dist/tex/generic/iftex/ifvtex.sty
(/usr/share/texlive/texmf-dist/tex/generic/iftex/iftex.sty)))
(/usr/share/texlive/texmf-dist/tex/latex/l3backend/l3backend-pdftex.def)
(./main.aux)
*geometry* driver: auto-detecting
*geometry* detected driver: pdftex
(/usr/share/texlive/texmf-dist/tex/latex/amsfonts/umsa.fd)
(/usr/share/texlive/texmf-dist/tex/latex/amsfonts/umsb.fd)

LaTeX Warning: Citation `falcon-spec' on page 1 undefined on input line 64.


LaTeX Warning: Citation `falcon-spec' on page 1 undefined on input line 81.


LaTeX Warning: Citation `porninprest19' on page 1 undefined on input line 81.


LaTeX Warning: Citation `howeprest20' on page 1 undefined on input line 81.


LaTeX Warning: Citation `abd16' on page 1 undefined on input line 83.


LaTeX Warning: Citation `kirfou17' on page 1 undefined on input line 83.


LaTeX Warning: Citation `ducwoe21' on page 1 undefined on input line 83.


LaTeX Warning: Citation `howgraham07' on page 1 undefined on input line 84.


LaTeX Warning: Citation `wunderer19' on page 1 undefined on input line 84.


LaTeX Warning: Citation `adps16' on page 1 undefined on input line 85.


LaTeX Warning: Citation `estimator' on page 1 undefined on input line 86.


LaTeX Warning: Citation `aps15' on page 1 undefined on input line 86.


LaTeX Warning: Citation `prest17renyi' on page 1 undefined on input line 87.


LaTeX Warning: Citation `prest15thesis' on page 1 undefined on input line 87.


LaTeX Warning: Citation `prest-fixedpoint26' on page 1 undefined on input line 
88.


LaTeX Warning: Citation `fips204' on page 1 undefined on input line 90.


LaTeX Warning: Citation `fips206' on page 1 undefined on input line 91.


[1{/var/lib/texmf/fonts/map/pdftex/updmap/pdftex.map}{/usr/share/texmf/fonts/en
c/dvips/cm-super/cm-super-t1.enc}]
Overfull \hbox (3.3068pt too wide) in paragraph at lines 142--156
 [][] 

[2]
[3]
[4]

LaTeX Warning: Citation `abd16' on page 5 undefined on input line 335.


LaTeX Warning: Citation `kirfou17' on page 5 undefined on input line 335.


LaTeX Warning: Citation `ducwoe21' on page 5 undefined on input line 335.


[5]

LaTeX Warning: Citation `prest17renyi' on page 6 undefined on input line 401.


[6]
[7]
Underfull \hbox (badness 2142) in paragraph at lines 550--552
[]\T1/cmr/m/n/10.95 kernel layer: $\T1/cmtt/m/n/10.95 lean / FTA2 . lean$\T1/cm
r/m/n/10.95 , $\T1/cmtt/m/n/10.95 lean / FTLayout . lean$\T1/cmr/m/n/10.95 , $\
T1/cmtt/m/n/10.95 lean / FTRoots . lean$\T1/cmr/m/n/10.95 , $\T1/cmtt/m/n/10.95
 lean /
(./main.bbl
Underfull \hbox (badness 1783) in paragraph at lines 42--49
\T1/cmr/m/n/10.95 fei Zhang.  FAL-CON: Fast-fourier lattice-based com-pact sig-
na-tures over NTRU.

[8{/usr/share/texmf/fonts/enc/dvips/cm-super/cm-super-ts1.enc}])
[9] (./main.aux)

LaTeX Warning: There were undefined references.


LaTeX Warning: Label(s) may have changed. Rerun to get cross-references right.

 )
(see the transcript file for additional information)</usr/share/texlive/texmf-d
ist/fonts/type1/public/amsfonts/cm/cmex10.pfb></usr/share/texlive/texmf-dist/fo
nts/type1/public/amsfonts/cm/cmmi10.pfb></usr/share/texlive/texmf-dist/fonts/ty
pe1/public/amsfonts/cm/cmmi6.pfb></usr/share/texlive/texmf-dist/fonts/type1/pub
lic/amsfonts/cm/cmmi7.pfb></usr/share/texlive/texmf-dist/fonts/type1/public/ams
fonts/cm/cmmi8.pfb></usr/share/texlive/texmf-dist/fonts/type1/public/amsfonts/c
m/cmr10.pfb></usr/share/texlive/texmf-dist/fonts/type1/public/amsfonts/cm/cmr5.
pfb></usr/share/texlive/texmf-dist/fonts/type1/public/amsfonts/cm/cmr6.pfb></us
r/share/texlive/texmf-dist/fonts/type1/public/amsfonts/cm/cmr7.pfb></usr/share/
texlive/texmf-dist/fonts/type1/public/amsfonts/cm/cmr8.pfb></usr/share/texlive/
texmf-dist/fonts/type1/public/amsfonts/cm/cmsy10.pfb></usr/share/texlive/texmf-
dist/fonts/type1/public/amsfonts/cm/cmsy8.pfb></usr/share/texlive/texmf-dist/fo
nts/type1/public/amsfonts/symbols/msbm10.pfb></usr/share/texlive/texmf-dist/fon
ts/type1/public/amsfonts/symbols/msbm7.pfb></usr/share/texmf/fonts/type1/public
/cm-super/sfbx1000.pfb></usr/share/texmf/fonts/type1/public/cm-super/sfbx1095.p
fb></usr/share/texmf/fonts/type1/public/cm-super/sfbx1200.pfb></usr/share/texmf
/fonts/type1/public/cm-super/sfbx1440.pfb></usr/share/texmf/fonts/type1/public/
cm-super/sfit1095.pfb></usr/share/texmf/fonts/type1/public/cm-super/sfrm1000.pf
b></usr/share/texmf/fonts/type1/public/cm-super/sfrm1095.pfb></usr/share/texmf/
fonts/type1/public/cm-super/sfrm1200.pfb></usr/share/texmf/fonts/type1/public/c
m-super/sfrm1728.pfb></usr/share/texmf/fonts/type1/public/cm-super/sfss1000.pfb
></usr/share/texmf/fonts/type1/public/cm-super/sfss1095.pfb></usr/share/texmf/f
onts/type1/public/cm-super/sfsx1095.pfb></usr/share/texmf/fonts/type1/public/cm
-super/sfti1095.pfb></usr/share/texmf/fonts/type1/public/cm-super/sftt1000.pfb>
</usr/share/texmf/fonts/type1/public/cm-super/sftt1095.pfb>
Output written on main.pdf (9 pages, 484027 bytes).
Transcript written on main.log.
== pdflatex run 3 ==
This is pdfTeX, Version 3.141592653-2.6-1.40.26 (TeX Live 2025/dev/Debian) (preloaded format=pdflatex)
 restricted \write18 enabled.
entering extended mode
(./main.tex
LaTeX2e <2024-11-01> patch level 2
L3 programming layer <2025-01-18>
(/usr/share/texlive/texmf-dist/tex/latex/base/article.cls
Document Class: article 2024/06/29 v1.4n Standard LaTeX document class
(/usr/share/texlive/texmf-dist/tex/latex/base/size11.clo))
(/usr/share/texlive/texmf-dist/tex/latex/base/inputenc.sty)
(/usr/share/texlive/texmf-dist/tex/latex/base/fontenc.sty)
(/usr/share/texlive/texmf-dist/tex/latex/amsmath/amsmath.sty
For additional information on amsmath, use the `?' option.
(/usr/share/texlive/texmf-dist/tex/latex/amsmath/amstext.sty
(/usr/share/texlive/texmf-dist/tex/latex/amsmath/amsgen.sty))
(/usr/share/texlive/texmf-dist/tex/latex/amsmath/amsbsy.sty)
(/usr/share/texlive/texmf-dist/tex/latex/amsmath/amsopn.sty))
(/usr/share/texlive/texmf-dist/tex/latex/amsfonts/amssymb.sty
(/usr/share/texlive/texmf-dist/tex/latex/amsfonts/amsfonts.sty))
(/usr/share/texlive/texmf-dist/tex/latex/amscls/amsthm.sty)
(/usr/share/texlive/texmf-dist/tex/latex/booktabs/booktabs.sty)
(/usr/share/texlive/texmf-dist/tex/latex/url/url.sty)
(/usr/share/texlive/texmf-dist/tex/latex/geometry/geometry.sty
(/usr/share/texlive/texmf-dist/tex/latex/graphics/keyval.sty)
(/usr/share/texlive/texmf-dist/tex/generic/iftex/ifvtex.sty
(/usr/share/texlive/texmf-dist/tex/generic/iftex/iftex.sty)))
(/usr/share/texlive/texmf-dist/tex/latex/l3backend/l3backend-pdftex.def)
(./main.aux)
*geometry* driver: auto-detecting
*geometry* detected driver: pdftex
(/usr/share/texlive/texmf-dist/tex/latex/amsfonts/umsa.fd)
(/usr/share/texlive/texmf-dist/tex/latex/amsfonts/umsb.fd)
[1{/var/lib/texmf/fonts/map/pdftex/updmap/pdftex.map}{/usr/share/texmf/fonts/en
c/dvips/cm-super/cm-super-t1.enc}]
Overfull \hbox (3.3068pt too wide) in paragraph at lines 142--156
 [][] 

[2]
[3]
[4]
[5]
[6]
[7]
Underfull \hbox (badness 2142) in paragraph at lines 550--552
[]\T1/cmr/m/n/10.95 kernel layer: $\T1/cmtt/m/n/10.95 lean / FTA2 . lean$\T1/cm
r/m/n/10.95 , $\T1/cmtt/m/n/10.95 lean / FTLayout . lean$\T1/cmr/m/n/10.95 , $\
T1/cmtt/m/n/10.95 lean / FTRoots . lean$\T1/cmr/m/n/10.95 , $\T1/cmtt/m/n/10.95
 lean /
(./main.bbl
Underfull \hbox (badness 1783) in paragraph at lines 42--49
\T1/cmr/m/n/10.95 fei Zhang.  FAL-CON: Fast-fourier lattice-based com-pact sig-
na-tures over NTRU.

[8{/usr/share/texmf/fonts/enc/dvips/cm-super/cm-super-ts1.enc}])
[9] (./main.aux) )
(see the transcript file for additional information)</usr/share/texlive/texmf-d
ist/fonts/type1/public/amsfonts/cm/cmex10.pfb></usr/share/texlive/texmf-dist/fo
nts/type1/public/amsfonts/cm/cmmi10.pfb></usr/share/texlive/texmf-dist/fonts/ty
pe1/public/amsfonts/cm/cmmi6.pfb></usr/share/texlive/texmf-dist/fonts/type1/pub
lic/amsfonts/cm/cmmi7.pfb></usr/share/texlive/texmf-dist/fonts/type1/public/ams
fonts/cm/cmmi8.pfb></usr/share/texlive/texmf-dist/fonts/type1/public/amsfonts/c
m/cmr10.pfb></usr/share/texlive/texmf-dist/fonts/type1/public/amsfonts/cm/cmr5.
pfb></usr/share/texlive/texmf-dist/fonts/type1/public/amsfonts/cm/cmr6.pfb></us
r/share/texlive/texmf-dist/fonts/type1/public/amsfonts/cm/cmr7.pfb></usr/share/
texlive/texmf-dist/fonts/type1/public/amsfonts/cm/cmr8.pfb></usr/share/texlive/
texmf-dist/fonts/type1/public/amsfonts/cm/cmsy10.pfb></usr/share/texlive/texmf-
dist/fonts/type1/public/amsfonts/cm/cmsy8.pfb></usr/share/texlive/texmf-dist/fo
nts/type1/public/amsfonts/symbols/msbm10.pfb></usr/share/texlive/texmf-dist/fon
ts/type1/public/amsfonts/symbols/msbm7.pfb></usr/share/texmf/fonts/type1/public
/cm-super/sfbx1000.pfb></usr/share/texmf/fonts/type1/public/cm-super/sfbx1095.p
fb></usr/share/texmf/fonts/type1/public/cm-super/sfbx1200.pfb></usr/share/texmf
/fonts/type1/public/cm-super/sfbx1440.pfb></usr/share/texmf/fonts/type1/public/
cm-super/sfit1095.pfb></usr/share/texmf/fonts/type1/public/cm-super/sfrm1000.pf
b></usr/share/texmf/fonts/type1/public/cm-super/sfrm1095.pfb></usr/share/texmf/
fonts/type1/public/cm-super/sfrm1200.pfb></usr/share/texmf/fonts/type1/public/c
m-super/sfrm1728.pfb></usr/share/texmf/fonts/type1/public/cm-super/sfss1000.pfb
></usr/share/texmf/fonts/type1/public/cm-super/sfss1095.pfb></usr/share/texmf/f
onts/type1/public/cm-super/sfsx1095.pfb></usr/share/texmf/fonts/type1/public/cm
-super/sfti1095.pfb></usr/share/texmf/fonts/type1/public/cm-super/sftt1000.pfb>
</usr/share/texmf/fonts/type1/public/cm-super/sftt1095.pfb>
Output written on main.pdf (9 pages, 483663 bytes).
Transcript written on main.log.
