@prefix_invariant : ∀ {K : Type} (count : Nat) (addr : Nat → K → Nat) (op : Nat → (K → Int) → K → Int)
  (step : Nat → Mem → Mem),
  (∀ (b : Nat), b < count → ∀ (c : Nat), c < count → ∀ (k l : K), addr b k = addr c l → b = c ∧ k = l) →
    (∀ (b : Nat), b < count → ∀ (s : Mem) (k : K), step b s (addr b k) = op b (fun l => s (addr b l)) k) →
      (∀ (b : Nat), b < count → ∀ (s : Mem) (i : Nat), (∀ (k : K), i ≠ addr b k) → step b s i = s i) →
        ∀ (n : Nat),
          n ≤ count →
            ∀ (s : Mem) (b : Nat),
              b < count →
                ∀ (k : K), runSteps step n s (addr b k) = if b < n then op b (fun l => s (addr b l)) k else s (addr b k)
pair_prefix : ∀ (count : Nat) (addr : Nat → Bool → Nat) (op : Nat → (Bool → Int) → Bool → Int),
  (∀ (b : Nat), b < count → ∀ (c : Nat), c < count → ∀ (k l : Bool), addr b k = addr c l → b = c ∧ k = l) →
    ∀ (n : Nat),
      n ≤ count →
        ∀ (s : Mem) (b : Nat),
          b < count →
            ∀ (k : Bool),
              runSteps (pairStep addr op) n s (addr b k) =
                if b < n then op b (fun l => s (addr b l)) k else s (addr b k)
triple_prefix : ∀ (count : Nat) (addr : Nat → Fin 3 → Nat) (op : Nat → (Fin 3 → Int) → Fin 3 → Int),
  (∀ (b : Nat), b < count → ∀ (c : Nat), c < count → ∀ (k l : Fin 3), addr b k = addr c l → b = c ∧ k = l) →
    ∀ (n : Nat),
      n ≤ count →
        ∀ (s : Mem) (b : Nat),
          b < count →
            ∀ (k : Fin 3),
              runSteps (tripleStep addr op) n s (addr b k) =
                if b < n then op b (fun l => s (addr b l)) k else s (addr b k)
'FT1536Global.store_at' depends on axioms: [propext]
'FT1536Global.store_away' depends on axioms: [propext]
'FT1536Global.prefix_invariant' depends on axioms: [propext, Quot.sound]
'FT1536Global.prefix_frame' depends on axioms: [propext, Quot.sound]
'FT1536Global.pair_local' depends on axioms: [propext]
'FT1536Global.pair_frame' depends on axioms: [propext]
'FT1536Global.pair_first_store' depends on axioms: [propext]
'FT1536Global.pair_prefix' depends on axioms: [propext, Quot.sound]
'FT1536Global.triple_local' depends on axioms: [propext, Quot.sound]
'FT1536Global.triple_frame' depends on axioms: [propext]
'FT1536Global.triple_prefix' depends on axioms: [propext, Quot.sound]
Buffer 0 0.422
source_pair_prefix : ∀ (h : Nat),
  HalfOK h →
    ∀ (op : Nat → (Bool → Int) → Bool → Int) (n : Nat),
      n ≤ 768 →
        ∀ (s : Mem) (b : Nat),
          b < 768 →
            ∀ (k : Bool),
              runSteps (pairStep (pairAddr h) op) n s (pairAddr h b k) =
                if b < n then op b (fun l => s (pairAddr h b l)) k else s (pairAddr h b k)
source_triple_prefix : ∀ (op : Nat → (Fin 3 → Int) → Fin 3 → Int) (n : Nat),
  n ≤ 512 →
    ∀ (s : Mem) (b : Nat),
      b < 512 →
        ∀ (k : Fin 3),
          runSteps (tripleStep tripleAddr op) n s (tripleAddr b k) =
            if b < n then op b (fun l => s (tripleAddr b l)) k else s (tripleAddr b k)
pair_prefix_canonical : ∀ (h : Nat),
  HalfOK h →
    ∀ (op : Nat → (Bool → Int) → Bool → Int),
      (∀ (b : Nat),
          b < 768 →
            ∀ (v : Bool → Int), (∀ (k : Bool), 0 ≤ v k ∧ v k < 18433) → ∀ (k : Bool), 0 ≤ op b v k ∧ op b v k < 18433) →
        ∀ (n : Nat), n ≤ 768 → ∀ (s : Mem), CanonMem s → CanonMem (runSteps (pairStep (pairAddr h) op) n s)
triple_prefix_canonical : ∀ (op : Nat → (Fin 3 → Int) → Fin 3 → Int),
  (∀ (b : Nat),
      b < 512 →
        ∀ (v : Fin 3 → Int), (∀ (k : Fin 3), 0 ≤ v k ∧ v k < 18433) → ∀ (k : Fin 3), 0 ≤ op b v k ∧ op b v k < 18433) →
    ∀ (n : Nat), n ≤ 512 → ∀ (s : Mem), CanonMem s → CanonMem (runSteps (tripleStep tripleAddr op) n s)
'FT1536Global.pair_address_bound' depends on axioms: [propext, Quot.sound]
'FT1536Global.pair_decode' depends on axioms: [propext, Classical.choice, Quot.sound]
'FT1536Global.pair_cover' depends on axioms: [propext, Classical.choice, Quot.sound]
'FT1536Global.pair_layout' depends on axioms: [propext, Classical.choice, Quot.sound]
'FT1536Global.source_pair_prefix' depends on axioms: [propext, Classical.choice, Quot.sound]
'FT1536Global.triple_address_bound' depends on axioms: [propext, Quot.sound]
'FT1536Global.triple_layout' depends on axioms: [propext, Quot.sound]
'FT1536Global.triple_cover' depends on axioms: [propext, Classical.choice, Quot.sound]
'FT1536Global.source_triple_prefix' depends on axioms: [propext, Quot.sound]
'FT1536Global.pair_prefix_canonical' depends on axioms: [propext, Classical.choice, Quot.sound]
'FT1536Global.triple_prefix_canonical' depends on axioms: [propext, Classical.choice, Quot.sound]
'FT1536Global.forward_schedule' does not depend on any axioms
'FT1536Global.inverse_schedule' does not depend on any axioms
Layouts 0 3.011
'FT1536Tables.all_sound' depends on axioms: [propext, Quot.sound]
'FT1536Tables.row2_sound' depends on axioms: [propext]
'FT1536Tables.row3_sound' depends on axioms: [propext]
'FT1536Tables.rev_even_range' does not depend on any axioms
'FT1536Tables.rev_even_involution' does not depend on any axioms
'FT1536Tables.units_0_checked' depends on axioms: [propext]
'FT1536Tables.units_1_checked' depends on axioms: [propext]
'FT1536Tables.units_2_checked' depends on axioms: [propext]
'FT1536Tables.units_3_checked' depends on axioms: [propext]
'FT1536Tables.units_4_checked' depends on axioms: [propext]
'FT1536Tables.units_5_checked' depends on axioms: [propext]
'FT1536Tables.units_6_checked' depends on axioms: [propext]
'FT1536Tables.units_7_checked' depends on axioms: [propext]
'FT1536Tables.units_8_checked' depends on axioms: [propext]
'FT1536Tables.units_9_checked' depends on axioms: [propext]
'FT1536Tables.units_10_checked' depends on axioms: [propext]
'FT1536Tables.units_11_checked' depends on axioms: [propext]
'FT1536Tables.units_12_checked' depends on axioms: [propext]
'FT1536Tables.units_13_checked' depends on axioms: [propext]
'FT1536Tables.units_14_checked' depends on axioms: [propext]
'FT1536Tables.units_15_checked' depends on axioms: [propext]
'FT1536Tables.units_16_checked' depends on axioms: [propext]
'FT1536Tables.units_17_checked' depends on axioms: [propext]
'FT1536Tables.units_18_checked' depends on axioms: [propext]
'FT1536Tables.units_19_checked' depends on axioms: [propext]
'FT1536Tables.units_20_checked' depends on axioms: [propext]
'FT1536Tables.units_21_checked' depends on axioms: [propext]
'FT1536Tables.units_22_checked' depends on axioms: [propext]
'FT1536Tables.units_23_checked' depends on axioms: [propext]
'FT1536Tables.units_24_checked' depends on axioms: [propext]
'FT1536Tables.units_25_checked' depends on axioms: [propext]
'FT1536Tables.units_26_checked' depends on axioms: [propext]
'FT1536Tables.units_27_checked' depends on axioms: [propext]
'FT1536Tables.units_28_checked' depends on axioms: [propext]
'FT1536Tables.units_29_checked' depends on axioms: [propext]
'FT1536Tables.units_30_checked' depends on axioms: [propext]
'FT1536Tables.units_31_checked' depends on axioms: [propext]
'FT1536Tables.sequence_0_checked' depends on axioms: [propext]
'FT1536Tables.sequence_1_checked' depends on axioms: [propext]
'FT1536Tables.sequence_2_checked' depends on axioms: [propext]
'FT1536Tables.sequence_3_checked' depends on axioms: [propext]
'FT1536Tables.sequence_4_checked' depends on axioms: [propext]
'FT1536Tables.sequence_5_checked' depends on axioms: [propext]
'FT1536Tables.sequence_6_checked' depends on axioms: [propext]
'FT1536Tables.sequence_7_checked' depends on axioms: [propext]
'FT1536Tables.parents_0_checked' depends on axioms: [propext]
'FT1536Tables.parents_1_checked' depends on axioms: [propext]
'FT1536Tables.parents_2_checked' depends on axioms: [propext]
'FT1536Tables.parents_3_checked' depends on axioms: [propext]
'FT1536Tables.parents_4_checked' depends on axioms: [propext]
'FT1536Tables.parents_5_checked' depends on axioms: [propext]
'FT1536Tables.parents_6_checked' depends on axioms: [propext]
'FT1536Tables.parents_7_checked' depends on axioms: [propext]
'FT1536Tables.parents_8_checked' depends on axioms: [propext]
'FT1536Tables.parents_9_checked' depends on axioms: [propext]
'FT1536Tables.parents_10_checked' depends on axioms: [propext]
'FT1536Tables.parents_11_checked' depends on axioms: [propext]
'FT1536Tables.parents_12_checked' depends on axioms: [propext]
'FT1536Tables.parents_13_checked' depends on axioms: [propext]
'FT1536Tables.parents_14_checked' depends on axioms: [propext]
'FT1536Tables.parents_15_checked' depends on axioms: [propext]
'FT1536Tables.tree_0_checked' depends on axioms: [propext]
'FT1536Tables.tree_1_checked' depends on axioms: [propext]
'FT1536Tables.tree_2_checked' depends on axioms: [propext]
'FT1536Tables.tree_3_checked' depends on axioms: [propext]
'FT1536Tables.tree_4_checked' depends on axioms: [propext]
'FT1536Tables.tree_5_checked' depends on axioms: [propext]
'FT1536Tables.tree_6_checked' depends on axioms: [propext]
'FT1536Tables.tree_7_checked' depends on axioms: [propext]
'FT1536Tables.tree_8_checked' depends on axioms: [propext]
'FT1536Tables.tree_9_checked' depends on axioms: [propext]
'FT1536Tables.tree_10_checked' depends on axioms: [propext]
'FT1536Tables.tree_11_checked' depends on axioms: [propext]
'FT1536Tables.tree_12_checked' depends on axioms: [propext]
'FT1536Tables.tree_13_checked' depends on axioms: [propext]
'FT1536Tables.tree_14_checked' depends on axioms: [propext]
'FT1536Tables.tree_15_checked' depends on axioms: [propext]
'FT1536Tables.rows2_0_checked' depends on axioms: [propext]
'FT1536Tables.rows2_1_checked' depends on axioms: [propext]
'FT1536Tables.rows2_2_checked' depends on axioms: [propext]
'FT1536Tables.rows2_3_checked' depends on axioms: [propext]
'FT1536Tables.rows2_4_checked' depends on axioms: [propext]
'FT1536Tables.rows2_5_checked' depends on axioms: [propext]
'FT1536Tables.rows2_6_checked' depends on axioms: [propext]
'FT1536Tables.rows2_7_checked' depends on axioms: [propext]
'FT1536Tables.rows2_8_checked' depends on axioms: [propext]
'FT1536Tables.rows2_9_checked' depends on axioms: [propext]
'FT1536Tables.rows2_10_checked' depends on axioms: [propext]
'FT1536Tables.rows2_11_checked' depends on axioms: [propext]
'FT1536Tables.rows2_12_checked' depends on axioms: [propext]
'FT1536Tables.rows2_13_checked' depends on axioms: [propext]
'FT1536Tables.rows2_14_checked' depends on axioms: [propext]
'FT1536Tables.rows2_15_checked' depends on axioms: [propext]
'FT1536Tables.rows2_16_checked' depends on axioms: [propext]
'FT1536Tables.rows2_17_checked' depends on axioms: [propext]
'FT1536Tables.rows2_18_checked' depends on axioms: [propext]
'FT1536Tables.rows2_19_checked' depends on axioms: [propext]
'FT1536Tables.rows2_20_checked' depends on axioms: [propext]
'FT1536Tables.rows2_21_checked' depends on axioms: [propext]
'FT1536Tables.rows2_22_checked' depends on axioms: [propext]
'FT1536Tables.rows2_23_checked' depends on axioms: [propext]
'FT1536Tables.rows2_24_checked' depends on axioms: [propext]
'FT1536Tables.rows2_25_checked' depends on axioms: [propext]
'FT1536Tables.rows2_26_checked' depends on axioms: [propext]
'FT1536Tables.rows2_27_checked' depends on axioms: [propext]
'FT1536Tables.rows2_28_checked' depends on axioms: [propext]
'FT1536Tables.rows2_29_checked' depends on axioms: [propext]
'FT1536Tables.rows2_30_checked' depends on axioms: [propext]
'FT1536Tables.rows2_31_checked' depends on axioms: [propext]
'FT1536Tables.rows3_0_checked' depends on axioms: [propext]
'FT1536Tables.rows3_1_checked' depends on axioms: [propext]
'FT1536Tables.rows3_2_checked' depends on axioms: [propext]
'FT1536Tables.rows3_3_checked' depends on axioms: [propext]
'FT1536Tables.rows3_4_checked' depends on axioms: [propext]
'FT1536Tables.rows3_5_checked' depends on axioms: [propext]
'FT1536Tables.rows3_6_checked' depends on axioms: [propext]
'FT1536Tables.rows3_7_checked' depends on axioms: [propext]
'FT1536Tables.rows3_8_checked' depends on axioms: [propext]
'FT1536Tables.rows3_9_checked' depends on axioms: [propext]
'FT1536Tables.rows3_10_checked' depends on axioms: [propext]
'FT1536Tables.rows3_11_checked' depends on axioms: [propext]
'FT1536Tables.rows3_12_checked' depends on axioms: [propext]
'FT1536Tables.rows3_13_checked' depends on axioms: [propext]
'FT1536Tables.rows3_14_checked' depends on axioms: [propext]
'FT1536Tables.rows3_15_checked' depends on axioms: [propext]
'FT1536Tables.rows3_16_checked' depends on axioms: [propext]
'FT1536Tables.rows3_17_checked' depends on axioms: [propext]
'FT1536Tables.rows3_18_checked' depends on axioms: [propext]
'FT1536Tables.rows3_19_checked' depends on axioms: [propext]
'FT1536Tables.rows3_20_checked' depends on axioms: [propext]
'FT1536Tables.rows3_21_checked' depends on axioms: [propext]
'FT1536Tables.rows3_22_checked' depends on axioms: [propext]
'FT1536Tables.rows3_23_checked' depends on axioms: [propext]
'FT1536Tables.rows3_24_checked' depends on axioms: [propext]
'FT1536Tables.rows3_25_checked' depends on axioms: [propext]
'FT1536Tables.rows3_26_checked' depends on axioms: [propext]
'FT1536Tables.rows3_27_checked' depends on axioms: [propext]
'FT1536Tables.rows3_28_checked' depends on axioms: [propext]
'FT1536Tables.rows3_29_checked' depends on axioms: [propext]
'FT1536Tables.rows3_30_checked' depends on axioms: [propext]
'FT1536Tables.rows3_31_checked' depends on axioms: [propext]
'FT1536Tables.rows3_32_checked' depends on axioms: [propext]
'FT1536Tables.rows3_33_checked' depends on axioms: [propext]
'FT1536Tables.rows3_34_checked' depends on axioms: [propext]
'FT1536Tables.rows3_35_checked' depends on axioms: [propext]
'FT1536Tables.rows3_36_checked' depends on axioms: [propext]
'FT1536Tables.rows3_37_checked' depends on axioms: [propext]
'FT1536Tables.rows3_38_checked' depends on axioms: [propext]
'FT1536Tables.rows3_39_checked' depends on axioms: [propext]
'FT1536Tables.rows3_40_checked' depends on axioms: [propext]
'FT1536Tables.rows3_41_checked' depends on axioms: [propext]
'FT1536Tables.rows3_42_checked' depends on axioms: [propext]
'FT1536Tables.rows3_43_checked' depends on axioms: [propext]
'FT1536Tables.rows3_44_checked' depends on axioms: [propext]
'FT1536Tables.rows3_45_checked' depends on axioms: [propext]
'FT1536Tables.rows3_46_checked' depends on axioms: [propext]
'FT1536Tables.rows3_47_checked' depends on axioms: [propext]
'FT1536Tables.chain_0_checked' depends on axioms: [propext]
'FT1536Tables.chain_1_checked' depends on axioms: [propext]
'FT1536Tables.root_and_scale_facts' does not depend on any axioms
Deps/Tables 0 23.92
'FT1536NTT.constants' does not depend on any axioms
'FT1536NTT.fix_contract' depends on axioms: [propext, Classical.choice, Quot.sound]
'FT1536NTT.add_contract' depends on axioms: [propext, Classical.choice, Quot.sound]
'FT1536NTT.sub_contract' depends on axioms: [propext, Classical.choice, Quot.sound]
'FT1536NTT.half_contract' depends on axioms: [propext, Classical.choice, Quot.sound]
'FT1536NTT.low_bits_preserved' depends on axioms: [propext, Quot.sound]
'FT1536NTT.mont_ranges' depends on axioms: [propext, Classical.choice, Quot.sound]
'FT1536NTT.mont_divisibility' depends on axioms: [propext, Quot.sound]
'FT1536NTT.mont_contract_z' depends on axioms: [propext, Classical.choice, Quot.sound]
'FT1536NTT.product_range' depends on axioms: [propext, Quot.sound]
'FT1536NTT.mq_montymul_contract' depends on axioms: [propext, Classical.choice, Quot.sound]
'FT1536NTT.mq_montysqr_contract' depends on axioms: [propext, Classical.choice, Quot.sound]
'FT1536NTT.small_divisors' does not depend on any axioms
'FT1536NTT.prime_factorization' depends on axioms: [propext, Quot.sound]
Deps/Words 0 1.122
table_canonical : ∀ (i : Fin 1024), FT1536NTT.Canon (gm i) ∧ FT1536NTT.Canon (igm i)
'FT1536Global.unitRows_length' does not depend on any axioms
'FT1536Global.unitRows_checked' depends on axioms: [propext]
'FT1536Global.unit_bounds' depends on axioms: [propext]
'FT1536Global.table_canonical' depends on axioms: [propext, Quot.sound]
'FT1536Global.gmAt_canonical' depends on axioms: [propext, Quot.sound]
'FT1536Global.igmAt_canonical' depends on axioms: [propext, Quot.sound]
Twiddles 0 1.142
'FT1536Composition.product_canonical' depends on axioms: [propext, Quot.sound]
'FT1536Composition.tomont_factor' depends on axioms: [propext, Quot.sound]
'FT1536Composition.prepared_product' depends on axioms: [propext, Quot.sound]
'FT1536Composition.prepared_point_product' depends on axioms: [propext, Quot.sound]
'FT1536Composition.L_NTT_after_global_interfaces' depends on axioms: [propext, Quot.sound]
Deps/Composition 0 0.351
forward_canonical : ∀ (s : Mem), CanonMem s → CanonMem (forwardMem s)
inverse_canonical : ∀ (s : Mem), CanonMem s → CanonMem (inverseMem s)
liftForward_agrees : ∀ (v : Vec), CanonVec v → liftForward v = forwardC v
'FT1536Global.addQ_source' depends on axioms: [propext, Classical.choice, Quot.sound]
'FT1536Global.subQ_source' depends on axioms: [propext, Classical.choice, Quot.sound]
'FT1536Global.mmQ_source' depends on axioms: [propext, Classical.choice, Quot.sound]
'FT1536Global.forwardRootOp_range' depends on axioms: [propext, Classical.choice, Quot.sound]
'FT1536Global.forwardBinaryOp_range' depends on axioms: [propext, Classical.choice, Quot.sound]
'FT1536Global.forwardCubicOp_range' depends on axioms: [propext, Classical.choice, Quot.sound]
'FT1536Global.inverseCubicOp_range' depends on axioms: [propext, Classical.choice, Quot.sound]
'FT1536Global.inverseBinaryOp_range' depends on axioms: [propext, Classical.choice, Quot.sound]
'FT1536Global.inverseRootOp_range' depends on axioms: [propext, Classical.choice, Quot.sound]
'FT1536Global.forwardMiddle_canonical' depends on axioms: [propext, Classical.choice, Quot.sound]
'FT1536Global.inverseMiddle_canonical' depends on axioms: [propext, Classical.choice, Quot.sound]
'FT1536Global.scale_canonical' depends on axioms: [propext, Classical.choice, Quot.sound]
'FT1536Global.forward_canonical' depends on axioms: [propext, Classical.choice, Quot.sound]
'FT1536Global.inverse_canonical' depends on axioms: [propext, Classical.choice, Quot.sound]
'FT1536Global.forwardC_canonical' depends on axioms: [propext, Classical.choice, Quot.sound]
'FT1536Global.inverseC_canonical' depends on axioms: [propext, Classical.choice, Quot.sound]
'FT1536Global.canonical_fixed' depends on axioms: [propext, Quot.sound]
'FT1536Global.liftForward_agrees' depends on axioms: [propext, Quot.sound]
'FT1536Global.liftInverse_agrees' depends on axioms: [propext, Quot.sound]
SourceModel 0 0.652
'FT1536Linear.dot2_compose' depends on axioms: [propext, Quot.sound]
'FT1536Linear.dot2_congr' depends on axioms: [propext]
'FT1536Linear.dot3_compose' depends on axioms: [propext, Quot.sound]
'FT1536Linear.dot3_congr' depends on axioms: [propext]
'FT1536Linear.three_row_action' depends on axioms: [propext, Quot.sound]
'FT1536Linear.two_row_inverse' depends on axioms: [propext, Quot.sound]
'FT1536Linear.final_scaling' depends on axioms: [propext, Quot.sound]
Deps/Linear 0 0.486
eval_linear : ∀ (e : LExpr) (v : Fin 3 → Int),
  (∀ (i : Fin 3), CanonVal (v i)) →
    e.eval v = dot3 (e.eval (basis 0)) (e.eval (basis 1)) (e.eval (basis 2)) (v 0) (v 1) (v 2)
eval_diagonal : ∀ (e : LExpr) (k : Fin 3) (scale : Int),
  (∀ (j : Fin 3), e.eval (basis j) = if j = k then scale % 18433 else 0) →
    ∀ (v : Fin 3 → Int), (∀ (i : Fin 3), CanonVal (v i)) → e.eval v = scale * v k % 18433
eval_scaled : ∀ (e : LExpr) (c : Int) (v : Fin 3 → Int),
  (∀ (i : Fin 3), CanonVal (v i)) → e.eval (scaled3 c v) = c * e.eval v % 18433
'FT1536Global.eval_subst' depends on axioms: [propext]
'FT1536Global.dot_add' depends on axioms: [propext, Quot.sound]
'FT1536Global.dot_sub' depends on axioms: [propext, Quot.sound]
'FT1536Global.dot_mm_left' depends on axioms: [propext, Quot.sound]
'FT1536Global.dot_mm_right' depends on axioms: [propext, Quot.sound]
'FT1536Global.eval_linear' depends on axioms: [propext, Quot.sound]
'FT1536Global.eval_diagonal' depends on axioms: [propext, Quot.sound]
'FT1536Global.eval_scaled' depends on axioms: [propext, Classical.choice, Quot.sound]
Expressions 0 0.818
blockCheck_sound : ∀ (f g : Fin 3 → LExpr) (scale : Int),
  blockCheck f g scale = true →
    ∀ (v : Fin 3 → Int),
      (∀ (j : Fin 3), CanonVal (v j)) → ∀ (k : Fin 3), ((g k).eval fun j => (f j).eval v) = scale * v k % 18433
'FT1536Global.rootF_bind' depends on axioms: [propext]
'FT1536Global.rootI_bind' depends on axioms: [propext]
'FT1536Global.binF_bind' depends on axioms: [propext]
'FT1536Global.binI_bind' depends on axioms: [propext]
'FT1536Global.cubeF_bind' depends on axioms: [propext, Quot.sound]
'FT1536Global.cubeI_bind' depends on axioms: [propext, Quot.sound]
'FT1536Global.blockCheck_sound' depends on axioms: [propext, Quot.sound]
'FT1536Global.row_ids' depends on axioms: [propext]
'FT1536Global.unitRow_id' depends on axioms: [propext]
'FT1536Global.root_checked' depends on axioms: [propext]
BlockExpressions 0 2.445
'FT1536Global.local_checked_0' depends on axioms: [propext]
'FT1536Global.local_checked_1' depends on axioms: [propext]
'FT1536Global.local_checked_2' depends on axioms: [propext]
'FT1536Global.local_checked_3' depends on axioms: [propext]
'FT1536Global.local_checked_4' depends on axioms: [propext]
'FT1536Global.local_checked_5' depends on axioms: [propext]
'FT1536Global.local_checked_6' depends on axioms: [propext]
'FT1536Global.local_checked_7' depends on axioms: [propext]
'FT1536Global.local_checked_8' depends on axioms: [propext]
'FT1536Global.local_checked_9' depends on axioms: [propext]
'FT1536Global.local_checked_10' depends on axioms: [propext]
'FT1536Global.local_checked_11' depends on axioms: [propext]
'FT1536Global.local_checked_12' depends on axioms: [propext]
'FT1536Global.local_checked_13' depends on axioms: [propext]
'FT1536Global.local_checked_14' depends on axioms: [propext]
'FT1536Global.local_checked_15' depends on axioms: [propext]
'FT1536Global.local_checked_16' depends on axioms: [propext]
'FT1536Global.local_checked_17' depends on axioms: [propext]
'FT1536Global.local_checked_18' depends on axioms: [propext]
'FT1536Global.local_checked_19' depends on axioms: [propext]
'FT1536Global.local_checked_20' depends on axioms: [propext]
'FT1536Global.local_checked_21' depends on axioms: [propext]
'FT1536Global.local_checked_22' depends on axioms: [propext]
'FT1536Global.local_checked_23' depends on axioms: [propext]
'FT1536Global.local_checked_24' depends on axioms: [propext]
'FT1536Global.local_checked_25' depends on axioms: [propext]
'FT1536Global.local_checked_26' depends on axioms: [propext]
'FT1536Global.local_checked_27' depends on axioms: [propext]
'FT1536Global.local_checked_28' depends on axioms: [propext]
'FT1536Global.local_checked_29' depends on axioms: [propext]
'FT1536Global.local_checked_30' depends on axioms: [propext]
'FT1536Global.local_checked_31' depends on axioms: [propext]
'FT1536Global.local_checked' depends on axioms: [propext]
BlockChecks 0 25.979
root_inverse : ∀ (b : Nat) (v : Bool → Int),
  (∀ (k : Bool), CanonVal (v k)) → ∀ (k : Bool), inverseRootOp b (forwardRootOp b v) k = 2 * v k % 18433
binary_inverse : ∀ (m ht b : Nat),
  0 < m + b / ht →
    m + b / ht < 1024 →
      ∀ (v : Bool → Int),
        (∀ (k : Bool), CanonVal (v k)) →
          ∀ (k : Bool), inverseBinaryOp m ht b (forwardBinaryOp m ht b v) k = 2 * v k % 18433
cubic_inverse : ∀ (b : Nat),
  b < 512 →
    ∀ (v : Fin 3 → Int),
      (∀ (k : Fin 3), CanonVal (v k)) → ∀ (k : Fin 3), inverseCubicOp b (forwardCubicOp b v) k = 3 * v k % 18433
'FT1536Global.local_at' depends on axioms: [propext, Quot.sound]
'FT1536Global.root_inverse' depends on axioms: [propext, Quot.sound]
'FT1536Global.binary_inverse' depends on axioms: [propext, Quot.sound]
'FT1536Global.cubic_inverse' depends on axioms: [propext, Quot.sound]
'FT1536Global.root_homogeneous' depends on axioms: [propext, Classical.choice, Quot.sound]
'FT1536Global.binary_homogeneous' depends on axioms: [propext, Classical.choice, Quot.sound]
'FT1536Global.cubic_homogeneous' depends on axioms: [propext, Classical.choice, Quot.sound]
'FT1536Global.forward_params_ok' depends on axioms: [propext, Classical.choice, Quot.sound]
'FT1536Global.schedules_reverse' does not depend on any axioms
LocalInverse 0 0.479
pair_stage_inverse : ∀ (h : Nat),
  HalfOK h →
    ∀ (f g : PairOp) (c : Int),
      (∀ (b : Nat),
          b < 768 →
            ∀ (v : Bool → Int), (∀ (k : Bool), CanonVal (v k)) → ∀ (k : Bool), g b (f b v) k = c * v k % 18433) →
        ∀ (s : Mem), CanonMem s → pairStage h g (pairStage h f s) = scaleMem c s
triple_stage_inverse : ∀ (f g : TripleOp) (c : Int),
  (∀ (b : Nat),
      b < 512 → ∀ (v : Fin 3 → Int), (∀ (k : Fin 3), CanonVal (v k)) → ∀ (k : Fin 3), g b (f b v) k = c * v k % 18433) →
    ∀ (s : Mem), CanonMem s → tripleStage g (tripleStage f s) = scaleMem c s
pair_stage_homogeneous : ∀ (h : Nat),
  HalfOK h →
    ∀ (g : PairOp) (c : Int),
      (∀ (b : Nat),
          b < 768 →
            ∀ (v : Bool → Int),
              (∀ (k : Bool), CanonVal (v k)) → ∀ (k : Bool), g b (fun j => c * v j % 18433) k = c * g b v k % 18433) →
        ∀ (s : Mem), CanonMem s → pairStage h g (scaleMem c s) = scaleMem c (pairStage h g s)
point_prefix : ∀ (op : Nat → Int → Int) (n : Nat) (s : Mem) (i : Nat),
  runSteps (pointStep op) n s i = if i < n then op i (s i) else s i
'FT1536Global.scale_combine' depends on axioms: [propext, Quot.sound]
'FT1536Global.scale_one' depends on axioms: [propext, Quot.sound]
'FT1536Global.pair_stage_at' depends on axioms: [propext, Classical.choice, Quot.sound]
'FT1536Global.triple_stage_at' depends on axioms: [propext, Quot.sound]
'FT1536Global.pair_stage_out' depends on axioms: [propext, Quot.sound]
'FT1536Global.triple_stage_out' depends on axioms: [propext, Quot.sound]
'FT1536Global.pair_stage_inverse' depends on axioms: [propext, Classical.choice, Quot.sound]
'FT1536Global.triple_stage_inverse' depends on axioms: [propext, Classical.choice, Quot.sound]
'FT1536Global.pair_stage_homogeneous' depends on axioms: [propext, Classical.choice, Quot.sound]
'FT1536Global.point_prefix' depends on axioms: [propext, Quot.sound]
'FT1536Global.scale_loop' depends on axioms: [propext, Quot.sound]
'FT1536Global.scale_cancel' depends on axioms: [propext, Quot.sound]
Stages 0 0.476
middle_reverse_inverse : ∀ (ps : List (Nat × Nat)),
  (∀ (p : Nat × Nat), p ∈ ps → ParamOK p) →
    ∀ (s : Mem), CanonMem s → inverseMiddle ps.reverse (forwardMiddle ps s) = scaleMem (2 ^ ps.length) s
inverseMem_forwardMem : ∀ (s : Mem), CanonMem s → inverseMem (forwardMem s) = s
inverseC_forwardC : ∀ (v : Vec), CanonVec v → inverseC (forwardC v) = v
inverse_forward : ∀ (v : Vec), liftInverse (liftForward v) = FT1536Composition.canonical v
'FT1536Global.pair_source_inverse' depends on axioms: [propext, Classical.choice, Quot.sound]
'FT1536Global.root_source_inverse' depends on axioms: [propext, Classical.choice, Quot.sound]
'FT1536Global.cubic_source_inverse' depends on axioms: [propext, Classical.choice, Quot.sound]
'FT1536Global.middle_homogeneous' depends on axioms: [propext, Classical.choice, Quot.sound]
'FT1536Global.middle_reverse_inverse' depends on axioms: [propext, Classical.choice, Quot.sound]
'FT1536Global.inverseMem_forwardMem' depends on axioms: [propext, Classical.choice, Quot.sound]
'FT1536Global.forward_from_to' depends on axioms: [propext, Quot.sound]
'FT1536Global.inverseC_forwardC' depends on axioms: [propext, Classical.choice, Quot.sound]
'FT1536Global.inverse_forward' depends on axioms: [propext, Classical.choice, Quot.sound]
InverseGlobal 0 0.398
root_coefficients : ∀ (s : Mem) (i : Nat),
  i < 768 →
    pairStage 768 forwardRootOp s i = (s i + 14649 * s (i + 768)) % 18433 ∧
      pairStage 768 forwardRootOp s (i + 768) = (s i + (1 - 14649) * s (i + 768)) % 18433
binary_coefficients : ∀ (h m : Nat),
  HalfOK h →
    ∀ (s : Mem) (b : Nat),
      b < 768 →
        pairStage h (forwardBinaryOp m h) s (pairAddr h b false) =
            (s (pairAddr h b false) + s (pairAddr h b true) * ordinary (gmAt (m + b / h))) % 18433 ∧
          pairStage h (forwardBinaryOp m h) s (pairAddr h b true) =
            (s (pairAddr h b false) - s (pairAddr h b true) * ordinary (gmAt (m + b / h))) % 18433
'FT1536Global.mmQ_ordinary' depends on axioms: [propext]
'FT1536Global.ordinary_root' depends on axioms: [propext]
'FT1536Global.root_coefficients' depends on axioms: [propext, Classical.choice, Quot.sound]
'FT1536Global.binary_coefficients' depends on axioms: [propext, Classical.choice, Quot.sound]
'FT1536Global.initialized_binary_read' depends on axioms: [propext, Quot.sound]
'FT1536Global.initialized_cubic_read' depends on axioms: [propext, Quot.sound]
ForwardProgress 0 0.408
pipelineC_lift : ∀ (h r c : Vec), CanonVec h → CanonVec r → pipelineC h r c = pipeline liftForward liftInverse h r c
L_NTT_pending_forward : (∀ (h r : FT1536Composition.Vec),
    liftForward (product h r) = pointMul (liftForward h) (liftForward r)) →
  ∀ (h r c : Vec), CanonVec h → CanonVec r → CanonVec c → pipelineC h r c = (product h r, subtract (product h r) c)
'FT1536Global.toMontC_eq' depends on axioms: [propext, Quot.sound]
'FT1536Global.montPointC_eq' depends on axioms: [propext, Quot.sound]
'FT1536Global.subtractC_eq' depends on axioms: [propext, Quot.sound]
'FT1536Global.pipelineC_lift' depends on axioms: [propext, Classical.choice, Quot.sound]
'FT1536Global.L_NTT_pending_forward' depends on axioms: [propext, Classical.choice, Quot.sound]
Pipeline 0 0.311
sum_congr_mod : ∀ (n : Nat) (f g : Nat → Int),
  (∀ (i : Nat), i < n → f i % 18433 = g i % 18433) → sumN n f % 18433 = sumN n g % 18433
sum_swap : ∀ (n m : Nat) (f : Nat → Nat → Int), (sumN n fun i => sumN m (f i)) = sumN m fun j => sumN n fun i => f i j
sum_ofFn_congr : ∀ (n : Nat) (f : Fin n → Int) (g : Nat → Int),
  (∀ (i : Fin n), f i = g ↑i) → List.foldl (fun x1 x2 => x1 + x2) 0 (List.ofFn f) = sumN n g
'FT1536Forward.sum_congr' depends on axioms: [propext, Quot.sound]
'FT1536Forward.sum_zero' depends on axioms: [propext]
'FT1536Forward.sum_add' depends on axioms: [propext, Quot.sound]
'FT1536Forward.sum_sub' depends on axioms: [propext, Quot.sound]
'FT1536Forward.sum_scale' depends on axioms: [propext]
'FT1536Forward.sum_scale_right' depends on axioms: [propext, Quot.sound]
'FT1536Forward.sum_split' depends on axioms: [propext]
'FT1536Forward.sum_mod' depends on axioms: [propext]
'FT1536Forward.sum_congr_mod' depends on axioms: [propext, Quot.sound]
'FT1536Forward.sum_swap' depends on axioms: [propext, Quot.sound]
'FT1536Forward.sum_delta' depends on axioms: [propext, Quot.sound]
'FT1536Forward.sum_ofFn' depends on axioms: [propext, Quot.sound]
'FT1536Forward.sum_ofFn_congr' depends on axioms: [propext, Quot.sound]
Sums 0 0.416
split_preserves_eval : ∀ (n : Nat) (f : Nat → Int) (c z : Int),
  z ^ n % 18433 = c % 18433 → peval n (fun k => (f k + c * f (n + k)) % 18433) z = peval (n + n) f z
'FT1536Forward.eval_congr' depends on axioms: [propext, Quot.sound]
'FT1536Forward.eval_mod_coeff' depends on axioms: [propext, Quot.sound]
'FT1536Forward.eval_linear' depends on axioms: [propext, Quot.sound]
'FT1536Forward.eval_sub' depends on axioms: [propext, Quot.sound]
'FT1536Forward.eval_scale' depends on axioms: [propext, Quot.sound]
'FT1536Forward.eval_split' depends on axioms: [propext, Quot.sound]
'FT1536Forward.split_preserves_eval' depends on axioms: [propext, Quot.sound]
'FT1536Forward.pow_mod' depends on axioms: [propext]
'FT1536Forward.eval_mod_node' depends on axioms: [propext, Quot.sound]
'FT1536Forward.eval_delta' depends on axioms: [propext, Quot.sound]
'FT1536Forward.powM_correct' depends on axioms: [propext]
Evaluation 0 0.385
binary_block_eval : ∀ (h m pos : Nat),
  HalfOK h →
    pos < 1536 →
      ∀ (s : Mem) (z : Int),
        z ^ h % 18433 = splitLabel m h pos % 18433 →
          blockEval h (blockBase h pos) (pairStage h (forwardBinaryOp m h) s) z =
            blockEval (2 * h) (blockBase (2 * h) pos) s z
root_block_eval : ∀ (pos : Nat),
  pos < 1536 →
    ∀ (s : Mem) (z : Int),
      z ^ 768 % 18433 = rootLabel pos % 18433 →
        blockEval 768 (blockBase 768 pos) (pairStage 768 forwardRootOp s) z = peval 1536 s z
'FT1536Forward.split_layout' depends on axioms: [propext, Classical.choice, Quot.sound]
'FT1536Forward.binary_block_coefficient' depends on axioms: [propext, Classical.choice, Quot.sound]
'FT1536Forward.binary_block_eval' depends on axioms: [propext, Classical.choice, Quot.sound]
'FT1536Forward.root_block_eval' depends on axioms: [propext, Classical.choice, Quot.sound]
CRTStages 0 2.165
powFast_correct : ∀ (z : Int) (n : Nat), powFast z n = z ^ n % 18433
nodeCheck_sound : ∀ (i : Nat) (w : Int) (j : Fin 3),
  nodeCheck i w j = true →
    have pos := 3 * (i - 512);
    have z := nodeFromWord w j;
    z ^ 768 % 18433 = rootLabel pos % 18433 ∧
      (∀ (p : Nat × Nat),
          p ∈ forwardSchedule 9 2 768 → z ^ (p.snd / 2) % 18433 = splitLabel p.fst (p.snd / 2) pos % 18433) ∧
        PhiZero z ∧ ∀ (k : Fin 3), (cubeFExpr w fW j).eval (basis k) = z ^ ↑k % 18433
'FT1536Forward.powFast_correct' depends on axioms: [propext, Quot.sound]
'FT1536Forward.powFuel_correct' depends on axioms: [propext, Quot.sound]
'FT1536Forward.nodeCheck_sound' depends on axioms: [propext, Quot.sound]
NodeArithmetic 0 0.462
'FT1536Forward.leaf_checked_0' depends on axioms: [propext]
LeafData/C00 0 0.266
'FT1536Forward.leaf_checked_1' depends on axioms: [propext]
LeafData/C01 0 0.274
'FT1536Forward.leaf_checked_2' depends on axioms: [propext]
LeafData/C02 0 0.271
'FT1536Forward.leaf_checked_3' depends on axioms: [propext]
LeafData/C03 0 0.323
'FT1536Forward.leaf_checked_4' depends on axioms: [propext]
LeafData/C04 0 0.283
'FT1536Forward.leaf_checked_5' depends on axioms: [propext]
LeafData/C05 0 0.277
'FT1536Forward.leaf_checked_6' depends on axioms: [propext]
LeafData/C06 0 0.272
'FT1536Forward.leaf_checked_7' depends on axioms: [propext]
LeafData/C07 0 0.263
'FT1536Forward.leaf_checked_8' depends on axioms: [propext]
LeafData/C08 0 0.269
'FT1536Forward.leaf_checked_9' depends on axioms: [propext]
LeafData/C09 0 0.277
'FT1536Forward.leaf_checked_10' depends on axioms: [propext]
LeafData/C10 0 0.275
'FT1536Forward.leaf_checked_11' depends on axioms: [propext]
LeafData/C11 0 0.263
'FT1536Forward.leaf_checked_12' depends on axioms: [propext]
LeafData/C12 0 0.266
'FT1536Forward.leaf_checked_13' depends on axioms: [propext]
LeafData/C13 0 0.265
'FT1536Forward.leaf_checked_14' depends on axioms: [propext]
LeafData/C14 0 0.259
'FT1536Forward.leaf_checked_15' depends on axioms: [propext]
LeafData/C15 0 0.257
'FT1536Forward.leaf_checked_16' depends on axioms: [propext]
LeafData/C16 0 4.563
'FT1536Forward.leaf_checked_17' depends on axioms: [propext]
LeafData/C17 0 4.694
'FT1536Forward.leaf_checked_18' depends on axioms: [propext]
LeafData/C18 0 4.869
'FT1536Forward.leaf_checked_19' depends on axioms: [propext]
LeafData/C19 0 5.086
'FT1536Forward.leaf_checked_20' depends on axioms: [propext]
LeafData/C20 0 5.309
'FT1536Forward.leaf_checked_21' depends on axioms: [propext]
LeafData/C21 0 5.394
'FT1536Forward.leaf_checked_22' depends on axioms: [propext]
LeafData/C22 0 5.517
'FT1536Forward.leaf_checked_23' depends on axioms: [propext]
LeafData/C23 0 5.461
'FT1536Forward.leaf_checked_24' depends on axioms: [propext]
LeafData/C24 0 5.602
'FT1536Forward.leaf_checked_25' depends on axioms: [propext]
LeafData/C25 0 5.803
'FT1536Forward.leaf_checked_26' depends on axioms: [propext]
LeafData/C26 0 5.92
'FT1536Forward.leaf_checked_27' depends on axioms: [propext]
LeafData/C27 0 6.105
'FT1536Forward.leaf_checked_28' depends on axioms: [propext]
LeafData/C28 0 6.22
'FT1536Forward.leaf_checked_29' depends on axioms: [propext]
LeafData/C29 0 6.197
'FT1536Forward.leaf_checked_30' depends on axioms: [propext]
LeafData/C30 0 6.32
'FT1536Forward.leaf_checked_31' depends on axioms: [propext]
LeafData/C31 0 6.417
'FT1536Forward.leaf_checked' depends on axioms: [propext]
LeafChecks 0 0.272
leaf_facts : ∀ (b : Nat),
  b < 512 →
    ∀ (j : Fin 3),
      have pos := 3 * b;
      have z := node b j;
      z ^ 768 % 18433 = rootLabel pos % 18433 ∧
        (∀ (p : Nat × Nat),
            p ∈ forwardSchedule 9 2 768 → z ^ (p.snd / 2) % 18433 = splitLabel p.fst (p.snd / 2) pos % 18433) ∧
          PhiZero z ∧ ∀ (k : Fin 3), (cubeFExpr (gmAt (512 + b)) fW j).eval (basis k) = z ^ ↑k % 18433
'FT1536Forward.leaf_facts' depends on axioms: [propext, Quot.sound]
LeafFacts 0 0.304
middle_eval : ∀ (ps : List (Nat × Nat)) (t : Nat),
  StageChain t ps →
    ∀ (pos : Nat),
      pos < 1536 →
        ∀ (z : Int),
          (∀ (p : Nat × Nat), p ∈ ps → z ^ (p.snd / 2) % 18433 = splitLabel p.fst (p.snd / 2) pos % 18433) →
            ∀ (s : Mem), blockEval 3 (blockBase 3 pos) (forwardMiddle ps s) z = blockEval t (blockBase t pos) s z
FORWARD_GLOBAL : ∀ (v : Vec),
  CanonVec v →
    ∀ (b : Fin 512) (j : Fin 3),
      forwardC v ⟨3 * ↑b + ↑j, ⋯⟩ =
        (sumN 1536 fun k => fromVec v k * (ordinary (gmAt (512 + ↑b)) * 14648 ^ ↑j) ^ k) % 18433
liftForward_eval : ∀ (v : Vec) (b : Fin 512) (j : Fin 3),
  liftForward v ⟨3 * ↑b + ↑j, ⋯⟩ = peval 1536 (fromVec v) (node (↑b) j)
node_zero : ∀ (b : Nat), b < 512 → ∀ (j : Fin 3), PhiZero (node b j)
'FT1536Forward.actual_chain' depends on axioms: [propext]
'FT1536Forward.middle_eval' depends on axioms: [propext, Classical.choice, Quot.sound]
'FT1536Forward.cubic_eval' depends on axioms: [propext, Quot.sound]
'FT1536Forward.forwardMem_eval' depends on axioms: [propext, Classical.choice, Quot.sound]
'FT1536Forward.forwardC_eval' depends on axioms: [propext, Classical.choice, Quot.sound]
'FT1536Forward.FORWARD_GLOBAL' depends on axioms: [propext, Classical.choice, Quot.sound]
'FT1536Forward.fromVec_canonical_mod' depends on axioms: [propext, Quot.sound]
'FT1536Forward.liftForward_eval' depends on axioms: [propext, Classical.choice, Quot.sound]
'FT1536Forward.node_zero' depends on axioms: [propext, Quot.sound]
ForwardGlobal 0 0.477
remMonomial_eval : ∀ (z : Int),
  PhiZero z → ∀ (k : Nat), k < 3071 → peval 1536 (FT1536Composition.remMonomial k) z = z ^ k % 18433
'FT1536Forward.phi_square' depends on axioms: [propext, Quot.sound]
'FT1536Forward.phi_cube' depends on axioms: [propext, Quot.sound]
'FT1536Forward.power_middle' depends on axioms: [propext, Quot.sound]
'FT1536Forward.power_high' depends on axioms: [propext, Quot.sound]
'FT1536Forward.remMonomial_eval' depends on axioms: [propext, Quot.sound]
Monomials 0 0.527
productCoefficient_eq : ∀ (h r : Vec) (k : Fin 1536), FT1536Composition.productCoefficient h r k = rawCoefficient h r ↑k
product_eval : ∀ (z : Int),
  PhiZero z →
    ∀ (h r : Vec),
      peval 1536 (fromVec (FT1536Composition.product h r)) z =
        peval 1536 (fromVec h) z * peval 1536 (fromVec r) z % 18433
forward_product : ∀ (h r : Vec),
  liftForward (FT1536Composition.product h r) = FT1536Composition.pointMul (liftForward h) (liftForward r)
product_canonical_inputs : ∀ (h r : Vec),
  FT1536Composition.product (FT1536Composition.canonical h) (FT1536Composition.canonical r) =
    FT1536Composition.product h r
'FT1536Forward.eval_sum' depends on axioms: [propext, Quot.sound]
'FT1536Forward.eval_convolution' depends on axioms: [propext, Quot.sound]
'FT1536Forward.productCoefficient_eq' depends on axioms: [propext, Quot.sound]
'FT1536Forward.product_raw' depends on axioms: [propext, Quot.sound]
'FT1536Forward.product_eval' depends on axioms: [propext, Quot.sound]
'FT1536Forward.forward_product' depends on axioms: [propext, Classical.choice, Quot.sound]
'FT1536Forward.lift_canonical' depends on axioms: [propext, Classical.choice, Quot.sound]
'FT1536Forward.product_canonical_inputs' depends on axioms: [propext, Classical.choice, Quot.sound]
Product 0 0.404
'FT1536.intermediate_ranges' depends on axioms: [propext, Classical.choice, Quot.sound]
'FT1536.positive_remainder' depends on axioms: [propext, Classical.choice, Quot.sound]
'FT1536.rho_contract' depends on axioms: [propext, Classical.choice, Quot.sound]
'FT1536.result_cast_exact' depends on axioms: [propext, Classical.choice, Quot.sound]
'FT1536.canonical_unique' depends on axioms: [propext, Quot.sound]
'FT1536.old_piecewise' depends on axioms: [propext, Quot.sound]
'FT1536.old_congruence_domain' depends on axioms: [propext, Classical.choice, Quot.sound]
'FT1536.old_canonical_domain' depends on axioms: [propext, Classical.choice, Quot.sound]
'FT1536.agree_on_old_canonical' depends on axioms: [propext, Classical.choice, Quot.sound]
'FT1536.vector_contract' depends on axioms: [propext, Classical.choice, Quot.sound]
'FT1536.loop_progress' depends on axioms: [propext, Classical.choice, Quot.sound]
'FT1536.center_antisymmetric' depends on axioms: [propext, Quot.sound]
Rho 0 0.67
L_NTT : ∀ (h r c : Vec),
  CanonVec h → CanonVec r → CanonVec c → pipelineC h r c = (product h r, subtract (product h r) c)
L_NTT_p : ∀ (h r c : Vec), CanonVec h → CanonVec r → CanonVec c → (pipelineC h r c).fst = product h r
L_NTT_d : ∀ (h r c : Vec), CanonVec h → CanonVec r → CanonVec c → (pipelineC h r c).snd = subtract (product h r) c
L_NTT_ranges : ∀ (h r c : Vec),
  CanonVec h → CanonVec r → CanonVec c → CanonVec (pipelineC h r c).fst ∧ CanonVec (pipelineC h r c).snd
pipeline_intermediate_ranges : ∀ (h r c : Vec),
  CanonVec h →
    CanonVec r →
      CanonVec c →
        have H0 := forwardC h;
        have H := toMontC H0;
        have a0 := forwardC r;
        have a1 := montPointC a0 H;
        have p := inverseC a1;
        CanonVec H0 ∧ CanonVec H ∧ CanonVec a0 ∧ CanonVec a1 ∧ CanonVec p ∧ CanonVec (subtractC p c)
L_NTT_rho : ∀ (h s c : Vec),
  CanonVec h →
    (∀ (i : Fin 1536), FT1536.InInt16 (s i)) →
      CanonVec c → pipelineC h (rhoVec s) c = (product h s, subtract (product h s) c)
L_NTT_rho_ranges : ∀ (h s c : Vec),
  CanonVec h →
    (∀ (i : Fin 1536), FT1536.InInt16 (s i)) →
      CanonVec c → CanonVec (pipelineC h (rhoVec s) c).fst ∧ CanonVec (pipelineC h (rhoVec s) c).snd
'FT1536Forward.L_NTT' depends on axioms: [propext, Classical.choice, Quot.sound]
'FT1536Forward.L_NTT_p' depends on axioms: [propext, Classical.choice, Quot.sound]
'FT1536Forward.L_NTT_d' depends on axioms: [propext, Classical.choice, Quot.sound]
'FT1536Forward.product_range' depends on axioms: [propext, Classical.choice, Quot.sound]
'FT1536Forward.subtract_range' depends on axioms: [propext, Classical.choice, Quot.sound]
'FT1536Forward.L_NTT_ranges' depends on axioms: [propext, Classical.choice, Quot.sound]
'FT1536Forward.toMontC_range' depends on axioms: [propext, Classical.choice, Quot.sound]
'FT1536Forward.montPointC_range' depends on axioms: [propext, Classical.choice, Quot.sound]
'FT1536Forward.subtractC_range' depends on axioms: [propext, Classical.choice, Quot.sound]
'FT1536Forward.point_prefix_range' depends on axioms: [propext, Quot.sound]
'FT1536Forward.point_read_bound' depends on axioms: [propext, Quot.sound]
'FT1536Forward.pipeline_intermediate_ranges' depends on axioms: [propext, Classical.choice, Quot.sound]
'FT1536Forward.rhoVec_eq' depends on axioms: [propext, Classical.choice, Quot.sound]
'FT1536Forward.rhoVec_range' depends on axioms: [propext, Classical.choice, Quot.sound]
'FT1536Forward.L_NTT_rho' depends on axioms: [propext, Classical.choice, Quot.sound]
'FT1536Forward.L_NTT_rho_ranges' depends on axioms: [propext, Classical.choice, Quot.sound]
Complete 0 0.354
CENTER_C : ∀ (d : Int),
  CanonVal d →
    centerBeforeStore d = FT1536.center d ∧
      centerC d = FT1536.center d ∧ -9216 ≤ centerBeforeStore d ∧ centerBeforeStore d ≤ 9216
center_loop_correct : ∀ (v : Vec), CanonVec v → centerLoop v = fun i => FT1536.center (v i)
'FT1536Bridge.s16_range' depends on axioms: [propext, Classical.choice, Quot.sound]
'FT1536Bridge.s16_exact' depends on axioms: [propext, Quot.sound]
'FT1536Bridge.s16_bits' depends on axioms: [propext, Quot.sound]
'FT1536Bridge.s32_exact' depends on axioms: [propext, Quot.sound]
'FT1536Bridge.s64_exact' depends on axioms: [propext, Quot.sound]
'FT1536Bridge.center_borrow' depends on axioms: [propext, Quot.sound]
'FT1536Bridge.center_correction' depends on axioms: [propext, Quot.sound]
'FT1536Bridge.CENTER_C' depends on axioms: [propext, Classical.choice, Quot.sound]
'FT1536Bridge.center_mod' depends on axioms: [propext, Quot.sound]
'FT1536Bridge.center_congruence' depends on axioms: [propext, Quot.sound]
'FT1536Bridge.center_range' depends on axioms: [propext, Classical.choice, Quot.sound]
'FT1536Bridge.center_prefix' depends on axioms: [propext, Quot.sound]
'FT1536Bridge.center_unread' depends on axioms: [propext, Quot.sound]
'FT1536Bridge.center_loop_correct' depends on axioms: [propext, Classical.choice, Quot.sound]
BridgeWords 0 0.645
norm_no_overflow : ∀ (a b : Vec),
  SignedVec a →
    SignedVec b →
      ∀ (n : Nat),
        n < 4608 →
          -2147483648 ≤ normTerm a b n ∧
            normTerm a b n ≤ 2147483647 ∧
              -4947802324992 ≤ normAcc a b n + normTerm a b n ∧
                normAcc a b n + normTerm a b n ≤ 4947802324992 ∧
                  -9223372036854775808 < normAcc a b n + normTerm a b n ∧
                    normAcc a b n + normTerm a b n < 9223372036854775807
NORM64_EXACT : ∀ (a b : Vec), SignedVec a → SignedVec b → normAcc a b 4608 = Q a b
STRICT_B : ∀ (a b : Vec), SignedVec a → SignedVec b → (isShort a b = true ↔ Q a b < 2093922385)
'FT1536Bridge.Q0_neg' depends on axioms: [propext, Quot.sound]
'FT1536Bridge.int16_product' depends on axioms: [propext, Classical.choice, Quot.sound]
'FT1536Bridge.normTerm_bound' depends on axioms: [propext, Classical.choice, Quot.sound]
'FT1536Bridge.norm_prefix' depends on axioms: [propext, Classical.choice, Quot.sound]
'FT1536Bridge.norm_no_overflow' depends on axioms: [propext, Classical.choice, Quot.sound]
'FT1536Bridge.interleave_sum' depends on axioms: [propext, Classical.choice, Quot.sound]
'FT1536Bridge.norm_sum' depends on axioms: [propext, Classical.choice, Quot.sound]
'FT1536Bridge.NORM64_EXACT' depends on axioms: [propext, Classical.choice, Quot.sound]
'FT1536Bridge.STRICT_B' depends on axioms: [propext, Classical.choice, Quot.sound]
Norm64 0 2.16
RAW_VERIFIER_SOUND : ∀ (h c s : Vec),
  CanonVec h →
    CanonVec c →
      SignedVec s →
        rawVerify (prepareKey h) c s = true →
          SignedVec (Ext0Words h c s).fst ∧
            Congruent h c (Ext0Words h c s) ∧ Q (Ext0Words h c s).fst (Ext0Words h c s).snd < 2093922385
theorem FT1536Bridge.RAW_VERIFIER_SOUND : ∀ (h c s : Vec),
  CanonVec h →
    CanonVec c →
      SignedVec s →
        rawVerify (prepareKey h) c s = true →
          SignedVec (Ext0Words h c s).fst ∧
            Congruent h c (Ext0Words h c s) ∧ Q (Ext0Words h c s).fst (Ext0Words h c s).snd < 2093922385 :=
fun h c s hh hc hs accept =>
  have hn := (STRICT_B (rawFirst (prepareKey h) c s) s (raw_signed (prepareKey h) c s) hs).mp accept;
  ⟨extract_signed h c s,
    ⟨extract_congruence h c s,
      id
        (id
          (Eq.mp
            (congrFun' (congrArg LT.lt (congrFun' (congrArg HAdd.hAdd (Q0_neg (Ext0Words h c s).fst)) (Q0 s)))
              2093922385)
            (Eq.mp (congrArg (fun _a => Q _a s < 2093922385) (SIGN_BRIDGE h c s hh hc hs)) hn)))⟩⟩
'FT1536Bridge.raw_before_eq' depends on axioms: [propext, Classical.choice, Quot.sound]
'FT1536Bridge.raw_signed' depends on axioms: [propext, Classical.choice, Quot.sound]
'FT1536Bridge.extract_signed' depends on axioms: [propext, Classical.choice, Quot.sound]
'FT1536Bridge.SIGN_BRIDGE' depends on axioms: [propext, Classical.choice, Quot.sound]
'FT1536Bridge.extract_congruence' depends on axioms: [propext, Quot.sound]
'FT1536Bridge.RAW_VERIFIER_SOUND' depends on axioms: [propext, Classical.choice, Quot.sound]
'FT1536Bridge.raw_reject_at_bound' depends on axioms: [propext, Classical.choice, Quot.sound]
RawBridge 0 0.358
fill_source : ∀ (fuel need : Nat) (d : Bytes) (c : Cursor),
  Valid d c → need ≤ c.bits + 8 * fuel → FillRun need d c (fill fuel need d c)
nextBit_spec : ∀ (d : Bytes) (c r : Cursor) (bit : Nat),
  Inv d c → nextBit d c = some (bit, r) → Inv d r ∧ bit < 2 ∧ c.pos ≤ r.pos ∧ remaining d c = remaining d r + 1
unary_source : ∀ (fuel : Nat) (d : Bytes) (ne : Nat) (c : Cursor),
  Inv d c → remaining d c ≤ fuel → UnaryRun d ne c (unaryFuel fuel d ne c)
unary_spec : ∀ (fuel : Nat) (d : Bytes) (ne : Nat) (c : Cursor),
  Inv d c →
    ne < 4294967296 →
      ∀ (out : Nat) (r : Cursor),
        unaryFuel fuel d ne c = some (out, r) →
          out < 4294967296 ∧ Inv d r ∧ c.pos ≤ r.pos ∧ remaining d r < remaining d c
unary_wrap : ∀ (k ne : Nat), ne < 4294967296 → zeroCount k ne = (ne + k) % 4294967296
'FT1536Bridge.start_valid' depends on axioms: [propext]
'FT1536Bridge.pull_spec' depends on axioms: [propext, Classical.choice, Quot.sound]
'FT1536Bridge.fill_source' depends on axioms: [propext, Classical.choice, Quot.sound]
'FT1536Bridge.fill_spec' depends on axioms: [propext, Classical.choice, Quot.sound]
'FT1536Bridge.nextBit_spec' depends on axioms: [propext, Classical.choice, Quot.sound]
'FT1536Bridge.nextBit_empty' depends on axioms: [propext, Quot.sound]
'FT1536Bridge.unary_source' depends on axioms: [propext, Classical.choice, Quot.sound]
'FT1536Bridge.unary_spec' depends on axioms: [propext, Classical.choice, Quot.sound]
'FT1536Bridge.unary_wrap' depends on axioms: [propext, Quot.sound]
'FT1536Bridge.zeroCount_shift' depends on axioms: [propext, Quot.sound]
'FT1536Bridge.unary_skip_zeros' depends on axioms: [propext, Quot.sound]
'FT1536Bridge.unary_full_wrap' depends on axioms: [propext, Quot.sound]
ByteCursor 0 0.955
DECODE_STATIC : ∀ (d : Bytes) (vs : List Int) (used : Nat),
  decodeStatic d = some (vs, used) →
    vs.length = 1536 ∧ (∀ (x : Int), x ∈ vs → FT1536.InInt16 x) ∧ 1920 ≤ used ∧ used ≤ List.length d
static_loop_spec : ∀ (n : Nat) (d : Bytes) (c r : Cursor) (vs : List Int),
  Inv d c →
    staticLoop n d c = some (vs, r) →
      vs.length = n ∧
        (∀ (x : Int), x ∈ vs → FT1536.InInt16 x) ∧
          Inv d r ∧ c.pos ≤ r.pos ∧ remaining d r + 10 * n ≤ remaining d c ∧ r.db % 2 ^ r.bits = 0
'FT1536Bridge.static_value_range' depends on axioms: [propext, Classical.choice, Quot.sound]
'FT1536Bridge.static_promotions' depends on axioms: [propext, Classical.choice, Quot.sound]
'FT1536Bridge.readStatic_spec' depends on axioms: [propext, Classical.choice, Quot.sound]
'FT1536Bridge.static_head_source' depends on axioms: [propext, Classical.choice, Quot.sound]
'FT1536Bridge.static_head_shifts' depends on axioms: [propext, Classical.choice, Quot.sound]
'FT1536Bridge.static_loop_spec' depends on axioms: [propext, Classical.choice, Quot.sound]
'FT1536Bridge.DECODE_STATIC' depends on axioms: [propext, Classical.choice, Quot.sound]
'FT1536Bridge.listVec_property' depends on axioms: [propext, Quot.sound]
'FT1536Bridge.static_vector_signed' depends on axioms: [propext, Classical.choice, Quot.sound]
DecodeStatic 0 0.623
none_word_spec : ∀ (hi lo : Byte) (v : Int),
  noneWord hi lo = some v → v = nonePost (noneRaw hi lo) - 18433 ∧ -9216 ≤ v ∧ v ≤ 9216
DECODE_NONE : ∀ (d : Bytes) (vs : List Int) (used : Nat),
  decodeNone d = some (vs, used) →
    vs.length = 1536 ∧ (∀ (x : Int), x ∈ vs → FT1536.InInt16 x) ∧ used = 3072 ∧ used ≤ List.length d
'FT1536Bridge.none_raw_range' depends on axioms: [propext, Quot.sound]
'FT1536Bridge.none_extended_range' depends on axioms: [propext, Classical.choice, Quot.sound]
'FT1536Bridge.msb_and' depends on axioms: [propext, Quot.sound]
'FT1536Bridge.none_flag_range' depends on axioms: [propext, Classical.choice, Quot.sound]
'FT1536Bridge.none_word_spec' depends on axioms: [propext, Classical.choice, Quot.sound]
'FT1536Bridge.byteAt_in_range' depends on axioms: [propext]
'FT1536Bridge.none_read_bounds' depends on axioms: [propext, Classical.choice, Quot.sound]
'FT1536Bridge.none_loop_spec' depends on axioms: [propext, Classical.choice, Quot.sound]
'FT1536Bridge.DECODE_NONE' depends on axioms: [propext, Classical.choice, Quot.sound]
DecodeNone 0 2.211
PK_CONSUMED : ∀ (d : Bytes) (vs : List Int) (r : Cursor),
  pkLoop 1536 d startCursor = some (vs, r) → r.pos = 2880 ∧ r.bits = 0 ∧ r.db = 0
DECODE_PK : ∀ (d : Bytes) (vs : List Int) (ret : Nat),
  decodePK d = some (vs, ret) → vs.length = 1536 ∧ (∀ (x : Int), x ∈ vs → CanonVal x) ∧ ret = List.length d ∧ 2880 ≤ ret
PK_PREPARATION : ∀ (pk : Bytes) (ctx : FTContext),
  loadFT pk = some ctx → CanonVec ctx.polynomial ∧ ctx.prepared = prepareKey ctx.polynomial
'FT1536Bridge.byte_concat' depends on axioms: [propext, Quot.sound]
'FT1536Bridge.readPK_spec' depends on axioms: [propext, Classical.choice, Quot.sound]
'FT1536Bridge.pk_head_source' depends on axioms: [propext, Classical.choice, Quot.sound]
'FT1536Bridge.pk_head_shifts' depends on axioms: [propext, Classical.choice, Quot.sound]
'FT1536Bridge.pk_loop_spec' depends on axioms: [propext, Classical.choice, Quot.sound]
'FT1536Bridge.PK_CONSUMED' depends on axioms: [propext, Classical.choice, Quot.sound]
'FT1536Bridge.DECODE_PK' depends on axioms: [propext, Classical.choice, Quot.sound]
'FT1536Bridge.PK_PREPARATION' depends on axioms: [propext, Classical.choice, Quot.sound]
PublicKey 0 0.811
SIGNATURE_DECODE : ∀ (b : Bytes) (vs : List Int),
  signature b = some vs → 2 < List.length b ∧ vs.length = 1536 ∧ ∀ (x : Int), x ∈ vs → FT1536.InInt16 x
L_V_BYTES : ∀ (h c : Vec),
  CanonVec h →
    CanonVec c →
      ∀ (b : Bytes),
        LegalBytes b →
          V_CAND h c b = 1 →
            APIBounds b ∧
              ∃ s z,
                decodeS b = some s ∧
                  Ext0 h c b = some z ∧
                    z = Ext0Words h c s ∧ SignedVec s ∧ SignedVec z.fst ∧ Congruent h c z ∧ Q z.fst z.snd < 2093922385
L_V_LOADED : ∀ (pk b : Bytes) (c : Vec),
  CanonVec c →
    LegalBytes pk →
      LegalBytes b →
        V_KEY_BYTES pk c b = 1 →
          APIBounds pk ∧
            APIBounds b ∧
              ∃ h s z,
                CanonVec h ∧
                  decodeS b = some s ∧
                    Ext0 h c b = some z ∧
                      z = Ext0Words h c s ∧ SignedVec s ∧ SignedVec z.fst ∧ Congruent h c z ∧ Q z.fst z.snd < 2093922385
theorem FT1536Bridge.L_V_BYTES : ∀ (h c : Vec),
  CanonVec h →
    CanonVec c →
      ∀ (b : Bytes),
        LegalBytes b →
          V_CAND h c b = 1 →
            APIBounds b ∧
              ∃ s z,
                decodeS b = some s ∧
                  Ext0 h c b = some z ∧
                    z = Ext0Words h c s ∧
                      SignedVec s ∧ SignedVec z.fst ∧ Congruent h c z ∧ Q z.fst z.snd < 2093922385 :=
fun h c hh hc b legal accept =>
  Exists.casesOn (context_accept { polynomial := h, prepared := prepareKey h } c b accept) fun vs h_1 =>
    And.casesOn h_1 fun hdec hraw =>
      have hd := SIGNATURE_DECODE b vs hdec;
      have hs := listVec_property FT1536.InInt16 vs hd.right.left hd.right.right;
      have hr := RAW_VERIFIER_SOUND h c (listVec vs) hh hc hs hraw;
      ⟨api_bounds b legal,
        Exists.intro (listVec vs)
          (Exists.intro (Ext0Words h c (listVec vs))
            ⟨of_eq_true
                (Eq.trans (congrFun' (congrArg Eq (congrArg (Option.map listVec) hdec)) (some (listVec vs)))
                  (eq_self (some (listVec vs)))),
              ⟨of_eq_true
                  (Eq.trans
                    (congrFun'
                      (congrArg Eq (congrArg (Option.map (Ext0Words h c)) (congrArg (Option.map listVec) hdec)))
                      (some (Ext0Words h c (listVec vs))))
                    (eq_self (some (Ext0Words h c (listVec vs))))),
                ⟨rfl, ⟨hs, ⟨hr.left, hr.right⟩⟩⟩⟩⟩)⟩
theorem FT1536Bridge.L_V_LOADED : ∀ (pk b : Bytes) (c : Vec),
  CanonVec c →
    LegalBytes pk →
      LegalBytes b →
        V_KEY_BYTES pk c b = 1 →
          APIBounds pk ∧
            APIBounds b ∧
              ∃ h s z,
                CanonVec h ∧
                  decodeS b = some s ∧
                    Ext0 h c b = some z ∧
                      z = Ext0Words h c s ∧
                        SignedVec s ∧ SignedVec z.fst ∧ Congruent h c z ∧ Q z.fst z.snd < 2093922385 :=
fun pk b c hc pkLegal sigLegal accept =>
  Option.casesOn (motive := fun t =>
    loadFT pk = t →
      APIBounds pk ∧
        APIBounds b ∧
          ∃ h s z,
            CanonVec h ∧
              decodeS b = some s ∧
                Ext0 h c b = some z ∧
                  z = Ext0Words h c s ∧ SignedVec s ∧ SignedVec z.fst ∧ Congruent h c z ∧ Q z.fst z.snd < 2093922385)
    (loadFT pk)
    (fun h =>
      Eq.ndrec (motive := fun x =>
        loadFT pk = x →
          APIBounds pk ∧
            APIBounds b ∧
              ∃ h s z,
                CanonVec h ∧
                  decodeS b = some s ∧
                    Ext0 h c b = some z ∧
                      z = Ext0Words h c s ∧
                        SignedVec s ∧ SignedVec z.fst ∧ Congruent h c z ∧ Q z.fst z.snd < 2093922385)
        (fun hp =>
          Eq.casesOn (motive := fun a t =>
            1 = a →
              Eq.mp
                    (congrFun'
                      (congrArg Eq
                        (congrArg
                          (fun x =>
                            match x with
                            | none => -2
                            | some key =>
                              match signature b with
                              | none => -1
                              | some xs => if rawVerify key.prepared c (listVec xs) = true then 1 else 0)
                          hp))
                      1)
                    accept ≍
                  t →
                APIBounds pk ∧
                  APIBounds b ∧
                    ∃ h s z,
                      CanonVec h ∧
                        decodeS b = some s ∧
                          Ext0 h c b = some z ∧
                            z = Ext0Words h c s ∧
                              SignedVec s ∧ SignedVec z.fst ∧ Congruent h c z ∧ Q z.fst z.snd < 2093922385)
            (Eq.mp
              (congrFun'
                (congrArg Eq
                  (congrArg
                    (fun x =>
                      match x with
                      | none => -2
                      | some key =>
                        match signature b with
                        | none => -1
                        | some xs => if rawVerify key.prepared c (listVec xs) = true then 1 else 0)
                    hp))
                1)
              accept)
            (fun h => False.elim (noConfusion_of_Nat Int.ctorIdx h)) (Eq.refl 1)
            (HEq.refl
              (Eq.mp
                (congrFun'
                  (congrArg Eq
                    (congrArg
                      (fun x =>
                        match x with
                        | none => -2
                        | some key =>
                          match signature b with
                          | none => -1
                          | some xs => if rawVerify key.prepared c (listVec xs) = true then 1 else 0)
                      hp))
                  1)
                accept)))
        (Eq.symm h) (Eq.refl (loadFT pk)))
    (fun key h =>
      Eq.ndrec (motive := fun x =>
        loadFT pk = x →
          APIBounds pk ∧
            APIBounds b ∧
              ∃ h s z,
                CanonVec h ∧
                  decodeS b = some s ∧
                    Ext0 h c b = some z ∧
                      z = Ext0Words h c s ∧
                        SignedVec s ∧ SignedVec z.fst ∧ Congruent h c z ∧ Q z.fst z.snd < 2093922385)
        (fun hp =>
          have hk := PK_PREPARATION pk key hp;
          Exists.casesOn (context_accept key c b (Eq.mp (congrArg (fun _a => verifyContext _a c b = 1) hp) accept))
            fun vs h =>
            And.casesOn h fun hdec hraw =>
              have hd := SIGNATURE_DECODE b vs hdec;
              have hs := listVec_property FT1536.InInt16 vs hd.right.left hd.right.right;
              have hr :=
                RAW_VERIFIER_SOUND key.polynomial c (listVec vs) hk.left hc hs
                  (Eq.mp (congrArg (fun _a => rawVerify _a c (listVec vs) = true) hk.right) hraw);
              ⟨api_bounds pk pkLegal,
                ⟨api_bounds b sigLegal,
                  Exists.intro key.polynomial
                    (Exists.intro (listVec vs)
                      (Exists.intro (Ext0Words key.polynomial c (listVec vs))
                        ⟨hk.left,
                          ⟨of_eq_true
                              (Eq.trans
                                (congrFun' (congrArg Eq (congrArg (Option.map listVec) hdec)) (some (listVec vs)))
                                (eq_self (some (listVec vs)))),
                            ⟨of_eq_true
                                (Eq.trans
                                  (congrFun'
                                    (congrArg Eq
                                      (congrArg (Option.map (Ext0Words key.polynomial c))
                                        (congrArg (Option.map listVec) hdec)))
                                    (some (Ext0Words key.polynomial c (listVec vs))))
                                  (eq_self (some (Ext0Words key.polynomial c (listVec vs))))),
                              ⟨rfl, ⟨hs, ⟨hr.left, hr.right⟩⟩⟩⟩⟩⟩))⟩⟩)
        (Eq.symm h) (Eq.refl (loadFT pk)))
    (Eq.refl (loadFT pk))
'FT1536Bridge.small_spec' depends on axioms: [propext, Classical.choice, Quot.sound]
'FT1536Bridge.decoder_return_guard' depends on axioms: [propext, Quot.sound]
'FT1536Bridge.header_exact' does not depend on any axioms
'FT1536Bridge.pk_header_exact' does not depend on any axioms
'FT1536Bridge.SIGNATURE_DECODE' depends on axioms: [propext, Classical.choice, Quot.sound]
'FT1536Bridge.api_bounds' depends on axioms: [propext, Quot.sound]
'FT1536Bridge.context_accept' depends on axioms: [propext]
'FT1536Bridge.L_V_BYTES' depends on axioms: [propext, Classical.choice, Quot.sound]
'FT1536Bridge.L_V_LOADED' depends on axioms: [propext, Classical.choice, Quot.sound]
VerifyBytes 0 0.829
signature_initializes : ∀ (b : Bytes) (xs : List Int),
  signature b = some xs → ∀ (initial : Mem) (i : Fin 1536), writeDecoded 0 xs initial ↑i = listVec xs i
L_V_SOURCE : ∀ (h c : Vec),
  CanonVec h →
    CanonVec c →
      ∀ (b : Bytes),
        LegalBytes b →
          V_CAND h c b = 1 →
            ∃ xs z,
              signature b = some xs ∧
                xs.length = 1536 ∧
                  (∀ (initial : Mem) (i : Fin 1536), writeDecoded 0 xs initial ↑i = listVec xs i) ∧
                    Ext0 h c b = some z ∧
                      SignedVec (listVec xs) ∧ Congruent h c z ∧ Q z.fst z.snd < 2093922385 ∧ APIBounds b
'FT1536Bridge.write_below' depends on axioms: [propext, Quot.sound]
'FT1536Bridge.write_at' depends on axioms: [propext, Quot.sound]
'FT1536Bridge.all_initialized' depends on axioms: [propext, Quot.sound]
'FT1536Bridge.signature_initializes' depends on axioms: [propext, Classical.choice, Quot.sound]
'FT1536Bridge.output_store_bounds' depends on axioms: [propext, Classical.choice, Quot.sound]
'FT1536Bridge.cursor_counter_bounds' depends on axioms: [propext, Classical.choice, Quot.sound]
'FT1536Bridge.gcc_narrow16' depends on axioms: [propext, Quot.sound]
'FT1536Bridge.static_negative_zero' does not depend on any axioms
'FT1536Bridge.static_minimum_both_signs' does not depend on any axioms
'FT1536Bridge.static_maximum_magnitude' does not depend on any axioms
'FT1536Bridge.public_failure_guard' depends on axioms: [propext, Classical.choice, Quot.sound]
'FT1536Bridge.L_V_SOURCE' depends on axioms: [propext, Classical.choice, Quot.sound]
Initialization 0 0.46
'FT1536Bridge.logical_shift' depends on axioms: [propext]
'FT1536Bridge.low_mask' depends on axioms: [propext, Classical.choice, Quot.sound]
'FT1536Bridge.sign_mask' depends on axioms: [propext, Quot.sound]
'FT1536Bridge.byte_mask' depends on axioms: [propext, Classical.choice, Quot.sound]
'FT1536Bridge.narrow_promoted_negation' depends on axioms: [propext, Classical.choice, Quot.sound]
'FT1536Bridge.zero_counter_word' depends on axioms: [propext, Quot.sound]
'FT1536Bridge.consumed_indices' depends on axioms: [propext, Classical.choice, Quot.sound]
MachineBindings 0 0.296
unary_terminates : ∀ (d : Bytes) (c : Cursor),
  Inv d c → UnaryRun d 0 c (unary d c) ∧ ∀ (result : Option (Nat × Cursor)), UnaryRun d 0 c result → result = unary d c
static_fill_exact : ∀ (d : Bytes) (c : Cursor),
  Inv d c → ∀ (result : Option Cursor), FillRun 9 d c result ↔ result = fill 2 9 d c
pk_fill_exact : ∀ (d : Bytes) (c : Cursor),
  Inv d c → ∀ (result : Option Cursor), FillRun 15 d c result ↔ result = fill 2 15 d c
'FT1536Bridge.unary_unique' depends on axioms: [propext]
'FT1536Bridge.unary_terminates' depends on axioms: [propext, Classical.choice, Quot.sound]
'FT1536Bridge.fill_unique' depends on axioms: [propext, Quot.sound]
'FT1536Bridge.static_fill_exact' depends on axioms: [propext, Classical.choice, Quot.sound]
'FT1536Bridge.pk_fill_exact' depends on axioms: [propext, Classical.choice, Quot.sound]
ParserRefinement 0 0.337
BridgeControlMain 0 0.358
