{"job": "toolchain", "exit_code": 0, "elapsed_seconds": 1.7171906139992643}
{"job": "binding", "exit_code": 0, "elapsed_seconds": 0.16410743701271713}
{"job": "source_checks", "exit_code": 0, "elapsed_seconds": 0.11398392100818455}
{"job": "width_bounds", "exit_code": 0, "elapsed_seconds": 1.4165798670146614}
{"job": "kernel", "exit_code": 0, "elapsed_seconds": 35.837381068995455}
{"job": "audit", "exit_code": 0, "elapsed_seconds": 2.869549239985645}
{"job": "fixtures", "exit_code": 0, "elapsed_seconds": 13.490698742010863}
{"job": "lean_values", "exit_code": 0, "elapsed_seconds": 0.46536741201998666}
{"job": "normal", "exit_code": 0, "elapsed_seconds": 1.3664797189994715}
{"job": "sanitizers", "exit_code": 0, "elapsed_seconds": 2.168116838001879}
{"job": "map", "exit_code": 0, "elapsed_seconds": 0.06393798100179993}
{"job": "mutations", "exit_code": 0, "elapsed_seconds": 1.7672432039980777}
{"job": "certificate", "exit_code": 0, "elapsed_seconds": 0.06396692700218409}
{
  "status": "FRESH_REPLAY_PASS",
  "mode": "PREFREEZE_REHEARSAL",
  "input_manifest": "artifacts/rehearsal_inputs.sha256",
  "input_manifest_sha256": "4f996ecae24c1d0514ddd16dc0ba4c55014f419824655ccd474deb7792d6bfcd",
  "source": "/home/footfalcon/free_falcon_sign/proofs/ft1536/work/FT1536_H3_STABLE_NORMALIZATION_RUN_001",
  "destination": "/home/footfalcon/free_falcon_sign/proofs/ft1536/work/FT1536_H3_STABLE_NORMALIZATION_RUN_001/tmp/rehearsal_001",
  "seed_members": 378,
  "cached_olean_or_binaries_used": false,
  "source_changed": false,
  "semantic_matches": 262,
  "elapsed_seconds": 61.76577125600306
}
