{
  "schema": "FLOOR_WORD_CORPUS_V1",
  "cases": 1065562,
  "structured_cases": 65562,
  "random_words": 1000000,
  "public_seed": "465431353336464c",
  "exponents": 2048,
  "signs": 2,
  "mantissas": [
    0,
    1,
    2,
    3,
    1023,
    1024,
    1048575,
    1048576,
    1048577,
    2147483647,
    2147483648,
    2147483649,
    2251799813685247,
    2251799813685248,
    4503599627370494,
    4503599627370495
  ],
  "numeric_center_crosschecks": 33741,
  "lean_value_cases": 12288,
  "corpus_sha256": "72a98cca38cd7345f8b05c863d075bb1f6f2bd2feb2aa5505e668c7f5bbdb663",
  "oracle": "Closed exponent/fraction formula with nonnegative quotient/ceil; no C XOR/mask/shift helper, no hardware FP for NaN/Inf.",
  "mutation_witnesses": {
    "zero": {
      "raw": "8000000000000000",
      "expected": "ffffffffffffffff",
      "mutant": "0000000000000000"
    },
    "mask": {
      "raw": "3fd0000000000000",
      "expected": "0000000000000000",
      "mutant": "4000000000000000"
    },
    "shift": {
      "raw": "3fe0000000000000",
      "expected": "0000000000000000",
      "mutant": "0000000080000000"
    }
  },
  "noop_pass": true
}
