{
  "status": "PASS_BIT_EXACT_CORPUS_AND_SMOKE",
  "cases": 1065562,
  "all_exponents_and_signs": true,
  "random_words": 1000000,
  "actual_sha256": "b96a2cdeb0af6accdf62a825c8bbe9426d11aa92e2c0e99b7959ce244bd29842",
  "corpus_sha256": "72a98cca38cd7345f8b05c863d075bb1f6f2bd2feb2aa5505e668c7f5bbdb663",
  "smoke": [
    {
      "variant": "baseline",
      "scope": "finite FT1536 FPEMU smoke",
      "checks": 12,
      "result": "PASS"
    },
    {
      "variant": "candidate",
      "scope": "finite FT1536 FPEMU smoke",
      "checks": 12,
      "result": "PASS"
    }
  ],
  "LSan_claimed": false
}
