'H3Range.p2_mono' depends on axioms: [propext]
'H3Range.mant_bounds' depends on axioms: [propext, Classical.choice.{u}, Quot.sound.{u}]
'H3Range.p2_shift' depends on axioms: [propext]
'H3Range.normal_floor_refinement' depends on axioms: [propext, Classical.choice.{u}, Quot.sound.{u}]
'H3Range.subnormal_floor_refinement' depends on axioms: [propext, Classical.choice.{u}, Quot.sound.{u}]
'H3Range.floor_refinement' depends on axioms: [propext, Classical.choice.{u}, Quot.sound.{u}]
'H3Range.negative_zero_exception' depends on axioms: [propext]
'H3Range.signed_zero_guard' does not depend on any axioms
'H3Range.integer_safety' depends on axioms: [propext, Classical.choice.{u}, Quot.sound.{u}]
'H3Range.negative_zero_sum_still_safe' depends on axioms: [propext, Classical.choice.{u}, Quot.sound.{u}]
'H3Range.conditional_H3_local' depends on axioms: [propext, Classical.choice.{u}, Quot.sound.{u}]
'ZeroScalar.p2_pos' depends on axioms: [propext]
'ZeroScalar.D_pos' depends on axioms: [propext]
'ZeroScalar.p2_add' depends on axioms: [propext]
'ZeroScalar.frac_bound' does not depend on any axioms
'ZeroScalar.exponent_from_value' depends on axioms: [propext, Quot.sound.{u}]
'ZeroScalar.floorVal_old' depends on axioms: [propext, Quot.sound.{u}]
'ZeroScalar.floorVal_range' depends on axioms: [propext, Classical.choice.{u}, Quot.sound.{u}]
'ZeroScalar.negzero_fields' depends on axioms: [propext, Classical.choice.{u}, Quot.sound.{u}]
'ZeroScalar.zero_aware_parts' depends on axioms: [propext, Classical.choice.{u}, Quot.sound.{u}]
'ZeroScalar.raw_mantissa' depends on axioms: [propext, Classical.choice.{u}, Quot.sound.{u}]
'ZeroScalar.raw_mantissa_int' depends on axioms: [propext, Classical.choice.{u}, Quot.sound.{u}]
'ZeroScalar.floorC_parts' depends on axioms: [propext, Classical.choice.{u}, Quot.sound.{u}]
'ZeroScalar.FLOOR_ZERO' depends on axioms: [propext, Classical.choice.{u}, Quot.sound.{u}]
'ZeroScalar.source_floor_range' depends on axioms: [propext, Classical.choice.{u}, Quot.sound.{u}]
'ZeroScalar.C_INT_BRIDGE' depends on axioms: [propext, Classical.choice.{u}, Quot.sound.{u}]
'FloorCT.fields' depends on axioms: [propext, Classical.choice.{u}, Quot.sound.{u}]
'FloorCT.mantissa_range' depends on axioms: [propext, Classical.choice.{u}, Quot.sound.{u}]
'FloorCT.xi_range' depends on axioms: [propext, Classical.choice.{u}, Quot.sound.{u}]
'FloorCT.irsh_eq' depends on axioms: [propext, Classical.choice.{u}, Quot.sound.{u}]
'FloorCT.enc_bound' depends on axioms: [propext, Quot.sound.{u}]
'FloorCT.decode_encode' depends on axioms: [propext, Quot.sound.{u}]
'FloorCT.div_range' depends on axioms: [propext, Quot.sound.{u}]
'FloorCT.old_range' depends on axioms: [propext, Classical.choice.{u}, Quot.sound.{u}]
'FloorCT.uand_full' depends on axioms: [propext, Classical.choice.{u}, Quot.sound.{u}]
'FloorCT.candidate_bit_equivalence' depends on axioms: [propext, Classical.choice.{u}, Quot.sound.{u}]
'FloorCT.all_word64_equivalence' depends on axioms: [propext, Classical.choice.{u}, Quot.sound.{u}]
'FloorCT.all_word64_defined' depends on axioms: [propext, Classical.choice.{u}, Quot.sound.{u}]
'FloorCT.FLOOR_ZERO_CANDIDATE' depends on axioms: [propext, Classical.choice.{u}, Quot.sound.{u}]
'FloorCT.C_INT_BRIDGE_CANDIDATE' depends on axioms: [propext, Classical.choice.{u}, Quot.sound.{u}]
'FloorCT.zero_endpoints' depends on axioms: [propext, Classical.choice.{u}, Quot.sound.{u}]
