Traceback (most recent call last):
  File "/home/footfalcon/miniforge3/envs/sage/bin/sage", line 5, in <module>
    from sage.cli.__main__ import main
  File "/home/footfalcon/miniforge3/envs/sage/lib/python3.14/site-packages/sage/cli/__main__.py", line 9, in <module>
    sys.exit(main())
             ~~~~^^
  File "/home/footfalcon/miniforge3/envs/sage/lib/python3.14/site-packages/sage/cli/__init__.py", line 56, in main
    return RunFileCmd(options).run()
           ~~~~~~~~~~~~~~~~~~~~~~~^^
  File "/home/footfalcon/miniforge3/envs/sage/lib/python3.14/site-packages/sage/cli/run_file_cmd.py", line 50, in run
    eval(compile(open(input_file, 'rb').read(), input_file, 'exec'), sage_globals())
    ~~~~^^^^^^^^^^^^^^^^^^^^^^^^^^^^^^^^^^^^^^^^^^^^^^^^^^^^^^^^^^^^^^^^^^^^^^^^^^^^
  File "/home/footfalcon/free_falcon_sign/proofs/ft1536/work/FT1536_REFERENCE_INTEGER_INDEPENDENT_REVIEW_002/tmp/sage_ru7qi1u9/review_gap_recompute_002skjyc5i2.sage.py", line 110, in <module>
    json.dump(out, fh, indent=_sage_const_1 , sort_keys=True)
    ~~~~~~~~~^^^^^^^^^^^^^^^^^^^^^^^^^^^^^^^^^^^^^^^^^^^^^^^^
  File "/home/footfalcon/miniforge3/envs/sage/lib/python3.14/json/__init__.py", line 181, in dump
    for chunk in iterable:
                 ^^^^^^^^
  File "/home/footfalcon/miniforge3/envs/sage/lib/python3.14/json/encoder.py", line 444, in _iterencode
    yield from _iterencode_dict(o, _current_indent_level)
  File "/home/footfalcon/miniforge3/envs/sage/lib/python3.14/json/encoder.py", line 413, in _iterencode_dict
    yield from chunks
  File "/home/footfalcon/miniforge3/envs/sage/lib/python3.14/json/encoder.py", line 413, in _iterencode_dict
    yield from chunks
  File "/home/footfalcon/miniforge3/envs/sage/lib/python3.14/json/encoder.py", line 451, in _iterencode
    newobj = _default(o)
  File "/home/footfalcon/miniforge3/envs/sage/lib/python3.14/json/encoder.py", line 182, in default
    raise TypeError(f'Object of type {o.__class__.__name__} '
                    f'is not JSON serializable')
TypeError: Object of type Integer is not JSON serializable
when serializing dict item 'fail'
when serializing dict item 'tie'
