lower_prev c1dfffffa4bfffff -2147483283 -2147483283 -2147483648 -2147482917
lower_exact c1dfffffa4c00000 -2147483283 -2147483283 -2147483648 -2147482917
lower_next c1dfffffa4c00001 -2147483284 -2147483284 -2147483649 -2147482918
upper_prev 41dfffffa47fffff 2147483281 2147483281 2147482916 2147483647
upper_exact 41dfffffa4800000 2147483282 2147483282 2147482917 2147483648
upper_next 41dfffffa4800001 2147483282 2147483282 2147482917 2147483648
intmin_prev c1dfffffffffffff -2147483648 -2147483648 -2147484013 -2147483282
intmin_exact c1e0000000000000 -2147483648 -2147483648 -2147484013 -2147483282
intmin_next c1e0000000000001 -2147483649 2147483647 2147483282 2147484013
intmaxplus_prev 41dfffffffffffff 2147483647 2147483647 2147483282 2147484013
intmaxplus_exact 41e0000000000000 2147483648 -2147483648 -2147484013 -2147483282
intmaxplus_next 41e0000000000001 2147483648 -2147483648 -2147484013 -2147483282
pluszero 0000000000000000 0 0 -365 366
minuszero 8000000000000000 -1 -1 -366 365
negminsub 8000000000000001 -1 -1 -366 365
posminsub 0000000000000001 0 0 -365 366
negfraction bfe0000000000000 -1 -1 -366 365
positivefraction 3fe0000000000000 0 0 -365 366
proposal 3fb9999999999999 1 1 59 3f9999999999999a
proposal 3fb999999999999a 1 0 29 3fb999999999999a
proposal 3fb999999999999b 1 0 29 3fb999999999999a
proposal 3f99999999999999 1 2 118 3f7999999999999a
proposal 3f9999999999999a 1 1 59 3f9999999999999a
proposal 3f9999999999999b 1 1 59 3f9999999999999a
proposal 3f79999999999999 1 3 235 3f5999999999999a
proposal 3f7999999999999a 1 2 118 3f7999999999999a
proposal 3f7999999999999b 1 2 118 3f7999999999999a
proposal 3f59999999999999 1 4 365 3f45555555555555
proposal 3f5999999999999a 1 3 235 3f5999999999999a
proposal 3f5999999999999b 1 3 235 3f5999999999999a
proposal 3f45555555555554 0 0 0 0000000000000000
proposal 3f45555555555555 1 4 365 3f45555555555555
proposal 3f45555555555556 1 4 365 3f45555555555555
synthetic_active_negative_zero 0 0
