gcc_observer 0 0.276
gcc_noop 0 0.283
gcc_plain 0 0.279
gcc_labels 0 0.281
gcc_cubic_order 0 0.279
gcc_scale 0 0.271
gcc_read_after_write 0 0.261
c0 0 0.009
lean0 0 0.664
plain0 0 0.001
c1 0 0.007
lean1 0 0.644
plain1 0 0.001
noop 0 0.01
labels 0 0.01
cubic_order 0 0.009
scale 0 0.007
read_after_write 0 0.007
{
  "C_Lean_all_prefix_buffers_equal": true,
  "plain_observer_endpoints_equal": true,
  "snapshots_per_case": [
    104,
    104
  ],
  "compared_coefficients": 319488,
  "mutations_detected": 4,
  "noop_pass": true,
  "matched_labels_roundtrip_pass_but_forward_wrong": true,
  "cases": 2
}
