Deps/Words clean 1.207
Deps/Linear clean 0.511
Deps/Tables clean 26.568
Deps/Composition clean 0.376
Buffer clean 0.473
Layouts clean 3.441
Twiddles clean 1.258
SourceModel clean 0.741
Expressions clean 0.961
BlockExpressions clean 2.474
BlockChecks clean 27.745
LocalInverse clean 0.523
Stages clean 0.491
InverseGlobal clean 0.452
ForwardProgress clean 0.427
Pipeline clean 0.326
TraceMain clean 0.373
Audit clean 0.279
{
  "modules": 18,
  "checked_theorems": 351,
  "all_final_logs_clean": true,
  "axioms_allowed": [
    "Classical.choice",
    "Quot.sound",
    "propext"
  ],
  "audit_stdout_sha256": "a15c29db3a739600168af1659ed840492e1ef239849937dace1c76b8d61451f4",
  "note": "L_NTT_pending_forward explicitly retains forward_product; inspect its full type"
}
