{
  "status": "PASS_UNIFORM_FIRST_BINARY_COMPOSITION",
  "upstream_refinement": {
    "root_imag_coefficient": "34383668386998145842375373067667603645346874854070050299885500583079041604623807027714075912206548576359072956262990653030679932973621936216991328507902316130491674341352700531034536316581363332882927945015092380013035300140368259613992694735631167460259966960904276205533933402666421347/1382591751208047570118889579435968653214764776441370476432026327705586566344848170359406108044033100749050053723216861609450222107876439656377585803614144418300846194116757501031348511649056474800157434577617477418875576218459221275384564562094839785897833944840147264622301009416681042541131409129472",
    "root_imag_lt_8Uj": true,
    "root_imag_uniform": "1",
    "root_8Ujmax": "2653737706650536509441/4722366482869645213696",
    "node3_imag": [
      [
        "0",
        "1/262144",
        "1/262144"
      ],
      [
        "17/16",
        "545/512",
        "545/512"
      ]
    ],
    "proof": "UPSTREAM_REFINEMENT.md",
    "old_certificates_unchanged": true
  },
  "constants": [
    {
      "branch": 0,
      "diagonal": 0,
      "input_real_lower": "1/8",
      "input_real_upper": "33554432",
      "input_imag_abs_upper": "0",
      "input_complex_cap": "67108864",
      "split_rounding_norm_error": "1/16384",
      "split_error_to_exact_reference": "19/16384",
      "pair_determinant_lower": "1/64",
      "comparison_eigen_lower": "1/16",
      "s0_real_lower": "1/16",
      "s0_real_upper": "67108864",
      "d11_real_lower": "1/32",
      "d11_real_upper": "134217728",
      "s0_imag_abs_upper": "1/8192",
      "d11_imag_abs_upper": "1/8192",
      "L_norm_upper": "2",
      "L_error_norm": "1/16",
      "d11_error_norm": "1/128",
      "source_L_error_to_H": "1/140737488355328",
      "source_d11_real_error_to_H": "1/65536",
      "source_imag_error_to_split_tau": "1/65536",
      "half_may_create_subnormal": true,
      "split_imag_class": "finite, possibly zero/subnormal/normal",
      "d11_L_class": "finite normal or zero; positive real pivot normal",
      "div_denominator_interval": [
        "1/16",
        "34359738368"
      ],
      "operand_abs_cap": "2^100",
      "intermediate_product_norm_upper": "268435456"
    },
    {
      "branch": 0,
      "diagonal": 1,
      "input_real_lower": "1/8",
      "input_real_upper": "33554432",
      "input_imag_abs_upper": "1/262144",
      "input_complex_cap": "67108864",
      "split_rounding_norm_error": "1/16384",
      "split_error_to_exact_reference": "129/16384",
      "pair_determinant_lower": "1073741823/68719476736",
      "comparison_eigen_lower": "1/16",
      "s0_real_lower": "1/16",
      "s0_real_upper": "67108864",
      "d11_real_lower": "1/32",
      "d11_real_upper": "134217728",
      "s0_imag_abs_upper": "1/8192",
      "d11_imag_abs_upper": "1/8192",
      "L_norm_upper": "2",
      "L_error_norm": "1/2",
      "d11_error_norm": "1/16",
      "source_L_error_to_H": "1/140737488355328",
      "source_d11_real_error_to_H": "1/65536",
      "source_imag_error_to_split_tau": "1/65536",
      "half_may_create_subnormal": true,
      "split_imag_class": "finite, possibly zero/subnormal/normal",
      "d11_L_class": "finite normal or zero; positive real pivot normal",
      "div_denominator_interval": [
        "1/16",
        "34359738368"
      ],
      "operand_abs_cap": "2^100",
      "intermediate_product_norm_upper": "268435456"
    },
    {
      "branch": 0,
      "diagonal": 2,
      "input_real_lower": "1/8",
      "input_real_upper": "33554432",
      "input_imag_abs_upper": "1/262144",
      "input_complex_cap": "67108864",
      "split_rounding_norm_error": "1/16384",
      "split_error_to_exact_reference": "2049/16384",
      "pair_determinant_lower": "1073741823/68719476736",
      "comparison_eigen_lower": "1/16",
      "s0_real_lower": "1/16",
      "s0_real_upper": "67108864",
      "d11_real_lower": "1/32",
      "d11_real_upper": "134217728",
      "s0_imag_abs_upper": "1/8192",
      "d11_imag_abs_upper": "1/8192",
      "L_norm_upper": "2",
      "L_error_norm": "3",
      "d11_error_norm": "1",
      "source_L_error_to_H": "1/140737488355328",
      "source_d11_real_error_to_H": "1/65536",
      "source_imag_error_to_split_tau": "1/65536",
      "half_may_create_subnormal": true,
      "split_imag_class": "finite, possibly zero/subnormal/normal",
      "d11_L_class": "finite normal or zero; positive real pivot normal",
      "div_denominator_interval": [
        "1/16",
        "34359738368"
      ],
      "operand_abs_cap": "2^100",
      "intermediate_product_norm_upper": "268435456"
    },
    {
      "branch": 1,
      "diagonal": 0,
      "input_real_lower": "8",
      "input_real_upper": "17179869184",
      "input_imag_abs_upper": "17/16",
      "input_complex_cap": "34359738368",
      "split_rounding_norm_error": "1/32",
      "split_error_to_exact_reference": "134217731/32",
      "pair_determinant_lower": "16095/256",
      "comparison_eigen_lower": "4",
      "s0_real_lower": "4",
      "s0_real_upper": "34359738368",
      "d11_real_lower": "2",
      "d11_real_upper": "68719476736",
      "s0_imag_abs_upper": "9/8",
      "d11_imag_abs_upper": "9/8",
      "L_norm_upper": "2",
      "L_error_norm": "3",
      "d11_error_norm": "33554432",
      "source_L_error_to_H": "1/140737488355328",
      "source_d11_real_error_to_H": "1/128",
      "source_imag_error_to_split_tau": "1/128",
      "half_may_create_subnormal": true,
      "split_imag_class": "finite, possibly zero/subnormal/normal",
      "d11_L_class": "finite normal or zero; positive real pivot normal",
      "div_denominator_interval": [
        "1/16",
        "34359738368"
      ],
      "operand_abs_cap": "2^100",
      "intermediate_product_norm_upper": "137438953472"
    },
    {
      "branch": 1,
      "diagonal": 1,
      "input_real_lower": "8",
      "input_real_upper": "17179869184",
      "input_imag_abs_upper": "545/512",
      "input_complex_cap": "34359738368",
      "split_rounding_norm_error": "1/32",
      "split_error_to_exact_reference": "1073741825/32",
      "pair_determinant_lower": "16480191/262144",
      "comparison_eigen_lower": "4",
      "s0_real_lower": "4",
      "s0_real_upper": "34359738368",
      "d11_real_lower": "2",
      "d11_real_upper": "68719476736",
      "s0_imag_abs_upper": "9/8",
      "d11_imag_abs_upper": "9/8",
      "L_norm_upper": "2",
      "L_error_norm": "3",
      "d11_error_norm": "268435456",
      "source_L_error_to_H": "1/140737488355328",
      "source_d11_real_error_to_H": "1/128",
      "source_imag_error_to_split_tau": "1/128",
      "half_may_create_subnormal": true,
      "split_imag_class": "finite, possibly zero/subnormal/normal",
      "d11_L_class": "finite normal or zero; positive real pivot normal",
      "div_denominator_interval": [
        "1/16",
        "34359738368"
      ],
      "operand_abs_cap": "2^100",
      "intermediate_product_norm_upper": "137438953472"
    },
    {
      "branch": 1,
      "diagonal": 2,
      "input_real_lower": "8",
      "input_real_upper": "17179869184",
      "input_imag_abs_upper": "545/512",
      "input_complex_cap": "34359738368",
      "split_rounding_norm_error": "1/32",
      "split_error_to_exact_reference": "17179869185/32",
      "pair_determinant_lower": "16480191/262144",
      "comparison_eigen_lower": "4",
      "s0_real_lower": "4",
      "s0_real_upper": "34359738368",
      "d11_real_lower": "2",
      "d11_real_upper": "68719476736",
      "s0_imag_abs_upper": "9/8",
      "d11_imag_abs_upper": "9/8",
      "L_norm_upper": "2",
      "L_error_norm": "3",
      "d11_error_norm": "4294967296",
      "source_L_error_to_H": "1/140737488355328",
      "source_d11_real_error_to_H": "1/128",
      "source_imag_error_to_split_tau": "1/128",
      "half_may_create_subnormal": true,
      "split_imag_class": "finite, possibly zero/subnormal/normal",
      "d11_L_class": "finite normal or zero; positive real pivot normal",
      "div_denominator_interval": [
        "1/16",
        "34359738368"
      ],
      "operand_abs_cap": "2^100",
      "intermediate_product_norm_upper": "137438953472"
    }
  ]
}
