{
  "status": "PASS_FINITE_BINDING_CONTROLS",
  "level": {
    "split_logn": 9,
    "ldl_logn": 8,
    "full": 0
  },
  "cases": [
    {
      "branch": 0,
      "diagonal": 0,
      "positions": 128,
      "raw_words": 1024,
      "nonzero_d11_imag": 44,
      "output_sha256": "eda21a8a2a73250cc5bf607e1b3f171e884c701e5b7313e3eec33a64ed7a3541"
    },
    {
      "branch": 0,
      "diagonal": 1,
      "positions": 128,
      "raw_words": 1024,
      "nonzero_d11_imag": 79,
      "output_sha256": "cc756dde30b4647f40c9dd0922c3e60ac47aca4d92663fec0c048f6ed3a0d71a"
    },
    {
      "branch": 0,
      "diagonal": 2,
      "positions": 128,
      "raw_words": 1024,
      "nonzero_d11_imag": 80,
      "output_sha256": "1660c8fa625fdcd9a98c0d452cbd5d4387cbb67681a235cff26b47e4f671716e"
    },
    {
      "branch": 1,
      "diagonal": 0,
      "positions": 128,
      "raw_words": 1024,
      "nonzero_d11_imag": 98,
      "output_sha256": "eaadfc2a2a10505d6d50cf0a8edc4ab7deb9a5025e3eb46833e15e3ec5668f49"
    },
    {
      "branch": 1,
      "diagonal": 1,
      "positions": 128,
      "raw_words": 1024,
      "nonzero_d11_imag": 96,
      "output_sha256": "20f09354d54bfcbf54bf7e842f56f2775492b7c8ca2dca17b76ced675c831159"
    },
    {
      "branch": 1,
      "diagonal": 2,
      "positions": 128,
      "raw_words": 1024,
      "nonzero_d11_imag": 104,
      "output_sha256": "3554e051dbfc6e76b9812cd6b9bc4d653b656726137bc5c7be2507ad0c9a1ca2"
    }
  ],
  "half_words": 98,
  "maximum_observed_root_imag": "1/16384",
  "root_imag_controls": 768,
  "coarse_box": {
    "classification": "COUNTERMODEL_COARSE_NODE3_BOX_ONLY_NOT_P_KEY_OR_EMITTED",
    "exact_margin": "-1075",
    "exact_pivot": "-1075/9",
    "source_first_pivot": "c05ddc71c71c71c6",
    "source_first_pivot_value": "-4202577777277155/35184372088832",
    "legal_first_divisor": "9"
  },
  "preflight_stops": [
    {
      "case": "zero_first_divisor",
      "status": "STOP_BEFORE_DIV_DOMAIN",
      "C_not_called": true
    }
  ],
  "noop_pass": true,
  "frame_controls": 3,
  "frame_and_canaries": true,
  "subnormal_split_control": {
    "positions": 128,
    "s0_imag_bits": "0000000000000001",
    "d11_imag_bits": "0000000000000000",
    "actual_C_and_model_equal": true
  },
  "scope": "Public synthetic inputs and local helpers only. No KeyGen/private loader/Sign. Universal proof separate from finite controls."
}
