{
  "status": "PASS_CONTROLS_NOT_UNIVERSAL_PROOF",
  "word_patterns": 246,
  "inside_pairs": 1160,
  "outside_pairs_stopped_before_sum": 70,
  "input_sha256": "9ce615dec81b1bef01840e084e2b233aba26f6825e111cacbba0e54cb0e5bbb5",
  "native_output_sha256": "1a1b140acd55a50ead6911e15363a27b53c0f7659683101f236c729ca1c23703",
  "literal_model_raw_bits_equal": true,
  "of_equals_exact_dyadic": true,
  "proposed_E_r": "1/1048576",
  "proposed_E_res": "1/1048576",
  "maximum_observed_E_r": "1/18014398509481984",
  "maximum_observed_E_res": "1/35184372088832",
  "residual_zero_classes": [
    "0000000000000000",
    "8000000000000000"
  ],
  "mutations_detected": [
    "omit eps0",
    "floor to truncation",
    "rho<1 instead of <=1",
    "zero rounding allowance",
    "omit underflow term",
    "integer endpoint moved by1"
  ],
  "noop_pass": true,
  "note": "No KeyGen/Sign execution or reachability claim. Universal proof is separate from these finite controls."
}
