/home/footfalcon/free_falcon_sign/proofs/ft1536/work/B20_001/P02/run/signed_arith_012/source/B20/C/SignedArith.lean:97:2: error: unsolved goals
case inr
a : BitVec 64
ha : a.toNat < 2 ^ 63 - 1
ha63 : a.toNat < 2 ^ 63
htoa : a.toInt = ↑a.toNat
hane : a ≠ BitVec.intMin 64
hs : (1#64).toNat ≤ 1
hneg1 : -1#64 = BitVec.allOnes 64
hxor : a ^^^ -1#64 = ~~~a
hmsb : (~~~a).msb = true
hneg_toInt : (~~~a).toInt < 0
hsafe : signedSafe BinOp.add (a ^^^ -1#64) 1#64 = true
hsum : (a ^^^ -1#64) + 1#64 = -a
hna : (-a).toInt = -a.toInt
⊢ (↑(a.toNat ^^^ 18446744073709551615) + 1).bmod 18446744073709551616 = -a.toInt
/home/footfalcon/free_falcon_sign/proofs/ft1536/work/B20_001/P02/run/signed_arith_012/source/B20/C/SignedArith.lean:96:15: warning: This simp argument is unused:
  hz

Hint: Omit it from the simp argument list.
  [apply] simp

Note: This linter can be disabled with `set_option linter.unusedSimpArgs false`
/home/footfalcon/free_falcon_sign/proofs/ft1536/work/B20_001/P02/run/signed_arith_012/source/B20/C/SignedArith.lean:115:10: warning: This simp argument is unused:
  hsum

Hint: Omit it from the simp argument list.
  [apply] simp [hna]

Note: This linter can be disabled with `set_option linter.unusedSimpArgs false`
/home/footfalcon/free_falcon_sign/proofs/ft1536/work/B20_001/P02/run/signed_arith_012/source/B20/C/SignedArith.lean:115:16: warning: This simp argument is unused:
  hna

Hint: Omit it from the simp argument list.
  [apply] simp [hsum]

Note: This linter can be disabled with `set_option linter.unusedSimpArgs false`
