{
  "source_sha256": "3fe78f8df8003b760a21f4897b44b876717e30029bed031ee7d0cd224e968d42",
  "logn": 10,
  "uses_dynamic_tables": true,
  "source_unchanged": true,
  "observer_sha256": "b4956f2e84beb57800ff8541ddd3dfca1559bc782792648c0c831de582a10c91",
  "exported_table_indices": [
    0,
    1023
  ],
  "not_exported": [
    1024,
    2047
  ],
  "mutants": {
    "wrong_R2": "53b10f80d906047baddd8bb5eef966f8d6f837953e355242620495c2d4cdc04b",
    "missing_tomonty": "d3da26d5a3c9c607e68797cbdc9ce3313846e2c51ddb2351d7f72932304ea280",
    "generator_step": "a4e995d8d4be19c6cccc786ffd5f6c83766c4ab3338f3485f4a392d693c5b3b1",
    "missing_inverse_scale": "a8de51d0b9e46b661d0255b5d9e0c89dce65c0cac7328d37b65ad513dcc7da16",
    "noop": "8366d8aa7759109da9dd6d8c6198daafbd6864dc2857058c1a99fc4f43c4f23a"
  }
}
