{"job": "build_base_asan", "exit_code": 0, "timeout": false}
{"job": "build_observed_normal", "exit_code": 0, "timeout": false}
{"job": "build_observed_asan", "exit_code": 0, "timeout": false}
{"job": "tables_asan", "exit_code": 0, "timeout": false}
{"job": "division_asan", "exit_code": 0, "timeout": false}
{"job": "primitives_asan", "exit_code": 0, "timeout": false}
{"job": "check_primitives_asan", "exit_code": 0, "timeout": false}
{"job": "pipeline_zero_base_normal", "exit_code": 0, "timeout": false}
{"job": "check_zero_base_normal", "exit_code": 0, "timeout": false}
{"job": "pipeline_zero_base_asan", "exit_code": 0, "timeout": false}
{"job": "check_zero_base_asan", "exit_code": 0, "timeout": false}
{"job": "pipeline_zero_observed_normal", "exit_code": 0, "timeout": false}
{"job": "check_zero_observed_normal", "exit_code": 0, "timeout": false}
{"job": "pipeline_zero_observed_asan", "exit_code": 0, "timeout": false}
{"job": "check_zero_observed_asan", "exit_code": 0, "timeout": false}
{"job": "pipeline_units_base_normal", "exit_code": 0, "timeout": false}
{"job": "check_units_base_normal", "exit_code": 0, "timeout": false}
{"job": "pipeline_units_base_asan", "exit_code": 0, "timeout": false}
{"job": "check_units_base_asan", "exit_code": 0, "timeout": false}
{"job": "pipeline_units_observed_normal", "exit_code": 0, "timeout": false}
{"job": "check_units_observed_normal", "exit_code": 0, "timeout": false}
{"job": "pipeline_units_observed_asan", "exit_code": 0, "timeout": false}
{"job": "check_units_observed_asan", "exit_code": 0, "timeout": false}
{"job": "pipeline_wrap_base_normal", "exit_code": 0, "timeout": false}
{"job": "check_wrap_base_normal", "exit_code": 0, "timeout": false}
{"job": "pipeline_wrap_base_asan", "exit_code": 0, "timeout": false}
{"job": "check_wrap_base_asan", "exit_code": 0, "timeout": false}
{"job": "pipeline_wrap_observed_normal", "exit_code": 0, "timeout": false}
{"job": "check_wrap_observed_normal", "exit_code": 0, "timeout": false}
{"job": "pipeline_wrap_observed_asan", "exit_code": 0, "timeout": false}
{"job": "check_wrap_observed_asan", "exit_code": 0, "timeout": false}
{"job": "pipeline_high_square_base_normal", "exit_code": 0, "timeout": false}
{"job": "check_high_square_base_normal", "exit_code": 0, "timeout": false}
{"job": "pipeline_high_square_base_asan", "exit_code": 0, "timeout": false}
{"job": "check_high_square_base_asan", "exit_code": 0, "timeout": false}
{"job": "pipeline_high_square_observed_normal", "exit_code": 0, "timeout": false}
{"job": "check_high_square_observed_normal", "exit_code": 0, "timeout": false}
{"job": "pipeline_high_square_observed_asan", "exit_code": 0, "timeout": false}
{"job": "check_high_square_observed_asan", "exit_code": 0, "timeout": false}
{"job": "pipeline_max_base_normal", "exit_code": 0, "timeout": false}
{"job": "check_max_base_normal", "exit_code": 0, "timeout": false}
{"job": "pipeline_max_base_asan", "exit_code": 0, "timeout": false}
{"job": "check_max_base_asan", "exit_code": 0, "timeout": false}
{"job": "pipeline_max_observed_normal", "exit_code": 0, "timeout": false}
{"job": "check_max_observed_normal", "exit_code": 0, "timeout": false}
{"job": "pipeline_max_observed_asan", "exit_code": 0, "timeout": false}
{"job": "check_max_observed_asan", "exit_code": 0, "timeout": false}
{"job": "pipeline_dense_base_normal", "exit_code": 0, "timeout": false}
{"job": "check_dense_base_normal", "exit_code": 0, "timeout": false}
{"job": "pipeline_dense_base_asan", "exit_code": 0, "timeout": false}
{"job": "check_dense_base_asan", "exit_code": 0, "timeout": false}
{"job": "pipeline_dense_observed_normal", "exit_code": 0, "timeout": false}
{"job": "check_dense_observed_normal", "exit_code": 0, "timeout": false}
{"job": "pipeline_dense_observed_asan", "exit_code": 0, "timeout": false}
{"job": "check_dense_observed_asan", "exit_code": 0, "timeout": false}
{"job": "pipeline_rho_witness_base_normal", "exit_code": 0, "timeout": false}
{"job": "check_rho_witness_base_normal", "exit_code": 0, "timeout": false}
{"job": "pipeline_rho_witness_base_asan", "exit_code": 0, "timeout": false}
{"job": "check_rho_witness_base_asan", "exit_code": 0, "timeout": false}
{"job": "pipeline_rho_witness_observed_normal", "exit_code": 0, "timeout": false}
{"job": "check_rho_witness_observed_normal", "exit_code": 0, "timeout": false}
{"job": "pipeline_rho_witness_observed_asan", "exit_code": 0, "timeout": false}
{"job": "check_rho_witness_observed_asan", "exit_code": 0, "timeout": false}
{"job": "build_mut_wrong_R2", "exit_code": 0, "timeout": false}
{"job": "mut_units_wrong_R2", "exit_code": 0, "timeout": false}
{"job": "check_mut_units_wrong_R2", "exit_code": 1, "timeout": false}
{"job": "mut_wrap_wrong_R2", "exit_code": 0, "timeout": false}
{"job": "check_mut_wrap_wrong_R2", "exit_code": 1, "timeout": false}
{"job": "mut_dense_wrong_R2", "exit_code": 0, "timeout": false}
{"job": "check_mut_dense_wrong_R2", "exit_code": 1, "timeout": false}
{"job": "build_mut_missing_tomonty", "exit_code": 0, "timeout": false}
{"job": "mut_units_missing_tomonty", "exit_code": 0, "timeout": false}
{"job": "check_mut_units_missing_tomonty", "exit_code": 1, "timeout": false}
{"job": "mut_wrap_missing_tomonty", "exit_code": 0, "timeout": false}
{"job": "check_mut_wrap_missing_tomonty", "exit_code": 1, "timeout": false}
{"job": "mut_dense_missing_tomonty", "exit_code": 0, "timeout": false}
{"job": "check_mut_dense_missing_tomonty", "exit_code": 1, "timeout": false}
{"job": "build_mut_generator_step", "exit_code": 0, "timeout": false}
{"job": "mut_units_generator_step", "exit_code": 0, "timeout": false}
{"job": "check_mut_units_generator_step", "exit_code": 0, "timeout": false}
{"job": "mut_wrap_generator_step", "exit_code": 0, "timeout": false}
{"job": "check_mut_wrap_generator_step", "exit_code": 1, "timeout": false}
{"job": "mut_dense_generator_step", "exit_code": 0, "timeout": false}
{"job": "check_mut_dense_generator_step", "exit_code": 1, "timeout": false}
{"job": "build_mut_missing_inverse_scale", "exit_code": 0, "timeout": false}
{"job": "mut_units_missing_inverse_scale", "exit_code": 0, "timeout": false}
{"job": "check_mut_units_missing_inverse_scale", "exit_code": 1, "timeout": false}
{"job": "mut_wrap_missing_inverse_scale", "exit_code": 0, "timeout": false}
{"job": "check_mut_wrap_missing_inverse_scale", "exit_code": 1, "timeout": false}
{"job": "mut_dense_missing_inverse_scale", "exit_code": 0, "timeout": false}
{"job": "check_mut_dense_missing_inverse_scale", "exit_code": 1, "timeout": false}
{"job": "build_mut_noop", "exit_code": 0, "timeout": false}
{"job": "mut_units_noop", "exit_code": 0, "timeout": false}
{"job": "check_mut_units_noop", "exit_code": 0, "timeout": false}
{"job": "mut_wrap_noop", "exit_code": 0, "timeout": false}
{"job": "check_mut_wrap_noop", "exit_code": 0, "timeout": false}
{"job": "mut_dense_noop", "exit_code": 0, "timeout": false}
{"job": "check_mut_dense_noop", "exit_code": 0, "timeout": false}
{
  "status": "IMPLEMENTATION_CONTROLS_PASS",
  "baseline_runs": 28,
  "mutants_rejected": 4,
  "noop_passed": true
}
