{
  "argv": [
    "/usr/bin/gcc",
    "-W",
    "-Wall",
    "-O",
    "-DFPR_IMPL=\"fpr-emulated.h\"",
    "-DSAMPLER_CODF=0",
    "-DSAMPLER_CDF=0",
    "-DCT_BEREXP=1",
    "-DFT_TERNARY_ADAPTIVE_CDF=1",
    "-DFT1536_CANDIDATE_PROFILE=1",
    "-DCLEANSE=1",
    "-DTRUE_TERNARY_SECRET=1",
    "-DTRUE_TERNARY_SECRET_MODE=1",
    "-DTERNARY_KEYGEN_BOUND_SCALE_NUM=1250",
    "-DTERNARY_KEYGEN_BOUND_SCALE_DEN=100",
    "-DTERNARY_KEYGEN_MAX_ATTEMPTS=3000000",
    "-DSIGN_MAX_ATTEMPTS=16",
    "-std=c99",
    "-DSOURCE_FILE=\"../source/falcon-vrfy.c\"",
    "-DOBSERVED=0",
    "-Isource",
    "scripts/harness.c",
    "source/falcon-enc.c",
    "source/shake.c",
    "-o",
    "/home/footfalcon/Dokumenty/FT1536_L_NTT_RUN_001/tmp/replay_002/bin/base-normal",
    "-lm"
  ],
  "cwd": "/home/footfalcon/Dokumenty/FT1536_L_NTT_RUN_001/tmp/replay_002",
  "exit_code": 0,
  "stdout": "",
  "stderr": "scripts/harness.c: In function \u2018main\u2019:\nscripts/harness.c:33:9: warning: this \u2018if\u2019 clause does not guard... [-Wmisleading-indentation]\n   33 |         if(fclose(out))abort();printf(\"tables: exported initialized indices 0..1023 only\\n\");return 0;\n      |         ^~\nscripts/harness.c:33:32: note: ...this statement, but the latter is misleadingly indented as if it were guarded by the \u2018if\u2019\n   33 |         if(fclose(out))abort();printf(\"tables: exported initialized indices 0..1023 only\\n\");return 0;\n      |                                ^~~~~~\nscripts/harness.c:37:9: warning: this \u2018if\u2019 clause does not guard... [-Wmisleading-indentation]\n   37 |         if(argc!=4)return 2;f=fopen(argv[2],\"r\");out=fopen(argv[3],\"w\");if(!f || !out)abort();\n      |         ^~\nscripts/harness.c:37:29: note: ...this statement, but the latter is misleadingly indented as if it were guarded by the \u2018if\u2019\n   37 |         if(argc!=4)return 2;f=fopen(argv[2],\"r\");out=fopen(argv[3],\"w\");if(!f || !out)abort();\n      |                             ^\nscripts/harness.c:40:13: warning: this \u2018if\u2019 clause does not guard... [-Wmisleading-indentation]\n   40 |             if(x>=Qt || y>=Qt)abort();z=(uint32_t)x*y;zw=z*Q0It;k=zw&0xFFFF;w=k*Qt;total=z+w;t=total>>16;d=t-Qt;res=d+(Qt&-(d>>31));\n      |             ^~\nscripts/harness.c:40:39: note: ...this statement, but the latter is misleadingly indented as if it were guarded by the \u2018if\u2019\n   40 |             if(x>=Qt || y>=Qt)abort();z=(uint32_t)x*y;zw=z*Q0It;k=zw&0xFFFF;w=k*Qt;total=z+w;t=total>>16;d=t-Qt;res=d+(Qt&-(d>>31));\n      |                                       ^\nscripts/harness.c:46:9: warning: this \u2018if\u2019 clause does not guard... [-Wmisleading-indentation]\n   46 |         if(!feof(f))abort();fclose(f);if(fclose(out))abort();printf(\"primitive vectors completed\\n\");return 0;\n      |         ^~\nscripts/harness.c:46:29: note: ...this statement, but the latter is misleadingly indented as if it were guarded by the \u2018if\u2019\n   46 |         if(!feof(f))abort();fclose(f);if(fclose(out))abort();printf(\"primitive vectors completed\\n\");return 0;\n      |                             ^~~~~~\nscripts/harness.c:51:9: warning: this \u2018if\u2019 clause does not guard... [-Wmisleading-indentation]\n   51 |         if(fclose(out))abort();printf(\"18432 nonzero denominator controls completed\\n\");return 0;\n      |         ^~\nscripts/harness.c:51:32: note: ...this statement, but the latter is misleadingly indented as if it were guarded by the \u2018if\u2019\n   51 |         if(fclose(out))abort();printf(\"18432 nonzero denominator controls completed\\n\");return 0;\n      |                                ^~~~~~\nscripts/harness.c:55:9: warning: this \u2018if\u2019 clause does not guard... [-Wmisleading-indentation]\n   55 |         if(argc!=4)return 2;f=fopen(argv[2],\"r\");if(!f)abort();\n      |         ^~\nscripts/harness.c:55:29: note: ...this statement, but the latter is misleadingly indented as if it were guarded by the \u2018if\u2019\n   55 |         if(argc!=4)return 2;f=fopen(argv[2],\"r\");if(!f)abort();\n      |                             ^\n",
  "source": "source/falcon-vrfy.c",
  "source_sha256": "3fe78f8df8003b760a21f4897b44b876717e30029bed031ee7d0cd224e968d42",
  "binary": "bin/base-normal",
  "binary_sha256": "e5e4e020175395c5d74d5acd3d0fbdf0fc9b311b51459f1938294e83fdc77364"
}
