{
  "argv": [
    "/usr/bin/gcc",
    "-W",
    "-Wall",
    "-O",
    "-DFPR_IMPL=\"fpr-emulated.h\"",
    "-DSAMPLER_CODF=0",
    "-DSAMPLER_CDF=0",
    "-DCT_BEREXP=1",
    "-DFT_TERNARY_ADAPTIVE_CDF=1",
    "-DFT1536_CANDIDATE_PROFILE=1",
    "-DCLEANSE=1",
    "-DTRUE_TERNARY_SECRET=1",
    "-DTRUE_TERNARY_SECRET_MODE=1",
    "-DTERNARY_KEYGEN_BOUND_SCALE_NUM=1250",
    "-DTERNARY_KEYGEN_BOUND_SCALE_DEN=100",
    "-DTERNARY_KEYGEN_MAX_ATTEMPTS=3000000",
    "-DSIGN_MAX_ATTEMPTS=16",
    "-std=c99",
    "-DSOURCE_FILE=\"../mutants/generator_step/falcon-vrfy.c\"",
    "-DOBSERVED=0",
    "-Isource",
    "scripts/harness.c",
    "source/falcon-enc.c",
    "source/shake.c",
    "-o",
    "/home/footfalcon/Dokumenty/FT1536_L_NTT_RUN_001/tmp/replay_002/bin/generator_step-normal",
    "-lm"
  ],
  "cwd": "/home/footfalcon/Dokumenty/FT1536_L_NTT_RUN_001/tmp/replay_002",
  "exit_code": 0,
  "stdout": "",
  "stderr": "In file included from scripts/harness.c:6:\nscripts/../mutants/generator_step/falcon-vrfy.c: In function \u2018mq_mkgm3\u2019:\nscripts/../mutants/generator_step/falcon-vrfy.c:828:38: warning: variable \u2018ig4\u2019 set but not used [-Wunused-but-set-variable]\n  828 |         uint32_t g, ig, g2, g4, ig2, ig4, w, x, ix;\n      |                                      ^~~\nscripts/../mutants/generator_step/falcon-vrfy.c:828:29: warning: variable \u2018g4\u2019 set but not used [-Wunused-but-set-variable]\n  828 |         uint32_t g, ig, g2, g4, ig2, ig4, w, x, ix;\n      |                             ^~\nscripts/harness.c: In function \u2018main\u2019:\nscripts/harness.c:33:9: warning: this \u2018if\u2019 clause does not guard... [-Wmisleading-indentation]\n   33 |         if(fclose(out))abort();printf(\"tables: exported initialized indices 0..1023 only\\n\");return 0;\n      |         ^~\nscripts/harness.c:33:32: note: ...this statement, but the latter is misleadingly indented as if it were guarded by the \u2018if\u2019\n   33 |         if(fclose(out))abort();printf(\"tables: exported initialized indices 0..1023 only\\n\");return 0;\n      |                                ^~~~~~\nscripts/harness.c:37:9: warning: this \u2018if\u2019 clause does not guard... [-Wmisleading-indentation]\n   37 |         if(argc!=4)return 2;f=fopen(argv[2],\"r\");out=fopen(argv[3],\"w\");if(!f || !out)abort();\n      |         ^~\nscripts/harness.c:37:29: note: ...this statement, but the latter is misleadingly indented as if it were guarded by the \u2018if\u2019\n   37 |         if(argc!=4)return 2;f=fopen(argv[2],\"r\");out=fopen(argv[3],\"w\");if(!f || !out)abort();\n      |                             ^\nscripts/harness.c:40:13: warning: this \u2018if\u2019 clause does not guard... [-Wmisleading-indentation]\n   40 |             if(x>=Qt || y>=Qt)abort();z=(uint32_t)x*y;zw=z*Q0It;k=zw&0xFFFF;w=k*Qt;total=z+w;t=total>>16;d=t-Qt;res=d+(Qt&-(d>>31));\n      |             ^~\nscripts/harness.c:40:39: note: ...this statement, but the latter is misleadingly indented as if it were guarded by the \u2018if\u2019\n   40 |             if(x>=Qt || y>=Qt)abort();z=(uint32_t)x*y;zw=z*Q0It;k=zw&0xFFFF;w=k*Qt;total=z+w;t=total>>16;d=t-Qt;res=d+(Qt&-(d>>31));\n      |                                       ^\nscripts/harness.c:46:9: warning: this \u2018if\u2019 clause does not guard... [-Wmisleading-indentation]\n   46 |         if(!feof(f))abort();fclose(f);if(fclose(out))abort();printf(\"primitive vectors completed\\n\");return 0;\n      |         ^~\nscripts/harness.c:46:29: note: ...this statement, but the latter is misleadingly indented as if it were guarded by the \u2018if\u2019\n   46 |         if(!feof(f))abort();fclose(f);if(fclose(out))abort();printf(\"primitive vectors completed\\n\");return 0;\n      |                             ^~~~~~\nscripts/harness.c:51:9: warning: this \u2018if\u2019 clause does not guard... [-Wmisleading-indentation]\n   51 |         if(fclose(out))abort();printf(\"18432 nonzero denominator controls completed\\n\");return 0;\n      |         ^~\nscripts/harness.c:51:32: note: ...this statement, but the latter is misleadingly indented as if it were guarded by the \u2018if\u2019\n   51 |         if(fclose(out))abort();printf(\"18432 nonzero denominator controls completed\\n\");return 0;\n      |                                ^~~~~~\nscripts/harness.c:55:9: warning: this \u2018if\u2019 clause does not guard... [-Wmisleading-indentation]\n   55 |         if(argc!=4)return 2;f=fopen(argv[2],\"r\");if(!f)abort();\n      |         ^~\nscripts/harness.c:55:29: note: ...this statement, but the latter is misleadingly indented as if it were guarded by the \u2018if\u2019\n   55 |         if(argc!=4)return 2;f=fopen(argv[2],\"r\");if(!f)abort();\n      |                             ^\n",
  "source": "mutants/generator_step/falcon-vrfy.c",
  "source_sha256": "a4e995d8d4be19c6cccc786ffd5f6c83766c4ab3338f3485f4a392d693c5b3b1",
  "binary": "bin/generator_step-normal",
  "binary_sha256": "8cba34520459cd7aa27fdc301e091a1bfb6cff36235419cdfa162a93f4cb60c8"
}
