{
  "status": "FAIL",
  "errors": [
    [
      "h_ntt",
      3,
      5895,
      16156
    ],
    [
      "H_mont",
      3,
      15906,
      8096
    ],
    [
      "r_ntt",
      3,
      14111,
      12857
    ],
    [
      "point_product",
      3,
      14649,
      14648
    ],
    [
      "p",
      0,
      14446,
      18432
    ],
    [
      "d",
      0,
      14446,
      18432
    ]
  ],
  "input_sha256": "c569287607631b15483300944acfe0a35f4965f60bfc8d1b6abb9160940d9bb6",
  "oracle_sha256": "5a3305ba993c3161e29b60b5a37fda7af3e0819a8f01c60a5d3318ca6cfd81f0",
  "sage_version": "10.9",
  "python_version": "3.14.7 | packaged by conda-forge | (main, Sep  2 2026, 21:08:32) [GCC 15.3.0]"
}
