{
  "status": "FAIL",
  "errors": [
    [
      "H_mont",
      0,
      1,
      10237
    ],
    [
      "point_product",
      0,
      5184,
      1
    ],
    [
      "p",
      0,
      5184,
      1
    ],
    [
      "d",
      0,
      5183,
      0
    ]
  ],
  "input_sha256": "e7e02b5e112b8430c60e3bfb79baf67bb4104373438676c889ce1f9060de37da",
  "oracle_sha256": "31e0a7f2495717b65535f9c79c304f3cc1b2cf688dfdc57f5269ea290a523501",
  "sage_version": "10.9",
  "python_version": "3.14.7 | packaged by conda-forge | (main, Sep  2 2026, 21:08:32) [GCC 15.3.0]"
}
