{
  "status": "FAIL",
  "errors": [
    [
      "H_mont",
      0,
      13886,
      14119
    ],
    [
      "point_product",
      0,
      10964,
      18364
    ],
    [
      "p",
      0,
      5410,
      9438
    ],
    [
      "d",
      0,
      5401,
      9429
    ]
  ],
  "input_sha256": "21dcb60f096de346da9d6b230a7f4711a3f1d5ac805faaf5b5528a9b3957468c",
  "oracle_sha256": "db7a513825acced14bf3cc496543b2574965e5799576e006af9719487221da8a",
  "sage_version": "10.9",
  "python_version": "3.14.7 | packaged by conda-forge | (main, Sep  2 2026, 21:08:32) [GCC 15.3.0]"
}
