{
  "status": "FAIL",
  "errors": [
    [
      "p",
      0,
      8430,
      9438
    ],
    [
      "d",
      0,
      8421,
      9429
    ],
    [
      "roundtrip",
      0,
      16896,
      11
    ]
  ],
  "input_sha256": "df2d38fecb71862b837967061ba730b706d48704ac852c41a71317296b223df9",
  "oracle_sha256": "db7a513825acced14bf3cc496543b2574965e5799576e006af9719487221da8a",
  "sage_version": "10.9",
  "python_version": "3.14.7 | packaged by conda-forge | (main, Sep  2 2026, 21:08:32) [GCC 15.3.0]"
}
