{
  "status": "FAIL",
  "errors": [
    [
      "H_mont",
      0,
      7957,
      382
    ],
    [
      "point_product",
      0,
      9705,
      14648
    ],
    [
      "p",
      0,
      13249,
      18432
    ],
    [
      "d",
      0,
      13249,
      18432
    ]
  ],
  "input_sha256": "09c1d464b05e90deef4e3a9cb9e7e71ea787fd653a51f229fd6177d16066d3bb",
  "oracle_sha256": "5a3305ba993c3161e29b60b5a37fda7af3e0819a8f01c60a5d3318ca6cfd81f0",
  "sage_version": "10.9",
  "python_version": "3.14.7 | packaged by conda-forge | (main, Sep  2 2026, 21:08:32) [GCC 15.3.0]"
}
