{
  "status": "PASS_ALL_LEVEL_QQ_RBF_ORACLE",
  "positions_per_level": {
    "1": 768,
    "2": 768,
    "3": 768,
    "4": 768,
    "5": 768,
    "6": 768,
    "7": 768
  },
  "total_positions": 5376,
  "nodes": 1524,
  "max_source_round_error": {
    "1": "352343686419900445039/11924877788549249858185199616",
    "2": "164524846568882080193/6013770236516026900813971456",
    "3": "1414203310166721973/47490379667280621092208640",
    "4": "669986794252434134191/23285594231523284797922213888",
    "5": "2328871816494315695/78600105595230959880372224",
    "6": "716833806986244361/22566675368484904932212736",
    "7": "8096294570439831/201488525453502151917568"
  },
  "reference": "Independent exact Node3 diagonals, then recursively exact binary arithmetic; never source projected words.",
  "host_double_used": false,
  "scope": "Finite binding controls, not key membership or the universal induction by themselves.",
  "input_sha256": "3d13f5573cb816a547438a6d5e8ef5a6cf73166506ced3ce747173ea7c3b5a3a"
}
