{
  "status": "H3_BINARY_TOWER_PROVED_FOR_PINNED_MODEL",
  "rows": 14,
  "binary_tower_proved": true,
  "remaining_binary_subtrees_proved": true,
  "source_inner7_totality_proved": true,
  "levels_proved": [
    7,
    6,
    5,
    4,
    3,
    2,
    1
  ],
  "full_binary_tower_theorem_kernelized": false,
  "H3_range_proved": false,
  "global_reachability_proved": false,
  "full_internal_tree_proved": false,
  "sampler_law_proved": false,
  "security_reduction_proved": false,
  "baseline_source_integrated": true,
  "source_changed": false,
  "new_source_patch_integrated": false,
  "protocol_wrapper_integrated": false,
  "owner_accepted": false
}
