/home/footfalcon/free_falcon_sign/proofs/ft1536/work/B20_001/P02/run/fpr_spec_044/source/B20/Fpr/Spec.lean:212:13: error(lean.unknownIdentifier): Unknown identifier `rint_e_int`
/home/footfalcon/free_falcon_sign/proofs/ft1536/work/B20_001/P02/run/fpr_spec_044/source/B20/Fpr/Spec.lean:211:71: error: unsolved goals
x : BitVec 64
hdom : rintDomain x
⊢ ↑(1085#32 - (BitVec.setWidth 32 (x >>> 52) &&& 2047#32)).toNat =
      (1085#32 - (BitVec.setWidth 32 (x >>> 52) &&& 2047#32)).toInt ∧
    13 ≤ (1085#32 - (BitVec.setWidth 32 (x >>> 52) &&& 2047#32)).toNat ∧
      (1085#32 - (BitVec.setWidth 32 (x >>> 52) &&& 2047#32)).toNat ≤ 1085
/home/footfalcon/free_falcon_sign/proofs/ft1536/work/B20_001/P02/run/fpr_spec_044/source/B20/Fpr/Spec.lean:245:71: error: unsolved goals
e : BitVec 32
he : e.toNat < 64
hsub : (e - 64#32).toNat = (2 ^ 32 - (64#32).toNat + e.toNat) % 2 ^ 32
h64 : (64#32).toNat = 64
hV : (BitVec.setWidth 64 (BitVec.setWidth 32 (e - 64#32) >>> 31)).toNat = 1
hall : BitVec.allOnes 64 = -1#64
h1 : (1#64).toNat = 1
⊢ ((4294967232 + e.toNat) % 4294967296 % 18446744073709551616) >>> 31 = 1
/home/footfalcon/free_falcon_sign/proofs/ft1536/work/B20_001/P02/run/fpr_spec_044/source/B20/Fpr/Spec.lean:230:39: error: unsolved goals
e : BitVec 32
he : e.toNat < 64
hsub : (e - 64#32).toNat = (2 ^ 32 - (64#32).toNat + e.toNat) % 2 ^ 32
h64 : (64#32).toNat = 64
hV : (BitVec.setWidth 64 (BitVec.setWidth 32 (e - 64#32) >>> 31)).toNat = 1
hall : BitVec.allOnes 64 = -1#64
h1 : (1#64).toNat = 1
hX : BitVec.setWidth 64 (BitVec.setWidth 32 (e - 64#32) >>> 31) = 1#64
⊢ -BitVec.setWidth 64 (e - 64#32) >>> 31 = 18446744073709551615#64
/home/footfalcon/free_falcon_sign/proofs/ft1536/work/B20_001/P02/run/fpr_spec_044/source/B20/Fpr/Spec.lean:238:12: warning: This simp argument is unused:
  BitVec.toNat_setWidth

Hint: Omit it from the simp argument list.
  [apply] simp

Note: This linter can be disabled with `set_option linter.unusedSimpArgs false`
/home/footfalcon/free_falcon_sign/proofs/ft1536/work/B20_001/P02/run/fpr_spec_044/source/B20/Fpr/Spec.lean:247:10: warning: This simp argument is unused:
  hV

Hint: Omit it from the simp argument list.
  [apply] simp [h1]

Note: This linter can be disabled with `set_option linter.unusedSimpArgs false`
/home/footfalcon/free_falcon_sign/proofs/ft1536/work/B20_001/P02/run/fpr_spec_044/source/B20/Fpr/Spec.lean:248:19: warning: This simp argument is unused:
  hX

Hint: Omit it from the simp argument list.
  [apply] simp [rint_mask, hall]

Note: This linter can be disabled with `set_option linter.unusedSimpArgs false`
/home/footfalcon/free_falcon_sign/proofs/ft1536/work/B20_001/P02/run/fpr_spec_044/source/B20/Fpr/Spec.lean:264:71: error: unsolved goals
e : BitVec 32
he : 64 ≤ e.toNat ∧ e.toNat < 2 ^ 31
hsub : (e - 64#32).toNat = (2 ^ 32 - (64#32).toNat + e.toNat) % 2 ^ 32
h64 : (64#32).toNat = 64
hV : (BitVec.setWidth 64 (BitVec.setWidth 32 (e - 64#32) >>> 31)).toNat = 0
⊢ ((4294967232 + e.toNat) % 4294967296 % 18446744073709551616) >>> 31 = 0
/home/footfalcon/free_falcon_sign/proofs/ft1536/work/B20_001/P02/run/fpr_spec_044/source/B20/Fpr/Spec.lean:251:26: error: unsolved goals
e : BitVec 32
he : 64 ≤ e.toNat ∧ e.toNat < 2 ^ 31
hsub : (e - 64#32).toNat = (2 ^ 32 - (64#32).toNat + e.toNat) % 2 ^ 32
h64 : (64#32).toNat = 64
hV : (BitVec.setWidth 64 (BitVec.setWidth 32 (e - 64#32) >>> 31)).toNat = 0
hX : BitVec.setWidth 64 (BitVec.setWidth 32 (e - 64#32) >>> 31) = 0#64
⊢ BitVec.setWidth 64 (e - 64#32) >>> 31 = 0#64
/home/footfalcon/free_falcon_sign/proofs/ft1536/work/B20_001/P02/run/fpr_spec_044/source/B20/Fpr/Spec.lean:259:12: warning: This simp argument is unused:
  BitVec.toNat_setWidth

Hint: Omit it from the simp argument list.
  [apply] simp

Note: This linter can be disabled with `set_option linter.unusedSimpArgs false`
/home/footfalcon/free_falcon_sign/proofs/ft1536/work/B20_001/P02/run/fpr_spec_044/source/B20/Fpr/Spec.lean:266:10: warning: This simp argument is unused:
  hV

Hint: Omit it from the simp argument list.
  [apply] simp

Note: This linter can be disabled with `set_option linter.unusedSimpArgs false`
/home/footfalcon/free_falcon_sign/proofs/ft1536/work/B20_001/P02/run/fpr_spec_044/source/B20/Fpr/Spec.lean:267:19: warning: This simp argument is unused:
  hX

Hint: Omit it from the simp argument list.
  [apply] simp [rint_mask]

Note: This linter can be disabled with `set_option linter.unusedSimpArgs false`
