S 7 S 0 S 64 A 0
S 6 S 128 S 160 S 0
S 5 S 192 S 208 S 128
S 4 S 224 S 232 S 192
S 3 S 240 S 244 S 224
S 2 S 248 S 250 S 240
N 1 252
V 0 407330c3ffe639a6 c014c2cc437b6c39 bf914f3162cbbd89 40732ee4dafd2409
V 1 3d80800002200000 c007f90000205866 bf83fcb36a755350 3d80800402200000
B 252 407330c3ffe639a6 40732ee4dafd2409
N 2 248
V 0 4072d0dfffe5b83a c02728da4bf94ea0 bfa3b1903bb7300b 4072c93ca1ced685
V 1 407390a7ffe6bb12 3f64b49cd8c3b972 3ee0eec1e27cdf8e 407390a7ff94f3ce
V 2 3d7b000000000000 c008d28673341030 bf851b88086b64fd 3d7b001000000000
V 3 3d83800004400000 bf835189f9459c9a beff98c4716d2a92 3d83800004400000
S 2 S 248 S 250 S 252
N 1 256
V 0 40732cf250b1e52a c0159678f6b8b64c bf920342b1cf7ef6 40732aebd781285d
V 1 3d80800402200000 c008ed6bb8c3a686 bf84cca000c2a386 3d80800002200000
B 256 40732cf250b1e52a 40732aebd781285d
N 3 240
V 0 4072110fffe5b74b bfa1d893c7a73b35 bf1f9bf3c79797d6 4072110ffb69f759
V 1 407390afffe5b929 c009042318cb9b6e bf84752b66497458 4073735a4f5427a2
V 2 4073907fffe76780 402d3875df6629d2 3fa7e597e192477d 4073730f10b19da9
V 3 407390cfffe60ea4 4033000ca0ee4b63 3faf133cc1002479 4073737f64ee8919
V 4 3d77fffff0000000 bf72cbb783eb8563 bef0a54d8af6d22a 3d77fffff0000000
V 5 3d7e000010000000 4037c08805aeeb55 3fb36c8810538567 3d7e000010000000
V 6 3d8700000f800000 40330a5ce885a781 3faf249a507cdd85 3d8700000f800000
V 7 3d7ffffff2000000 c02d28a1f4fd09f9 bfa7d844aebe6d88 3d7ffffff2000000
S 3 S 240 S 244 S 248
S 2 S 248 S 250 S 240
N 1 264
V 0 40731abe30179170 c0132b20217d70fe bf900db86dfc7756 40731923e414f592
V 1 3d80800002200000 c0062242ae2079c6 bf82897f137c9eb9 3d80800002200000
B 264 40731abe30179170 40731923e414f592
N 2 260
V 0 4072c235255f0f7e c025637db727d027 bfa23e4567c306f7 4072bbac4b1bda28
V 1 407373473ad01361 3f6d12a97c42526b 3ee7ea66f2bcb583 407373473a2de541
V 2 3d7b000000000000 c006ec9d18073aa6 bf838d94dccf4fc6 3d7b001000000000
V 3 3d83800004400000 bf8b20192597d275 bf0650476a241311 3d83800004400000
S 2 S 248 S 250 S 252
N 1 268
V 0 40731779c2a4dfb4 c013e0378357abc7 bf90a83bb8142ce3 407315c053a5661e
V 1 3d80800402200000 c006f35de2416086 bf833be99711ba56 3d80800002200000
B 268 40731779c2a4dfb4 407315c053a5661e
N 4 224
V 0 4072107fffe71236 bf8fee75811fbe77 bf0c4842a79b860b 4072107fff0453db
V 1 4072119fffe45c60 bf591d62c45a8975 bed63d3bd5dbe38e 4072119ffde64ff0
V 2 40750fffffe7bf76 403fa3676c10ab96 3fb808a9b8c04402 4074a2aeb6fa3ee5
V 3 4072115fffe3b2dc 3f9e12d66fe09ae6 3f1aa1b44cae9d08 4072115ffa5ad1d7
V 4 4075107fffe7bdee c0458101404f1d2f bfc05574aabccdcd 4074a355bed13f33
V 5 4072107fffe71112 3f7c4e74ee2c013f 3ef912500a7921f3 4072107fff0452b7
V 6 4072119fffe45c0c 3f7edbb12afd655f 3efb53315b61b8fd 4072119ffde64f9c
V 7 40750fffffe7c13c c046b80b7ba413c0 bfc1421f833925b5 4074a2aeb6fa40d7
V 8 bd70000000000000 bf50be423ec1037c becda8d3e65ed117 bd70000000000000
V 9 3d8ffffff0000000 3f97f2d788d4b876 3f1534df5f097ac4 3d8ffffff0000000
V 10 3d8fffffe8000000 404209ccd3313706 3fbb67c47b7a4797 3d8ffeffe8000000
V 11 bd4ffffd80000000 bf9a5fb30c3b2417 bf175af758b3ab5b bd4ffffd80000000
V 12 bd7fffffd2000000 c035358934bf99bf bfb01c21ac47e4d2 bd7fffffd2000000
V 13 3d9f000004000000 bf8cb32e2ad6bd6c bf096b86792be807 3d9f000004000000
V 14 3bd0000000000000 3f96b9ef838cf008 3f141fcb1aa054b2 3bd0000000000000
V 15 3d8ffffff0000000 402ed91ff1d0e277 3fa76f00b7cca4c3 3d90007ff8000000
S 4 S 224 S 232 S 240
S 3 S 240 S 244 S 224
S 2 S 248 S 250 S 240
N 1 284
V 0 407307ca641ebadd c011ce7b159cc5b9 bf8df12a0764232c 40730666f29eec42
V 1 3d80800002200000 c0048fae23b36c26 bf81497c0ebe89c5 3d807ffc02200000
B 284 407307ca641ebadd 40730666f29eec42
N 2 280
V 0 4072b58bab8fed22 c023dc1c8a8fc858 bfa0fbe95c80d3af 4072afe59a88332a
V 1 40735a091cad8898 3f5f4edc48da9a71 3ed9e2b12dbccdec 40735a091c7e4668
V 2 3d7aff8000000000 c00549225f97ca26 bf823413dbd8d1c4 3d7aff7000000000
V 3 3d83804004400000 bf7d35f7757aa591 bef826c9b408fbf6 3d83804004400000
S 2 S 248 S 250 S 252
N 1 288
V 0 407304f75b833cc9 c0126b05a2afc62d bf8efcfd6e857b3a 4073037adcaf042f
V 1 3d807ffc02200000 c00544703ec26526 bf81e41d281cba52 3d80800002200000
B 288 407304f75b833cc9 4073037adcaf042f
N 3 272
V 0 4072110ffe7551e6 bfa1d882398d7323 bf1f9bd4b21268d2 4072110ff9f99ac6
V 1 40735a0758aa885e c00572ef4432fefd bf81bbea3129a495 40734439bf0a06c2
V 2 407359eadeeac8f5 4029112c47937c4f 3fa4b9d9787e435c 407344032cb0f7e0
V 3 40735a275a70483a 40304a3aec95d85f 3faaefbbde2741a2 4073445e23cca4bd
V 4 3d77fffff0000000 bf72cba506a4b20f bef0a53d2c7458ff 3d77fffff0000000
V 5 3d7dff0010000000 40345d794234ef85 3fb0d68273963fb3 3d7dff0010000000
V 6 3d8700000f800000 40305582e5a10bf0 3fab02b7ba4770cb 3d8700000f800000
V 7 3d80007ff9000000 c028ffdc3d98d9aa bfa4ab485e79b217 3d8000bff9000000
S 3 S 240 S 244 S 248
S 2 S 248 S 250 S 240
N 1 296
V 0 4072f76ac2604f89 c0109f3197c1d94c bf8c0b4f83e2a5db 4072f633fec20811
V 1 3d80801002200000 c0033179779faea6 bf8030fa16d7e6cd 3d80800c02200000
B 296 4072f76ac2604f89 4072f633fec20811
N 2 292
V 0 4072aaa4dc81d0c4 c0228b26398d43b8 bf9fca0245923a9c 4072a5b53ff8651e
V 1 40734430a83ece4e 3f678b25a74deba7 3ee38d522c384b1f 40734430a7d36f0e
V 2 3d7aff8000000000 c003dffab3881a7d bf81092553e8df02 3d7aff8000000000
V 3 3d83806004400000 bf85f7679ffac15d bf023e072ec65381 3d838060043f0000
S 2 S 248 S 250 S 252
N 1 300
V 0 4072f4f2f3e5ea16 c01127fbc695c484 bf8cf5de7c7726dc 4072f3a7b816c957
V 1 3d808010021f8000 c003cf6cfb613b66 bf80b866395f676e 3d808010021f8000
B 300 4072f4f2f3e5ea16 4072f3a7b816c957
N 5 192
V 0 4072103fffe7bcb1 c057f5b6d430c85e bfd53907eae93af3 407013360b86f40a
V 1 407210bfffe667bc 40091338e8905085 3f86354f335e4786 407014c2ca9b56fc
V 2 407211ffffe0fb65 405067fdb8fb5041 3fcd0d99055d420c 407013fe01daaeca
V 3 4072113fffe7bd5a c0517c41a0c2c71e bfcef81c3bcab618 407014fc00268cb2
V 4 40780fbfffe7c0ed bfc0654288e4a1fb bf35ce09805ff5ad 40780fbfca0b1abf
V 5 4072103fffe7bdff 4043c990eaf9398f 3fc186e7078028f0 407013360b86f60a
V 6 407210bfffe666d8 c040df4a4341924d bfbde2ed4cb0993a 407014c2ca9b5641
V 7 407211ffffe0fee0 c0567634bd5a4fad bfd3e367eb320143 407013fe01dab386
V 8 4072113fffe7bddd 405754c99aa27b72 3fd4a95806faeaf9 407014fc00268d70
V 9 40780fbfffe7bdff 3fa05978159be12f 3f15be5b310da020 40780fbfca0b17d0
V 10 4072103fffe7ba38 c04951813aa20d5c bfc66d177f06477e 407013360b86f1e0
V 11 407210bfffe667ec 405456756541c56d 3fd20333985100be 407014c2ca9b58fe
V 12 407211ffffe0fda8 4053822149abe3e9 3fd145f414a1ea82 407013fe01dab380
V 13 4072113fffe7ba71 c04be8abe2f81aab bfc8b7222caf7c1c 407014fc00268d5e
V 14 40780fbfffe7c236 bf9774fa55974d07 bf0f322a3138f126 40780fbfca0b1c07
V 15 4072103fffe7c041 4057a707b6a8c0a3 3fd4f355d887a2fb 407013360b86f866
V 16 bda0000000000000 c00919811ded6e2d bf863b7d10ec67db bda0000000000000
V 17 3d98000000000000 c057efb7a6b3e090 bfd53321e2fc96ea 3d97ffc000000000
V 18 bda0000000000000 40518448ecc63288 3fcf050ad33460be bda0000000000000
V 19 3daffffff8000000 40506078ba190375 3fcd017c504db745 3daffffff8000000
V 20 3d8fffffc0000000 bfadb703cf10a69f bf23c260503fbb90 3d8fffffc0000000
V 21 3d90000008000000 c055d5f8a6cf03b5 bfd35767020cac34 3d90020008000000
V 22 3d90000030000000 c0566a0a0b881a68 bfd3da019e303b2d 3d90000030000000
V 23 bd92000008000000 4040e872d6bbe102 3fbdf113f8340b41 bd92000008000000
V 24 bda0000004800000 4035c2a287ec320f 3fb3453542537879 bda0000004800000
V 25 3d90000020000000 bfc1879fddb35d72 bf37503330c40c41 3d90000020000000
V 26 3da0000004000000 c0545b8dc528db86 bfd208369a7f60fe 3d9ffe0008000000
V 27 3d9e000000000000 c0494b2b0127b588 bfc666dbd82123fc 3d9e000000000000
V 28 bda0000011000000 404bf57c66879dc5 3fc8c1743c66cb2c bda0010011000000
V 29 3da0000012000000 405379304fd56c53 3fd13ec0959aeccc 3da0000012000000
V 30 b670000000000000 bfc1c273aa8be6a2 bf379e6f94edfd3e b670000000000000
V 31 3d9ffffff0000000 c02f3d842357ec14 bfababec06ed2d9f 3d9ffffff0000000
S 5 S 192 S 208 S 224
S 4 S 224 S 232 S 192
S 3 S 240 S 244 S 224
S 2 S 248 S 250 S 240
N 1 332
V 0 40719354df212e68 c01ba88e50fce4bd bf992dd63d12c965 40718fb4523b479e
V 1 3d807fb802200000 c00fefebf6ee8ec7 bf8d1302e4c7b3cf 3d807fb802200000
B 332 40719354df212e68 40718fb4523b479e
N 2 328
V 0 407113952f457422 c02ed4a31972d27f bface316abb05554 407104aafd8b7c4b
V 1 407213148efce8ad bf59773b4192f97f bed68afa01581c2a 407213148edb6ed3
V 2 3d7b00e000000000 c01085a6c742c623 bf8ef60832f44d05 3d7b010000000000
V 3 3d837f0004400000 3f77c28698cd51fe 3ef50864fb0c748b 3d837f0004404000
S 2 S 248 S 250 S 252
N 1 336
V 0 40718bdfc633758f c01d45e334799c95 bf9ab171446c136b 407187cdec6755c4
V 1 3d807fc002202000 c010e69914ff2733 bf8ed29465ab08e1 3d807fc802202000
B 336 40718bdfc633758f 407187cdec6755c4
N 3 320
V 0 4070143cb608e1a0 bf8fdf1458eef60d bf0fb6f74cdcaa3d 4070143cb507cdab
V 1 407212eda88206a4 c010a8fc0253ce79 bf8d7f2d2a202477 4071da979d5e8525
V 2 4072132d2814fc08 403373167b5da01e 3fb137838708e057 4071dab3c9a7caeb
V 3 407212fbf5e4d552 4039500eefd93b92 3fb6686b327f71a1 4071daa93f4d2a03
V 4 3d77ffbff0000000 bf60c8a71b71112b bee0b387530a642f 3d77ffbff0000000
V 5 3d7e020010000000 403fa2f176d0934f 3fbc019c23df045a 3d7e024010000000
V 6 3d86ff000f800000 403958dfa2f8ff4e 3fb66ffbd98b8273 3d86ff000f800000
V 7 3d7ffdfff2000000 c0336c52daf5b48f bfb131b57b52923b 3d7ffefff2000000
S 3 S 240 S 244 S 248
S 2 S 248 S 250 S 240
N 1 344
V 0 4071690c56d6d1f0 c0189a355642173a bf969c03d079641f 40716626ad9c7a2b
V 1 3d807fe002200000 c00c688b68ea1f46 bf8a1b6c8615883a 3d807fe002200000
B 344 4071690c56d6d1f0 40716626ad9c7a2b
N 2 340
V 0 4070f76a29332968 c02b6df92bdb7e63 bfa9ddfabbedb2e1 4070eb884c874692
V 1 4071daae847a7a77 bf35d3155187bc29 beb38ed8389b3062 4071daae8478ec37
V 2 3d7b010000000000 c00d6620da0f2abb bf8bb96a899d291c 3d7b010000000000
V 3 3d837f4004400000 3f545cd1d5d10fdb 3ed23f731abded5c 3d837f4004400000
S 2 S 248 S 250 S 252
N 1 348
V 0 4071631b68801964 c019e37fe3860d89 bf97d2c2d1b78589 40715fe512157c34
V 1 3d807fe002200000 c00de4c6fe34b206 bf8b823e1ca578f1 3d807fe002200000
B 348 4071631b68801964 40715fe512157c34
N 4 304
V 0 407013fc6b112583 bfa8be59de179acc bf289f97e35bb5f3 407013fc618197f9
V 1 4070147d01009dbe 3f609ca9607c219e 3ee0877ede4dfc7d 4070147cfd159f9e
V 2 4074117aeac90864 4045103affa60ddf 3fc0cb1b592ddd79 4073461100e87bb9
V 3 40701460663b04e4 bf927e67eea83570 bf1266f858d2c87b 4070146063e0f393
V 4 4074125de518d2a0 c04ca06677af2c98 bfc6d1c3a7a95360 407347573dc235a8
V 5 407013fc6b11256f 3f95ef3f0f8fca6b 3f15d3faf8c68dbf 407013fc618197e5
V 6 4070147d0100a06f bf84692edbd5eb0a bf044f2d37799334 4070147cfd15a24f
V 7 4074117aeac90a36 c04e40238692245e bfc81e3b4c1cc271 4073461100e87dd4
V 8 bd70008000000000 bf69f2ce08c92527 bee9d28ca0d78740 bd70008000080000
V 9 3d8ffffff0000000 bf9fae6284200ff7 bf1f8604b53f21fb 3d8ffffff0000000
V 10 3d9000fff4000000 404804a910fea459 3fc326311a177d33 3d9000fff4000000
V 11 bd4ffffd80000000 3f9037f66e0d6e50 3f102368ef4f6ab7 bd4ffffd80000000
V 12 bd7fffffd2000000 c03c3bef23d2dad4 bfb681adbd14460e bd7fffffd2000000
V 13 3d9eff0004000000 bfa63d4bec6a218a bf2621a6d036cdfd 3d9eff0003f80000
V 14 bccfffe000000000 bf9e10724944fb8d bf1dea23e54e1c44 bccfffe000000000
V 15 3d8ffffff0000000 4034898fd07a333d 3fb05fbd0aac6706 3d8ffefff0000000
S 4 S 224 S 232 S 240
S 3 S 240 S 244 S 224
S 2 S 248 S 250 S 240
N 1 364
V 0 407147198c145292 c01629f36aa5a9f2 bf948658ebb7a487 407144bb00838ec6
V 1 3d807f98021d8000 c00997b6cf0a33c7 bf87b3329d21a925 3d807f98021d8000
B 364 407147198c145292 407144bb00838ec6
N 2 360
V 0 4070e0bab0d829b9 c028b0c721986756 bfa76805b5b1d553 4070d70d0f8fb344
V 1 4071ad7867507b6c bf6993404e60c5e4 bee725e99595a792 4071ad7866c66469
V 2 3d7b00dffffe0000 c00a7696db9e40a2 bf89163aeb0f0bce 3d7b00dffffe0000
V 3 3d837ec0043c0000 3f87dcab24b9481c 3f0598f39a823a09 3d837ec0043c0000
S 2 S 248 S 250 S 252
N 1 368
V 0 40714242bb2b0bd6 c017362974885dce bf9584c01b157463 40713fa8c22c5d24
V 1 3d807f98021d8000 c00acd6ae6d62207 bf88d8f50268789d 3d807fa0021d8000
B 368 40714242bb2b0bd6 40713fa8c22c5d24
N 3 352
V 0 4070143caf4b9bcc bf8fe07a65d9398e bf0fb85ba46db86a 4070143cae4a7146
V 1 4071ad38b264b7a6 c00aaeb77a218f7e bf8826d11e0883d2 407188487b057344
V 2 4071ada9cfa1e6c6 402f2caab25195ee 3fac36fce2db01ad 40718893f8d3458c
V 3 4071ad46feff1012 40344506ed830cde 3fb258c8f82f6822 407188597ae86796
V 4 3d77ffbfeffc0000 bf60c963a8fecab5 bee0b442fa4839ab 3d77ffbfeffa0000
V 5 3d7e020010000000 4039558e3987539e 3fb6ee650316808b 3d7e020010000000
V 6 3d86ff000f780000 4034504dc0bc9842 3fb262972b8ad4ea 3d86ff000f780000
V 7 3d7ffcfff2000000 c02f1b5c6b4006d1 bfac27f098c811be 3d7ffcfff2000000
S 3 S 240 S 244 S 248
S 2 S 248 S 250 S 240
N 1 376
V 0 40712b5ca742e46b c014283a64fc9c2a bf92c8c5afe6aa74 40712963cdcb8569
V 1 3d807f98021d4000 c0074684a6bc86e7 bf85b0b11e203864 3d807f98021d4000
B 376 40712b5ca742e46b 40712963cdcb8569
N 2 372
V 0 4070ce4294a7f245 c02675e7229e3901 bfa5623d513e1dc8 4070c6377bd20ae7
V 1 40718876b9ddd691 bf5e4711ed78674d bedba154549954cd 40718876b9ad0dfc
V 2 3d7b00dffffd0000 c00812ba31eed885 bf86eb45b134fc06 3d7b00dffffd0000
V 3 3d837ec0043c0000 3f7c3fd8c766eefe 3ef9c78195be503d 3d837ec0043c0000
S 2 S 248 S 250 S 252
N 1 380
V 0 407127571abf8c72 c0150721be82d280 bf939d16a5f970bf 4071253131c37112
V 1 3d807f98021d4000 c00847e7bb606007 bf86a5da82e2647a 3d807f98021d4000
B 380 407127571abf8c72 4071253131c37112
N 6 128
V 0 406823ffffbf49b5 c067f92da8a3ca12 bfefc73cb0d18280 4004edbb46c204c0
V 1 40780e7fffefd487 3f64f1692e479f03 3edbdbb77eeaeb06 40780e7fbd6d5af3
V 2 406827ffffbf45fa 4060af689e380982 3fe61a5f894c2a0d 4004edbe4d261080
V 3 40780d7fffed2c7c bfb13ef68ccbc95f bf26f1b61ab2b224 40780d7fe7faa698
V 4 407811ffffe25177 bfad5c1d1cd6066f bf23841aff122edf 407811fff53fa109
V 5 406823ffffbf4aa5 405312c2a1454ae0 3fd9486c34fbbfb8 4004edbb46c110c0
V 6 40780e7fffefd6de bfad66b974cd3ea6 bf238e0082f18d58 40780e7fbd6d5d49
V 7 406827ffffbf47aa c066502a7112d831 bfed8ef4fec04016 4004edbe4d27a280
V 8 40780d7fffed2f7a 3fb77585ed44b6d5 3f2f35cef8089126 40780d7fe7faa995
V 9 407811ffffe25260 3f8b05b3c61a89b5 3f01f6546f7ef2db 407811fff53fa1f3
V 10 406823ffffbf4dfd c059fc42d3b9135d bfe13901b56efe2e 4004edbb46c6a3c0
V 11 40780e7fffefd500 3fc0cf183e579d63 3f365bf3701ad1ac 40780e7fbd6d5b6c
V 12 406827ffffbf44f7 4063ba5f14236921 3fea2245a709f7f3 4004edbe4d213f00
V 13 40780d7fffed2b34 bfab51194d79ce40 bf222bd834c1c929 40780d7fe7faa54f
V 14 407811ffffe253a4 bf86ea0608b33443 befe76847db65198 407811fff53fa337
V 15 406823ffffbf5439 406796d8c6dc80f9 3fef44e45d988958 4004edbb46c19140
V 16 40780e7fffefd71e bfc3de7389767c29 bf3a6df79c6bf000 40780e7fbd6d5d88
V 17 406827ffffbf4938 c035ef9ab419a191 bfbd0f0a898b4a06 4004edbe4d2951c0
V 18 40780d7fffed2886 3fadd6f605c118de 3f23d979af72f53c 40780d7fe7faa2a2
V 19 407811ffffe25378 3fa910af1c96df2a 3f20a94b1acfbd4f 407811fff53fa30a
V 20 406823ffffbf4686 c064f52aa0da0f03 bfebc7e2589377de 4004edbb46c41bc0
V 21 40780e7fffefd12e 3fb36e3742f59d41 3f29d8ac1c07fa64 40780e7fbd6d579a
V 22 406827ffffbf4bc9 404a5a17da1789a0 3fd1744e0f7a4927 4004edbe4d284800
V 23 40780d7fffed29f4 bfb713d51fc41c7f bf2eb3d701821034 40780d7fe7faa40f
V 24 407811ffffe2506a bfae774bd42afe05 bf244057a12782f4 407811fff53f9ffd
V 25 406823ffffbf55cc 404d5687ec4cf6f6 3fd371da80a6b965 4004edbb46c6b7c0
V 26 40780e7fffefce12 bfb246b1c948c4d5 bf284f924eb734b7 40780e7fbd6d547d
V 27 406827ffffbf4da0 c065576861563f6c bfec456cccbf4ba8 4004edbe4d22c640
V 28 40780d7fffed2e8a 3fb24cf6f1d9a7d2 3f2858ec92cd636a 40780d7fe7faa8a5
V 29 407811ffffe255e2 3fa4b3dd2cabc53a 3f1b85d7d9ce5baf 407811fff53fa574
V 30 406823ffffbf520f c02f59a9caa7b2b0 bfb4c746489048b1 4004edbb46c40740
V 31 40780e7fffefd77b 3fc3eedf9e3e73dd 3f3a83cfdad0eb92 40780e7fbd6d5de6
V 32 0000000000000000 c0091b6968fde0a9 bf90a3faf8618c75 bcc0000000000000
V 33 bdb0000000000000 bfc3ff5034834d2a bf3a99ae1792bf87 bdb0000000010000
V 34 bd90000000000000 40613d873e6edb11 3fe6d6a3ecf12a35 bd90000000000000
V 35 3db0000000000000 3fb0b0cc18ce3641 3f2634928eb418d4 3db0000000080000
V 36 0000000000000000 bf9974b5c0b4f0f5 bf10ebc854f87e3a 0000000000000000
V 37 bdb0000000000000 c065ff94cac7fbf8 bfed2908d6c1cc5e bdb0000000000000
V 38 36a0000000000000 bfc299afdc5a7551 bf38bdf7b58b9678 36a0000000000000
V 39 3dbffffff8000000 4051a290d5fbc4f3 3fd75c7c4e6163ad 3dbffffff8000000
V 40 0000000000000000 3f9444465480b1da 3f0af6886ead243e 0000000000000000
V 41 3d9fffffc0000000 bfaf475e0251cd60 bf24caa6af4cc54a 3d9fffffc0080000
V 42 3da0000008000000 c06426ac1aee0911 bfeab6299081f50b 3da0000008000000
V 43 0000000000000000 bfb5acf7e5d4c4dd bf2cd53462de0ccb bbb0000000000000
V 44 3c20000000000000 405b4ed381514610 3fe21667a9a194c7 bd0fffc000000000
V 45 3da0000020000000 3fb3bc0362cb4024 3f2a413fcfe95157 3da000001ff00000
V 46 bda0000008000000 bfaf7baa4a2c1712 bf24ed6a21f32387 bda0000008020000
V 47 bd70000000000000 c0412b38d38df65e bfc6c228882e564c bd70000000000000
V 48 bdb0000000800000 bf92493160277856 bf0852e515dd20e1 bdb0000000800000
V 49 bc10000000000000 4067d5c19a2c2afc 3fef930d0d7991f7 bc10000000000000
V 50 3d90000040000000 3fb2cc82de3f5831 3f29029d056a6197 3d90000040000000
V 51 3d90000000000000 bfa3e4a481fb71be bf1a725ae9410487 3d90000000000000
V 52 3db0000000000000 c0574b3b3e6c7c75 bfdee0a8abe21884 3db0000000000000
V 53 3c10000000000000 bfc17b57657647b0 bf3741128c2362f3 3c10400000000000
V 54 3db0000000000000 406711e99d9f30e9 3fee8f9d76b620ca 3db0000000000000
V 55 bd70000000000000 3f9a5c49486581ca 3f1188fe76841a05 bd70000000000000
V 56 bdb0000009000000 bf9393ea0e6661bb bf0a0708228ec8cd bdb0000009000000
V 57 bc20000000000000 c066d3c2be4570d5 bfee424ae3044218 bd00004000000000
V 58 3c20000000000000 bfc1ca52358a0827 bf37aa217de14abe 3c1fc00000000000
V 59 3db000000a000000 4055ec9b71ffecb8 3fdd0b1224bba2f2 3daff80014000000
V 60 3680000000000000 3faf0dcafdff0422 3f24a83e06813735 3ba0000000000000
V 61 b690000000000000 bfa8669f329a5590 bf20383ff1dae127 b690000000000000
V 62 0000000000000000 c067e57848abefbc bfefad1cb6295f76 0000000000000000
V 63 3daffffff0000000 bf8a2696b2455a86 bf01648d0c57d25b 3daffffff0000000
S 6 S 128 S 160 S 192
S 5 S 192 S 208 S 128
S 4 S 224 S 232 S 192
S 3 S 240 S 244 S 224
S 2 S 248 S 250 S 240
N 1 444
V 0 406cb42a286d7a9a c024b12ac74de398 bfa7117941551f7f 406ca046a40ff73a
V 1 3d807d78021e0000 c017e4a446dfe0ab bf9aa30db92ab104 3d807d78021e0000
B 444 406cb42a286d7a9a 406ca046a40ff73a
N 2 440
V 0 406b35dfe3ff7c7a c03716a36c32dd31 bfbb2705b5be2dc1 406ae1e28c81cab9
V 1 406e32746cdb78b9 3f72a2ab5f5af55e 3ef3bf8052a53901 406e32746a2cbfcf
V 2 3d7afbdffff00000 c018bf00cbed7242 bf9d1a15500395e7 3d7afb5ffff00000
V 3 3d837d0004440000 bf9163185cf64d21 bf126cd8cdd233ac 3d837d0004440000
S 2 S 248 S 250 S 252
N 1 448
V 0 406c8a2b7b574544 c026f7105f12fa6c bfa9bfddab7d8a7b 406c7187dd4acda8
V 1 3d807d58021e0000 c01a848eed57a763 bf9dbba18fdb4a2e 3d807d58021e0000
B 448 406c8a2b7b574544 406c7187dd4acda8
N 3 432
V 0 406838fb4f99285b bfa1d8c8925e7941 bf2793bbd5a24cfb 406838fb42389b6e
V 1 406e32c47865d099 c018f30e36121a18 bf9a701e9de5a576 406d044bf1063a07
V 2 406e31e46bf47292 403d1b69d8725508 3fbed8df8975b0ec 406d030a73897690
V 3 406e33046dc27ee0 4042f3dd7ee8a671 3fc4152bb5090d5f 406d04a7b39bc4b4
V 4 3d77ffbff00e0000 bf72cbef1de3821e bef8d4f49255f8bc 3d77ffbff00e0000
V 5 3d7df8000fd20000 4047b0501a081d81 3fc91a1f1cc736a2 3d7df7000fd20000
V 6 3d8700000f900000 4042f76f7fa7f21c 3fc419b3e7b74553 3d86fe000f900000
V 7 3d7ff3fff1f00000 c03d15ef2ad2f5e2 bfbed1eb08d68c32 3d7ff3fff1f00000
S 3 S 240 S 244 S 248
S 2 S 248 S 250 S 240
N 1 456
V 0 406bd13e5699042e c020986f92585727 bfa3173c020f47b7 406bc40aed5bb922
V 1 3d807cd8021e0000 c01329abcf9995f3 bf960b4acda3589d 3d807cd8021e0000
B 456 406bd13e5699042e 406bc40aed5bb922
N 2 452
V 0 406a9ea3999f6aba c03285fb4e9d3f1a bfb6446bdbddc2ce 406a6761170076f1
V 1 406d03d913929da2 3f7abd402ff88f62 3efd7d7795f4e89f 406d03d90dd32c5e
V 2 3d7afb5ffff00000 c013da70cd66e738 bf97ddb172fb9aaa 3d7afb1ffff00000
V 3 3d837c0004440000 bf98f2b4b490109b bf1b83bfac8434d7 3d837c0004440000
S 2 S 248 S 250 S 252
N 1 460
V 0 406bb59d1269d1a8 c0221749506476a1 bfa4e466f3809380 406ba5dd7fd3d344
V 1 3d807cc8021e0000 c014e3bfb695aa1b bf981fcd8749f42d 3d807cb8021e0000
B 460 406bb59d1269d1a8 406ba5dd7fd3d344
N 4 416
V 0 406837db4c47e8da 3f8fe865e825a204 3f15148996636ee0 406837db49a46576
V 1 40683a1b52ea67dc bf6d4e94eadcb736 bef35adc545bed4e 40683a1b328a7e02
V 2 407215f6c44d4d0f 404f85434f7ea9a2 3fcbe2a6e4ef1782 40701c81f1f2368b
V 3 4068399b68310714 3fab1120133343b8 3f31e081c1158e5f 4068399b32b0c4da
V 4 407215f6c5d07d76 c0557017b8aafab9 bfd2f7299bf58784 40701c81f49f8aa4
V 5 406837db4c47ea38 bf7c4915797ad1be bf02afe5cc91d1dd 406837db49a466d4
V 6 40683a1b52ea63bb 3f920127f5438e88 3f17c7f6f46cc2a7 40683a1b328a79df
V 7 407215f6c44d4d03 c056a266ac843180 bfd406252337f6d2 40701c81f1f2359d
V 8 bd70007fffe40000 3f50bb14aea5a12f 3ed61b52f5d1115d bd70007fffe40000
V 9 3d8ffffff0000000 3fabf2346cda39cd 3f3274c90a3df3e1 3d8ffffff0000000
V 10 3d8fffffe7e40000 4051f89d8e3397b7 3fcfcc128af74703 3d9001fff3f20000
V 11 bd503ffec0900000 bfa7bcae06be3bae bf2f5afa42eec8ba bd503ffec2900000
V 12 bd7fffffd2000000 c04524db07c60c82 bfc2b49a368726ab bd7fffffd2000000
V 13 3d9f000004100000 3f8cadbb97dd838d 3f12f2647451738d 3d9f000004100000
V 14 bcf7fffc40000000 3faa8511680527cc 3f3183a43298f2b1 bcf7fffc40000000
V 15 3d8ffffff0100000 403ebbbc8a257be0 3fbb305dfa4adb21 3d9001fff8080000
S 4 S 224 S 232 S 240
S 3 S 240 S 244 S 224
S 2 S 248 S 250 S 240
N 1 476
V 0 406b39127b82ced4 c01bb46ed59d689a bfa048810657361d 406b2fac7d721c83
V 1 3d807e7802160000 c00ffda2da392c96 bf92cd5fb2702d87 3d807e8802160000
B 476 406b39127b82ced4 406b2fac7d721c83
N 2 472
V 0 406a392564b1055a c02eeb68b5fd83f5 bfb2dd8e5af08d5a 406a1212542bbbde
V 1 406c38ff9254984d 3f72a1a1cd4c5c11 3ef520013add5889 406c38ff8f762642
V 2 3d7afddfffd00000 c01091dadb953071 bf94384d773a6489 3d7afddfffd00000
V 3 3d837e0004440000 bf916220951b7dab bf13b5bcb76f4611 3d837e0004460000
S 2 S 248 S 250 S 252
N 1 480
V 0 406b2588f1d0f110 c01dd1dd3509b3b6 bfa193568d8f5143 406b1a9dc0536d5c
V 1 3d807e7802170000 c0113769da5351d3 bf944b635c10f631 3d807e8802170000
B 480 406b2588f1d0f110 406b1a9dc0536d5c
N 3 464
V 0 406838fb3e1771bc bfa1d7dcb82b124b bf279284522afc23 406838fb30b8464e
V 1 406c394f8b4a98f8 c010b3d910efc8f2 bf92efec265956e0 406ba844e2eae3bf
V 2 406c386f9971be0e 40337dcb8a400273 3fb61a133b9d6a27 406ba720f250feff
V 3 406c398f8b37728c 40395fb02fe13832 3fbcc481473843ee 406ba8984da5b7d9
V 4 3d77ffbff00e0000 bf72caf6b65c79d0 bef8d3ac7ab60d87 3d77ffbff0160000
V 5 3d7dfc000f920000 403fb7928541c3af 3fc1faf41018c89b 3d7dfc000f920000
V 6 3d8700000f900000 403966d3da66c776 3fbccdbf3fe63a27 3d86ff000f900000
V 7 3d7ff7fff1f00000 c03378511f5d328b bfb612fbc2584d34 3d7ff7fff1f00000
S 3 S 240 S 244 S 248
S 2 S 248 S 250 S 240
N 1 488
V 0 406acc3e54e67839 c017c63de557ccd6 bf9c63be6fad0c18 406ac53679ea6788
V 1 3d807e3802170000 c00b73c9629c63c7 bf906408ad2872b2 3d807e3802170000
B 488 406acc3e54e67839 406ac53679ea6788
N 2 484
V 0 4069f0a009d19506 c02a8a9d6cb89d5e bfb05efb7b482141 4069d384b8101633
V 1 406ba7dc9ffb5b6c 3f7849910ea82ca6 3efc1a405c35b00b 406ba7dc9b01b9d8
V 2 3d7afddfffd40000 c00c727243a0ee53 bf918be19fcc4949 3d7afdbfffd40000
V 3 3d837d8004440000 bf96a9119266a59b bf1a3853f4107fa1 3d837d8004400000
S 2 S 248 S 250 S 252
N 1 492
V 0 406abdb0a988e806 c019598e22e3b2c5 bf9e55d3646d57fa 406ab5ae03562215
V 1 3d807e3002150000 c00d457e2f1a37b6 bf91839a01aa3374 3d807e3002150000
B 492 406abdb0a988e806 406ab5ae03562215
N 5 384
V 0 4068385b33fadefc c067e15de5495a64 bfef8d1178666408 4014c99009d078c0
V 1 4068375b6494f2b9 401903248055545e 3fa086a4d8014361 4014c99187acc8e0
V 2 40683bdb6bcd232a 406057aeadd6fd14 3fe5946c12d2b523 4014c9954369d580
V 3 4068385b3a07ac8e c06170512445e021 bfe70a51dd2d0c98 4014c99305ca7e60
V 4 40780fbfee9d25c4 bfc06573092ef61a bf35ce4a10c4e15c 40780fbfb8bf40c2
V 5 4068385b33fae8b4 4053b8c316806b3a 3fda0e7f45a1a10a 4014c99009d50880
V 6 4068375b6494e7cd c050d47876aafccd bfd63d54b6576374 4014c99187a807e0
V 7 40683bdb6bcd265a c0665fe0b07a64c4 bfed8b7be7deca76 4014c995436a54e0
V 8 4068385b3a07b02c 406744db40dd4968 3feebe48d0c0d49b 4014c99305cc2820
V 9 40780fbfee9d22d6 3fa059a8730507c5 3f15be9b930425dd 40780fbfb8bf3dd3
V 10 4068385b33fadfd2 c0593c00f10ed4bf bfe0ab8663547c51 4014c99009d28900
V 11 4068375b6494f49f 4064496ab03aa646 3feaceb917f5c06b 4014c99187aef8a0
V 12 40683bdb6bcd2d6c 40636ebcd28bcb97 3fe9a8fc684dfea2 4014c995436f6900
V 13 4068385b3a079a0a c05bd59d590b17bb bfe2633b7690f952 4014c99305c5b320
V 14 40780fbfee9d270c bf97753fb974238e bf0f3286903b2592 40780fbfb8bf420a
V 15 4068385b33fae5f4 406792f199e3e347 3fef2574617de513 4014c99009d27460
V 16 bda0002000010000 c01904306301a3c7 bfa086a74407ebcc bd9fff4000020000
V 17 3d98000000100000 c067e05e2cdb987b bfef8d0cd8a961df 3d98010000100000
V 18 bda0000000000000 406172df46bb6d3f 3fe70a5d92342a82 bda0080000000000
V 19 3daffffff8000000 4060554a03e08ac5 3fe594611bccd5e4 3daffffff8000000
V 20 3d8fffffc0080000 bfadb75bb60e914b bf23c29ad215be93 3d8fffffc0080000
V 21 3d90000007e00000 c065c36d7b2723ee bfecc10cebcb7f29 3d90000007e00000
V 22 3d8ff0005fe00000 c0665baa74822546 bfed8b689f2d36e8 3d8fe0005fe00000
V 23 bd92000008020000 4050d7a419cf83a8 3fd63d633a6bd1c6 bd91f80008020000
V 24 bda0000004800000 4045b3c6c768b580 3fccac5f2e37cb22 bda0000004800000
V 25 3d90000020000000 bfc187d3b8f1bebb bf37507838963af9 3d90000020000000
V 26 3da0000004100000 c0644a43f68bb16f bfeacebd05bb4c9d 3da0000004100000
V 27 3d9e000000000000 c0593af2b8b31f23 bfe0ab83f1e6a845 3d9e000000000000
V 28 bda0020011000000 405bd9b16dedc951 3fe26344ce623410 bda0020011000000
V 29 3d9ff80023e00000 40636be450bbb27a 3fe9a8ef5e87095c 3d9ff80023e00000
V 30 3b90000000000000 bfc1c2a833d00a3b bf379eb584683215 bb90000000000000
V 31 3d9ffffff0000000 c03f22fc68963c83 bfc491b0d42a0214 3da001fff8000000
S 5 S 192 S 208 S 224
S 4 S 224 S 232 S 192
S 3 S 240 S 244 S 224
S 2 S 248 S 250 S 240
N 1 524
V 0 40531a0c38295e5d c0348e7d45124b52 bfd137f6e2ebc784 4051421b35f7d41c
V 1 3d807c38021a0000 c027bc9969aa2f71 bfc3e1e0fd5abead 3d807d38021a0000
B 524 40531a0c38295e5d 4051421b35f7d41c
N 2 520
V 0 404a55cbbb7da4ad c046ed8b51955a1d bfebdc1f12f8c042 4023c309f32647f0
V 1 405909329293ea63 3e9eeb90a8f2831d 3e33c2b1146a80dd 405909329293ea61
V 2 3d7af4dffff00000 c02892f56215ba8a bfcddc2f45ddec19 3d7af4dffff00000
V 3 3d837e00043c0000 bebcd950eeb8f3a3 be526fd1c417416e 3d837e00043c0000
S 2 S 248 S 250 S 252
N 1 528
V 0 404b8193d0f8b35f c0438adef18cd338 bfe6bc37e738a4f9 4031fcb437f0ef72
V 1 3d807c38021a0000 c03690d1542f210f bfda409bfa446a81 3d808438021a0000
B 528 404b8193d0f8b35f 4031fcb437f0ef72
N 3 512
V 0 4014c99276ac6560 bedaa402de214425 beb4815837a20800 4014c99276ac42a4
V 1 405909329412de57 c028c93e231b53db bfbfae41596ad41e 40243f7f3c41a3b8
V 2 405909328b1c747a 404ce6661e190f1a 3fe2782e309f025a 40243f7cc1fc73a0
V 3 405909329a0b604c 4052d4e3de48cc7a 3fe811e2462f35c6 40243f7ff189a280
V 4 3d77f1bff00e0000 beac0ef3d08a7d0b be8598b3112817e0 3d77f1bff00e0000
V 5 3d7df8000fd20000 4057889ce98fabcd 3fee1470278b93e6 3d7df8000fd20000
V 6 3d8700000f900000 4052d4e3fd128602 3fe811e27be4bec5 3d8700000f900000
V 7 3d7ff7fff1d00000 c04ce665eed95b14 bfe2782e0768a172 3d7ff7fff1d00000
S 3 S 240 S 244 S 248
S 2 S 248 S 250 S 240
N 1 536
V 0 4021c8d14ac776ca bff111739a03c327 bfbeb610a069aa22 402171741d71476c
V 1 3d807c38021a0000 bfe3b56877dc97c0 bfb1bb2a5203b017 3d807c38021a0000
B 536 4021c8d14ac776ca 402171741d71476c
N 2 532
V 0 401ea4487797c50a c0030980d9a02e02 bfd3e18880539c45 401b78fb8bfe968b
V 1 40243f7e59c30b10 3eca6291b2b4481e 3e94d97706d368de 40243f7e59c2eafc
V 2 3d7af4dffff00000 bfe46767b5b4de41 bfb54ef1fc068abb 3d7af4dffff00000
V 3 3d837e00043c0000 bee89e19148b6a57 beb373ec042b88cc 3d837e00043c0000
S 2 S 248 S 250 S 252
N 1 540
V 0 4020fdfe0fe11b21 bff68eaa4abd9e0e bfc53d7cc0e2adfd 40205e49139c2a83
V 1 3d807c38021a0000 bfea0c024f0e746e bfb886ab66905d65 3d807c38021a0000
B 540 4020fdfe0fe11b21 40205e49139c2a83
N 4 496
V 0 4014c990c8bea0d0 bec7d0b0605c37e4 bea2549c75df6958 4014c990c8be99f6
V 1 4014c994249a29f0 be92c25333c6697f be6ce0aa24bb1045 4014c994249a1a7b
V 2 406862e5f8e694e4 405f4d293079be98 3fe4897aa179c64e 402482af3e1367b0
V 3 4014c99365892e60 3ed6749fbb7010fe 3eb148b298334b73 4014c99365890376
V 4 406862e604d66e74 c06549efb072c00d bfebef775cafce3f 402482b225d378c0
V 5 4014c990c8c0c0d0 3eb51c9256849faf 3e903fe3bedbe4f9 4014c990c8c0b9f6
V 6 4014c994249a8e10 3eb70cb41269c046 3e91bdc00e588f3d 4014c994249a7e9a
V 7 406862e5f8e68bdc c0667a1d7a568b7a bfed7e9d02ac0268 402482af3e10e540
V 8 bd6ff8ffffc80000 be88f959b97323e4 be6338f377564a68 bd6ff8ffffc80000
V 9 3d8feffff0000000 3ed1e3273c222951 3eab891d9a73805d 3d8feffff0000000
V 10 3d8fffffe7e40000 4061d8a1200fc0d3 3fe76b017f6bb1fa 3d8fffffe7e40000
V 11 bd503ffec0900000 bed3b167037d84a0 beae50b3f0858c04 bd503ffec0900000
V 12 bd7fffffd2000000 c054ff38e8df27a1 bfdb8d6cfde53858 bd7fffffd2000000
V 13 3d9f000004100000 bec567b144f3a8d1 bea079b5c2c73e33 3d9f000004100000
V 14 bcf7fffc40000000 3ed0f9c091a3d7aa 3eaa21d1db772881 bcf7fffc40000000
V 15 3d9001fff7f80000 404e85091b3d4320 3fd4062cfa91ad12 3d9009fff7f80000
S 4 S 224 S 232 S 240
S 3 S 240 S 244 S 224
S 2 S 248 S 250 S 240
N 1 556
V 0 401c5fffd0858f7b bfe185da2d39d300 bfb3c2ef697f26b2 401c26494fe015c3
V 1 3d807e38021a0000 bfd43bd0e61b5864 bfa6d18e21ca5cd4 3d807e3a021a0000
B 556 401c5fffd0858f7b 401c26494fe015c3
N 2 552
V 0 4019d885b3c221d2 bff38b4d9d0f4a7b bfc832a72bc63bc5 4018db14e3771b8c
V 1 401ee779ed48fd24 bea44e7c994d4f8e be7506d050e5910a 401ee779ed48fa07
V 2 3d7af4dffff00000 bfd4f28630ea9db8 bfa9ef68b9f53e74 3d7af4dffff00000
V 3 3d838200043c0000 3ec2f241e6dfb193 3e939e3cabd68b34 3d838200043c0000
S 2 S 248 S 250 S 252
N 1 560
V 0 401be14768600aca bfe4f3cbe872c598 bfb80c7055fbadd9 401b8d4cc8ddf962
V 1 3d807e38021a0000 bfd8319427476508 bfabc4d7dca82599 3d807e38021a0000
B 560 401be14768600aca 401b8d4cc8ddf962
N 3 544
V 0 4014c99276ac5a38 bedaa40299e00abe beb481580318facf 4014c99276ac377c
V 1 401ee778f0d7e96b bfd520ca220a5f58 bfa5e093828ba125 401b97a513201d72
V 2 401ee77a8a33d5bb 3ff8a28e8baafbbc 3fc9822bef03a535 401b97a41678b64d
V 3 401ee779505e248d 40000d676d7b8ca1 3fd09f1da6725aec 401b97a5bb70e6b0
V 4 3d77f1bff00e0000 beac0ef388a756ed be8598b2d9d34891 3d77f1bff00e0000
V 5 3d7df8000fd20000 40040f7abe26ff1e 3fd4c59331734b2e 3d7df8000fd20000
V 6 3d8700000f900000 40000d6eb3c70f56 3fd09f2485fb1b69 3d86ffe00f900000
V 7 3d8003fff8e80000 bff8a28361b11021 bfc9822162bd8419 3d8003fff8e80000
S 3 S 240 S 244 S 248
S 2 S 248 S 250 S 240
N 1 568
V 0 4019e42056ed7c7a bfd792b65f857350 bfad2292aef49229 4019c7826ffa06b2
V 1 3d807e30021a0000 bfcb38492074f671 bfa0d23588d25406 3d807e30021a0000
B 568 4019e42056ed7c7a 4019c7826ffa06b2
N 2 564
V 0 4018309bc4e62a77 bfea4ada1fd0a956 bfc164032f9526b6 4017b6173b0d730e
V 1 401b97a4e8f4ce7e 3eab3d1e44c6c13c 3e7f970369348746 401b97a4e8f4c838
V 2 3d7af4dffff00000 bfcc2e1b00e68860 bfa2a3a70dfb93dc 3d7af4dbfff00000
V 3 3d8381f0043c0000 bec96a012d0115bd be9d794846e2d69c 3d8381f0043c0000
S 2 S 248 S 250 S 252
N 1 572
V 0 4019a6de12011da3 bfdae38a45132694 bfb0c58541f4d0bc 401981496ceeba06
V 1 3d807e2f021a0000 bfcf0c6d6f3a7f89 bfa35dbb007fe9da 3d807e31021a0000
B 572 4019a6de12011da3 401981496ceeba06
N 7 0
V 0 3ff4ffffdfa441af bfe1ffd85a3d6f59 bfdb6d7a9b63e225 3ff12492356aa9c4
V 1 40780effffdfa573 c0091664148afed6 bf80af2a932c813f 4009f1f33213d900
V 2 40780bfffffaaf38 4070d4c6a83d4d5d 3fe665d5f55c046a 3ff7fa02e9483c00
V 3 407810ffffe4f9d6 4071129813fa6042 3fe6b3610b54b3fa 400ded4d08d54700
V 4 407812ffffdfa1d6 c0761271ffb2eb78 bfed56b35c6cf514 4009f1f587a07100
V 5 3ff4ffffdfa423f2 3fcc18b33c05c962 3fc568272a255431 3ff12492356298a4
V 6 40780effffdfa597 4061f9207042bf74 3fd7e7e4fc065fde 4009f1f332142180
V 7 40780bfffffab362 c0763f5c871e9c25 bfed9b0332960ea3 3ff7fa02e958db00
V 8 407810ffffe4fb8e c077733536c06708 bfef2e30e6805d86 400ded4d08d8b180
V 9 407812ffffdfa760 405379e37f9a36e9 3fc9e35b574b66ed 4009f1f587ab7900
V 10 3ff4ffffdfa34c7a bfd3c145c66ca824 bfce1a521fcc781a 3ff12492356554b6
V 11 40780effffdfa759 c074071bb1493432 bfeaa37ebd4f307e 4009f1f33217a180
V 12 40780bfffffaaaa2 4073d873e0452728 3fea68bb77fb6a42 3ff7fa02e935ec00
V 13 407810ffffe50319 406aef95b995b1bb 3fe1e85f385aaeb2 400ded4d08e7b600
V 14 407812ffffdfa1f1 c051eff1fb7bface bfc7d7b7dde079c3 4009f1f587a0a680
V 15 3ff4ffffdfa5b946 3fe1aea94c8c24b1 3fdaf1c53070a6b9 3ff1249235684428
V 16 40780effffdfaea9 4077d2587db8b77f 3fefaf5313df33a5 4009f1f332263100
V 17 40780bfffffab04a c04461c2a3ad9d58 bfbb1f73cb07f91b 3ff7fa02e94c7f00
V 18 407810ffffe4fed1 c06e151fb9cfc72f bfe3ffea8b291de4 400ded4d08df3080
V 19 407812ffffdfa5ef 4072a7a864f07154 3fe8cbe9c2fcfbc4 4009f1f587a89a80
V 20 3ff4ffffdfa8e8ff bfdf9bf89b734b73 bfd8154fd87aabec 3ff12492357f3d4b
V 21 40780effffdfa514 c066ee75a4a8b3d6 bfde803763c10af8 4009f1f332131d00
V 22 40780bfffffaac97 405b1d65360d7b9f 3fd20a9384f52e10 3ff7fa02e93dbd00
V 23 407810ffffe4fd6a 4076f95d785bd986 3fee8c2eaa399a3a 400ded4d08dc6580
V 24 407812ffffdfa5ad c076e1f8c75bc0df bfee6a8cafed65c2 4009f1f587a81680
V 25 3ff4ffffdf9f498c 3fc576a61f36cbcc 3fc05a6649605649 3ff1249235698010
V 26 40780effffdfa969 40663d754c50abe3 3fdd94ca1247fea2 4009f1f3321bbd80
V 27 40780bfffffaacff c0754209a23bc3ab bfec49e7e463c43e 3ff7fa02e93f5a00
V 28 407810ffffe5012f c072635925587867 bfe873254cd06299 400ded4d08e3e600
V 29 407812ffffdfa619 406eb7e7986cd30d 3fe46a70cc6ce638 4009f1f587a8ee00
V 30 3ff4ffffdfa3cdca bfa9e21720377b9c bfa3b87343200383 3ff12492356dac10
V 31 40780effffdfb06b c077dc2e8238891c bfefbc6841f78b35 4009f1f33229b200
V 32 40780bfffffaa981 4077f5ed72c50166 3fefe2a09e140f4c 3ff7fa02e9316b00
V 33 407810ffffe504bb 4035eec07b1586d2 3fad29adc924587d 400ded4d08eaf580
V 34 407812ffffdfa1cd c06fe80932921aeb bfe53491d9078551 4009f1f587a05e80
V 35 3ff4ffffdfa76b7e 3fdadf0285429f31 3fd479269d727d8c 3ff124923568dafe
V 36 40780effffdfa62e 407592873b496ff3 3fecb17013d18a45 4009f1f332154e00
V 37 40780bfffffaaadf c064e07fc2d1e130 bfdbc81ba0a306f8 3ff7fa02e936e100
V 38 407810ffffe4fdcc c05f88b44b05b8f7 bfd4f6f3effc15d4 400ded4d08dd2880
V 39 407812ffffdfa925 4076a2fa1ce48df7 3fee16d0c16ad407 4009f1f587aeff80
V 40 3ff4ffffdfa65ce1 bfe16c97fff53676 bfda8d188a5c7808 3ff12492356e1ddc
V 41 40780effffdfa029 c0580b467953cebc bfcffb0bba9b962d 4009f1f332095180
V 42 40780bfffffaa98f 406856db1497e7f1 3fe031ce7bd59f30 3ff7fa02e931a100
V 43 407810ffffe4f8cd 4074a458434d9a18 3feb725a04c3018b 400ded4d08d33600
V 44 407812ffffdfa56a c073233603b36cf1 bfe9702492c7fdcd 4009f1f587a79100
V 45 3ff4ffffdfa65f6b 3fd5ae570b00c880 3fd084d4b41db2b8 3ff12492356ebfd5
V 46 40780effffdfaa32 404a91e35fde0ddb 3fc1ab8c5d9c00f9 4009f1f3321d4d80
V 47 40780bfffffaa9b5 c077c4ac27dc391d bfefa1150001fe70 3ff7fa02e9323700
V 48 407810ffffe50043 c077a91414418174 bfef75d1fbbdbfbd 400ded4d08e21080
V 49 407812ffffdfa091 404db0f3bfba9125 3fc3bbadeb91d604 4009f1f5879dea00
V 50 3ff4ffffdfa8fd26 bfd535387512b781 bfd0288ca2d824ae 3ff124923578e990
V 51 40780effffdfaccf c0735bcbcd9e1558 bfe9bfa2a1fae316 4009f1f332228180
V 52 40780bfffffaa456 40747bddec1426ac 3feb423177654180 3ff7fa02e91cc700
V 53 407810ffffe4f7ce 4068f5c302a29ccd 3fe098164761dea4 400ded4d08d13b00
V 54 407812ffffdfaccc c05689aa767de391 bfcdf52bdb6d27c2 4009f1f587b64600
V 55 3ff4ffffdfa0d3c4 3fe17ee9efc9f4ff 3fdaa9031c95baff 3ff124923570b2af
V 56 40780effffdfaee3 40767d64a0db6f82 3fede9d40772df16 4009f1f33226a500
V 57 40780bfffffaae31 c0608a379e201d2d bfd6029e2e6dd0e6 3ff7fa02e9442100
V 58 407810ffffe4fd8d c0641fd1ca1ac5a5 bfdac22389c03c7f 400ded4d08dcab00
V 59 407812ffffdfae37 4075c1102bdb3ee4 3fecea869019307c 4009f1f587b91900
V 60 3ff4ffffdfa647b9 bfda79be065a7185 bfd42bfe9dd1f09c 3ff12492356cb42d
V 61 40780effffdfabc7 c0703bb5dd284ea1 bfe59773d3ee5ee6 4009f1f332207380
V 62 40780bfffffaaa93 402f683c04f0175e 3fa4e5b528bb01a5 3ff7fa02e935b000
V 63 407810ffffe50463 4077eddf05497980 3fefd14a7274aa55 400ded4d08ea4600
V 64 0000000000000000 bf72d96e89ff8863 bf6cb90a231cd4a8 0000000000000000
V 65 0000000000000000 4077f4cb7506f86c 3fefdd250fb51920 0000000000000000
V 66 0000000000000000 40711bdc80b09aec 3fe6c46e7460fe4a 0000000000000000
V 67 bdc0000000000000 c070cba8bcb168fd bfe6550f661d5c9d bdc0000000000000
V 68 b690000000000000 c062b5abc0789486 bfd8de8a28b769ca b690000000000000
V 69 bda0000000000000 bfe092aac9b4f48a bfd9410466779185 bda0000000000000
V 70 3dc0000000000000 4076352a2779c530 3fed89c21b79023d 3dc0040000000000
V 71 b690000000000000 40620161120160bf 3fd7f5dbd4c767ac bd20000000000000
V 72 b6b0000000000000 c05375039abdee54 bfc9df06d44402a1 b6b0000000000000
V 73 36b0000000000000 c077791532bbc2ec bfef3368e618e7f1 bd10000000000000
V 74 0000000000000000 bfde187476e017ae bfd6ee0fbadc3dec 3c70000000000000
V 75 bdc0000000000000 406a4af5646e58df 3fe17c6086b79997 bdc0000000000000
V 76 36b0000000000000 406afe34c0bb0e47 3fe1f5d2ec5fd75d 3d20000000000000
V 77 0000000000000000 c073cdb3f6e8415a bfea54f3c750c4c3 3d20000000000000
V 78 3dc0000000000000 c0778cac408ea039 bfef4d7305d91661 3dc0000000000000
V 79 3dbffffff0000000 bfbaefc5fca4b1e5 bfb485ec4dd28b14 3dbffffff0000000
V 80 0000000000000000 4044586b2a8edf3c 3fbb0fa51c5be0cc 3d00000000000000
V 81 0000000000000000 4077dd4894371e71 3fefc1d53062fe48 0000000000000000
V 82 bc40000000000000 c072a2fd1e33c682 bfe8c7c3fd8d5134 bc40000000000000
V 83 3db0000000000000 c06e1ca916d748fa bfe4034379e9fc33 3db0000000000000
V 84 bdaffffff0000000 bfd13abda8c5c131 bfca4121299bf137 bdaffffff0000000
V 85 3dc0000000000000 407508fd63ebdff6 3febfa7ff566d7aa 3dc0000000000000
V 86 0000000000000000 407705d5f6d768f4 3feea3210df45e37 bd10000000000000
V 87 0000000000000000 c05b0eb549fe0c8c bfd1fd1045e171fa 0000000000000000
V 88 3c30000000000000 c05c95da4a82d513 bfd2ff873c0bf61e 3d10004000000000
V 89 0000000000000000 bfe12e7d509cc36c bfda2e75f889adcc 3c70000000000000
V 90 3db0000000000000 4075384b5de9585f 3fec396b44fcb4f1 3db0000000000000
V 91 3c40000000000000 406647ab7acfe166 3fdda6119af8ee89 3d20004000000000
V 92 0000000000000000 c06eb037606f9451 bfe467069bb30c48 bd20000000000000
V 93 bdb0000008000000 c07267f47a73fe09 bfe8773ce8838fdc bdb0080008000000
V 94 bd80000000000000 bfe1ed5a2a711489 bfdb514c9b87bf9b bd80000000000000
V 95 0000000000000000 4041397c463dd50f 3fb6e8febe8f8502 bd00000000000000
V 96 bdc0000000800000 4035faa840cf57b1 3fad3f95e0d5364f bdbfff0001000000
V 97 0000000000000000 c077e8f2e791ca7c bfefcabeeda8747b 0000000000000000
V 98 bc20000000000000 c071e4c8437b25fa bfe7c8e152630d6a bd20001000000000
V 99 0000000000000000 bfd7f50377ed06b0 bfd240c5ccd1fff8 0000000000000000
V 100 3da0000000000000 4064d6ee33056f55 3fdbb7eaa6d9a95d 3da0000000000000
V 101 3c40000000000000 40759c6eee08ddd1 3fecc232ceaae0c8 3c40000000000000
V 102 0000000000000000 c0769d4fb75009da bfee11c85bf61597 0000000000000000
V 103 3da0000000000000 c05f909abf9e98ca bfd4fa763799fb29 3da0080000000000
V 104 3dc0000000000000 bfc210bc5b31584b bfbb873790cbb127 3dbfffff80000000
V 105 b6b0000000000000 407730cfa2259537 3feed87837e37499 b6b0000000000000
V 106 b6b0000000000000 4074af8caf6f41ea 3feb86f8188e300e b6b0000000000000
V 107 3c20000000000000 c06849ac08ad6d31 bfe025ad55be667e 3c20000000000000
V 108 3dc0000000000000 c06ce005dd28b714 bfe330d2977d15e4 3dc0000000000000
V 109 0000000000000000 bfdcbd3299a90224 bfd5e57c04850e0d 3c70000000000000
V 110 0000000000000000 4077b9c7590f5e0d 3fef8ea5f9d82ff9 0000000000000000
V 111 bd80000000000000 404a9e167f65291c 3fc1b5debae9ec03 bd7fe00000000000
V 112 bc30000000000000 c04da98557e5cdad bfc3b860f6012231 bd00008000000000
V 113 bdc0000001000000 c077af018f43ce48 bfef7b15f87581fa bdc0000001000000
V 114 bc30000000000000 bfdd1706a69b3133 bfd629ecd1d5021a 3c6e000000000000
V 115 36b0000000000000 406c3a005a47cfaf 3fe2c59a1153a95f 36b0000000000000
V 116 0000000000000000 4069034f78427c6d 3fe0a48d5ed5f47c 0000000000000000
V 117 3c30000000000000 c07470c57e9c1de0 bfeb2dc6e6b603b0 3c30000000000000
V 118 3dc0000002000000 c0774d1500a5f1ba bfeef8ec45fa3e22 3dc0020002000000
V 119 3c30000000000000 bfc0ec2f3dc51e48 bfb9c96cb6a36890 3c30000000000000
V 120 3690000000000000 406082a2ef5f95d2 3fd5f5ca4b8327ba bd10000000000000
V 121 0000000000000000 407687b82a803aa0 3fedfb4d3cbde9c3 3d10000000000000
V 122 b6a0000000000000 c075bb9e51411251 bfece5b064da82fe b6a0000000000000
V 123 0000000000000000 c06424dc79b0d671 bfdac69e0fede5a8 0000000000000000
V 124 0000000000000000 bfd864bebdbc4af2 bfd295e6c5928661 0000000000000000
V 125 0000000000000000 40719e67df5a8e00 3fe76f3a502636a9 bd20000000000000
V 126 3dbffffff0000000 4077fadc3c7f44bf 3fefe9310d7f5e25 3dc0003ff8000000
V 127 0000000000000000 c02f5738e48a032a bfa4d60e4e514add 3ce0000000000000
S 7 S 0 S 64 S 128
S 6 S 128 S 160 S 0
S 5 S 192 S 208 S 128
S 4 S 224 S 232 S 192
S 3 S 240 S 244 S 224
S 2 S 248 S 250 S 240
N 1 700
V 0 400463d23a878552 bf89a1412d59316c bf741c9fd8d2cbd0 400463a745f7e4a0
V 1 3d807fc072200000 bf7d9848c26b0ef2 bf67391e8ef48c3c 3d807fc073200000
B 700 400463d23a878552 400463a745f7e4a0
N 2 696
V 0 40044639f1c51513 bfb0c81d2ac0640c bf9a7cc6cf29fa21 400442811bfda351
V 1 4004816a8349f591 3f92924b3b211a21 3f7cfb55b6a1b11b 40047d7e27994fc5
V 2 3d7b020100000000 bf91fc8fa013df55 bf7c639d4ce3dedd 3d7b020100000000
V 3 3d837e8064400000 bfb153d10abc51d7 bf9b0a55686c3e30 3d837e8064400000
S 2 S 248 S 250 S 252
N 1 704
V 0 40045fffa1cb798b bf898af1c735c029 bf740ee0c6eacd75 40045fd4efe29fc4
V 1 3d807fc072200000 bf7d7e85cdd109f2 bf67293f162213d7 3d807fc072200000
B 704 40045fffa1cb798b 40045fd4efe29fc4
N 3 688
V 0 4003bb3ca107aca2 bfc1c9043c8915e5 bfacd7feeced531a 4003aaed8f8597d6
V 1 4004d13742827d84 bf7ee730ae2851f7 bf67c07d03caa959 4004ce9616e0136b
V 2 4003f1e826a571e6 3fba003a2dbb7baf 3fa4dbadfdb0d307 4003db0a77f9159e
V 3 400510ecdfee793c 3f95afa3a2262ea1 3f80788b9cedfe97 4005105f0005edbd
V 4 3d780c00f0000000 bf92bb53f7dea30d bf7e60f8cf7a1a38 3d780c00f0000000
V 5 3d7df80110000000 3fad576e90eb766f 3f968d3c9e473dcd 3d7df80110000000
V 6 3d86ff804f800000 3fc0f1483975a0a9 3fab2ece5669b426 3d86ff7fcf800000
V 7 3d7ffb00f2000000 bf90a3ec2e4292d6 bf7946f027d073db 3d7ffb00ea000000
S 3 S 240 S 244 S 248
S 2 S 248 S 250 S 240
N 1 712
V 0 4004593b47992ba7 bf88a8da5a2b02d6 bf7363c604ce2d40 400459136f377ce2
V 1 3d807fc051200000 bf7c79746650d6f3 bf6663ac0496b1d0 3d807fc052200000
B 712 4004593b47992ba7 400459136f377ce2
N 2 708
V 0 40043cc1d332d5a0 bfb19b86587c05dd bf9bd775f3525f65 400438a6fcdba974
V 1 400475b4bbff81ae 3f9403e001833d06 3f7f4df6a215ff27 400471238c73becd
V 2 3d7b020100000000 bf92df26879d8e42 bf7dd7307ca1ccde 3d7b020100000000
V 3 3d837e8022400000 bfb2aca3f6744478 bf9d3521310a83f1 3d837e8022400000
S 2 S 248 S 250 S 252
N 1 716
V 0 400454e544a7b420 bf88759b47062f01 bf733f948882eb6c 400454be08d9a916
V 1 3d807fc051200000 bf7c3e47cc057c73 bf6639e12824308b 3d807fc051200000
B 716 400454e544a7b420 400454be08d9a916
N 4 672
V 0 40029c37c26a9be6 3fafc9464caca7c5 3f9b53f5bc81af5e 400298cf5febe8b9
V 1 4004da417fa4bd5e bf8d35d0cbc1d962 bf7669aaab726ef3 4004b4e3e1132b6e
V 2 4005479840344765 3fc6e91c20631776 3fb139ed1301f168 40050edb168f5d9a
V 3 40045ad644d0b3a2 3fcaf95739da072c 3fb533f8c04019e8 40041b99905fdcec
V 4 400547988ae2abb0 bfcf29fa5bc26997 bfb76e9282e19e8e 40050edb71445bbf
V 5 40029c37c268381b bf9c2d7e626b46a7 bf8839bf0d2ad472 400298cf5fe9afab
V 6 4004da417fa5a5d4 3fb1f1f0f3c0f61c 3f9b89c975ba2382 4004b4e3e1138bf4
V 7 4005479840374ca3 bfd073a2d61db0e0 bfb8bd62efcc7029 40050edb169282ef
V 8 bd70000000000000 3f70aac2e16792f0 3f5ca8a18a8f5d0b bd70000000000000
V 9 3d90060078000000 3fcbda96b4f17f2c 3fb55f3e0843df6a 3d90060078000000
V 10 3d8ffdffe8000000 3fca1fe043c2cd3c 3fb3a48e93073ca5 3d8ffdfee8000000
V 11 bd502ff6c0000000 bfc7a7d23fcb2bcf bfb29834128d8bcd bd502ff6c0000000
V 12 bd8002ffe9000000 bfbebc9b4f84c2eb bfa71c56453e8e9b bd8002fee9000000
V 13 3d9f010044000000 3fac91c254083eee 3f988ff2dee9700b 3d9f010044000000
V 14 3cd0081000000000 3fca6ea83f403e11 3fb448002bb22bec 3cd0081000000000
V 15 3d8ff8fff0000000 3fb656a1975c4c8b 3fa0cbca3ed78a01 3d8ff8fff0000000
S 4 S 224 S 232 S 240
S 3 S 240 S 244 S 224
S 2 S 248 S 250 S 240
N 1 732
V 0 40043c7236184d20 bf8a5558584e20d6 bf74d226214a30ec 40043c44855bd89f
V 1 3d807fc072200000 bf7e683c1cb443f2 bf680ab9d1bda5cc 3d807fc073200000
B 732 40043c7236184d20 40043c44855bd89f
N 2 728
V 0 40041e09f9fb93ac bfacc82aa71e3856 bf96e426e0312884 40041b47d1fa1586
V 1 40045ada72350694 3f91790b85afa182 3f7b7816cf076d7e 4004575ad2b5ed7c
V 2 3d7b020080000000 bf8ed92d5b4670c2 bf7888e44f17a724 3d7b020070000000
V 3 3d837e80a4400000 bfb04d68662d3f1c bf99a1074859a060 3d837e80a4400000
S 2 S 248 S 250 S 252
N 1 736
V 0 4004395152580181 bf8a034db7a7f420 bf74947692fb2f36 40043924b5acb1d0
V 1 3d807fc06e200000 bf7e09805de6caf2 bf67c37f4d1bff2a 3d807fc06e200000
B 736 4004395152580181 40043924b5acb1d0
N 3 720
V 0 4003a6d9a07f8a14 bfc0bbad5572e661 bfab3f56ab3f3aa4 4003985aef468b06
V 1 4004953a53779d43 bf7fc053739f94f5 bf68ae8058da816d 4004926b9b0d76da
V 2 4003d3d5689705b5 3fb7f8c63c187f25 3fa35823493dce4f 4003c0483d823a23
V 3 4004e1df7bd30772 3f91d7f8bd7b282f 3f7b57f23f3398e6 4004e17e95eebc61
V 4 3d780c00f0000000 bf919fa77ff615aa bf7cb290e0f4fa07 3d780c0110000000
V 5 3d7df80010000000 3fae25987f3a20e4 3f976f390ba560e3 3d7df80010000000
V 6 3d86ff80cf800000 3fbf3d999ca833ab 3fa935c06e006ab4 3d86ff814f800000
V 7 3d7ffb00f2000000 bf8b62417ee5117f bf74fb3f68d89030 3d7ffb00f2000000
S 3 S 240 S 244 S 248
S 2 S 248 S 250 S 240
N 1 744
V 0 4004332357713e19 bf89c3b6185a9168 bf7468636c72ae0e 400432f78676c93e
V 1 3d807fc096200000 bf7dc0124737f8f2 bf67909aa42781e0 3d807fc097200000
B 744 4004332357713e19 400432f78676c93e
N 2 740
V 0 40041563452a00f0 bfae316b6301facb bf980dd003a2b998 40041258dd5fec8e
V 1 400450e369b87b42 3f92b6a22ac01d9d 3f7d79cd1a88627a 40044cde2097440d
V 2 3d7b020090000000 bf902e2ef447fa7a bf79c7ec716836cc 3d7b020090000000
V 3 3d837e80e4400000 bfb175b8cca5fb4e bf9b80540ee7b122 3d837e80e4400000
S 2 S 248 S 250 S 252
N 1 748
V 0 40042f9b7efb984e bf895713b4fbbc44 bf7415d9db27a8e2 40042f71150ba81b
V 1 3d807fc096200000 bf7d42a19ba68f72 bf67314c51759e22 3d807fc096200000
B 748 40042f9b7efb984e 40042f71150ba81b
N 5 640
V 0 40031ba2b290a4b8 bfcd943a50115bda bfb8c4967f5ab4da 4002edcc5d325741
V 1 40021cccd2449314 3f6c9ea7652af569 3f5948215b740a43 4002127ca8758c99
V 2 400698dfb7539d97 3fdd326e830473ef 3fc4ac4c189ca0dc 400555f57ce9e165
V 3 40031ba347f5dd25 bfc599a18be46598 bfb21638d114640b 4002edcd10e96936
V 4 4007738dcdd50ee0 bfe056f6c25f1c55 bfc64bc25cbcba05 400698011215e4c4
V 5 40031ba2b2937fea 3fb86d924eccbeba 3fa47469fd6f5ec5 4002edcc5d35987e
V 6 40021cccd2461042 bfa341df34399128 bf9102e3e4718b5c 4002127ca8776cab
V 7 400698dfb75b5702 bfe3fc9edfdbcd29 bfcc4dae903be217 400555f57cf3a3aa
V 8 40031ba347f61dc0 3fccd255518f9bf8 3fb8223a55cb4e36 4002edcd10e99e3f
V 9 4007738dcdcf39a0 3fc04b3697025d04 3fa63bb9a3c487a6 40069801120cc82f
V 10 40031ba2b28b19bc bfbf41959149fd67 bfaa2c1bc9e31dfa 4002edcc5d2cf78e
V 11 40021cccd245567a 3fb73673b26764d8 3fa4815eef62d62c 4002127ca876dd63
V 12 400698dfb757bc32 3fe15bda4b7fd162 3fc894f87a89f69c 400555f57cf12a79
V 13 40031ba347f38f76 bfc13cfece2eb7e8 bfacde6b82b52f9e 4002edcd10ea087b
V 14 4007738dcdd79e60 bfb760865480deec bf9fe608c061deaa 400698011216dae7
V 15 40031ba2b296fae6 3fcd33171e7ad309 3fb87340023b0777 4002edcc5d38d431
V 16 bda0000000000000 bf7efc7345618ff5 bf69f23828e74d28 bd9ffffff8000000
V 17 3d98000000000000 bfbb51f0ff05adc7 bfa8223908a27872 3d98000000000000
V 18 bda001ff80000000 3fdf2c5e9701ca0d 3fc612873c73e75d bda0020180000000
V 19 3db003fffc000000 3fc43b108c59aa98 3fb0f0ad146171ae 3db003fffc000000
V 20 3d9001ffe0000000 bfcd9d1aeb0d3d1d bfb4344ddaddcef6 3d900201e0000000
V 21 3d8ff80010000000 bfcaf4f695cad9bc bfb692818a03b49e 3d8ff80010000000
V 22 3d900c0130000000 bfb9952d7e01a1b5 bfa699553620e52a 3d900c0140000000
V 23 bd92120008000000 3fce1709dcdae6ec 3fb54e29c1e54bc4 bd9211fe08000000
V 24 bda0038004800000 3faae18b4add991c 3f96823e26a797e4 bda0038024800000
V 25 3d90040020000000 bfe17856e8ae6d87 bfc7d69e95f42735 3d90040120000000
V 26 3d9fffff88000000 bfc921cc0df7cef3 bfb50b535415471a 3d9fffff88000000
V 27 3d9e020100000000 bfacde8216646258 bf9980897fcc7e6a 3d9e020100000000
V 28 bda000ff91000000 3fd8e0d6f2df8aff 3fc19d7a9e085c69 bda0010191000000
V 29 3da0020012000000 3fc80e53ee5581a3 3fb424a8d8b7e26d 3da0020012000000
V 30 b680000000000000 bfe1b2f76a39a928 bfc8269e119b818a b680000000000000
V 31 3d9ff8fff0000000 bfa34891d29f9fd3 bf9025a01dacfccf 3d9ff8fff0000000
S 5 S 192 S 208 S 224
S 4 S 224 S 232 S 192
S 3 S 240 S 244 S 224
S 2 S 248 S 250 S 240
N 1 780
V 0 4003e81f24df6d98 bf8d4d4b8700fd72 bf778d27886edb07 4003e7e5a2b74064
V 1 3d807fc00d200000 bf80eadfec9872f9 bf6b31de2c2089a6 3d807fc00c200000
B 780 4003e81f24df6d98 4003e7e5a2b74064
N 2 776
V 0 4003c64965063782 bfac51e08e8ddb64 bf96ea063a2b4d1e 4003c391e0f87fce
V 1 400409f4e4b8a3ae 3f8b078dd5302206 3f7594e633948b80 400407d4a0fb86b8
V 2 3d7b02010c000000 bf8e5a651a9a8f13 bf788f2f98a105a6 3d7b02010c000000
V 3 3d837e7f94400000 bfa938082462491e bf9422cd185d46a0 3d837e7f94400000
S 2 S 248 S 250 S 252
N 1 784
V 0 4003e5b340fa0343 bf8d8ec9ea5f311f bf77c4afa1707d01 4003e578b57f8578
V 1 3d807fc00d200000 bf8110b000bf2279 bf6b71fd820d6ff2 3d807fc00c200000
B 784 4003e5b340fa0343 4003e578b57f8578
N 3 768
V 0 40035102e4decb9e bfb9e29df74fdb82 bfa570e3dbc30584 4003483065e1a8ce
V 1 40043b8fe52da366 bf81aa51591f01a7 bf6bf080757f039b 4004380697b16b21
V 2 4003a185ca268ed8 3fb6053a66c08115 3fa1f290710ab753 400390dc0949ef65
V 3 40047263ff4ab883 3f9fefcab6724d8d 3f88fdb258fa4003 40047126fb5f3306
V 4 3d780bfcf8000000 bf8b43491593c011 bf76950239d1a280 3d780bfcf8000000
V 5 3d7df80520000000 3fb0c5cd3dad4015 3f9a8714a3329a3b 3d7df80518000000
V 6 3d86ff80af800000 3fbcb29427cfaa83 3fa763c0af55d367 3d86ff80af800000
V 7 3d7ffafcf2000000 bf98818177ae9203 bf832d2014bc77ca 3d7ffafd02000000
S 3 S 240 S 244 S 248
S 2 S 248 S 250 S 240
N 1 792
V 0 4003e08e808f0d97 bf8c1a143ace0202 bf769ed3886d524d 4003e05987788d67
V 1 3d807fc00e200000 bf803980e2bf3779 bf6a1eab9545d3df 3d807fc00e200000
B 792 4003e08e808f0d97 4003e05987788d67
N 2 788
V 0 4003c01b7ec989f8 bfacf543422eb5c9 bf97758dba42af3d 4003bd436380e3af
V 1 4004010182549136 3f8d068eef66cdfd 3f7737476eb2dbab 4003fe8ccac81bdd
V 2 3d7b020108000000 bf8f0982d3e1af2d bf7924bba42c9a13 3d7b020108000000
V 3 3d837e7f98400000 bfab14ce29087a1c bf95a927a2d58fea 3d837e7f98400000
S 2 S 248 S 250 S 252
N 1 796
V 0 4003dde817247fc6 bf8c451db0b0c3d4 bf76c48106f55828 4003ddb2742a8a33
V 1 3d807fc00e200000 bf805259d1cb7379 bf6a4a2d3d9266d3 3d807fc00e200000
B 796 4003dde817247fc6 4003ddb2742a8a33
N 4 752
V 0 4002802482d3f1ed 3fab5aefefc9e0ab 3f97a8697893bfcd 40027d9a909839ea
V 1 400421e146e9a54e bf84263a50f8fdf1 bf70037493f92ab2 40040f76d7631b6b
V 2 4004c2e6b7a5bea1 3fc354d1265bda74 3fadcbbe98ba73b7 4004997f5281618e
V 3 4003b43912b5882a 3fc3a120f9ff1f5e 3fafe0fd8e0f2579 400391a0d4ab820f
V 4 4004c2e7117b3337 bfca4b9731405546 bfb443ca11d868c7 4004997fbce72fd4
V 5 4002802482d1ea78 bf983fee7935482a bf84f8dc3572bed3 40027d9a909659d4
V 6 400421e146ed997a 3fa8c1d6c19c4840 3f93acf0d48eba30 40040f76d766ad3d
V 7 4004c2e6b7a7d78c bfcbc352c7b97058 bfb5655aab0d1f62 4004997f5283b1fc
V 8 bd6fffffe0000000 3f6caff2b8c7cfd3 3f58cf54d971e433 bd6fffffe0000000
V 9 3d9005fe78000000 3fc336b59199c822 3fae8a334881cd31 3d9005fe78000000
V 10 3d8ffe01e8000000 3fc60b0b5451617e 3fb0fce3483820c2 3d8ffe01e8000000
V 11 bd502fe640000000 bfc136eb710d38ee bfabf4ff1d1f4b73 bd502fe640000000
V 12 bd8002ff29000000 bfb9ef4e64aa80b4 bfa3fcab4e44ba64 bd8002ff29000000
V 13 3d9f010044000000 3fa896384d47f487 3f95437c59958303 3d9f010044000000
V 14 3ccfd02000000000 3fc23baaf6c77ff6 3facfb2caa41fc85 3ccfd02000000000
V 15 3d8ff8fff0000000 3fb2d938ed0d4e3c 3f9d0d3eab7e7f3f 3d8ff8fff0000000
S 4 S 224 S 232 S 240
S 3 S 240 S 244 S 224
S 2 S 248 S 250 S 240
N 1 812
V 0 4003cf0840d2043a bf8c9099a78e093e bf77129219c8a6e3 4003ced154cc2a9c
V 1 3d807fc00d200000 bf807dee83f866f9 bf6aa452040416ed 3d807fc00d200000
B 812 4003cf0840d2043a 4003ced154cc2a9c
N 2 808
V 0 4003ae0c63ca0e3c bfa8ff2ed58d4a38 bf94529ed23c9f7e 4003abebe9caf9a6
V 1 4003f0041dd9fa38 3f8a008edb06216e 3f74ddec53f39604 4003ee09e0d9e078
V 2 3d7b02010c000000 bf8aca9fa4ed9cdc bf75c826d8081afd 3d7b02010c000000
V 3 3d837e7f94400000 bfa842a7379b551c bf937815083c568c 3d837e7f94400000
S 2 S 248 S 250 S 252
N 1 816
V 0 4003ccfae5526d0f bf8ca1286a040cc3 bf77225767f12968 4003ccc3b3d67c55
V 1 3d807fc00d200000 bf80877dc3b71c79 bf6ab687e4f0ac53 3d807fc00d200000
B 816 4003ccfae5526d0f 4003ccc3b3d67c55
N 3 800
V 0 40034688b3fdaaaa bfb8e6c27ddb01f9 bfa4ab7c5403c05b 40033e5a2f0aff52
V 1 40041590139671ce bf81388de16cafad bf6b701ad744eac4 4004122d63e5d3aa
V 2 40038b8d26bec4d4 3fb48aad948b4919 3fa0d0d9f75bccb6 40037cfcc49dfa2e
V 3 4004547b14f52f9c 3f9b60942ba63d1b 3f858bd9c40b27bd 40045390c8949fbb
V 4 3d780bfcf8000000 bf8a3a0639f18085 bf75c5193215ebf1 3d780bfcf8000000
V 5 3d7df80520000000 3fb059c96752e194 3f9a0d2bf206660d 3d7df80520000000
V 6 3d86ff80af800000 3fbac53e1ef7f1d7 3fa5ea310d6d14da 3d86ff80ef800000
V 7 3d7ffafcf2000000 bf9501df24bd2248 bf808876084b6cfd 3d7ffafcf2000000
S 3 S 240 S 244 S 248
S 2 S 248 S 250 S 240
N 1 824
V 0 4003c8454808db39 bf8bb7c637cca913 bf766b165c40a68c 4003c8117fc3277f
V 1 3d807fc01d200000 bf8000bf48364579 bf69e2ed600e0ad2 3d807fc01d200000
B 824 4003c8454808db39 4003c8117fc3277f
N 2 820
V 0 4003a843c978697e bfa9936eb1dbb15b bf94d1445f9462d5 4003a60922aa99ea
V 1 4003e846c6994cf4 3f8bc4b9d45b1421 3f7651743aa6fabb 4003e6048c91391a
V 2 3d7b02010c000000 bf8b69845368ae9b bf764fe428a0f0e3 3d7b02010c000000
V 3 3d837e7fb4400000 bfa9e88814062555 bf94d2b9a4e1a17e 3d837e7fb4400000
S 2 S 248 S 250 S 252
N 1 828
V 0 4003c606d79de982 bf8bb47e81fe022b bf766afa2bb65015 4003c5d315ba0882
V 1 3d807fc01d200000 bf7ffdb4f34a67f3 bf69e2ccd31c9d89 3d807fc01d200000
B 828 4003c606d79de982 4003c5d315ba0882
N 6 576
V 0 4001421e266496f1 bff15f11acf613aa bfe01ad729d3dea9 3ff9c587fdc60286
V 1 4004f5273ebcb280 3f92c8d363971bfa 3f7cae8c8476f66a 40011e760ffb4638
V 2 4001421f5128dea9 3fe82a341fb457cb 3fd6672bf1c9b030 3ff9c58891223418
V 3 4002f77a53604780 bfe40ee778b07276 bfd0ebb82abc4b22 4000662ebaeab609
V 4 400befa148421540 3fcd39ec8df0b4c1 3fb0bd2be565e735 400bcb4ebed40ba5
V 5 4001421e266525ee 3fdba434fad59630 3fc9a04acf3fbca0 3ff9c587fdc0eae2
V 6 4004f5273ec15600 bfda5ef77bcb0043 bfc421fe12c752da 40011e760ff4f471
V 7 4001421f512a644a bff02869ba0694ea bfddf5a8e8cdb34d 3ff9c5889128a98a
V 8 4002f77a53663840 3feb48d599e2b1f7 3fd7044a242203f8 4000662ebae88977
V 9 400befa14843e580 bfaae63c128a9703 bf8ecfff2b776a76 400bcb4ebed53364
V 10 4001421e26695dd3 bfe2d44dc60d5ecb bfd174dd014c59a5 3ff9c587fddd1492
V 11 4004f5273ebda200 3fee272ca361f4b4 3fd7052a751d0ca3 40011e760ff7169e
V 12 4001421f512e6b44 3fec925c776107c2 3fda7d1376ebf8b5 3ff9c588912be42c
V 13 4002f77a535db540 bfdfc573d5f93a7a bfcacd3ea2296b9b 4000662ebae04cd8
V 14 400befa148466a00 3fa6cf5704dc3c5c 3f8a20ce952ea3ee 400bcb4ebed76b34
V 15 4001421e26704404 3ff117d11ec29e18 3fdfb190fe70a9b7 3ff9c587fdcecc95
V 16 4004f5273ec1d580 bff1d2349b91a093 bfdb35fca36e71da 40011e760ff330b5
V 17 4001421f512a6600 bfbfc4fa4e2c7c27 bfad7401ffc3fddf 3ff9c5889129423a
V 18 4002f77a53585f40 3fe15a513417fac6 3fcd46eddedc8d6b 4000662ebadb0d12
V 19 400befa148461400 bfc8f37ed8962627 bfac94b4567af63d 400bcb4ebed7fe73
V 20 4001421e26603037 bfee5f522e7a7afa bfdc286f5ddf2f68 3ff9c587fdc750ac
V 21 4004f5273eb60340 3fe16d89af600251 3fca9c4744f7f090 40011e760fef6996
V 22 4001421f512f7875 3fd3151f4376d28e 3fc1b0f37e8848fd 3ff9c5889131b1b9
V 23 4002f77a535b3480 bfead736a6eb5df6 bfd6a470e07f08de 4000662ebada7783
V 24 400befa1483ffd40 3fce53d1822a42dc 3fb15e9f676758c4 400bcb4ebed04e97
V 25 4001421e266f7b24 3fd5423746172d5a 3fc3b56eccb74b33 3ff9c587fdd9ba3b
V 26 4004f5273eafcf40 bfe06479982bd219 bfc9078e783bfaff 40011e760fe47572
V 27 4001421f51374fac bfeee88de167a0dc bfdca7a7bb814b5f 3ff9c58891378626
V 28 4002f77a53645ac0 3fe548ef382814d5 3fd1f4a14d795693 4000662ebae4b698
V 29 400befa1484ae200 bfc49bc173561293 bfa79b3c8146a464 400bcb4ebedd93e7
V 30 4001421e266b66cb bfb6b77c93264227 bfa50f7d2c6b742f 3ff9c587fdcb6cba
V 31 4004f5273ec28f00 3ff1e0ef62ecac33 3fdb4c7a34179c13 40011e760ff5412e
V 32 0000000000000000 bf9231601e42c8cf bf80ddd05530d9b8 3c40000000000000
V 33 bdb0000000000000 bff1efae34f806e2 bfdb62fdf0a485cb bdb0000000000000
V 34 bd90000000000000 3fe8f8086b926d9c 3fd725fe7b1c4c29 bd8fffe000000000
V 35 3db0000000000000 3fe3698e3b4ed615 3fd0603bed631622 3db0000200000000
V 36 bd00000000000000 3fb95711018d1486 3f9d06c2a19777d2 bd00000000000000
V 37 bdafffff00000000 bfefe16a4e1235de bfdd8e6137ae58fd bdafffff00000000
V 38 3d20000000000000 bff0aee9e5bae9e5 bfd979375a027d5a 3d20000000000000
V 39 3dbffffff8000000 3fd98a5d165de90e 3fc7ada7ea7bba61 3dbffffff8000000
V 40 3cf0000000000000 3fc792518badd7e7 3fb3e2734895ccc0 3cf0000000000000
V 41 3d9fffffc0000000 3fcf22f162aef031 3fb1d5401df5e185 3d9fffffc0000000
V 42 3da0000008000000 bfed34109d28970e bfdb12ff471413fe 3d9ffff810000000
V 43 bd00000000000000 bfe3710d5fbca6ec bfcdaf698c3da21b bd00000000000000
V 44 3d00044000000000 3fe3c657e3afc8e7 3fd2554052f89796 3d00044000000000
V 45 3da0080020000000 3fe6f3d64b6a24e8 3fd35cc20dd0909f 3da007fc20000000
V 46 bda0100008000000 3fcf5700c414c234 3fb1f31131f249e8 bda0100008000000
V 47 bd70100000000000 bfc8e1a7c80d4054 bfb7114112b04bee bd70100000000000
V 48 bdafff0001000000 bfc066b743825f18 bfa90afa663c0109 bdaffeff01000000
V 49 bd10001000000000 3ff1428809a4be2d 3fe0006115e3c915 bd10001000000000
V 50 3d90000040000000 3fe5dd47a41ad7f5 3fd271c593eb542e 3d90000040000000
V 51 3d90080000000000 3fc3cd7a18865b50 3fa6aef31966391d 3d90080080000000
V 52 3dafffff80000000 bfe0e1066e879256 bfcf4bf8f18e773e 3dafffff80000000
V 53 3c10000000000000 bfef5c296ca1484a bfd7f10f90b107ab 3c10000000000000
V 54 3db0000080000000 3ff0b4b684ad33e0 3fdef9cd27763a5e 3db0000080000000
V 55 bd6fe00000000000 3fcea8b7fccdd838 3fb9dd0c49ab5877 bd6fe00000000000
V 56 bdb0010009000000 3fb37d1da7b84b8e 3f9652e5ebdd4f1f bdb0010009000000
V 57 3c5e000000000000 bff08a748e55594b bfdeab74c3a1c54e 3c83c00000000000
V 58 3c20000000000000 bfefe9d742be5fd5 bfd85d39981ca65a bc7f800000000000
V 59 3db002000a000000 3fdfc0a3198c1a4e 3fcd6ffbcf7836b7 3db001fe0a000000
V 60 0000000000000000 3fe20f139b927ab5 3fce77e67fcbf5b7 3c80000000000000
V 61 b690000000000000 3fc84a34f7e53804 3fabd2c9f6a0d4d8 b690000000000000
V 62 bd10000000000000 bff150c9bd6d03dc bfe00d99c6a30e96 bd10020000000000
V 63 3db0007ff8000000 bfb77498c6dbb5d8 bfa1e82e141525d4 3db0008078000000
S 6 S 128 S 160 S 192
S 5 S 192 S 208 S 128
S 4 S 224 S 232 S 192
S 3 S 240 S 244 S 224
S 2 S 248 S 250 S 240
N 1 892
V 0 4001441107ae61b0 bf8d54102ad46014 bf7b2d97f7f94861 400143ce9b1b5a34
V 1 3d807fc122200000 bf80eec843abbf39 bf6f61efe6411276 3d807fc122200000
B 892 4001441107ae61b0 400143ce9b1b5a34
N 2 888
V 0 4001223377270501 bfbb68fde591231b bfa998bb4d4538d0 400116738c634aca
V 1 400165ee9835be5e 3f97980ecf979051 3f85b2a8e6fb388f 40015e7802a88347
V 2 3d7b020320000000 bf9d60ca0440e8fc bf8b6f325539d345 3d7b020320000000
V 3 3d837e80b4400000 bfb6037361005d9a bfa43e9170967063 3d837e80c4400000
S 2 S 248 S 250 S 252
N 1 896
V 0 40013a75c785e708 bf8f2f38e37f29d6 bf7cf6076258c1b1 40013a2a84a5eae5
V 1 3d807fc12a200000 bf82011d914b8739 bf70b87dd62620e0 3d807fc12a200000
B 896 40013a75c785e708 40013a2a84a5eae5
N 3 880
V 0 40003f2f4512fc3c bfc69856594da7fd bfb64076c82c2694 40001f37571730e2
V 1 40020537a93b0dc6 bf81ae6a93e1d076 bf6f65dc87a68cf7 4002013d6004ebc5
V 2 4000af9c9c9027f4 3fc226ba2415e0d6 3fb167b19ffc5c3c 40007a54cd4f0a10
V 3 40021c4093db54c8 3fa64c6fb039fc6e 3f93b33eaa40764b 40021986a4e9b87d
V 4 3d780c0d30000000 bf97cc2dfb83480d bf876fa133b10107 3d780c0d30000000
V 5 3d7df7f910000000 3fb0c9b173be17a4 3f9dcfb3d0010f33 3d7df7f910000000
V 6 3d86ff80ef800000 3fc7a7bb909224c0 3fb6aec5f56787fd 3d86ff80ef800000
V 7 3d7ffb00f2000000 bfa11c3cba660234 bf8e3ba2babff383 3d7ffb0112000000
S 3 S 240 S 244 S 248
S 2 S 248 S 250 S 240
N 1 904
V 0 40012d140a5537cd bf88fc30597d5f8a bf77463a0e7c6e0f 40012ce394c09130
V 1 3d807fc126200000 bf7cd9aec72448f3 bf6adff7b981ab48 3d807fc126200000
B 904 40012d140a5537cd 40012ce394c09130
N 2 900
V 0 4001103a5b8e0e54 bfbd199594b0e5d7 bfab4953830b1f89 400102ee300aea3f
V 1 400149edb91c6146 3f9add75783ce878 3f88dcc83cde6162 40014030f87742ce
V 2 3d7b020320000000 bf9f3070bd4e6ee9 bf8d3ed99e9854af 3d7b020320000000
V 3 3d837e80bc400000 bfb910c1a8942a08 bfa7326c30a8e083 3d837e80bc400000
S 2 S 248 S 250 S 252
N 1 908
V 0 4001218f94411686 bf8a86d81d5fa1d3 bf78c678e27bb7a2 40012158cfd4b4cf
V 1 3d807fc126200000 bf7ea16436271773 bf6c9ba7f43a6f01 3d807fc126200000
B 908 4001218f94411686 40012158cfd4b4cf
N 4 864
V 0 3ffda516892d0bc8 3f96fc4140226f35 3f88cfba226f1268 3ffda3f8292d9a27
V 1 4001abd3458f7293 bf96579281776893 bf843aa9d00606f0 400144a4a89d06b5
V 2 40028cade228d771 3fd2b5d5d4b83068 3fc0237fd73fde8a 4001df08cf09e501
V 3 40017dc1704d441b 3fd1226b77d4c2bd 3fbf58e6f75f3f6d 400106fabbe4a3b8
V 4 40028cadf48eb756 bfd9735a9d12002f bfc5f3dada8ed01f 4001df08e9275485
V 5 3ffda51689233126 bf84603f45691b16 bf75fea656828276 3ffda3f82923c792
V 6 4001abd3458f590e 3fbb738dfd04c084 3fa8daf29eabc652 400144a4a89b95d5
V 7 40028cade2275083 bfdadeffcc246966 bfc72d84fd11f384 4001df08cf06db5e
V 8 bd6fffcf00000000 3f581aca84a72d8f 3f4a0506ec1940d2 bd6fffcf02000000
V 9 3d90060078000000 3fd54dfcf5b70ced 3fc34a32252580b2 3d90060078000000
V 10 3d8ffdfbe8000000 3fd555c2a691b830 3fc267127776fd55 3d8ffdfbe8000000
V 11 bd503016c0000000 bfce0d92e7085d11 bfbb7da67dd72c2b bd503016c0000000
V 12 bd8002fea9000000 bfc91a08b4babb2a bfb5a6cfbcd4b510 bd8002faa9000000
V 13 3d9f010044000000 3f94a8c05da25a69 3f864cea02d5066b 3d9f010044000000
V 14 3ccfd02000000000 3fd437a0897ac95c 3fc24e28eec5afd2 3ccfc02000000000
V 15 3d8ff903f0000000 3fc23e360e539663 3faf78a243429415 3d8ff903f0000000
S 4 S 224 S 232 S 240
S 3 S 240 S 244 S 224
S 2 S 248 S 250 S 240
N 1 924
V 0 4000da2ad7afc0c0 bf876380940c46fd bf7634b6e28592d6 4000d9ff8fdb1039
V 1 3d807fc182100000 bf7b01c5a7246ff2 bf69a4248ca11886 3d807fc182100000
B 924 4000da2ad7afc0c0 4000d9ff8fdb1039
N 2 920
V 0 4000bf2912089720 bfb5b6fcddbbc1c9 bfa4bf1e24c56986 4000b79da9712313
V 1 4000f52c9d56ea60 3f94461d1ca34932 3f8320fe8c0b3163 4000ef85434a8021
V 2 3d7b02031fc00000 bf97461ae94c0013 bf863c70583ec222 3d7b02031fc00000
V 3 3d837e8174400000 bfb2ea71286fe76e bfa1d8f5394e3298 3d837e8174400000
S 2 S 248 S 250 S 252
N 1 928
V 0 4000d391765dd19a bf88351ae1a8d761 bf7704bb37918314 4000d3630709972a
V 1 3d807fc182100000 bf7bf3cceca956f2 bf6a94570bc74b9c 3d807fc182100000
B 928 4000d391765dd19a 4000d3630709972a
N 3 912
V 0 40000b505e99e9e4 bfc36a60fd5e11c3 bfb35cb002718c10 3fffe6d2a3eecfc9
V 1 40017301c577445c bf7c3369d7f2f71c bf69dbce3cee24c2 40017064fa61f8f1
V 2 400058827edc9c27 3fbdb7922beb4def 3fad16a84f7b220b 400034103f545654
V 3 400191d6bbd1389a 3f9e9f277472f4e7 3f8be2cd01abbd1b 400190838f89624a
V 4 3d780c0d2f800000 bf9472e6ff48461d bf84647b7b678580 3d780c0d2f800000
V 5 3d7df7f910000000 3faac69c76366e54 3f988d4d4de0fcea 3d7df7f910000000
V 6 3d86ff82ef800000 3fc35d309476c856 3fb2f456232fe418 3d86ff82ef800000
V 7 3d7ffafff2000000 bf977f31cc14bfd1 bf8565cb65c09cec 3d7ffafff2000000
S 3 S 240 S 244 S 248
S 2 S 248 S 250 S 240
N 1 936
V 0 4000ca1886cdc65d bf84f39f496954d4 bf73f76ceec66b9e 4000c9f5aa677cab
V 1 3d807fc182100000 bf783160a110c1f2 bf670e2a71b652be 3d807fc182100000
B 936 4000ca1886cdc65d 4000c9f5aa677cab
N 2 932
V 0 4000b1e7262cb06b bfb700058e3a0f26 bfa60aee30d758eb 4000a9699d4279c0
V 1 4000e249e76edc4f 3f968be10c397fd4 3f855db2dd37e81d 4000db44135aa0fb
V 2 3d7b02031fc00000 bf98a6c33c5a0f9d bf87a013199ccd27 3d7b0202dfc00000
V 3 3d837e8174400000 bfb5093c8bbd3e98 bfa3ef4c60c11ef3 3d837e8174400000
S 2 S 248 S 250 S 252
N 1 940
V 0 4000c256d84e8d5e bf85964ecf748e11 bf749bfba722760e 4000c231c531050f
V 1 3d807fc172100000 bf78ed3b0c0e6d72 bf67cc2e30cd2a4b 3d807fc171100000
B 940 4000c256d84e8d5e 4000c231c531050f
N 5 832
V 0 3ffe013a0ede477b bfd0ec761e174ec3 bfc20c8dd804e81d 3ffd6855c614cadd
V 1 3ffd48f3037bd015 3f7d6d955b59899c 3f701403e8fa40c9 3ffcdd0ba8987680
V 2 400457095eda408b 3fe461eade190ecd 3fd0088f2649179f 40019bb1e0a291d0
V 3 3ffe013a58894936 bfc8b798ded7c3c0 bfba5c5ba605bed5 3ffd68562604235e
V 4 400618bebcdede6e bfe4c23516d5282b bfce0ff15f935247 4004a0a988fe580c
V 5 3ffe013a0ee5a0e7 3fbbf3fb01b2446e 3fadcfd3a6f3d18c 3ffd6855c620b95a
V 6 3ffd48f303763eee bfb3cd1bb159b368 bfa5a3122bebbfdb 3ffcdd0ba89679dd
V 7 400457095edf68bf bfebe7d939d408f7 bfd5f38cda3a42f9 40019bb1e0a9ba08
V 8 3ffe013a5887d1d2 3fd07d8a515299ca 3fc19641a8d3b290 3ffd685626033983
V 9 400618bebcd985c2 3fc4b347636ee172 3fadfa52da4cc8ea 4004a0a988f471d3
V 10 3ffe013a0ed311ec bfc1e21e4b2401f5 bfb3128bd9f0daf1 3ffd6855c60ce42b
V 11 3ffd48f303735060 3fc7de497353653e 3fba14c751f0048c 3ffcdd0ba895990a
V 12 400457095ede95da 3fe83c86e9f0102d 3fd310a75ad3fc75 40019bb1e0ad66ab
V 13 3ffe013a58803885 bfc3b9d2a0c00868 bfb5099dd58d6157 3ffd68562601a4d7
V 14 400618bebce12540 bfbdb2fbc58de147 bfa581411c74d6cb 4004a0a988fda044
V 15 3ffe013a0edaf78b 3fd0b4e250b0afe1 3fc1d147f1f8cb32 3ffd6855c613e073
V 16 bd9fffffc0000000 bf81ba902ff3f3c2 bf72e85c6577ce56 bd9fffffd0000000
V 17 3d98000c00000000 bfcc17795776fc7e bfbeb2342967fe78 3d98000c00000000
V 18 bda001ff80000000 3fe5c31d1f91bfd5 3fd11e64aae31517 bda001ff80000000
V 19 3db003fffc000000 3fc7267103a0d8c2 3fb8b086e9c1bfc0 3db003fffc000000
V 20 3d9001ffe0000000 bfd2cfac0d2d7749 bfbb3df9026d9222 3d9001ffe0000000
V 21 3d8ff7f810000000 bfced8caf1dcc4f6 bfc072f33d25a0c9 3d8ff7f810000000
V 22 3d900bfd30000000 bfca4e260f4ad8e8 bfbcbe7ab262f41a 3d900bfd30000000
V 23 bd92120008000000 3fd5018226513695 3fc086190d599615 bd92120408000000
V 24 bda0037f84800000 3faec299e4575e48 3fa0671dabb28257 bda0037fc4800000
V 25 3d90040060000000 bfe631d785c46696 bfd0122c218467b7 3d90040260000000
V 26 3d9fffff88000000 bfccc2369153eeeb bfbeabc5ec5e3f1a 3d9fffff88000000
V 27 3d9e020100000000 bfbdaf3dbb8d9599 bfb037e342887265 3d9e020100000000
V 28 bda000fd91000000 3fe15e19e6c120db 3fcb52daa017e95e bda000fd91000000
V 29 3da001fc12000000 3fcb8704fe6cff7e 3fbd5b9e825de893 3da001fc12000000
V 30 3c70000000000000 bfe67c52f0575dc0 bfd0481aae74bb5a 3c68000000000000
V 31 3d9ff8fff0000000 bfa610ee6a3670a5 bf9788907aeee0d0 3d9ff8ffb0000000
S 5 S 192 S 208 S 224
S 4 S 224 S 232 S 192
S 3 S 240 S 244 S 224
S 2 S 248 S 250 S 240
N 1 972
V 0 40004edd07efc06a bf96cdcb1d242c30 bf865f846548a937 40004e32f765bf5a
V 1 3d807fc0a8200000 bf8a54e737ee9ef9 bf79d5913167be73 3d807fc0a8200000
B 972 40004edd07efc06a 40004e32f765bf5a
N 2 968
V 0 40001a33397fddfc bfb6e34867ecc114 bfa6be0ac6ec6084 4000117ba53833c3
V 1 40008386d65fa2d8 3f8a4edc81a7fec4 3f797d539629e4a0 400081152d5c70cb
V 2 3d7b020118000000 bf9887f5ddd690b3 bf88600bc0fe8583 3d7b020118000000
V 3 3d837e80c4400000 bfa88bb6106ab49e bf97c836678f2e89 3d837e80cc400000
S 2 S 248 S 250 S 252
N 1 976
V 0 40004948694a5247 bf98297c2e222bd9 bf87bcc384710ddf 400048893aee8220
V 1 3d807fc0ac200000 bf8be662090ca9f8 bf7b68d7a50210fe 3d807fc0a8200000
B 976 40004948694a5247 400048893aee8220
N 3 960
V 0 3ffeb946d57da217 bfb931ba588a5430 bfaa3da63d607fc2 3ffea44238e67046
V 1 4000d7c30840eaec bf8b7ee8c849331f bf7a1eae2109bc5a 4000cd78655c55d6
V 2 40001de154d1d34c 3fbe2ca5d87f9947 3fadf4b4717ae359 3fffef8a00435f1b
V 3 4000e92c57ed7265 3fb329e2b56d24ad 3fa221a66da2d6ce 4000e08c271f0938
V 4 3d780c0d20000000 bf8a88fb787f35e7 bf7ba3299c67e735 3d780c0d20000000
V 5 3d7df7f510000000 3fba1b3a60d1e3e0 3fa8cccc1d45deda 3d7df7f510000000
V 6 3d86ff81af800000 3fc3a97a80c728be 3fb385067edb8567 3d86ff80af800000
V 7 3d7ffaffb2000000 bfad68d63958be8b bf9bd353a8fbd28d 3d7ffaffb2000000
S 3 S 240 S 244 S 248
S 2 S 248 S 250 S 240
N 1 984
V 0 40003dfaaa4411b0 bf93ff09b1b9b428 bf83b2bbabe71da5 40003d775e5cd9c7
V 1 3d807fc068200000 bf8716f4ae22c1b9 bf76bed8bbcfc015 3d807fc06a200000
B 984 40003dfaaa4411b0 40003d775e5cd9c7
N 2 980
V 0 40000fccc0e7c6fc bfb6e6a4c4afe44a bfa6d01db84c51e9 4000070cf66dd796
V 1 40006c2893a05c63 3f8e1fa99e0f5976 3f7d5944a0dbafc3 400068efb562043e
V 2 3d7b020118000000 bf988b9000098980 bf88736ae57449c2 3d7b0200d8000000
V 3 3d837e8044400000 bfac1b1441c3eb7d bf9b61f97c2793f3 3d837e803c400000
S 2 S 248 S 250 S 252
N 1 988
V 0 400037fe55e7edea bf953160acd1dbf9 bf84e8361c35365d 4000376aa44ff98d
V 1 3d807fc054200000 bf8878afbd0891f9 bf7824338b88629a 3d807fc054200000
B 988 400037fe55e7edea 4000376aa44ff98d
N 4 944
V 0 3ffd22b0b756a0ae 3f915fb896dc968a 3f831500fca68f8a 3ffd220a3d3a1765
V 1 400027ee79d251c0 bf885081ea822473 bf78146942fa3b40 40000683e0a56cce
V 2 4001aa6a36075a5c 3fcf3f27d3bfbd1d 3fbc4cebed0cab96 40012b48adce3491
V 3 4000051bda7a7b7b 3fc31b004308d32c 3fb314e88288b988 3fffb9996c5276d6
V 4 4001aa6a4dfb074a bfd54068921cc7c3 bfc33f6fb222ab1b 40012b48ce79b1de
V 5 3ffd22b0b7513e9a bf7ecd972bc739c9 bf70ea6f8a044798 3ffd220a3d34c13c
V 6 400027ee79d71c8b 3faddff60bd9e0ef 3f9d961f2591eccd 40000683e0a92b92
V 7 4001aa6a3603c83f bfd6700ee3ec520e bfc452749c4b591a 40012b48adc993db
V 8 bd6fffcf40000000 3f52384dfdfe2eb5 3f4402e191778ece bd6fffcf3f000000
V 9 3d90060078000000 3fc72f7a1e0ee54d 3fb6f62bd6944431 3d90060078000000
V 10 3d8ffdfbe8000000 3fd1d0a4f6d6bbec 3fc0229ff7d099f9 3d8ffdfde8000000
V 11 bd503036c0000000 bfc0c14af374f516 bfb0bbf315d30404 bd503036c0000000
V 12 bd8002fd29000000 bfc4f5d33ab619bb bfb2fbe2a6d83fe1 bd8002fb29000000
V 13 3d9f010044000000 3f8f3b32a71a8dc2 3f8126a0a14d3917 3d9f010044000000
V 14 3ccfd02000000000 3fc6008aaf147d65 3fb5ca2925b6b47a 3ccfd02000000000
V 15 3d8ff902b0000000 3fbe776149992890 3fab97fb935b9a78 3d8ff902b0000000
S 4 S 224 S 232 S 240
S 3 S 240 S 244 S 224
S 2 S 248 S 250 S 240
N 1 1004
V 0 400011b71bd8174c bf921ac1b00e1a9c bf8206cc2a0367ec 4000114a52485aa2
V 1 3d807fc128280000 bf84e7c184cbfeb9 bf74d0b58c90dad9 3d807fc128280000
B 1004 400011b71bd8174c 4000114a52485aa2
N 2 1000
V 0 3fffcfcf319cf43e bfb2da23b7e522eb bfa2f6b2b0486874 3fffc3d5cfd71d55
V 1 40003b869ee1b47a 3f882ab8c9f336e2 3f77d2199f564df1 4000396d82df3c93
V 2 3d7b020218200000 bf9434a40860c4e8 bf84533fe833c347 3d7b020218200000
V 3 3d837e8144400000 bfa68c4a40d39654 bf96399ad6b8a94e 3d837e8144400000
S 2 S 248 S 250 S 252
N 1 1008
V 0 40000dac3565659f bf92f24e6b0eb152 bf82e22b69717c2a 40000d34f32efa29
V 1 3d807fc128280000 bf85e0a6bce8e219 bf75ce04a9a84b1e 3d807fc12a280000
B 1008 40000dac3565659f 40000d34f32efa29
N 3 992
V 0 3ffe9788ff427880 bfb724cc2aba83c8 bfa835801314d7b7 3ffe85b9043b0e1d
V 1 4000840ab1fbb7fe bf85d458a4aa2d54 bf7525d2795e3b2c 40007d6d2b2732bc
V 2 3fffbc4ded14127c 3fb95989805636be 3fa98f9c6dcf8061 3fff85aa34321a30
V 3 400098e647395fb6 3fad089c380c3fa9 3f9bfd24896dc5e6 400093db32e355f8
V 4 3d780c0d20400000 bf88601d798a70d1 bf797f54c5507c0c 3d780c0d40400000
V 5 3d7df7f710000000 3fb4b9f6881c725c 3fa41441fbba7427 3d7df7f710000000
V 6 3d86ff82af800000 3fc084aa2aa278d6 3fb0a7e664d05c1b 3d86ff82af800000
V 7 3d7ffaffb2000000 bfa6473e0f4ecaf3 bf957a01e3e43b4c 3d7ffafff2000000
S 3 S 240 S 244 S 248
S 2 S 248 S 250 S 240
N 1 1016
V 0 400005be7e904736 bf90480803552b01 bf804231c11e1867 4000056641d17f44
V 1 3d807fc134280000 bf82ccd3f6f290b8 bf72c6168b1a28d4 3d807fc134280000
B 1016 400005be7e904736 4000056641d17f44
N 2 1012
V 0 3fffc049ad44b9ca bfb2fd8b67663513 bfa323a6a3b7a720 3fffb41d36dbee3a
V 1 40002b58267e3188 3f8b0cb7513f8f0e 3f7ac4348c7fd9ed 400028b4a0ad0ee6
V 2 3d7b020228200000 bf945a96762db6ac bf84836e1776e55d 3d7b020228200000
V 3 3d837e8154400000 bfa93cd91aa31f7e bf98f931ce22674a 3d837e8154400000
S 2 S 248 S 250 S 252
N 1 1020
V 0 400001619e0d8302 bf910724afc5a4cc bf8105ac7a71f024 40000101000966a5
V 1 3d807fc134280000 bf83a9814fc35a38 bf73a7cee754d603 3d807fc134280000
B 1020 400001619e0d8302 40000101000966a5
T 0 bfdb6d7a9b63e225
T 1 bf80af2a932c813f
T 2 3fe665d5f55c046a
T 3 3fe6b3610b54b3fa
T 4 bfed56b35c6cf514
T 5 3fc568272a255431
T 6 3fd7e7e4fc065fde
T 7 bfed9b0332960ea3
T 8 bfef2e30e6805d86
T 9 3fc9e35b574b66ed
T 10 bfce1a521fcc781a
T 11 bfeaa37ebd4f307e
T 12 3fea68bb77fb6a42
T 13 3fe1e85f385aaeb2
T 14 bfc7d7b7dde079c3
T 15 3fdaf1c53070a6b9
T 16 3fefaf5313df33a5
T 17 bfbb1f73cb07f91b
T 18 bfe3ffea8b291de4
T 19 3fe8cbe9c2fcfbc4
T 20 bfd8154fd87aabec
T 21 bfde803763c10af8
T 22 3fd20a9384f52e10
T 23 3fee8c2eaa399a3a
T 24 bfee6a8cafed65c2
T 25 3fc05a6649605649
T 26 3fdd94ca1247fea2
T 27 bfec49e7e463c43e
T 28 bfe873254cd06299
T 29 3fe46a70cc6ce638
T 30 bfa3b87343200383
T 31 bfefbc6841f78b35
T 32 3fefe2a09e140f4c
T 33 3fad29adc924587d
T 34 bfe53491d9078551
T 35 3fd479269d727d8c
T 36 3fecb17013d18a45
T 37 bfdbc81ba0a306f8
T 38 bfd4f6f3effc15d4
T 39 3fee16d0c16ad407
T 40 bfda8d188a5c7808
T 41 bfcffb0bba9b962d
T 42 3fe031ce7bd59f30
T 43 3feb725a04c3018b
T 44 bfe9702492c7fdcd
T 45 3fd084d4b41db2b8
T 46 3fc1ab8c5d9c00f9
T 47 bfefa1150001fe70
T 48 bfef75d1fbbdbfbd
T 49 3fc3bbadeb91d604
T 50 bfd0288ca2d824ae
T 51 bfe9bfa2a1fae316
T 52 3feb423177654180
T 53 3fe098164761dea4
T 54 bfcdf52bdb6d27c2
T 55 3fdaa9031c95baff
T 56 3fede9d40772df16
T 57 bfd6029e2e6dd0e6
T 58 bfdac22389c03c7f
T 59 3fecea869019307c
T 60 bfd42bfe9dd1f09c
T 61 bfe59773d3ee5ee6
T 62 3fa4e5b528bb01a5
T 63 3fefd14a7274aa55
T 64 bf6cb90a231cd4a8
T 65 3fefdd250fb51920
T 66 3fe6c46e7460fe4a
T 67 bfe6550f661d5c9d
T 68 bfd8de8a28b769ca
T 69 bfd9410466779185
T 70 3fed89c21b79023d
T 71 3fd7f5dbd4c767ac
T 72 bfc9df06d44402a1
T 73 bfef3368e618e7f1
T 74 bfd6ee0fbadc3dec
T 75 3fe17c6086b79997
T 76 3fe1f5d2ec5fd75d
T 77 bfea54f3c750c4c3
T 78 bfef4d7305d91661
T 79 bfb485ec4dd28b14
T 80 3fbb0fa51c5be0cc
T 81 3fefc1d53062fe48
T 82 bfe8c7c3fd8d5134
T 83 bfe4034379e9fc33
T 84 bfca4121299bf137
T 85 3febfa7ff566d7aa
T 86 3feea3210df45e37
T 87 bfd1fd1045e171fa
T 88 bfd2ff873c0bf61e
T 89 bfda2e75f889adcc
T 90 3fec396b44fcb4f1
T 91 3fdda6119af8ee89
T 92 bfe467069bb30c48
T 93 bfe8773ce8838fdc
T 94 bfdb514c9b87bf9b
T 95 3fb6e8febe8f8502
T 96 3fad3f95e0d5364f
T 97 bfefcabeeda8747b
T 98 bfe7c8e152630d6a
T 99 bfd240c5ccd1fff8
T 100 3fdbb7eaa6d9a95d
T 101 3fecc232ceaae0c8
T 102 bfee11c85bf61597
T 103 bfd4fa763799fb29
T 104 bfbb873790cbb127
T 105 3feed87837e37499
T 106 3feb86f8188e300e
T 107 bfe025ad55be667e
T 108 bfe330d2977d15e4
T 109 bfd5e57c04850e0d
T 110 3fef8ea5f9d82ff9
T 111 3fc1b5debae9ec03
T 112 bfc3b860f6012231
T 113 bfef7b15f87581fa
T 114 bfd629ecd1d5021a
T 115 3fe2c59a1153a95f
T 116 3fe0a48d5ed5f47c
T 117 bfeb2dc6e6b603b0
T 118 bfeef8ec45fa3e22
T 119 bfb9c96cb6a36890
T 120 3fd5f5ca4b8327ba
T 121 3fedfb4d3cbde9c3
T 122 bfece5b064da82fe
T 123 bfdac69e0fede5a8
T 124 bfd295e6c5928661
T 125 3fe76f3a502636a9
T 126 3fefe9310d7f5e25
T 127 bfa4d60e4e514add
T 128 bfefc73cb0d18280
T 129 3edbdbb77eeaeb06
T 130 3fe61a5f894c2a0d
T 131 bf26f1b61ab2b224
T 132 bf23841aff122edf
T 133 3fd9486c34fbbfb8
T 134 bf238e0082f18d58
T 135 bfed8ef4fec04016
T 136 3f2f35cef8089126
T 137 3f01f6546f7ef2db
T 138 bfe13901b56efe2e
T 139 3f365bf3701ad1ac
T 140 3fea2245a709f7f3
T 141 bf222bd834c1c929
T 142 befe76847db65198
T 143 3fef44e45d988958
T 144 bf3a6df79c6bf000
T 145 bfbd0f0a898b4a06
T 146 3f23d979af72f53c
T 147 3f20a94b1acfbd4f
T 148 bfebc7e2589377de
T 149 3f29d8ac1c07fa64
T 150 3fd1744e0f7a4927
T 151 bf2eb3d701821034
T 152 bf244057a12782f4
T 153 3fd371da80a6b965
T 154 bf284f924eb734b7
T 155 bfec456cccbf4ba8
T 156 3f2858ec92cd636a
T 157 3f1b85d7d9ce5baf
T 158 bfb4c746489048b1
T 159 3f3a83cfdad0eb92
T 160 bf90a3faf8618c75
T 161 bf3a99ae1792bf87
T 162 3fe6d6a3ecf12a35
T 163 3f2634928eb418d4
T 164 bf10ebc854f87e3a
T 165 bfed2908d6c1cc5e
T 166 bf38bdf7b58b9678
T 167 3fd75c7c4e6163ad
T 168 3f0af6886ead243e
T 169 bf24caa6af4cc54a
T 170 bfeab6299081f50b
T 171 bf2cd53462de0ccb
T 172 3fe21667a9a194c7
T 173 3f2a413fcfe95157
T 174 bf24ed6a21f32387
T 175 bfc6c228882e564c
T 176 bf0852e515dd20e1
T 177 3fef930d0d7991f7
T 178 3f29029d056a6197
T 179 bf1a725ae9410487
T 180 bfdee0a8abe21884
T 181 bf3741128c2362f3
T 182 3fee8f9d76b620ca
T 183 3f1188fe76841a05
T 184 bf0a0708228ec8cd
T 185 bfee424ae3044218
T 186 bf37aa217de14abe
T 187 3fdd0b1224bba2f2
T 188 3f24a83e06813735
T 189 bf20383ff1dae127
T 190 bfefad1cb6295f76
T 191 bf01648d0c57d25b
T 192 bfd53907eae93af3
T 193 3f86354f335e4786
T 194 3fcd0d99055d420c
T 195 bfcef81c3bcab618
T 196 bf35ce09805ff5ad
T 197 3fc186e7078028f0
T 198 bfbde2ed4cb0993a
T 199 bfd3e367eb320143
T 200 3fd4a95806faeaf9
T 201 3f15be5b310da020
T 202 bfc66d177f06477e
T 203 3fd20333985100be
T 204 3fd145f414a1ea82
T 205 bfc8b7222caf7c1c
T 206 bf0f322a3138f126
T 207 3fd4f355d887a2fb
T 208 bf863b7d10ec67db
T 209 bfd53321e2fc96ea
T 210 3fcf050ad33460be
T 211 3fcd017c504db745
T 212 bf23c260503fbb90
T 213 bfd35767020cac34
T 214 bfd3da019e303b2d
T 215 3fbdf113f8340b41
T 216 3fb3453542537879
T 217 bf37503330c40c41
T 218 bfd208369a7f60fe
T 219 bfc666dbd82123fc
T 220 3fc8c1743c66cb2c
T 221 3fd13ec0959aeccc
T 222 bf379e6f94edfd3e
T 223 bfababec06ed2d9f
T 224 bf0c4842a79b860b
T 225 bed63d3bd5dbe38e
T 226 3fb808a9b8c04402
T 227 3f1aa1b44cae9d08
T 228 bfc05574aabccdcd
T 229 3ef912500a7921f3
T 230 3efb53315b61b8fd
T 231 bfc1421f833925b5
T 232 becda8d3e65ed117
T 233 3f1534df5f097ac4
T 234 3fbb67c47b7a4797
T 235 bf175af758b3ab5b
T 236 bfb01c21ac47e4d2
T 237 bf096b86792be807
T 238 3f141fcb1aa054b2
T 239 3fa76f00b7cca4c3
T 240 bf1f9bf3c79797d6
T 241 bf84752b66497458
T 242 3fa7e597e192477d
T 243 3faf133cc1002479
T 244 bef0a54d8af6d22a
T 245 3fb36c8810538567
T 246 3faf249a507cdd85
T 247 bfa7d844aebe6d88
T 248 bfa3b1903bb7300b
T 249 3ee0eec1e27cdf8e
T 250 bf851b88086b64fd
T 251 beff98c4716d2a92
T 252 bf914f3162cbbd89
T 253 bf83fcb36a755350
T 254 407330c3ffe639a6
T 255 40732ee4dafd2409
T 256 bf920342b1cf7ef6
T 257 bf84cca000c2a386
T 258 40732cf250b1e52a
T 259 40732aebd781285d
T 260 bfa23e4567c306f7
T 261 3ee7ea66f2bcb583
T 262 bf838d94dccf4fc6
T 263 bf0650476a241311
T 264 bf900db86dfc7756
T 265 bf82897f137c9eb9
T 266 40731abe30179170
T 267 40731923e414f592
T 268 bf90a83bb8142ce3
T 269 bf833be99711ba56
T 270 40731779c2a4dfb4
T 271 407315c053a5661e
T 272 bf1f9bd4b21268d2
T 273 bf81bbea3129a495
T 274 3fa4b9d9787e435c
T 275 3faaefbbde2741a2
T 276 bef0a53d2c7458ff
T 277 3fb0d68273963fb3
T 278 3fab02b7ba4770cb
T 279 bfa4ab485e79b217
T 280 bfa0fbe95c80d3af
T 281 3ed9e2b12dbccdec
T 282 bf823413dbd8d1c4
T 283 bef826c9b408fbf6
T 284 bf8df12a0764232c
T 285 bf81497c0ebe89c5
T 286 407307ca641ebadd
T 287 40730666f29eec42
T 288 bf8efcfd6e857b3a
T 289 bf81e41d281cba52
T 290 407304f75b833cc9
T 291 4073037adcaf042f
T 292 bf9fca0245923a9c
T 293 3ee38d522c384b1f
T 294 bf81092553e8df02
T 295 bf023e072ec65381
T 296 bf8c0b4f83e2a5db
T 297 bf8030fa16d7e6cd
T 298 4072f76ac2604f89
T 299 4072f633fec20811
T 300 bf8cf5de7c7726dc
T 301 bf80b866395f676e
T 302 4072f4f2f3e5ea16
T 303 4072f3a7b816c957
T 304 bf289f97e35bb5f3
T 305 3ee0877ede4dfc7d
T 306 3fc0cb1b592ddd79
T 307 bf1266f858d2c87b
T 308 bfc6d1c3a7a95360
T 309 3f15d3faf8c68dbf
T 310 bf044f2d37799334
T 311 bfc81e3b4c1cc271
T 312 bee9d28ca0d78740
T 313 bf1f8604b53f21fb
T 314 3fc326311a177d33
T 315 3f102368ef4f6ab7
T 316 bfb681adbd14460e
T 317 bf2621a6d036cdfd
T 318 bf1dea23e54e1c44
T 319 3fb05fbd0aac6706
T 320 bf0fb6f74cdcaa3d
T 321 bf8d7f2d2a202477
T 322 3fb137838708e057
T 323 3fb6686b327f71a1
T 324 bee0b387530a642f
T 325 3fbc019c23df045a
T 326 3fb66ffbd98b8273
T 327 bfb131b57b52923b
T 328 bface316abb05554
T 329 bed68afa01581c2a
T 330 bf8ef60832f44d05
T 331 3ef50864fb0c748b
T 332 bf992dd63d12c965
T 333 bf8d1302e4c7b3cf
T 334 40719354df212e68
T 335 40718fb4523b479e
T 336 bf9ab171446c136b
T 337 bf8ed29465ab08e1
T 338 40718bdfc633758f
T 339 407187cdec6755c4
T 340 bfa9ddfabbedb2e1
T 341 beb38ed8389b3062
T 342 bf8bb96a899d291c
T 343 3ed23f731abded5c
T 344 bf969c03d079641f
T 345 bf8a1b6c8615883a
T 346 4071690c56d6d1f0
T 347 40716626ad9c7a2b
T 348 bf97d2c2d1b78589
T 349 bf8b823e1ca578f1
T 350 4071631b68801964
T 351 40715fe512157c34
T 352 bf0fb85ba46db86a
T 353 bf8826d11e0883d2
T 354 3fac36fce2db01ad
T 355 3fb258c8f82f6822
T 356 bee0b442fa4839ab
T 357 3fb6ee650316808b
T 358 3fb262972b8ad4ea
T 359 bfac27f098c811be
T 360 bfa76805b5b1d553
T 361 bee725e99595a792
T 362 bf89163aeb0f0bce
T 363 3f0598f39a823a09
T 364 bf948658ebb7a487
T 365 bf87b3329d21a925
T 366 407147198c145292
T 367 407144bb00838ec6
T 368 bf9584c01b157463
T 369 bf88d8f50268789d
T 370 40714242bb2b0bd6
T 371 40713fa8c22c5d24
T 372 bfa5623d513e1dc8
T 373 bedba154549954cd
T 374 bf86eb45b134fc06
T 375 3ef9c78195be503d
T 376 bf92c8c5afe6aa74
T 377 bf85b0b11e203864
T 378 40712b5ca742e46b
T 379 40712963cdcb8569
T 380 bf939d16a5f970bf
T 381 bf86a5da82e2647a
T 382 407127571abf8c72
T 383 4071253131c37112
T 384 bfef8d1178666408
T 385 3fa086a4d8014361
T 386 3fe5946c12d2b523
T 387 bfe70a51dd2d0c98
T 388 bf35ce4a10c4e15c
T 389 3fda0e7f45a1a10a
T 390 bfd63d54b6576374
T 391 bfed8b7be7deca76
T 392 3feebe48d0c0d49b
T 393 3f15be9b930425dd
T 394 bfe0ab8663547c51
T 395 3feaceb917f5c06b
T 396 3fe9a8fc684dfea2
T 397 bfe2633b7690f952
T 398 bf0f3286903b2592
T 399 3fef2574617de513
T 400 bfa086a74407ebcc
T 401 bfef8d0cd8a961df
T 402 3fe70a5d92342a82
T 403 3fe594611bccd5e4
T 404 bf23c29ad215be93
T 405 bfecc10cebcb7f29
T 406 bfed8b689f2d36e8
T 407 3fd63d633a6bd1c6
T 408 3fccac5f2e37cb22
T 409 bf37507838963af9
T 410 bfeacebd05bb4c9d
T 411 bfe0ab83f1e6a845
T 412 3fe26344ce623410
T 413 3fe9a8ef5e87095c
T 414 bf379eb584683215
T 415 bfc491b0d42a0214
T 416 3f15148996636ee0
T 417 bef35adc545bed4e
T 418 3fcbe2a6e4ef1782
T 419 3f31e081c1158e5f
T 420 bfd2f7299bf58784
T 421 bf02afe5cc91d1dd
T 422 3f17c7f6f46cc2a7
T 423 bfd406252337f6d2
T 424 3ed61b52f5d1115d
T 425 3f3274c90a3df3e1
T 426 3fcfcc128af74703
T 427 bf2f5afa42eec8ba
T 428 bfc2b49a368726ab
T 429 3f12f2647451738d
T 430 3f3183a43298f2b1
T 431 3fbb305dfa4adb21
T 432 bf2793bbd5a24cfb
T 433 bf9a701e9de5a576
T 434 3fbed8df8975b0ec
T 435 3fc4152bb5090d5f
T 436 bef8d4f49255f8bc
T 437 3fc91a1f1cc736a2
T 438 3fc419b3e7b74553
T 439 bfbed1eb08d68c32
T 440 bfbb2705b5be2dc1
T 441 3ef3bf8052a53901
T 442 bf9d1a15500395e7
T 443 bf126cd8cdd233ac
T 444 bfa7117941551f7f
T 445 bf9aa30db92ab104
T 446 406cb42a286d7a9a
T 447 406ca046a40ff73a
T 448 bfa9bfddab7d8a7b
T 449 bf9dbba18fdb4a2e
T 450 406c8a2b7b574544
T 451 406c7187dd4acda8
T 452 bfb6446bdbddc2ce
T 453 3efd7d7795f4e89f
T 454 bf97ddb172fb9aaa
T 455 bf1b83bfac8434d7
T 456 bfa3173c020f47b7
T 457 bf960b4acda3589d
T 458 406bd13e5699042e
T 459 406bc40aed5bb922
T 460 bfa4e466f3809380
T 461 bf981fcd8749f42d
T 462 406bb59d1269d1a8
T 463 406ba5dd7fd3d344
T 464 bf279284522afc23
T 465 bf92efec265956e0
T 466 3fb61a133b9d6a27
T 467 3fbcc481473843ee
T 468 bef8d3ac7ab60d87
T 469 3fc1faf41018c89b
T 470 3fbccdbf3fe63a27
T 471 bfb612fbc2584d34
T 472 bfb2dd8e5af08d5a
T 473 3ef520013add5889
T 474 bf94384d773a6489
T 475 bf13b5bcb76f4611
T 476 bfa048810657361d
T 477 bf92cd5fb2702d87
T 478 406b39127b82ced4
T 479 406b2fac7d721c83
T 480 bfa193568d8f5143
T 481 bf944b635c10f631
T 482 406b2588f1d0f110
T 483 406b1a9dc0536d5c
T 484 bfb05efb7b482141
T 485 3efc1a405c35b00b
T 486 bf918be19fcc4949
T 487 bf1a3853f4107fa1
T 488 bf9c63be6fad0c18
T 489 bf906408ad2872b2
T 490 406acc3e54e67839
T 491 406ac53679ea6788
T 492 bf9e55d3646d57fa
T 493 bf91839a01aa3374
T 494 406abdb0a988e806
T 495 406ab5ae03562215
T 496 bea2549c75df6958
T 497 be6ce0aa24bb1045
T 498 3fe4897aa179c64e
T 499 3eb148b298334b73
T 500 bfebef775cafce3f
T 501 3e903fe3bedbe4f9
T 502 3e91bdc00e588f3d
T 503 bfed7e9d02ac0268
T 504 be6338f377564a68
T 505 3eab891d9a73805d
T 506 3fe76b017f6bb1fa
T 507 beae50b3f0858c04
T 508 bfdb8d6cfde53858
T 509 bea079b5c2c73e33
T 510 3eaa21d1db772881
T 511 3fd4062cfa91ad12
T 512 beb4815837a20800
T 513 bfbfae41596ad41e
T 514 3fe2782e309f025a
T 515 3fe811e2462f35c6
T 516 be8598b3112817e0
T 517 3fee1470278b93e6
T 518 3fe811e27be4bec5
T 519 bfe2782e0768a172
T 520 bfebdc1f12f8c042
T 521 3e33c2b1146a80dd
T 522 bfcddc2f45ddec19
T 523 be526fd1c417416e
T 524 bfd137f6e2ebc784
T 525 bfc3e1e0fd5abead
T 526 40531a0c38295e5d
T 527 4051421b35f7d41c
T 528 bfe6bc37e738a4f9
T 529 bfda409bfa446a81
T 530 404b8193d0f8b35f
T 531 4031fcb437f0ef72
T 532 bfd3e18880539c45
T 533 3e94d97706d368de
T 534 bfb54ef1fc068abb
T 535 beb373ec042b88cc
T 536 bfbeb610a069aa22
T 537 bfb1bb2a5203b017
T 538 4021c8d14ac776ca
T 539 402171741d71476c
T 540 bfc53d7cc0e2adfd
T 541 bfb886ab66905d65
T 542 4020fdfe0fe11b21
T 543 40205e49139c2a83
T 544 beb481580318facf
T 545 bfa5e093828ba125
T 546 3fc9822bef03a535
T 547 3fd09f1da6725aec
T 548 be8598b2d9d34891
T 549 3fd4c59331734b2e
T 550 3fd09f2485fb1b69
T 551 bfc9822162bd8419
T 552 bfc832a72bc63bc5
T 553 be7506d050e5910a
T 554 bfa9ef68b9f53e74
T 555 3e939e3cabd68b34
T 556 bfb3c2ef697f26b2
T 557 bfa6d18e21ca5cd4
T 558 401c5fffd0858f7b
T 559 401c26494fe015c3
T 560 bfb80c7055fbadd9
T 561 bfabc4d7dca82599
T 562 401be14768600aca
T 563 401b8d4cc8ddf962
T 564 bfc164032f9526b6
T 565 3e7f970369348746
T 566 bfa2a3a70dfb93dc
T 567 be9d794846e2d69c
T 568 bfad2292aef49229
T 569 bfa0d23588d25406
T 570 4019e42056ed7c7a
T 571 4019c7826ffa06b2
T 572 bfb0c58541f4d0bc
T 573 bfa35dbb007fe9da
T 574 4019a6de12011da3
T 575 401981496ceeba06
T 576 bfe01ad729d3dea9
T 577 3f7cae8c8476f66a
T 578 3fd6672bf1c9b030
T 579 bfd0ebb82abc4b22
T 580 3fb0bd2be565e735
T 581 3fc9a04acf3fbca0
T 582 bfc421fe12c752da
T 583 bfddf5a8e8cdb34d
T 584 3fd7044a242203f8
T 585 bf8ecfff2b776a76
T 586 bfd174dd014c59a5
T 587 3fd7052a751d0ca3
T 588 3fda7d1376ebf8b5
T 589 bfcacd3ea2296b9b
T 590 3f8a20ce952ea3ee
T 591 3fdfb190fe70a9b7
T 592 bfdb35fca36e71da
T 593 bfad7401ffc3fddf
T 594 3fcd46eddedc8d6b
T 595 bfac94b4567af63d
T 596 bfdc286f5ddf2f68
T 597 3fca9c4744f7f090
T 598 3fc1b0f37e8848fd
T 599 bfd6a470e07f08de
T 600 3fb15e9f676758c4
T 601 3fc3b56eccb74b33
T 602 bfc9078e783bfaff
T 603 bfdca7a7bb814b5f
T 604 3fd1f4a14d795693
T 605 bfa79b3c8146a464
T 606 bfa50f7d2c6b742f
T 607 3fdb4c7a34179c13
T 608 bf80ddd05530d9b8
T 609 bfdb62fdf0a485cb
T 610 3fd725fe7b1c4c29
T 611 3fd0603bed631622
T 612 3f9d06c2a19777d2
T 613 bfdd8e6137ae58fd
T 614 bfd979375a027d5a
T 615 3fc7ada7ea7bba61
T 616 3fb3e2734895ccc0
T 617 3fb1d5401df5e185
T 618 bfdb12ff471413fe
T 619 bfcdaf698c3da21b
T 620 3fd2554052f89796
T 621 3fd35cc20dd0909f
T 622 3fb1f31131f249e8
T 623 bfb7114112b04bee
T 624 bfa90afa663c0109
T 625 3fe0006115e3c915
T 626 3fd271c593eb542e
T 627 3fa6aef31966391d
T 628 bfcf4bf8f18e773e
T 629 bfd7f10f90b107ab
T 630 3fdef9cd27763a5e
T 631 3fb9dd0c49ab5877
T 632 3f9652e5ebdd4f1f
T 633 bfdeab74c3a1c54e
T 634 bfd85d39981ca65a
T 635 3fcd6ffbcf7836b7
T 636 3fce77e67fcbf5b7
T 637 3fabd2c9f6a0d4d8
T 638 bfe00d99c6a30e96
T 639 bfa1e82e141525d4
T 640 bfb8c4967f5ab4da
T 641 3f5948215b740a43
T 642 3fc4ac4c189ca0dc
T 643 bfb21638d114640b
T 644 bfc64bc25cbcba05
T 645 3fa47469fd6f5ec5
T 646 bf9102e3e4718b5c
T 647 bfcc4dae903be217
T 648 3fb8223a55cb4e36
T 649 3fa63bb9a3c487a6
T 650 bfaa2c1bc9e31dfa
T 651 3fa4815eef62d62c
T 652 3fc894f87a89f69c
T 653 bfacde6b82b52f9e
T 654 bf9fe608c061deaa
T 655 3fb87340023b0777
T 656 bf69f23828e74d28
T 657 bfa8223908a27872
T 658 3fc612873c73e75d
T 659 3fb0f0ad146171ae
T 660 bfb4344ddaddcef6
T 661 bfb692818a03b49e
T 662 bfa699553620e52a
T 663 3fb54e29c1e54bc4
T 664 3f96823e26a797e4
T 665 bfc7d69e95f42735
T 666 bfb50b535415471a
T 667 bf9980897fcc7e6a
T 668 3fc19d7a9e085c69
T 669 3fb424a8d8b7e26d
T 670 bfc8269e119b818a
T 671 bf9025a01dacfccf
T 672 3f9b53f5bc81af5e
T 673 bf7669aaab726ef3
T 674 3fb139ed1301f168
T 675 3fb533f8c04019e8
T 676 bfb76e9282e19e8e
T 677 bf8839bf0d2ad472
T 678 3f9b89c975ba2382
T 679 bfb8bd62efcc7029
T 680 3f5ca8a18a8f5d0b
T 681 3fb55f3e0843df6a
T 682 3fb3a48e93073ca5
T 683 bfb29834128d8bcd
T 684 bfa71c56453e8e9b
T 685 3f988ff2dee9700b
T 686 3fb448002bb22bec
T 687 3fa0cbca3ed78a01
T 688 bfacd7feeced531a
T 689 bf67c07d03caa959
T 690 3fa4dbadfdb0d307
T 691 3f80788b9cedfe97
T 692 bf7e60f8cf7a1a38
T 693 3f968d3c9e473dcd
T 694 3fab2ece5669b426
T 695 bf7946f027d073db
T 696 bf9a7cc6cf29fa21
T 697 3f7cfb55b6a1b11b
T 698 bf7c639d4ce3dedd
T 699 bf9b0a55686c3e30
T 700 bf741c9fd8d2cbd0
T 701 bf67391e8ef48c3c
T 702 400463d23a878552
T 703 400463a745f7e4a0
T 704 bf740ee0c6eacd75
T 705 bf67293f162213d7
T 706 40045fffa1cb798b
T 707 40045fd4efe29fc4
T 708 bf9bd775f3525f65
T 709 3f7f4df6a215ff27
T 710 bf7dd7307ca1ccde
T 711 bf9d3521310a83f1
T 712 bf7363c604ce2d40
T 713 bf6663ac0496b1d0
T 714 4004593b47992ba7
T 715 400459136f377ce2
T 716 bf733f948882eb6c
T 717 bf6639e12824308b
T 718 400454e544a7b420
T 719 400454be08d9a916
T 720 bfab3f56ab3f3aa4
T 721 bf68ae8058da816d
T 722 3fa35823493dce4f
T 723 3f7b57f23f3398e6
T 724 bf7cb290e0f4fa07
T 725 3f976f390ba560e3
T 726 3fa935c06e006ab4
T 727 bf74fb3f68d89030
T 728 bf96e426e0312884
T 729 3f7b7816cf076d7e
T 730 bf7888e44f17a724
T 731 bf99a1074859a060
T 732 bf74d226214a30ec
T 733 bf680ab9d1bda5cc
T 734 40043c7236184d20
T 735 40043c44855bd89f
T 736 bf74947692fb2f36
T 737 bf67c37f4d1bff2a
T 738 4004395152580181
T 739 40043924b5acb1d0
T 740 bf980dd003a2b998
T 741 3f7d79cd1a88627a
T 742 bf79c7ec716836cc
T 743 bf9b80540ee7b122
T 744 bf7468636c72ae0e
T 745 bf67909aa42781e0
T 746 4004332357713e19
T 747 400432f78676c93e
T 748 bf7415d9db27a8e2
T 749 bf67314c51759e22
T 750 40042f9b7efb984e
T 751 40042f71150ba81b
T 752 3f97a8697893bfcd
T 753 bf70037493f92ab2
T 754 3fadcbbe98ba73b7
T 755 3fafe0fd8e0f2579
T 756 bfb443ca11d868c7
T 757 bf84f8dc3572bed3
T 758 3f93acf0d48eba30
T 759 bfb5655aab0d1f62
T 760 3f58cf54d971e433
T 761 3fae8a334881cd31
T 762 3fb0fce3483820c2
T 763 bfabf4ff1d1f4b73
T 764 bfa3fcab4e44ba64
T 765 3f95437c59958303
T 766 3facfb2caa41fc85
T 767 3f9d0d3eab7e7f3f
T 768 bfa570e3dbc30584
T 769 bf6bf080757f039b
T 770 3fa1f290710ab753
T 771 3f88fdb258fa4003
T 772 bf76950239d1a280
T 773 3f9a8714a3329a3b
T 774 3fa763c0af55d367
T 775 bf832d2014bc77ca
T 776 bf96ea063a2b4d1e
T 777 3f7594e633948b80
T 778 bf788f2f98a105a6
T 779 bf9422cd185d46a0
T 780 bf778d27886edb07
T 781 bf6b31de2c2089a6
T 782 4003e81f24df6d98
T 783 4003e7e5a2b74064
T 784 bf77c4afa1707d01
T 785 bf6b71fd820d6ff2
T 786 4003e5b340fa0343
T 787 4003e578b57f8578
T 788 bf97758dba42af3d
T 789 3f7737476eb2dbab
T 790 bf7924bba42c9a13
T 791 bf95a927a2d58fea
T 792 bf769ed3886d524d
T 793 bf6a1eab9545d3df
T 794 4003e08e808f0d97
T 795 4003e05987788d67
T 796 bf76c48106f55828
T 797 bf6a4a2d3d9266d3
T 798 4003dde817247fc6
T 799 4003ddb2742a8a33
T 800 bfa4ab7c5403c05b
T 801 bf6b701ad744eac4
T 802 3fa0d0d9f75bccb6
T 803 3f858bd9c40b27bd
T 804 bf75c5193215ebf1
T 805 3f9a0d2bf206660d
T 806 3fa5ea310d6d14da
T 807 bf808876084b6cfd
T 808 bf94529ed23c9f7e
T 809 3f74ddec53f39604
T 810 bf75c826d8081afd
T 811 bf937815083c568c
T 812 bf77129219c8a6e3
T 813 bf6aa452040416ed
T 814 4003cf0840d2043a
T 815 4003ced154cc2a9c
T 816 bf77225767f12968
T 817 bf6ab687e4f0ac53
T 818 4003ccfae5526d0f
T 819 4003ccc3b3d67c55
T 820 bf94d1445f9462d5
T 821 3f7651743aa6fabb
T 822 bf764fe428a0f0e3
T 823 bf94d2b9a4e1a17e
T 824 bf766b165c40a68c
T 825 bf69e2ed600e0ad2
T 826 4003c8454808db39
T 827 4003c8117fc3277f
T 828 bf766afa2bb65015
T 829 bf69e2ccd31c9d89
T 830 4003c606d79de982
T 831 4003c5d315ba0882
T 832 bfc20c8dd804e81d
T 833 3f701403e8fa40c9
T 834 3fd0088f2649179f
T 835 bfba5c5ba605bed5
T 836 bfce0ff15f935247
T 837 3fadcfd3a6f3d18c
T 838 bfa5a3122bebbfdb
T 839 bfd5f38cda3a42f9
T 840 3fc19641a8d3b290
T 841 3fadfa52da4cc8ea
T 842 bfb3128bd9f0daf1
T 843 3fba14c751f0048c
T 844 3fd310a75ad3fc75
T 845 bfb5099dd58d6157
T 846 bfa581411c74d6cb
T 847 3fc1d147f1f8cb32
T 848 bf72e85c6577ce56
T 849 bfbeb2342967fe78
T 850 3fd11e64aae31517
T 851 3fb8b086e9c1bfc0
T 852 bfbb3df9026d9222
T 853 bfc072f33d25a0c9
T 854 bfbcbe7ab262f41a
T 855 3fc086190d599615
T 856 3fa0671dabb28257
T 857 bfd0122c218467b7
T 858 bfbeabc5ec5e3f1a
T 859 bfb037e342887265
T 860 3fcb52daa017e95e
T 861 3fbd5b9e825de893
T 862 bfd0481aae74bb5a
T 863 bf9788907aeee0d0
T 864 3f88cfba226f1268
T 865 bf843aa9d00606f0
T 866 3fc0237fd73fde8a
T 867 3fbf58e6f75f3f6d
T 868 bfc5f3dada8ed01f
T 869 bf75fea656828276
T 870 3fa8daf29eabc652
T 871 bfc72d84fd11f384
T 872 3f4a0506ec1940d2
T 873 3fc34a32252580b2
T 874 3fc267127776fd55
T 875 bfbb7da67dd72c2b
T 876 bfb5a6cfbcd4b510
T 877 3f864cea02d5066b
T 878 3fc24e28eec5afd2
T 879 3faf78a243429415
T 880 bfb64076c82c2694
T 881 bf6f65dc87a68cf7
T 882 3fb167b19ffc5c3c
T 883 3f93b33eaa40764b
T 884 bf876fa133b10107
T 885 3f9dcfb3d0010f33
T 886 3fb6aec5f56787fd
T 887 bf8e3ba2babff383
T 888 bfa998bb4d4538d0
T 889 3f85b2a8e6fb388f
T 890 bf8b6f325539d345
T 891 bfa43e9170967063
T 892 bf7b2d97f7f94861
T 893 bf6f61efe6411276
T 894 4001441107ae61b0
T 895 400143ce9b1b5a34
T 896 bf7cf6076258c1b1
T 897 bf70b87dd62620e0
T 898 40013a75c785e708
T 899 40013a2a84a5eae5
T 900 bfab4953830b1f89
T 901 3f88dcc83cde6162
T 902 bf8d3ed99e9854af
T 903 bfa7326c30a8e083
T 904 bf77463a0e7c6e0f
T 905 bf6adff7b981ab48
T 906 40012d140a5537cd
T 907 40012ce394c09130
T 908 bf78c678e27bb7a2
T 909 bf6c9ba7f43a6f01
T 910 4001218f94411686
T 911 40012158cfd4b4cf
T 912 bfb35cb002718c10
T 913 bf69dbce3cee24c2
T 914 3fad16a84f7b220b
T 915 3f8be2cd01abbd1b
T 916 bf84647b7b678580
T 917 3f988d4d4de0fcea
T 918 3fb2f456232fe418
T 919 bf8565cb65c09cec
T 920 bfa4bf1e24c56986
T 921 3f8320fe8c0b3163
T 922 bf863c70583ec222
T 923 bfa1d8f5394e3298
T 924 bf7634b6e28592d6
T 925 bf69a4248ca11886
T 926 4000da2ad7afc0c0
T 927 4000d9ff8fdb1039
T 928 bf7704bb37918314
T 929 bf6a94570bc74b9c
T 930 4000d391765dd19a
T 931 4000d3630709972a
T 932 bfa60aee30d758eb
T 933 3f855db2dd37e81d
T 934 bf87a013199ccd27
T 935 bfa3ef4c60c11ef3
T 936 bf73f76ceec66b9e
T 937 bf670e2a71b652be
T 938 4000ca1886cdc65d
T 939 4000c9f5aa677cab
T 940 bf749bfba722760e
T 941 bf67cc2e30cd2a4b
T 942 4000c256d84e8d5e
T 943 4000c231c531050f
T 944 3f831500fca68f8a
T 945 bf78146942fa3b40
T 946 3fbc4cebed0cab96
T 947 3fb314e88288b988
T 948 bfc33f6fb222ab1b
T 949 bf70ea6f8a044798
T 950 3f9d961f2591eccd
T 951 bfc452749c4b591a
T 952 3f4402e191778ece
T 953 3fb6f62bd6944431
T 954 3fc0229ff7d099f9
T 955 bfb0bbf315d30404
T 956 bfb2fbe2a6d83fe1
T 957 3f8126a0a14d3917
T 958 3fb5ca2925b6b47a
T 959 3fab97fb935b9a78
T 960 bfaa3da63d607fc2
T 961 bf7a1eae2109bc5a
T 962 3fadf4b4717ae359
T 963 3fa221a66da2d6ce
T 964 bf7ba3299c67e735
T 965 3fa8cccc1d45deda
T 966 3fb385067edb8567
T 967 bf9bd353a8fbd28d
T 968 bfa6be0ac6ec6084
T 969 3f797d539629e4a0
T 970 bf88600bc0fe8583
T 971 bf97c836678f2e89
T 972 bf865f846548a937
T 973 bf79d5913167be73
T 974 40004edd07efc06a
T 975 40004e32f765bf5a
T 976 bf87bcc384710ddf
T 977 bf7b68d7a50210fe
T 978 40004948694a5247
T 979 400048893aee8220
T 980 bfa6d01db84c51e9
T 981 3f7d5944a0dbafc3
T 982 bf88736ae57449c2
T 983 bf9b61f97c2793f3
T 984 bf83b2bbabe71da5
T 985 bf76bed8bbcfc015
T 986 40003dfaaa4411b0
T 987 40003d775e5cd9c7
T 988 bf84e8361c35365d
T 989 bf7824338b88629a
T 990 400037fe55e7edea
T 991 4000376aa44ff98d
T 992 bfa835801314d7b7
T 993 bf7525d2795e3b2c
T 994 3fa98f9c6dcf8061
T 995 3f9bfd24896dc5e6
T 996 bf797f54c5507c0c
T 997 3fa41441fbba7427
T 998 3fb0a7e664d05c1b
T 999 bf957a01e3e43b4c
T 1000 bfa2f6b2b0486874
T 1001 3f77d2199f564df1
T 1002 bf84533fe833c347
T 1003 bf96399ad6b8a94e
T 1004 bf8206cc2a0367ec
T 1005 bf74d0b58c90dad9
T 1006 400011b71bd8174c
T 1007 4000114a52485aa2
T 1008 bf82e22b69717c2a
T 1009 bf75ce04a9a84b1e
T 1010 40000dac3565659f
T 1011 40000d34f32efa29
T 1012 bfa323a6a3b7a720
T 1013 3f7ac4348c7fd9ed
T 1014 bf84836e1776e55d
T 1015 bf98f931ce22674a
T 1016 bf804231c11e1867
T 1017 bf72c6168b1a28d4
T 1018 400005be7e904736
T 1019 4000056641d17f44
T 1020 bf8105ac7a71f024
T 1021 bf73a7cee754d603
T 1022 400001619e0d8302
T 1023 40000101000966a5
END 1024 256 INPUTS_UNCHANGED CANARIES_PASS
