{
  "status": "PASS",
  "modules": 73,
  "checked_theorems": 570,
  "new_theorems": 104,
  "all_final_logs_clean": true,
  "inherited_sources_unchanged": true,
  "axioms_allowed": [
    "Classical.choice",
    "Quot.sound",
    "propext"
  ],
  "audit_stdout_sha256": "fe9fba25bd81959847d21d1cbb290088e82de720094163c5251cd166ad1de2ff",
  "full_types_sha256": "fed4e938e4b274a123929c6e390af4b98b4e581b968c9cb91b53f5f19790380d",
  "full_theorems": [
    "FT1536Bridge.CENTER_C",
    "FT1536Bridge.NORM64_EXACT",
    "FT1536Bridge.STRICT_B",
    "FT1536Bridge.RAW_VERIFIER_SOUND",
    "FT1536Bridge.unary_terminates",
    "FT1536Bridge.DECODE_NONE",
    "FT1536Bridge.DECODE_STATIC",
    "FT1536Bridge.PK_PREPARATION",
    "FT1536Bridge.L_V_BYTES",
    "FT1536Bridge.L_V_LOADED",
    "FT1536Bridge.L_V_SOURCE"
  ],
  "remaining_bridge_hypotheses": []
}
