formal/ParserRefinement.lean:7:63: error: unsolved goals
case more.more
d : Bytes
ne : Nat
c : Cursor
a : Option (Nat × Cursor)
ne✝ : Nat
c✝ r✝¹ : Cursor
result✝ b : Option (Nat × Cursor)
r✝ : Cursor
h✝¹ : r✝ = r✝¹
tail✝¹ : UnaryRun d ((ne✝ + 1) % 4294967296) r✝¹ result✝
tail_ih✝ : ∀ (b : Option (Nat × Cursor)), UnaryRun d ((ne✝ + 1) % 4294967296) r✝¹ b → result✝ = b
h✝ : nextBit d c✝ = some (0, r✝¹)
tail✝ : UnaryRun d ((ne✝ + 1) % 4294967296) r✝¹ b
⊢ result✝ = b
formal/ParserRefinement.lean:17:47: error: simp_all made no progress
formal/ParserRefinement.lean:17:47: error: simp_all made no progress
formal/ParserRefinement.lean:16:65: error: unsolved goals
case more.more
need : Nat
d : Bytes
c : Cursor
a : Option Cursor
c✝ r✝¹ : Cursor
result✝ b : Option Cursor
r✝ : Cursor
hp✝¹ : r✝ = r✝¹
tail✝¹ : FillRun need d r✝¹ result✝
tail_ih✝ : ∀ (b : Option Cursor), FillRun need d r✝¹ b → result✝ = b
h✝ : c✝.bits < need
hp✝ : pull d c✝ = some r✝¹
tail✝ : FillRun need d r✝¹ b
⊢ result✝ = b
formal/ParserRefinement.lean:15:8: error: (kernel) declaration has metavariables 'FT1536Bridge.fill_unique'
unary_terminates : ∀ (d : Bytes) (c : Cursor),
  Inv d c → UnaryRun d 0 c (unary d c) ∧ ∀ (result : Option (Nat × Cursor)), UnaryRun d 0 c result → result = unary d c
static_fill_exact : ∀ (d : Bytes) (c : Cursor),
  Inv d c → ∀ (result : Option Cursor), FillRun 9 d c result ↔ result = fill 2 9 d c
pk_fill_exact : ∀ (d : Bytes) (c : Cursor),
  Inv d c → ∀ (result : Option Cursor), FillRun 15 d c result ↔ result = fill 2 15 d c
'FT1536Bridge.unary_unique' depends on axioms: [propext, sorryAx]
'FT1536Bridge.unary_terminates' depends on axioms: [propext, sorryAx, Classical.choice, Quot.sound]
'FT1536Bridge.fill_unique' depends on axioms: [fill_unique]
'FT1536Bridge.static_fill_exact' depends on axioms: [propext, Classical.choice, fill_unique, Quot.sound]
'FT1536Bridge.pk_fill_exact' depends on axioms: [propext, Classical.choice, fill_unique, Quot.sound]
