3fe0000000000000
3ff7ffff8ff00000
400ffffe5ff00000
3ff9999999999999
4098000000000000
3fe0000000000000
3ff7ffff90200000
400ffffe5ff00000
3ff9999999999999
4098000000000000
3fe0000000000000
3ff7ffff90100000
400ffffe5ff00000
3ff9999999999999
4098000000000000
3fe0000000000000
3ff7ffff90000000
400ffffe5ff00000
3ff9999999999999
4098000000000000
3fe0000000000000
3ff7ffff8ff00000
400ffffe60000000
3ff9999999999999
4098000000000000
3fe0000000000000
3ff7ffff90100000
400ffffe5ff80000
3ff9999999999999
4098000000000000
3fe0000000000000
3ff7ffff90200000
400ffffe5ff80000
3ff9999999999999
4098000000000000
3fe0000000000000
3ff7ffff8ff00000
400ffffe5ff80000
3ff9999999999999
4098000000000000
3fe0000000000000
3ff7ffff8ff00000
400ffffe5ff00000
3ff9999999999999
4098000000000000
3fe0000000000000
3ff7ffff90100000
400ffffe5ff80000
3ff9999999999999
4098000000000000
3fe0000000000000
3ff7ffff90100000
400ffffe60000000
3ff9999999999999
4098000000000000
3fe0000000000000
3ff7ffff90000000
400ffffe5ff00000
3ff9999999999999
4098000000000000
3fe0000000000000
3ff7ffff90100000
400ffffe60000000
3ff9999999999999
4098000000000000
3fe0000000000000
3ff7ffff90000000
400ffffe60000000
3ff9999999999999
4098000000000000
3fe0000000000000
3ff7ffff90000000
400ffffe5ff80000
3ff9999999999999
4098000000000000
3fe0000000000000
3ff7ffff90000000
400ffffe60000000
3ff9999999999999
4098000000000000
3fe0000000000000
3ff7ffff90000000
400ffffe60000000
3ff9999999999999
4098000000000000
3fe0000000000000
3ff7ffff90100000
400ffffe60080000
3ff9999999999999
4098000000000000
3fe0000000000000
3ff7ffff90100000
400ffffe60000000
3ff9999999999999
4098000000000000
3fe0000000000000
3ff7ffff90000000
400ffffe60000000
3ff9999999999999
4098000000000000
3fe0000000000000
3ff7ffff90000000
400ffffe5ff00000
3ff9999999999999
4098000000000000
3fe0000000000000
3ff7ffff90000000
400ffffe60000000
3ff9999999999999
4098000000000000
3fe0000000000000
3ff7ffff90100000
400ffffe5ff00000
3ff9999999999999
4098000000000000
3fe0000000000000
3ff7ffff90100000
400ffffe60000000
3ff9999999999999
4098000000000000
3fe0000000000000
3ff7ffff90000000
400ffffe5ff00000
3ff9999999999999
4098000000000000
3fe0000000000000
3ff7ffff90100000
400ffffe5ff80000
3ff9999999999999
4098000000000000
3fe0000000000000
3ff7ffff90000000
400ffffe60000000
3ff9999999999999
4098000000000000
3fe0000000000000
3ff7ffff90000000
400ffffe5ff00000
3ff9999999999999
4098000000000000
3fe0000000000000
3ff7ffff90000000
400ffffe60000000
3ff9999999999999
4098000000000000
3fe0000000000000
3ff7ffff90000000
400ffffe5ff00000
3ff9999999999999
4098000000000000
3fe0000000000000
3ff7ffff90100000
400ffffe60000000
3ff9999999999999
4098000000000000
3fe0000000000000
3ff7ffff90100000
400ffffe5ff80000
3ff9999999999999
4098000000000000
3fe0000000000000
3ff7ffff90100000
400ffffe5ff80000
3ff9999999999999
4098000000000000
3fe0000000000000
3ff7ffff8fe00000
400ffffe5ff80000
3ff9999999999999
4098000000000000
3fe0000000000000
3ff7ffff90100000
400ffffe5ff00000
3ff9999999999999
4098000000000000
3fe0000000000000
3ff7ffff90100000
400ffffe5ff80000
3ff9999999999999
4098000000000000
3fe0000000000000
3ff7ffff90100000
400ffffe5ff00000
3ff9999999999999
4098000000000000
3fe0000000000000
3ff7ffff90000000
400ffffe60000000
3ff9999999999999
4098000000000000
3fe0000000000000
3ff7ffff8ff00000
400ffffe60080000
3ff9999999999999
4098000000000000
3fe0000000000000
3ff7ffff8fe00000
400ffffe60080000
3ff9999999999999
4098000000000000
3fe0000000000000
3ff7ffff90100000
400ffffe60000000
3ff9999999999999
4098000000000000
3fe0000000000000
3ff7ffff90000000
400ffffe60100000
3ff9999999999999
4098000000000000
3fe0000000000000
3ff7ffff90000000
400ffffe5ff80000
3ff9999999999999
4098000000000000
3fe0000000000000
3ff7ffff8ff00000
400ffffe60000000
3ff9999999999999
4098000000000000
3fe0000000000000
3ff7ffff90100000
400ffffe5fe80000
3ff9999999999999
4098000000000000
3fe0000000000000
3ff7ffff90000000
400ffffe60000000
3ff9999999999999
4098000000000000
3fe0000000000000
3ff7ffff90100000
400ffffe5ff00000
3ff9999999999999
4098000000000000
3fe0000000000000
3ff7ffff90100000
400ffffe5ff80000
3ff9999999999999
4098000000000000
3fe0000000000000
3ff7ffff90000000
400ffffe5ff00000
3ff9999999999999
4098000000000000
3fe0000000000000
3ff7ffff90100000
400ffffe5ff80000
3ff9999999999999
4098000000000000
3fe0000000000000
3ff7ffff90000000
400ffffe60080000
3ff9999999999999
4098000000000000
3fe0000000000000
0000000000000000
0000000000000000
3de0000000000000
3bd0000000000000
b6c0000000000000
0000000000000000
3dd0000000000000
3dd0000000000000
0000000000000000
0000000000000000
0000000000000000
0000000000000000
0000000000000000
0000000000000000
0000000000000000
0000000000000000
0000000000000000
0000000000000000
0000000000000000
b6a0000000000000
0000000000000000
0000000000000000
bde0000000000000
0000000000000000
0000000000000000
0000000000000000
0000000000000000
0000000000000000
3c50000000000000
0000000000000000
0000000000000000
0000000000000000
0000000000000000
0000000000000000
0000000000000000
0000000000000000
0000000000000000
0000000000000000
0000000000000000
0000000000000000
0000000000000000
0000000000000000
bde0000000000000
0000000000000000
0000000000000000
0000000000000000
0000000000000000
0000000000000000
3c30000000000000
0000000000000000
0000000000000000
0000000000000000
0000000000000000
0000000000000000
b6d0000000000000
0000000000000000
0000000000000000
0000000000000000
0000000000000000
36c0000000000000
0000000000000000
3de0000000000000
0000000000000000
0000000000000000
b690000000000000
0000000000000000
0000000000000000
0000000000000000
0000000000000000
b6c0000000000000
0000000000000000
0000000000000000
0000000000000000
0000000000000000
0000000000000000
0000000000000000
0000000000000000
bdc0000000000000
0000000000000000
0000000000000000
0000000000000000
0000000000000000
0000000000000000
0000000000000000
36d0000000000000
0000000000000000
bdd0000000000000
3dd0000000000000
0000000000000000
0000000000000000
0000000000000000
0000000000000000
0000000000000000
3c20000000000000
0000000000000000
0000000000000000
0000000000000000
0000000000000000
0000000000000000
0000000000000000
0000000000000000
0000000000000000
0000000000000000
0000000000000000
0000000000000000
0000000000000000
0000000000000000
0000000000000000
0000000000000000
36b0000000000000
0000000000000000
0000000000000000
0000000000000000
0000000000000000
0000000000000000
0000000000000000
bdc0000000000000
0000000000000000
0000000000000000
36d0000000000000
0000000000000000
bde0000000000000
bde0000000000000
0000000000000000
36d0000000000000
0000000000000000
0000000000000000
0000000000000000
0000000000000000
36d0000000000000
0000000000000000
bde0000000000000
3dd0000000000000
0000000000000000
36d0000000000000
0000000000000000
0000000000000000
0000000000000000
0000000000000000
0000000000000000
0000000000000000
0000000000000000
bde0000000000000
0000000000000000
0000000000000000
0000000000000000
bdb0000000000000
0000000000000000
0000000000000000
0000000000000000
0000000000000000
bdc0000000000000
0000000000000000
0000000000000000
36d0000000000000
0000000000000000
0000000000000000
0000000000000000
0000000000000000
0000000000000000
0000000000000000
0000000000000000
bde0000000000000
0000000000000000
0000000000000000
0000000000000000
0000000000000000
0000000000000000
bc40000000000000
b6d0000000000000
0000000000000000
0000000000000000
0000000000000000
0000000000000000
0000000000000000
0000000000000000
bdd0000000000000
0000000000000000
3c60000000000000
0000000000000000
0000000000000000
0000000000000000
0000000000000000
0000000000000000
0000000000000000
0000000000000000
0000000000000000
0000000000000000
3c50000000000000
b690000000000000
0000000000000000
0000000000000000
bda0000000000000
0000000000000000
36d0000000000000
0000000000000000
0000000000000000
0000000000000000
3c60000000000000
0000000000000000
0000000000000000
0000000000000000
0000000000000000
0000000000000000
0000000000000000
0000000000000000
3dd0000000000000
0000000000000000
0000000000000000
0000000000000000
0000000000000000
0000000000000000
3dd0000000000000
0000000000000000
0000000000000000
0000000000000000
0000000000000000
0000000000000000
0000000000000000
0000000000000000
0000000000000000
3de0000000000000
0000000000000000
0000000000000000
36a0000000000000
0000000000000000
0000000000000000
0000000000000000
bc50000000000000
0000000000000000
0000000000000000
0000000000000000
0000000000000000
3c50000000000000
0000000000000000
0000000000000000
0000000000000000
bdb0000000000000
0000000000000000
0000000000000000
0000000000000000
0000000000000000
0000000000000000
0000000000000000
0000000000000000
0000000000000000
0000000000000000
bdd0000000000000
0000000000000000
0000000000000000
0000000000000000
0000000000000000
bde0000000000000
3bf0000000000000
0000000000000000
0000000000000000
