S 7 S 0 S 64 A 0
S 6 S 128 S 160 S 0
S 5 S 192 S 208 S 128
S 4 S 224 S 232 S 192
S 3 S 240 S 244 S 224
S 2 S 248 S 250 S 240
N 1 252
V 0 41931c73f4f846c8 c138a23437a973f1 bf949f9a7b4b444f 419319ce9562a5ad
V 1 3f7580001b6fffff c12c71c6f1aa6daf bf87d05c6689f53a 3f7580001b6fffff
B 252 41931c73f4f846c8 419319ce9562a5ad
N 2 248
V 0 4192aaacd931c205 414b79a8122538dc 3fa78cd6737a4997 41929fd6d7e425d2
V 1 41938e3b10becb8c bf80f7903b3467b6 bddbc3a31b42495a 41938e3b10becb8c
V 2 3f75d5554d555554 412d72a67cfaa356 3f893db05350ae45 3f75d5554d555554
V 3 3f752aaae98aaaaa 3f9edb22dddb51ca 3df93eeb2c04a0c2 3f752aaae98aaaaa
S 2 S 248 S 250 S 252
N 1 256
V 0 41931708f45178af c139ce7fb3986758 bf95a12502faf758 41931420b58d36fd
V 1 3f7580001b6fffff c12dcc871b5df40f bf88f9be6b476105 3f7580001bafffff
B 256 41931708f45178af 41931420b58d36fd
N 3 240
V 0 41938e3b109ecb79 c15c337b02d067c5 bfb712d67105ae10 419364db68754810
V 1 4191c71ea1c4b891 bf8188a1bd8d14db bddf8f85a63fa50b 4191c71ea1c4b891
V 2 41938e3b10decba0 415150dd715b2505 3fac55c44c26f655 419364db68c1728e
V 3 41938e3b109ecb78 41569105af3ca511 3fb276a5816ba8c6 419364db6875480f
V 4 3f7600003bffffff c12db3b37d1b9dcc bf884d330f30f348 3f7600003bffffff
V 5 3f75aaaa5eaaaaaa 3fafb308c906f21c 3e0c87846576e557 3f75aaaa5eaaaaaa
V 6 3f745555c5155555 41569105ac0c2f3e 3fb276a57e93389b 3f745555c5155555
V 7 3f7600000dffffff c15150dd73c53bc5 bfac55c450771cb9 3f76000011ffffff
S 3 S 240 S 244 S 248
S 2 S 248 S 250 S 240
N 1 264
V 0 4192fd6c36dc2ecf c13664e9eac94906 bf92de46b868fabf 4192fb38d40011b5
V 1 3f7580001c6fffff c129dbcc6fd4dc8f bf85c985c85dd726 3f7580001c6fffff
B 264 4192fd6c36dc2ecf 4192fb38d40011b5
N 2 260
V 0 419295fd051d0050 4148fa3bfdf6fb88 3fa58097827d3d5e 41928cfe7c3e0783
V 1 419364db689b5d4e bf841d9d27693b7b bde0986c928ce34c 419364db689b5d4e
V 2 3f75d5554d555554 412ac551d8cd15d2 3f870bcdc25c80cd 3f75d5554d555554
V 3 3f752aaaeb8aaaaa 3fa25d9f986db4a3 3dfe4daa4ce5acd2 3f752aaaeb8aaaaa
S 2 S 248 S 250 S 252
N 1 268
V 0 4192f8ecf26cb268 c1375e2ba1130c04 bf93b4f46ed61ca2 4192f686f012b02d
V 1 3f7580001c6fffff c12afb9d8bb3f62f bf86c1697ba6b50b 3f7580001cafffff
B 268 4192f8ecf26cb268 4192f686f012b02d
N 4 224
V 0 4191c71ea184b86a 416c622fac19b175 3fc98b8e29ca8767 419111135989a362
V 1 419555577fb8de88 bf82680e2b77aef4 bddb9c1273b5b56c 419555577fb8de88
V 2 4191c71ea204b8ba c162c13592eef2a7 bfc0e11489ea8787 4191111359db8f1e
V 3 4191c71ea184b868 c16562bad875f53a bfc33f3f64d023b6 419111135989a360
V 4 419555577fb8de87 3fbc9ba9e5bbad86 3e1574bd3eb913f6 419555577fb8de87
V 5 4191c71ea204b8ba 4159294b9b06e1ba 3fb6a527a84bbc30 4191111359db8f1e
V 6 4191c71ea184b868 4152494d11b7dd3c 3fb07529bcf84d89 419111135989a360
V 7 419555577fb8de88 bfbe5e78a5f4c7b5 be16c6d82c9192c4 419555577fb8de88
V 8 3f77555545555554 412dc4041f1ab9d4 3f8aca006a210ba7 3f77555545555554
V 9 3f74aaab32aaaaaa 3fbfeb0d720ba245 3e17f047a77143ef 3f74aaab32aaaaaa
V 10 3f73fffff8000000 c16562badb7c3ec5 bfc33f3f66fe6ab4 3f73fffff8000000
V 11 3f775554c5555555 4162c1359050c886 3fc0e1148808e9ed 3f775554b5555555
V 12 3f74aaaa622aaaaa 3facae31cb01e7ca 3e0582a32944942e 3f74aaaa622aaaaa
V 13 3f74000128000000 c16982d3d151e4a8 bfc6f5bbcf3d8661 3f74000138000000
V 14 3f775555d5555554 416aef55876bcea3 3fc83dc9fea13358 3f775555d5555554
V 15 3f74aaaa46aaaaaa 3fa42d82b0d6a365 3dfe4440f6b846ad 3f74aaaa46aaaaaa
S 4 S 224 S 232 S 240
S 3 S 240 S 244 S 224
S 2 S 248 S 250 S 240
N 1 284
V 0 4192aaace7efd47e c13d8f713879b677 bf99565e01b3da23 4192a6c643cdf01c
V 1 3f7580001b6fffff c131111098c18af7 bf8d41cfcc7fc594 3f7580001b6fffff
B 284 4192aaace7efd47e 4192a6c643cdf01c
N 2 280
V 0 419222246329ed1a 41507c314a276720 3fad17626ca878a9 4192121455fde9e3
V 1 419333356cb5bbe3 bf7601f299fab976 bdd256f2b5a8d7d0 419333356cb5bbe3
V 2 3f75d55549555554 4131ab305092149f 3f8f2e152675576d 3f75d55549555554
V 3 3f752aaaed8aaaaa 3f93ba7b38ac714c 3df070ba1ce88d40 3f752aaaed8aaaaa
S 2 S 248 S 250 S 252
N 1 288
V 0 4192a2a4e159d2e3 c13f4c95bbb5b4ca bf9adf7abc514086 41929e4369732179
V 1 3f7580001b6fffff c13212116b81be67 bf8f07bd157d2241 3f7580001b6fffff
B 288 4192a2a4e159d2e3 41929e4369732179
N 3 272
V 0 419333356ca140f5 c160ebafd70efe93 bfbc3377220cd002 4192f687016e9598
V 1 4191111359b2993f bf7709bd16bf5c1b bdd5991e617772f6 4191111359b2993f
V 2 419333356cca36d2 4154c76fafc39080 3fb150db10c69528 4192f68701a12719
V 3 419333356ca140f4 415b146ca2842098 3fb6910294d35261 4192f687016e9597
V 4 3f7600003bffffff c131d2381b6ca657 bf8db3af677b1eff 3f7600003bffffff
V 5 3f75aaaa56aaaaaa 3fa4471ec0bd37dd 3e0302aa497a4388 3f75aaaa56aaaaaa
V 6 3f745555cd155555 415b146ca078219b 3fb6910292ee845c 3f745555cd155555
V 7 3f7600000dffffff c154c76fb14d3cd7 bfb150db12339577 3f7600000dffffff
S 3 S 240 S 244 S 248
S 2 S 248 S 250 S 240
N 1 296
V 0 41927d2a178c3ae2 c13a469e009ec129 bf96bd19a239bd65 41927a0d746be4ba
V 1 3f7580001b6fffff c12e573a7ef21a4e bf8a41a0a0fe6ca7 3f7580001b6fffff
B 296 41927d2a178c3ae2 41927a0d746be4ba
N 2 292
V 0 419203cd2d90976c 414d4e910a07b9bf 3faa07736d27452d 4191f706c5d6855c
V 1 4192f6870187de58 bf7afb26be123387 bdd6c3e5f832043a 4192f6870187de58
V 2 3f75d55549555554 412f693a02a042c4 3f8be5dd79567585 3f75d55549555554
V 3 3f752aaaed8aaaaa 3f985e6583525704 3df48fa33207a332 3f752aaaed8aaaaa
S 2 S 248 S 250 S 252
N 1 300
V 0 419276c6e3af31da c13ba8a621229665 bf97f7c0e6a473a5 41927352ff08f692
V 1 3f7580001b6fffff c12ff00776345c4e bf8bacf53875c3a0 3f7580001b6fffff
B 300 419276c6e3af31da 41927352ff08f692
N 5 192
V 0 419555577f38de36 c17c6de0dcd7d771 bfd552667c0a7f65 4192f6872c328433
V 1 418c71cb87a1253a bf84157903130fe8 bde69824a0ec5954 418c71cb87a1253a
V 2 419555578038deda 417371c44971c355 3fcd2aa377884a41 4192f6872df9a1b0
V 3 419555577f38de35 4174c2b51f4b6053 3fcf240c866a786f 4192f6872c328430
V 4 418c71cb87a12534 3fcd0fdbf0331fff 3e3058e92d02498a 418c71cb87a12534
V 5 419555578038ded9 c1677a7b2dc1f1eb bfc19bda984e50ea 4192f6872df9a1af
V 6 419555577f38de34 c1640a033f184b37 bfbe0f01d236d515 4192f6872c328430
V 7 418c71cb87a12538 bfce05cd949b4bc6 be30e34103ff391e 418c71cb87a12538
V 8 419555578038ded8 417bb38e17c7501d 3fd4c6a87570fda8 4192f6872df9a1ad
V 9 419555577f38de36 4159d613300cdef7 3fb3608c6cf04378 4192f6872c328433
V 10 418c71cb87a12536 3fc0b8aeef912960 3e22cfc1e1693101 418c71cb87a12536
V 11 419555578038ded9 c17827b3729d326e bfd21dc4bebf9f11 4192f6872df9a1ae
V 12 419555577f38de34 c1771ef7e8a0e965 bfd157382c3ed79e 4192f6872c328430
V 13 418c71cb87a12536 bfc2cf0e4aec74e9 be2528eccacc87a3 418c71cb87a12536
V 14 419555578038dedb 415288ac9106ba50 3fabcd00066dfa46 4192f6872df9a1b0
V 15 419555577f38de36 417c10844fff02b2 3fd50c611981de3f 4192f6872c328432
V 16 3f77ffffefffffff c12dc8192475b075 bf865610976b132a 3f77ffffefffffff
V 17 3f76aaaa9aaaaaaa 3fcff9f2d4750380 3e31fc95cc35a5e2 3f76aaaa9aaaaaaa
V 18 3f71555591555555 4174c2b51c5b6e49 3fcf240c808cdc71 3f71555591555555
V 19 3f780000d4000000 c17371c44c28e71b bfcd2aa37cf8ffe8 3f780000d4000000
V 20 3f76aaaa9aaaaaaa 3fbacb047faf8601 3e1e246060f2e0c2 3f76aaaa9aaaaaaa
V 21 3f71555555555555 4179e8b512277a00 3fd36e85d43036d8 3f71555555555555
V 22 3f77ffff20000000 c17a9f0ef1387c06 bfd3f7492e874ca3 3f77ffff20000000
V 23 3f76aaaa6aaaaaaa 3fb6277dd26c0aa7 3e18ec69ad8fdcf4 3f76aaaa6aaaaaaa
V 24 3f71555494555555 4159d6132c50c997 3fb3608c693aaca8 3f715554b4555555
V 25 3f78000030000000 c17bb38e1bab0f10 bfd4c6a879551cfd 3f78000030000000
V 26 3f76aaabdaaaaaaa 3fcb48e54f7fb393 3e2eb1fd34bd6578 3f76aaabdaaaaaaa
V 27 3f71555675555556 416e0a8b73258484 3fc687e64c52af8b 3f715556b5555556
V 28 3f780000ffffffff c17091790760bddc bfc8da3305cfe8f6 3f780000ffffffff
V 29 3f76aaaaaaaaaaaa 3fc9e3d6fa155f0b 3e2d204d530c27a5 3f76aaaaaaaaaaaa
V 30 3f715555cd555555 417c10844c0b978a 3fd50c61158eb917 3f715555bd555555
V 31 3f77fffebfffffff c15288ac9387a4d0 bfabcd000b7cf65a 3f77fffebfffffff
S 5 S 192 S 208 S 224
S 4 S 224 S 232 S 192
S 3 S 240 S 244 S 224
S 2 S 248 S 250 S 240
N 1 332
V 0 41917b44bc2221ea c1306c23b4043db7 bf8e0fb271047036 419179fb9d7d0b92
V 1 3f758000206fffff c122f685a8ad792e bf815b1cdd9daafb 3f758000206fffff
B 332 41917b44bc2221ea 419179fb9d7d0b92
N 2 328
V 0 41912f6aa57f90f8 4142511bb10bb2b9 3fa10db6589ff2c3 41912a2f7846dd2c
V 1 4191c71ed2c4b2db bf8dd9bfbd9608cf bdeadd8f5f21a90b 4191c71ed2c4b2db
V 2 3f75d5554d555554 4123a1c55f905026 3f82472805350a18 3f75d5554d555554
V 3 3f752aaaf38aaaaa 3fab72d136eda2a7 3e08b41f6332195c 3f752aaaf38aaaaa
S 2 S 248 S 250 S 252
N 1 336
V 0 419178a72585c804 c130fd1c0e187ff7 bf8f1db89acb98cb 41917746bb4f0f40
V 1 3f758000206fffff c1239deb4fc3f2ae bf81f702dfe6d4ad 3f758000206fffff
B 336 419178a72585c804 41917746bb4f0f40
N 3 320
V 0 4191c71ed28bcf2c c152ccfdb1d798be bfb0ebaedca40fe0 4191b2e4ac1a6be3
V 1 419097b6787352c5 bf8e874703a2c36e bded7024eddc9c72 419097b6787352c5
V 2 4191c71ed2fd968a 4147167dd29e03c2 3fa4c76e757ec3cb 4191b2e4ac9be05a
V 3 4191c71ed28bcf2c 414e16b3e12cf650 3fab146b11c28b5a 4191b2e4ac1a6be3
V 4 3f7600003bffffff c123cd2366aac663 bf81d23713bf2953 3f7600003bffffff
V 5 3f75aaaa5eaaaaaa 3fbc30109de15aa0 3e1b2e555c9cea6b 3f75aaaa5eaaaaaa
V 6 3f745555dd155555 414e16b3d5dc4edd 3fab146b06e63fd6 3f745555dd155555
V 7 3f76000009ffffff c147167ddb3be3ad bfa4c76e7dc508df 3f76000009ffffff
S 3 S 240 S 244 S 248
S 2 S 248 S 250 S 240
N 1 344
V 0 41916c191f5102b9 c12ea7ba4e5ed539 bf8c2714fcbde6c0 41916af97280916d
V 1 3f758000206fffff c121b2e34292160e bf804102beba789f 3f758000206fffff
B 344 41916c191f5102b9 41916af97280916d
N 2 340
V 0 4191254d9246df54 414118805910f875 3f9fe81b892a468c 419120bc4fc38dbc
V 1 4191b2e4ac5b261e bf90f43521aa6fb2 bdeea73bf0369378 4191b2e4ac5b261e
V 2 3f75d5554d555554 412252b8532a197b 3f81194690f58dfc 3f75d5554d955554
V 3 3f752aaaf38aaaaa 3faf3be7e9d5b94a 3e0c3c6d484cdc6d 3f752aaaf38aaaaa
S 2 S 248 S 250 S 252
N 1 348
V 0 419169d07e0f59ed c12fa4e14362979f bf8d136122bf547e 4191689dcd23a47f
V 1 3f758000208fffff c122450b92fc490e bf80c96fe73a1096 3f758000208fffff
B 348 419169d07e0f59ed 4191689dcd23a47f
N 4 304
V 0 419097b678018b68 4162ec20ca9f74b7 3fc23f1d11845f42 4190410666519f3c
V 1 4192f6872d1612f0 bf8f6dd6f04d3f59 bdea84a9f2e63e52 4192f6872d1612f0
V 2 419097b678e51a24 c159019e1f72db81 bfb81cf9ab66ae25 4190410666f8cea6
V 3 419097b678018b66 c15c83a550e5ea82 bfbb7eedda1f3388 4190410666519f3b
V 4 4192f6872d1612f0 3fc977176a5aa831 3e257c78ff522f7f 4192f6872d1612f0
V 5 419097b678e51a24 4150c633507fa435 3fb02cd3c99fe925 4190410666f8cea6
V 6 419097b678018b66 414861bd64c8ce15 3fa782cec51d3480 4190410666519f3a
V 7 4192f6872d1612f1 bfcaf7f7ed9bb145 be26c136445c6943 4192f6872d1612f1
V 8 3f77555545555554 4123d803ce858421 3f83229347bfe766 3f77555545555554
V 9 3f74aaab32aaaaaa 3fcc608238b47e50 3e27f16acca7cd43 3f74aaab32aaaaaa
V 10 3f73fffff8000000 c15c83a55ba018f1 bfbb7eede2fe3608 3f73fffff8000000
V 11 3f775554c5555555 4159019e161c415b 3fb81cf9a3b028b6 3f775554c5555555
V 12 3f74aaaa722aaaaa 3fb9592fafc27816 3e15633d7d1f5c02 3f74aaaa722aaaaa
V 13 3f74000148000000 c16101e377eb3e46 bfc0666230b7d87a 3f74000140000000
V 14 3f775555d5555554 4161f4e4a4f92284 3fc150b57c44f51f 3f775555d1555554
V 15 3f74aaaa3eaaaaaa 3fb216d7429c4c84 3e0e868754ccdace 3f74aaaa3eaaaaaa
S 4 S 224 S 232 S 240
S 3 S 240 S 244 S 224
S 2 S 248 S 250 S 240
N 1 364
V 0 41914516b105167a c132c4bade31f554 bf91636e8085e6ce 419143638d911e5d
V 1 3f7580001eefffff c125ac06362cda6e bf8414120db8e1f0 3f7580001ecfffff
B 364 41914516b105167a 419143638d911e5d
N 2 360
V 0 4190ee66982c8803 4144eefad7102e11 3fa3c839a504d7a3 4190e7773ac0b3a4
V 1 41919bc6c9dda4f0 bf8609aef16e8610 bde40653a2292d25 41919bc6c9dda4f0
V 2 3f75d5554d555554 41266fbcbebfc4ed 3f8533d1f77c90db 3f75d5554d155554
V 3 3f752aaaf08aaaaa 3fa428bb097bf8cb 3e02514edaa0f270 3f752aaaf08aaaaa
S 2 S 248 S 250 S 252
N 1 368
V 0 4191419f024f2c4a c13384eb3959dabe bf92191f583b8200 41913fc7fe6e119d
V 1 3f7580001ecfffff c12689f1e3a7664e bf84e5de75403bce 3f7580001ecfffff
B 368 4191419f024f2c4a 41913fc7fe6e119d
N 3 352
V 0 41919bc6c9b3d916 c1557c8f65c93026 bfb3861844d4bda1 4191811a75ecfea7
V 1 4190410666a536f0 bf86a5f3e95a43bc bde64b58e4f05153 4190410666a536f0
V 2 41919bc6ca0770cb 414a62d8a48cbe28 3fa7f9cde9269b47 4191811a764df13e
V 3 41919bc6c9b3d916 4151318b282c304d 3faf3ef145d6b5e0 4191811a75ecfea7
V 4 3f7600003bffffff c126a14cc3404b09 bf849017e341b781 3f7600003b7fffff
V 5 3f75aaaa5eaaaaaa 3fb4b4ad5c1e5ebe 3e1461d7b84e8473 3f75aaaa5eaaaaaa
V 6 3f745555d9155555 4151318b240308cf 3faf3ef13db2ab17 3f745555d9155555
V 7 3f76000007ffffff c14a62d8aade946d bfa7f9cdef567a31 3f76000007ffffff
S 3 S 240 S 244 S 248
S 2 S 248 S 250 S 240
N 1 376
V 0 419131157233495f c1315322cafc283f bf901fb10f1e1a16 41912fa0fde6bf2f
V 1 3f7580001ecfffff c1240140fa94e18e bf829e3f6cf1b195 3f7580001ecfffff
B 376 419131157233495f 41912fa0fde6bf2f
N 2 372
V 0 4190e1106e491acc 414352c0515a6d72 3fa25119117a568f 4190db230646e5bb
V 1 4191811a761d77f2 bf897e8e2bd4adb6 bde74daac47f4170 4191811a761d77f2
V 2 3f75d5554d155554 4124b5e978e21e3a 3f83a1c28fc7d7a4 3f75d5554cd55554
V 3 3f752aaaf08aaaaa 3fa76253d1762d36 3e055fddb166d1db 3f752aaaf08aaaaa
S 2 S 248 S 250 S 252
N 1 380
V 0 41912e1ebe322ed6 c131f76663ae1576 bf90bb740eb828e5 41912c8deb2df850
V 1 3f7580001eafffff c124beedfadb83ae bf83521b1b9481da 3f7580001eafffff
B 380 41912e1ebe322ed6 41912c8deb2df850
N 6 128
V 0 418c71cb85a123f0 418c70cd64287aa1 3feffee21a849705 40725ffe5a460000
V 1 419c71c93ba12a74 bf876b9c13235117 bdda590d9e61d315 419c71c93ba12a74
V 2 418c71cb89a12680 c183c80eead54aa9 bfe6410d519dbc5c 40725ffe5a3c0000
V 3 418c71cb85a123f3 c184708d17acd05b bfe6fe9b29cc7401 40725ffe5a5e0000
V 4 419c71c93ba12a74 3fdd46f9c216cb55 3e3077eb42b026a0 419c71c93ba12a74
V 5 418c71cb89a12681 4176a0a1a91e5da0 3fd974b1e82291c0 40725ffe5a420000
V 6 418c71cb85a123ea 4174e85696959c93 3fd7855dc3aca767 40725ffe5a200000
V 7 419c71c93ba12a75 bfddd66089973d32 be30c8950ce40706 419c71c93ba12a75
V 8 418c71cb89a12680 c18bcda906162263 bfef475948bfd787 40725ffe5a3a0000
V 9 418c71cb85a123e9 c1680511ac880188 bfcb05afb15f50ac 40725ffe5a220000
V 10 419c71c93ba12a72 3fd12a652c1dc594 3e234fb060db1221 419c71c93ba12a72
V 11 418c71cb89a1267f 4187e7f53ba88948 3feae4efb3afd029 40725ffe5a3e0000
V 12 418c71cb85a123ec 41876392e84c3275 3fea500130c86976 40725ffe5a3c0000
V 13 419c71c93ba12a72 bfd261f7e0b54df3 be24ae3551dfe7c1 419c71c93ba12a72
V 14 418c71cb89a12680 c1645e3e58a4fd81 bfc6ea0292dc5b2b 40725ffe5a380000
V 15 418c71cb85a123ef c18bfc25b422bdc6 bfef7ba588d7f427 40725ffe5a500000
V 16 419c71c93ba12a73 3fdfc44f06c1bf37 3e31de6b1e9247c0 419c71c93ba12a73
V 17 418c71cb89a1267b 415a01b299d014e7 3fbd41e45f77bffd 40725ffe5a200000
V 18 418c71cb85a123ef 4181aecb3037648a 3fe3e4a18087832b 40725ffe5a460000
V 19 419c71c93ba12a74 bfd931e73fdaaaf6 be2c58220a9055df 419c71c93ba12a74
V 20 418c71cb89a1267e c188dcee5991e6dc bfebf887ca731571 40725ffe5a360000
V 21 418c71cb85a123ef c17ba27104a4c474 bfdf16ba53107f86 40725ffe5a560000
V 22 419c71c93ba12a74 3fc12c565e0ed706 3e1351dfb8e08c52 419c71c93ba12a74
V 23 418c71cb89a1267d 418b59e0f2a1075f 3feec5184721396a 40725ffe5a3e0000
V 24 418c71cb85a123ec 418b14b54a99a7de 3fee77473a7dd032 40725ffe5a380000
V 25 419c71c93ba12a72 bfc3f984711ff7e6 be1678b352245fc4 419c71c93ba12a72
V 26 418c71cb89a1267e c179fe24f60136a5 bfdd3de507ce4666 40725ffe5a2c0000
V 27 418c71cb85a123ed c1894d41fc443bbe bfec76e5d1d22602 40725ffe5a300000
V 28 419c71c93ba12a76 3fd8442e17fb3129 3e2b4cb1d1a805b1 419c71c93ba12a76
V 29 418c71cb89a12680 418266fd9236f857 3fe4b3da0bbb8092 40725ffe5a460000
V 30 418c71cb85a123ef 41529898de96de12 3fb4eba8bbe93fe1 40725ffe5a500000
V 31 419c71c93ba12a74 bfdfe909d1802d24 be31f3142f12dbbf 419c71c93ba12a74
V 32 3f7d555555555554 412dc91e6ccec21d 3f90c11e84173b31 3f7d555555555554
V 33 3f72aaaa8aaaaaaa 3fdffe1c603effc5 3e31feee9e7bd795 3f72aaaa8aaaaaaa
V 34 3f70000080000000 c184708d1a9148f6 bfe6fe9b29d1abcd 3f70000080000000
V 35 3f7d5554b5555554 4183c80ee811f121 3fe6410d51a31f81 3f7d5554b5555554
V 36 3f72aaaa22aaaaaa 3fc9d6a4195e85ad 3e1d117671718cf3 3f72aaaa22aaaaaa
V 37 3f70000100000000 c18a18fd8d35a822 bfed5c18ad361498 3f70000100000000
V 38 3f7d5556d5555554 418a742d972ccc5a 3fedc2aeaca4a10b 3f7d5555d5555554
V 39 3f72aaaad2aaaaab 3fc7223d19eeab44 3e1a0682cc2eda1d 3f72aaaad2aaaaab
V 40 3f6fffffffffffff c1680511b002cb09 bfcb05afb17ca42e 3f70000080000000
V 41 3f7d555535555554 418bcda9022e9c62 3fef475948c16c2d 3f7d555535555554
V 42 3f72aaaaaaaaaaab 3fdb01ebeaf237c5 3e2e6227241a2742 3f72aaaaaaaaaaab
V 43 3f6fffffffffffff c17ed3de0fe81a9b bfe1572a3620b96c 3f6fffffffffffff
V 44 3f7d555395555555 4180300f75a73b1f 3fe2360e916a378b 3f7d555395555555
V 45 3f72aaaaaaaaaaaa 3fda31bc2eb829ad 3e2d77f181d16374 3f72aaaaaaaaaaaa
V 46 3f70000080000000 c18bfc25b813672c bfef7ba588d94c9b 3f70000080000000
V 47 3f7d555455555554 41645e3e55e1f749 3fc6ea0292f9de96 3f7d555455555554
V 48 3f72aaaaa8aaaaaa 3faee9dae34817fe 3e016389d3c86932 3f72aaaaa8aaaaaa
V 49 3f6ffffcffffffff c18c4210b842a23b bfefca4ddcd0d539 3f6ffffd7fffffff
V 50 3f7d5553c5555555 418647b8302436bb 3fe910ab5320611d 3f7d5552c5555555
V 51 3f72aaac9aaaaaab 3fd3baeb1567b458 3e263246d035ea7a 3f72aaac9aaaaaab
V 52 3f700001e0000000 c17ba27108934670 bfdf16ba531d9cc0 3f700001e0000000
V 53 3f7d5555d5555554 4188dcee56161017 3febf887ca76b970 3f7d5555d5555554
V 54 3f72aaaaeaaaaaab 3fded3d60a04aa78 3e3157271a7f00d7 3f72aaaaeaaaaaab
V 55 3f70000200000000 c16f3df8f3fc8e75 bfd192d94d228202 3f70000200000000
V 56 3f7d555755555554 4171670902405061 3fd393e719564984 3f7d555755555554
V 57 3f72aaaaaaaaaaaa 3fde670f0a52bd24 3e3119f72f3b5f0d 3f72aaaaaaaaaaaa
V 58 3f6fffffffffffff c1894d41ffd6271d bfec76e5d1d593e9 3f6fffffffffffff
V 59 3f7d555555555554 4179fe24f265534a 3fdd3de507db9d76 3f7d555655555554
V 60 3f72aaaaaaaaaaaa 3fd4dc95ca7da183 3e277826c39f9032 3f72aaaaaaaaaaaa
V 61 3f700000f0000000 c185b08d9b3cdeca bfe8669b828cc6fd 3f700000f0000000
V 62 3f7d5552d5555554 418c596bd7cf6a49 3fefe49460b4977b 3f7d5552d5555554
V 63 3f72aaaaaaaaaaaa 3fa3427c3f164af9 3df5aaca2935a23f 3f72aaaaaaaaaaaa
S 6 S 128 S 160 S 192
S 5 S 192 S 208 S 128
S 4 S 224 S 232 S 192
S 3 S 240 S 244 S 224
S 2 S 248 S 250 S 240
N 1 444
V 0 41838e40607e42cc c148a23238b6a4ed bfb42795bc8ee539 418364e0ca4628ef
V 1 3f758000196fffff c13c71c4a3a6324f bfa745c68552fedf 3f7580001b6fffff
B 444 41838e40607e42cc 418364e0ca4628ef
N 2 440
V 0 4181c7241644298d 415b79a5dc1d1a81 3fc8ba3dd7faa090 4181111923746147
V 1 4185555caab85c0a bf29c20b362a3eac bd935181c48ead26 4185555caab85c0a
V 2 3f75d55545555554 413d72a41e51a1f7 3faa80bb8361a78a 3f75d55545555554
V 3 3f752aaaed8aaaaa bf0b9b798f0f333b bd74b4940d2b37b4 3f752aaaed8aaaaa
S 2 S 248 S 250 S 252
N 1 448
V 0 4183333ae7165ea8 c14d8f6ceb753635 bfb8a22637a33fc2 4182f68c9edc7253
V 1 3f758000196fffff c141110e1d123a3f bfac71b6c729b7a2 3f7580001b6fffff
B 448 4183333ae7165ea8 4182f68c9edc7253
N 3 432
V 0 4185555caab85c0b c16c3378b9dd4df7 bfd526934615c704 4182f68d4d1507c1
V 1 417c71d7039fee1e bf3a7033d4c206bf bdadbe29ae56b5d8 417c71d7039fee1e
V 2 4185555caab85c0a 416150dc0c9ee704 3fc9f941252f49e6 4182f68d4d1507bf
V 3 4185555caab85c0a 41669103db273d57 3fd0ecbd12f19283 4182f68d4d1507ba
V 4 3f7600001bffffff c13db3b114f175e1 bfa646bd2755c690 3f7600001bffffff
V 5 3f75aaaa6eaaaaaa bf0bdaed79f4a0c2 bd7f5639a40ab8d3 3f75aaaa6eaaaaaa
V 6 3f745555ad155555 41669103db2535c6 3fd0ecbd12f00cd7 3f745555ad155555
V 7 3f7600002dffffff c16150dc0c9c421b bfc9f941252b528a 3f7600002dffffff
S 3 S 240 S 244 S 248
S 2 S 248 S 250 S 240
N 1 456
V 0 4181c724da43c392 c1406c25046b2964 bfad8f67d9af2ae0 4181b2eab7721bf0
V 1 3f758000196fffff c132f6872d18e107 bfa1110b2fcf95d9 3f7580001a6fffff
B 456 4181c724da43c392 4181b2eab7721bf0
N 2 452
V 0 418097bc67727f68 4152511d2f1da4d8 3fc1a99c7f0d7c24 4180410c66a46423
V 1 4182f68d4d1507bc bf29c2349f64a29c bd95bbd296d66c89 4182f68d4d1507bc
V 2 3f75d55545555554 4133a1c6f9137536 3fa2ee3f9720ce3a 3f75d55545555554
V 3 3f752aaaed8aaaaa bf0b990f5dc5a18c bd77491a742090db 3f752aaaed8aaaaa
S 2 S 248 S 250 S 252
N 1 460
V 0 41819bccd9dcb5f0 c142c4bbb9a275a9 bfb10dceb3b7f941 418181208cd555ee
V 1 3f758000196fffff c135ac073389bb2f bfa3b1333fa66230 3f7580001a6fffff
B 460 41819bccd9dcb5f0 418181208cd555ee
N 4 416
V 0 417c71d7039fee2c 417c622d635b3daf 3fefee61358cab5b 40825ff86aee0000
V 1 418c71cdd3a0c100 bf4a9c10e68d6b9c bdadef8bf20dfe44 418c71cdd3a0c100
V 2 417c71d7039fee19 c172c1340ded9d9c bfe5194ec3d80588 40825ff86ad08000
V 3 417c71d7039fee23 c17562b91fe2b1ec bfe80f02d06b9b1d 40825ff86ae68000
V 4 418c71cdd3a0c100 bf379755fce8f030 bd9a8a3a787295ee 418c71cdd3a0c100
V 5 417c71d7039fee27 41692949911bdf66 3fdc4e62efdaabbf 40825ff86ae88000
V 6 417c71d7039fee17 4162494b98fcbb1b 3fd492698bb441b5 40825ff86ad08000
V 7 418c71cdd3a0c108 bf3124b3f1599424 bd934945e1dbc679 418c71cdd3a0c108
V 8 3f77555545555554 413dc401b9ed87fd 3fb0be379c3258e6 3f77555545555554
V 9 3f74aaaaf2aaaaaa bf0be4465abc98d9 bd6f60c7bd9692bd 3f74aaaaf2aaaaaa
V 10 3f74000018000000 c17562b91fe4e49a bfe80f02d06e1428 3f73ffff98000000
V 11 3f775554c5555555 4172c1340df01f27 3fe5194ec3dad73b 3f775554c5555555
V 12 3f74aaaa322aaaaa 3f47ea80eef3e0e9 3daae7cab2a7eb0b 3f74aaaa322aaaaa
V 13 3f74000128000000 c17982d1c02bc2a1 bfecb31bec7c606f 3f74000128000000
V 14 3f77555615555554 417aef535c85ba07 3fee4d2cd71de25c 3f77555695555554
V 15 3f74aaaa46aaaaaa bf494059d5ebebe4 bdac685e5bb32097 3f74aaaa46aaaaaa
S 4 S 224 S 232 S 240
S 3 S 240 S 244 S 224
S 2 S 248 S 250 S 240
N 1 476
V 0 4175557156af1659 c158a22a43d8e048 bfd27987723575cf 4172f6a5cd0301ca
V 1 3f758000196fffff c14c71bb73aaa54d bfc55530959678f4 3f758000096fffff
B 476 4175557156af1659 4172f6a5cd0301ca
N 2 472
V 0 416c7204f38a01a5 416b799cfc4803c5 3feee88d695fa892 40925fe0ad9ac000
V 1 417c71e033992be0 bf29c251553cede2 bd9cfa81f021a65f 417c71e033992be0
V 2 3f75d55525555554 414d729a9b61b4d4 3fd09052f4a41030 3f75d55505555554
V 3 3f752aab0d8aaaaa bf0b97a09785ba87 bd7f0a7948fd634d 3f752aab0d8aaaaa
S 2 S 248 S 250 S 252
N 1 480
V 0 416c7229b31be24b c168a20a70a76d35 bfebb5ebb32f3ad2 40a25fb133d13000
V 1 3f758000096fffff c15c7196b4179d0d bfdfff5aa3585737 3f758000096fffff
B 480 416c7229b31be24b 40a25fb133d13000
N 3 464
V 0 417c71e033992bee c17c336f9e0354c6 bfefb9c195ad7726 40925fec8c3e8000
V 1 40825ff86adb8000 bf3a70144b329854 bea70554a3cd4eae 40825ff86adb7653
V 2 417c71e033992be8 417150d674d430de 3fe37ae014946f32 40925fec8c384000
V 3 417c71e033992bd8 417690fc9134393e 3fe96305bea87982 40925fec8c200000
V 4 3f7600001bffffff c14db3a77cf2d974 bfc0b4ff799a927b 3f75fffffbffffff
V 5 3f75aaaa2eaaaaaa bf0be35f0988eb69 be7848a26f2b5aeb 3f75aaaa2eaaaaaa
V 6 3f745555ad155555 417690fc91333569 3fe96305bea75525 3f745555ad155555
V 7 3f7600006dffffff c17150d674d2de75 bfe37ae01492f288 3f7600006dffffff
S 3 S 240 S 244 S 248
S 2 S 248 S 250 S 240
N 1 488
V 0 409013f076811eca c05fd35a3b731ce6 bfbfabe222176740 408f7fe2876bf73f
V 1 3f758000116fffff c0525fe1d4f163e8 bfb2491838548f67 3f758000116fffff
B 488 409013f076811eca 408f7fe2876bf73f
N 2 484
V 0 408b8fe8c1ac3b2a 4071bf98d9d38158 3fd49b2c7ccc6b5c 40887ff09d4e5c6a
V 1 40925fec8c2c2000 bf29c3a0c32f7dc3 be866f3980960404 40925fec8c2c1f65
V 2 3f75d55515555554 405305cf5a3a094b 3fb615e93cf16c2e 3f75d55515554554
V 3 3f752aab0d8aaaaa bf0b84113b7e9e7e be67f5b56e5846c7 3f752aab0d8aaaaa
S 2 S 248 S 250 S 252
N 1 492
V 0 408e9fe4dad34d9a c065378d07f229e1 bfc62b7e434a2393 408d664edf72119f
V 1 3f758000116ff7ff c0587fd21dad1efc bfb9998058bedb7a 3f758000116ff7ff
B 492 408e9fe4dad34d9a 408d664edf72119f
N 5 384
V 0 418c71cdd3a0c106 c18c6dde8f292f07 bfeffb92d40504b5 40825ffb62990000
V 1 40725ffe5a4d0000 bf5aa6fe7de49f2e bed7351e5f64f45a 40725ffe5a4a94cd
V 2 418c71cdd3a0c104 418371c2b8dbc3c1 3fe5dff5e5d95e5c 40825ffb62900000
V 3 418c71cdd3a0c0fd 4184c2b370ab2a74 3fe75b045b248125 40825ffb62730000
V 4 40725ffe5a2e0000 bf46027b259c7e30 bec32a38b421f262 40725ffe5a2b94cd
V 5 418c71cdd3a0c102 c1777a794a122bd1 bfda69c236eb7221 40825ffb62910000
V 6 418c71cdd3a0c101 c1740a019f75dcf0 bfd68b3c80d6cfe6 40825ffb628d0000
V 7 40725ffe5a440000 bf42c9073195f274 bec05b7571d6c5f8 40725ffe5a4194cd
V 8 418c71cdd3a0c0fb 418bb38bdd166b34 3fef29f5fd2ce7fd 40825ffb62710000
V 9 418c71cdd3a0c106 4169d611181c7057 3fcd10cc5e65cf1c 40825ffb62980000
V 10 40725ffe5a460000 bf56a557d6bfc724 bed3b80897f18a24 40725ffe5a4394cd
V 11 418c71cdd3a0c104 c18827b180fbf8a0 bfeb2ca146b07049 40825ffb62900000
V 12 418c71cdd3a0c100 c1871ef6090e6a73 bfea02cea6159c2d 40825ffb62880000
V 13 40725ffe5a2e0000 bf55ad0581fd966d bed2dfcec2b01c1d 40725ffe5a2b94cd
V 14 418c71cdd3a0c108 416288ab1330a54a 3fc4d9bb8961ee20 40825ffb62980000
V 15 418c71cdd3a0c108 418c108209e05933 3fef928ad6df2b66 40825ffb62a00000
V 16 3f77ffffefffffff c13dc816ba64514b bfa0c088d4593615 3f77ffffefffffff
V 17 3f76aaaa9aaaaaaa bf0bf414363fcef1 be885726f0207c17 3f76aaaa9aaaaaaa
V 18 3f71555591555555 4184c2b370a8e31d 3fe75b045b21f0de 3f71555591555555
V 19 3f78000054000000 c18371c2b8d954f9 bfe5dff5e5d6a1c1 3f78000054000000
V 20 3f76aaaadaaaaaaa 3f584a3c94dca71a 3ed52686c1b6d6ae 3f76aaaadaaaaaaa
V 21 3f71555555555555 4189e8b2fc636a3a 3fed25c27a42c063 3f71555555555555
V 22 3f77ffff20000000 c18a9f0cc908acf3 bfedf2e7500dc394 3f77ffff20000000
V 23 3f76aaaa6aaaaaaa bf58f52c41606320 bed5bb5e78553b9b 3f76aaaa6aaaaaaa
V 24 3f715554b4555555 4169d611180f7434 3fcd10cc5e573383 3f715554b4555555
V 25 3f77ffffb0000000 c18bb38bdd15a966 bfef29f5fd2c0dea 3f77ffffb0000000
V 26 3f76aaabdaaaaaaa 3f4c2973501e1c58 3ec885a0138fd7ba 3f76aaabdaaaaaaa
V 27 3f71555675555556 417e0a89083f8cf7 3fe0e5e91751857e 3f71555575555556
V 28 3f780000ffffffff c1809177afb55e28 bfe2a3a23f1e4769 3f780001ffffffff
V 29 3f76aaab2aaaaaaa bf4f10d2727060b5 becb0cea6f197a93 3f76aaab2aaaaaaa
V 30 3f715555cd555555 418c108209dfce36 3fef928ad6de8f0a 3f715555cd555555
V 31 3f77fffebfffffff c16288ab13237d90 bfc4d9bb89532172 3f77fffebfffffff
S 5 S 192 S 208 S 224
S 4 S 224 S 232 S 192
S 3 S 240 S 244 S 224
S 2 S 248 S 250 S 240
N 1 524
V 0 407f01f923b4ce80 c02fd37eaf8737be bfa06c1d0361c2be 407ef7159c0fa7ca
V 1 3f758000196fffff c0226001a7c491a6 bf92f68aa50808b6 3f758000196fffff
B 524 407f01f923b4ce80 407ef7159c0fa7ca
N 2 520
V 0 407ddbf99d0577cd 4041bfb0154522b3 3fb30571116a2577 407daebea4fc026f
V 1 408013fc5532129a bf29c1db08b9232f be99a1d69c6f438c 408013fc55320fd6
V 2 3f75d55545555554 402305e36bd974a5 3f9463075b782209 3f75d555455554d4
V 3 3f752aaaed8aaaaa bf0b9ec466a498b0 be7b7c6f2872c006 3f752aaaed8aaaaa
S 2 S 248 S 250 S 252
N 1 528
V 0 407eeb5ba7b0110e c031231ccae2cbea bfa1bc7131e7e090 407edeb18b7a34f4
V 1 3f758000196fffbf c023c9d968101056 bf947ae69b6fb2db 3f758000196fffbf
B 528 407eeb5ba7b0110e 407edeb18b7a34f4
N 3 512
V 0 408013fc5530529a c05237b97b4d1399 bfc2211449af8df7 407f7ff90ebbfd5d
V 1 407b8ffa8faa4a66 bf3a7036f6b5f9a4 beaeb1e7d42fb229 407b8ffa8faa3099
V 2 408013fc552eb29a 40465f3321009c4b 3fb64363fe54b484 407f7ff90eb61515
V 3 408013fc5535729a 404d27d8bae42058 3fbd039adfaf2ac8 407f7ff90eba3c11
V 4 3f7600001bffffff c0233018919fdb32 bf93183ea3b8658b 3f7600001bffffff
V 5 3f75aaaa6eaaaaaa bf0bda2f1e752f38 be802b1383720687 3f75aaaa6eaaaaaa
V 6 3f7455556d155555 404d27d09c266742 3fbd0392cb159511 3f7455556d155155
V 7 3f7600006dffffff c0465f288da766d7 bfb6435978177da3 3f7600006e0003ff
S 3 S 240 S 244 S 248
S 2 S 248 S 250 S 240
N 1 536
V 0 407e83f96ef59fc7 c02b47913c4eb345 bf9c9b4b385295ec 407e7bd86b29420c
V 1 3f758000196fffff c01f800671ef665c bf908427f732dd9e 3f7580001970001f
B 536 407e83f96ef59fc7 407e7bd86b29420c
N 2 532
V 0 407d87f9cf3316fb 403e6d2ee458944d 3fb07c2f486f9a8d 407d66604837d071
V 1 407f7ff90eb82893 bf29c201be7410ed be9a2ab234941829 407f7ff90eb822ee
V 2 3f75d55545555554 40204e3069ae4c92 3f91ab282e49e909 3f75d55545555554
V 3 3f752aaaed8aaaaa bf0b9c828834f79c be7c0cbb8c481ff7 3f752aaaed8aaaaa
S 2 S 248 S 250 S 252
N 1 540
V 0 407e732cab77f9b0 c02d19237e5e75dd bf9e945941e1aff7 407e69e7d5d60264
V 1 3f758000196fffff c020cccf70d1ba56 bf91a7bff0d2ecba 3f7580001970003f
B 540 407e732cab77f9b0 407e69e7d5d60264
N 4 496
V 0 407b8ffa8fbe4a66 406255e62f5cd81e 3fd5499f688a5349 40787ffc7c145bc9
V 1 40825ffb62818000 bf4a9c1c695b169d beb72ba82321b1fc 40825ffb6281594d
V 2 407b8ffa8fa6ca66 c0583b0e176cc238 bfcc21c12898adb5 40787ffc7bf5016e
V 3 407b8ffa8fadca66 c05ba141eba8ea73 bfd00a07c3463848 40787ffc7c070673
V 4 40825ffb62848000 bf3798e7c9736de9 bea48c20d6d58c99 40825ffb6284594d
V 5 407b8ffa8fb1ca66 405041102bb19835 3fc2deffdbbce2a5 40787ffc7c09e4f9
V 6 407b8ffa8f9dca66 4047a02fc69dba9e 3fbb6df3bccf9e55 40787ffc7bf13f58
V 7 40825ffb629c0000 bf31243abc57eb40 be9dda1dad29e0d7 40825ffb629bd94d
V 8 3f77555545555554 40233a631064cb32 3f9652e5b6760906 3f77555545555354
V 9 3f74aaaaf2aaaaaa bf0bd94c623afa33 be783fd9255860b9 3f74aaaaf2aaaaaa
V 10 3f74000018000000 c05ba14ab6669d23 bfd00a0cddd8c44e 3f74000017fff000
V 11 3f775554c5555555 40583b181d8c303a 3fcc21cccbd7162c 3f775554c5556555
V 12 3f74aaaa322aaaaa 3f47ea1ddc599984 3eb4d2d7d47af040 3f74aaaa322aaaaa
V 13 3f740000a8000000 c0607ada855424dc bfd322181df58e58 3f740000a8000000
V 14 3f77555695555554 40616654612e7a5e 3fd4337b6de9e1de 3f77555695554d54
V 15 3f74aaaa46aaaaaa bf49406e6862c1ac beb5fcea036719ae 3f74aaaa46aaaaaa
S 4 S 224 S 232 S 240
S 3 S 240 S 244 S 224
S 2 S 248 S 250 S 240
N 1 556
V 0 407d17fa5769d3fa c03537a98982c504 bfa75643460c4b77 407d0358b77d9cc7
V 1 3f758000196ffebf c0287ffdcf200cf6 bf9af28991730633 3f758000196ffebf
B 556 407d17fa5769d3fa 407d0358b77d9cc7
N 2 552
V 0 407b8ffb0e44c591 4047aa3eb8d3add5 3fbb79a0c28f6d7e 407b38dede22e7b6
V 1 407e9ff9a08ee262 bf29c1e4a7eb55d1 be9ae9f7a84ab583 407e9ff9a08edc94
V 2 3f75d555455554d4 40295d2f949465a4 3f9d72983df1cb0c 3f75d555455554d4
V 3 3f752aaaed8aa8aa bf0b9e34c3893e52 be7cdbaada2b48fe 3f752aaaed8aa8aa
S 2 S 248 S 250 S 252
N 1 560
V 0 407cec6c3f58e225 c037932dc594dd23 bfaa151d813dd74d 407cd2cd5f88dcb0
V 1 3f758000196ffebf c02b38df502ecd5e bf9e1e1f2ec6710f 3f758000196ffebf
B 560 407cec6c3f58e225 407cd2cd5f88dcb0
N 3 544
V 0 407e9ff9a08b8732 c0584a4b912c2339 bfc961812c0ed77e 407d6660ea4cd250
V 1 40787ffc7bfe03f0 bf3a702b74faadac beb14409f5ac69e6 40787ffc7bfde6ea
V 2 407e9ff9a0894bca 404dd441dc758741 3fbf2b228d9d72ea 407d6660ea474306
V 3 407e9ff9a09478f9 40536fe3b0eff639 3fc44f502e5caf64 407d6660ea448069
V 4 3f7600001bfffeff c02995669d52e3ba bf9abb7a304ae3d8 3f7600001c0000ff
V 5 3f75aaaa6eaaaaaa bf0bdcea571f47c1 be82323d9bddc34d 3f75aaaa6eaaaaaa
V 6 3f7455556d155555 40536fdfa189ba17 3fc44f4bf0524022 3f7455556d155555
V 7 3f7600006dfffbff c04dd4374927a29b bfbf2b1780b47527 3f7600006dfff3ff
S 3 S 240 S 244 S 248
S 2 S 248 S 250 S 240
N 1 568
V 0 407c2cc7ceb59f2a c030f954fe097217 bfa347430285d25a 407c1f255623d950
V 1 3f758000196ffd3f c023999af5d34f46 bf9642cdd65b90c5 3f758000196ffd3f
B 568 407c2cc7ceb59f2a 407c1f255623d950
N 2 564
V 0 407af32eb3255c9d 4042ee99debee3b5 3fb67aca9ae54948 407aba2a2fe33e39
V 1 407d6660ea45e1b8 bf29c21e5e89b247 be9c094adb5d7cb2 407d6660ea45dbac
V 2 3f75d555455555d4 40244a8cbecceaac 3f9817f0f5cc4139 3f75d55545555654
V 3 3f752aaaed8aa4aa bf0b9ad734ff30a7 be7e0bd23d2956bc 3f752aaaed8aa4aa
S 2 S 248 S 250 S 252
N 1 572
V 0 407c10458d148cf2 c032845c99556982 bfa51d49376a8c60 407bfffb1eeff749
V 1 3f758000196ffd7f c02561bf0fe41206 bf98618aa0df2994 3f758000196ffdbf
B 572 407c10458d148cf2 407bfffb1eeff749
N 7 0
V 0 419c71c939a1292c c19c71888efe8507 bfefffb7400e6f7a 40723fff063c0000
V 1 40625fffd6200000 bf8e1688dc02ed9e bf1a32f8462a145f 40625fc81ae5cad2
V 2 419c71c93da12bbc 4193f2b26da94ccf 3fe671070d3d7226 40727fff2a180000
V 3 419c71c939a1292c 419446f2411bb31e 3fe6cfced73ac07b 40723fff06400000
V 4 40625fffd6100000 3fed61c81ecb1f0c 3f7995945c2bb26d 40625fc81ad671c5
V 5 419c71c93da12bbe c186331f10d95acc bfd8f98114465f59 40727fff2a340000
V 6 419c71c939a1292c c18556f7a94f6472 bfd801d4d5b67e31 40723fff064c0000
V 7 40625fffd6380000 bfedbde546e377d5 bf79e5c99d2f096a 40625fc81afe1e90
V 8 419c71c93da12bbe 419bd9ffa36c8b0a 3fef553d3f4db538 40727fff2a380000
V 9 419c71c939a1292a 41771bf0e68ffae3 3fc9ff6d14bf95e8 40723fff06240000
V 10 40625fffd6180000 3fe162cfe05314f4 3f6e471335f179aa 40625fc81ade1e3a
V 11 419c71c93da12bbe c197c77889476ea5 bfeac06599b36f3f 40727fff2a3c0000
V 12 419c71c939a1292b c1978546d36733bd bfea75edb66313f3 40723fff062c0000
V 13 40625fffd5f80000 bfe22af32dfc1928 bf6fa39d5489258a 40625fc81abe8d94
V 14 419c71c93da12bc0 4175488336ba3034 3fc7f191d2a60e5f 40727fff2a580000
V 15 419c71c939a1292a 419bf13e33507774 3fef6f63a3a496e1 40723fff06280000
V 16 40625fffd6100000 3fefcc212c72f336 3f7bb00144ce9b76 40625fc81ad6025c
V 17 419c71c93da12bbe c1682802f8fbf4d3 bfbb2d014f3cddd4 40727fff2a380000
V 18 419c71c939a1292a c191dd4e1fdef0ab bfe418f6657a8de2 40723fff06280000
V 19 40625fffd5f80000 bfe9085d6f7401e7 bf75cc12dc0cb660 40625fc81abe1df0
V 20 419c71c93da12bba 4198f9a80fa04c48 3fec18daf70d49f5 40727fff29f80000
V 21 419c71c939a1292a 418b3a0f5c6f84be 3fdea14f01386b94 40723fff062c0000
V 22 40625fffd6180000 3fd1ad51945d01ab 3f5ec8d4012e2895 40625fc81ade1e51
V 23 419c71c93da12bbc c19b494943788b2a bfeeb2701f8b90d4 40727fff2a1c0000
V 24 419c71c939a1292a c19b26b32956ce20 bfee8b87495b01f6 40723fff06280000
V 25 40625fffd6100000 bfd379ff8301b541 bf60f58cc98ab9b4 40625fc81ad6022d
V 26 419c71c93da12bba 418a67e78286ae85 3fddb4e2397742e0 40727fff2a000000
V 27 419c71c939a1292a 419931d26173d772 3fec580a925c9a20 40723fff06200000
V 28 40625fffd6100000 3fe86fa9de9a78a4 3f75471bf0a70eb1 40625fc81ad671c5
V 29 419c71c93da12bbe c19239681711f856 bfe4809390fe82ff 40727fff2a340000
V 30 419c71c939a1292a c164736dff8d9175 bfb701da09c2b849 40723fff06240000
V 31 40625fffd6280000 bfefe3b90c4829df bf7bc48c7ab07cbe 40625fc81aede6c7
V 32 419c71c93da12bbc 419c65d6de005f73 3feff28f556cb447 40727fff2a200000
V 33 419c71c939a1292a 415a0ca15551fc02 3fad4e33526b1428 40723fff06280000
V 34 40625fffd5f80000 3fe523cfedcbfcd5 3f726853b1c3f628 40625fc81abe8d2b
V 35 419c71c93da12bbc c1953b446cc48133 bfe7e2ab308f434c 40727fff2a1c0000
V 36 419c71c939a1292b c1999cf51974ea5d bfecd0919868a68b 40723fff06340000
V 37 40625fffd6200000 bfdc361e456d245c bf6890a5e5a1b597 40625fc81ae5caa3
V 38 419c71c93da12bbe 4182b9f7bfadcb2a 3fd5113523d9b76c 40727fff2a380000
V 39 419c71c939a1292a 419adbf446e64892 3fee377090dc4bed 40723fff062c0000
V 40 40625fffd6100000 3feeeca41f3972e7 3f7aed671835ba72 40625fc81ad671d1
V 41 419c71c93da12bbc c17c8c398951326f bfd00edf2975f92c 40727fff2a200000
V 42 419c71c939a12929 c18cd8b7a112f805 bfe039e615e26ecb 40723fff061c0000
V 43 40625fffd6300000 bfebafd87af41c30 bf781bbaf8fec2e0 40625fc81af602b1
V 44 419c71c93da12bbc 4196b5183ee67bd8 3fe98bb95d22987c 40727fff2a200000
V 45 419c71c939a1292b 419121743e184335 3fe345a1572fdb7f 40723fff06340000
V 46 40625fffd6180000 3fc0eb7f208a99d7 3f4d7749a0715020 40625fc81ade8df5
V 47 419c71c93da12bba c19c2b7685983411 bfefb0e2f6e24086 40727fff29fc0000
V 48 419c71c939a1292a c19c19fb09cc643c bfef9d3811880b9c 40723fff06240000
V 49 40625fffd6100000 bfc4a3e434e62318 bf51f8f0aaac168e 40625fc81ad671ff
V 50 419c71c93da12bba 4190c1c1339f3610 3fe2d9f7f0c16467 40727fff2a000000
V 51 419c71c939a1292b 4196fc11fa7a0a70 3fe9db924dd11329 40723fff06340000
V 52 40625fffd6000000 3feb34194523d7b2 3f77affa59f71ae1 40625fc81ac639e6
V 53 419c71c93da12bbe c18da51ba013320d bfe0acde4a6ed465 40727fff2a380000
V 54 419c71c939a1292c c17abdebeebf2067 bfce15a73033121e 40723fff06480000
V 55 40625fffd6080000 bfef2720a85594a5 bf7b2054680b37c5 40625fc81ace55db
V 56 419c71c93da12bc0 419ab3d09e1b288c 3fee0a4872197a45 40727fff2a5c0000
V 57 419c71c939a1292b 41839a54c3d981af 3fd60d9db8befc94 40723fff06380000
V 58 40625fffd6200000 3fda82ee0ba77545 3f6715b55c5c8983 40625fc81ae5cabb
V 59 419c71c93da12bbc c199cfe627cb3de6 bfed09e0c0320054 40727fff2a200000
V 60 419c71c939a1292a c194eb40e22869a0 bfe788a73eac2dfd 40723fff06280000
V 61 40625fffd6280000 bfe5d629b6921cee bf7303a02316b8cc 40625fc81aede6a4
V 62 419c71c93da12bbe 41529c9539b209ff 3fa4f0264f981a51 40727fff2a340000
V 63 419c71c939a1292b 419c6baf85319e02 3feff92315851698 40723fff06200000
V 64 3f7fffffffffffff c12dc95fc838407e bf80c144a1d7dcd1 3f7fffffffffffff
V 65 3f7aaaaaaaaaaaaa 3fefff5ebdb39842 3f7bdc9f5e94e70f 3f7aaaaaaaaaaaaa
V 66 3f55555555555555 419446f23e3d0a54 3fe6cfced0cb07ef 3f55555d55555555
V 67 3f7fffffbfffffff c193f2b27072af18 bfe671071387e744 3f7fffffbfffffff
V 68 3f7aaaabaaaaaaaa 3fd95bc8cf381df4 3f6614b6046fce66 3f7aaaabaaaaaaaa
V 69 3f55555555555555 419a307642cc355d 3fed7682d670f41c 3f55555555555555
V 70 3f7fffffbfffffff c19a5e0eb153c653 bfeda9ce531e3413 3f7fffffbfffffff
V 71 3f7aaaa9aaaaaaaa 3fd79f056707c88e 3f64916f1e400d41 3f7aaaa9aaaaaaaa
V 72 3f55555915555555 41771bf0e335ee91 3fc9ff6d0d525ae8 3f55555915555555
V 73 3f7ffffdffffffff c19bd9ffa755dae7 bfef553d481c2ddd 3f7ffffdffffffff
V 74 3f7aaaacaaaaaaaa 3feaddbd34553f63 3f7764c7c9ab47fa 3f7aaaacaaaaaaaa
V 75 3f55555555555555 418f37bd5def67dc 3fe18f593445d445 3f55555555555555
V 76 3f7ffffeffffffff c18ffddf84dddf7b bfe1fecc645bae38 3f80000080000000
V 77 3f7aaaaeaaaaaaaa 3fea5802b826dfed 3f76f0562a2761c4 3f7aaaaeaaaaaaaa
V 78 3f55555655555555 419bf13e2f6148e6 3fef6f639acbd64c 3f55555655555555
V 79 3f80000008000000 c1754883399e3281 bfc7f191d9448b26 3f80000008000000
V 80 3f7aaaaaaaaaaaaa 3fbcd556775feaa4 3f491b49c5d15d2d 3f7aaaaaaaaaaaaa
V 81 3f55555555555555 419c48a1b07eec45 3fefd1b384b0dd23 3f55555355555555
V 82 3f7fffffbfffffff c196227e8bc0258b bfe8e6cc8370ff49 3f7ffffdbfffffff
V 83 3f7aaaaaaaaaaaaa 3fe3ef8439a05deb 3f715be101119d2a 3f7aaaaaaaaaaaaa
V 84 3f55554d55555555 418b3a0f588fa314 3fdea14ef88ddc7c 3f55554d55555555
V 85 3f80000100000000 c198f9a813203961 bfec18dafef0b56d 3f80000100000000
V 86 3f7aaaaaaaaaaaaa 3feec196a5180343 3f7ac7ea2921a045 3f7aaaaaaaaaaaaa
V 87 3f55555555555555 4180116b47f3cac3 3fd21397567ac722 3f55555555555555
V 88 3f80000040000000 c180f57383b4f359 bfd31420892dfaed 3f80000040000000
V 89 3f7aaaa6aaaaaaaa 3fee7bb73e6197a8 3f7a8b12bc0a8cda 3f7aaaa6aaaaaaaa
V 90 3f55555555555555 419931d25de5bb65 3fec580a8a605720 3f55555555555555
V 91 3f7fffffffffffff c18a67e786317e24 bfddb4e241c4de52 3f7fffffffffffff
V 92 3f7aaaabaaaaaaaa 3fe4a99549ba5f7d 3f71fde56b00bf67 3f7aaaabaaaaaaaa
V 93 3f55555555555555 4195d6e896e112e5 3fe891c3d2d36479 3f55554d55555555
V 94 3f7ffffdffffffff c19c544f5fdaf5bb bfefded6ed77ef8e 3f7ffffe7fffffff
V 95 3f7aaaaaaaaaaaaa 3fb558fa07a55cc0 3f42969eaae45ea7 3f7aaaaaaaaaaaaa
V 96 3f55555545555555 415a0ca1513db506 3fad4e3349b54315 3f55555445555555
V 97 3f7fffffffffffff c19c65d6e1fe5293 bfeff28f5e68842b 3f80000020000000
V 98 3f7aaaa7aaaaaaaa 3fe8063a56249e20 3f74eb4d1b13cda7 3f7aaaa7aaaaaaaa
V 99 3f55555555555555 4192edd68cbce24e 3fe54b8fc62c3dac 3f55555555555555
V 100 3f80000070000000 c188be3875d17fd9 bfdbd5fd72f053ce 3f80000070000000
V 101 3f7aaaa6aaaaaaaa 3fecb97421e8aa30 3f790302145948d2 3f7aaaa6aaaaaaaa
V 102 3f55556455555555 419adbf4431d25f9 3fee3770885a3712 3f55556455555555
V 103 3f80000010000000 c182b9f7c2435c9d bfd5113529b86800 3f80000010000000
V 104 3f7aaaaaaaaaaaaa 3fd0762be014400e 3f5caaf754b9232b 3f7aaaaaaaaaaaaa
V 105 3f55556455555555 419b88d6fed0aacc 3feef9ef8cf454c3 3f55556455555555
V 106 3f7fffffffffffff c1988434d0ef73c9 bfeb94b95e4bc6d3 3f7fffffffffffff
V 107 3f7aaaabaaaaaaaa 3fe00bf9eb3b4a89 3f6bf20712b6eab7 3f7aaaabaaaaaaaa
V 108 3f55555655555555 419121743baa3adc 3fe345a151be4616 3f55555655555555
V 109 3f80000020000000 c196b5184213f17d bfe98bb9644d64ac 3f80000020000000
V 110 3f7aaaaeaaaaaaaa 3fefb85e8c42a4c1 3f7b9ecc7a6dc430 3f7aaaaeaaaaaaaa
V 111 3f55555555555555 416f8bf4890188a0 3fc1beb838f41438 3f55555355555555
V 112 3f7fffffffffffff c1719d67bb4dc538 bfc3d11339aef870 3f7fffffffffffff
V 113 3f7aaaaeaaaaaaaa 3fef950d0418aa7d 3f7b800b942e65bc 3f7aaaaeaaaaaaaa
V 114 3f55555555555555 4196fc11f73aa868 3fe9db924686e286 3f55555555555555
V 115 3f7fffffffffffff c190c1c135f513ad bfe2d9f7f608a5e3 3f7ffffdffffffff
V 116 3f7aaaaaaaaaaaaa 3fe0da6f5dd8028d 3f6d59932fa8304c 3f7aaaaaaaaaaaaa
V 117 3f55555555555555 419846f3e6574409 3feb4fd057a86c2a 3f55554d55555555
V 118 3f7fffffffffffff c19ba5ca450498a3 bfef1a813dde3f94 3f7fffffffffffff
V 119 3f7aaaaaaaaaaaaa 3fcd46616a147799 3f597db850ee5b0d 3f7aaaaaaaaaaaaa
V 120 3f55555555555555 41839a54c10b47af 3fd60d9db27d0f9e 3f55555555555555
V 121 3f7fffffffffffff c19ab3d0a1da283f bfee0a487a89ce38 3f7fffffffffffff
V 122 3f7aaaacaaaaaaaa 3fed205e374166da 3f795c9ee3d0cfd8 3f7aaaacaaaaaaaa
V 123 3f555554d5555555 4187e6ce6503d78b 3fdae3a62e43ba29 3f555554d5555555
V 124 3f7fffffffffffff c193461eada58301 bfe5aee0e6cef927 3f7fffffffffffff
V 125 3f7aaaa5aaaaaaaa 3fe76494c943fe95 3f745e8c2f7cbdff 3f7aaaa5aaaaaaaa
V 126 3f55555555555555 419c6baf813230ee 3feff9230c86b0ba 3f55555555555555
V 127 3f7fffffffffffff c1529c953be57d01 bfa4f0265503c295 3f7fffffbfffffff
S 7 S 0 S 64 S 128
S 6 S 128 S 160 S 0
S 5 S 192 S 208 S 128
S 4 S 224 S 232 S 192
S 3 S 240 S 244 S 224
S 2 S 248 S 250 S 240
N 1 700
V 0 406eb76c70b906b6 c000214f294d8113 bf80cddaa762d55f 406eb6b7bb41c4c2
V 1 3f758000086fffff bff2a0801fa94724 bf7367c1164fa711 3f75800008700001
B 700 406eb76c70b906b6 406eb6b7bb41c4c2
N 2 696
V 0 406e6ceb97d49d02 4011821c35056ef5 3f926a0fa8724185 406e6a387f57f65c
V 1 406f01ed499d706b bfa0aa48f815e06b bf2132d68db99ea1 406f01ecc583f48a
V 2 3f75d5554d555554 3ff2c3bd18fe7412 3f73bc5583e7ef80 3f75d5554d555550
V 3 3f752aaac38aaaaa 3fbee57b0237410c 3f3fe2a4a236abc2 3f752aaac38aaaaa
S 2 S 248 S 250 S 252
N 1 704
V 0 406eb612a26df573 c0006c1110cf0030 bf811c7ce1c606d7 406eb5574a8d58a5
V 1 3f758000086ffffd bff2f6d2ac0e9fc4 bf73c28d7d6fc760 3f758000086fffff
B 704 406eb612a26df573 406eb5574a8d58a5
N 3 688
V 0 406efded4770706e c0227765b853e7ab bfa3112b4d11e699 406ef2bba17aa9d9
V 1 406ddbe9e838c996 bfa0e9fef09054d3 bf22207771d83872 406ddbe7c37fd7f2
V 2 406f05ed4bd5f5a4 401611a0f476d11f 3f96c385c7c478f0 406efb562bdf45bc
V 3 406efded4764eb32 401d8df4dba4ff63 3f9e840f72843616 406ef2bba16e1ec8
V 4 3f7600007bffffff bff374558c61d368 bf7416555d0a8555 3f7600007bffffff
V 5 3f75aaaa1eaaaaaa 3fcfb83eda3ea51b 3f50ff3e32599863 3f75aaaa1eaaaaaa
V 6 3f745555bd155555 401cc29a457b5a34 3f9daa6f208ddb27 3f745555bd155535
V 7 3f75ffffc9ffffff c016ad2476ac6c31 bf9769f88d4e50ca 3f75ffffc9ffffff
S 3 S 240 S 244 S 248
S 2 S 248 S 250 S 240
N 1 712
V 0 406eaf2d4c91f994 bfff1d5cd3c34e00 bf803974855fee16 406eae8504eefd25
V 1 3f758000086ffff7 bff1f7306bbd0584 bf72bc65f7d298e3 3f758000086ffff7
B 712 406eaf2d4c91f994 406eae8504eefd25
N 2 708
V 0 406e6751b27d40e6 4010d53d46556e50 3f91b78179e1617d 406e64d26c7ba9c7
V 1 406ef708e6a6b242 bfa1ea3be1599fed bf228387f90c3c3c 406ef7084da7e4a6
V 2 3f75d5554d555554 3ff20a74cdd79587 3f72fcf574de9ae4 3f75d5554d555558
V 3 3f752aaac38aaa9a 3fc09d41b15e045d 3f412b6c857271d8 3f752aaac38aaa9a
S 2 S 248 S 250 S 252
N 1 716
V 0 406eaded5d11c736 bfffa7a3d59dfefa bf80823b184f32c0 406ead3f29ad1da0
V 1 3f758000086ffff9 bff247060c1635e4 bf73106eb7db9963 3f758000086ffff9
B 716 406eaded5d11c736 406ead3f29ad1da0
N 4 672
V 0 406dd3e9e3dc4b64 40321647448eaca7 3fb3677a9f537657 406da7dacaa6a20f
V 1 407013f855824abc bfa128bc1bef59c2 bf21136c035ee96c 407013f45a7501d5
V 2 406de3e9ecb647d4 c0288f8ce64f5f9c bfaa4b565b375258 406db57cdffcadc0
V 3 406dd3e9e3bb4b58 c02b4155d68d303b bfad3d75eb7e876f 406da7daca86cd2f
V 4 407013f85579c57d 3fdcad58ccc79cac 3f5c89ba504b86cf 407013f45a6c84f6
V 5 406de3e9ecb8604e 40207a26b9ac2190 3fa1a3e04e1d4ea4 406db57cdffdd9aa
V 6 406dd3e9e3c36038 40174e586040b8bd 3f9900d855b6d852 406da7daca8eeceb
V 7 407013f855833b16 bfde519abb375d98 bf5e2bf2411e2a3d 407013f45a75eb33
V 8 3f77555585555554 3ff2f71564e193f2 3f7458a7d80268fe 3f77555585555544
V 9 3f74aaab72aaaaaa 3fdfeda88bed3d1d 3f5fc60044c8c5f1 3f74aaab72aaaaaa
V 10 3f73ffffa8000000 c02c02152a4df95c bfadfc290e92ef15 3f73ffffa8000000
V 11 3f77555495555555 4027e711d646773a 3fa9a4b112ce1ae9 3f77555495555555
V 12 3f74aaaa622aaaaa 3fcc666faf85ee9a 3f4c4329468685b0 3f74aaaa622aaaaa
V 13 3f74000118000000 c030b467cdcdb2c7 bfb1e23df9f8f3b8 3f74000118000080
V 14 3f77555555555554 403129f12284502b 3fb269ee6a0a3e38 3f77555555555554
V 15 3f74aaaa3eaaaaaa 3fc479421f43c7c9 3f445fd4192a2d0a 3f74aaaa3eaaaaaa
S 4 S 224 S 232 S 240
S 3 S 240 S 244 S 224
S 2 S 248 S 250 S 240
N 1 732
V 0 406e9b4887ccb8f2 c0015257e3d2c0bc bf821c39bb8a27e8 406e9a7763b9cc51
V 1 3f7580000870000d bff400b9387b0c04 bf74e9dac213a3e0 3f7580000870000d
B 732 406e9b4887ccb8f2 406e9a7763b9cc51
N 2 728
V 0 406e4b46ca85082a 4012e89f4c511ce8 3f93f9366bf41e10 406e481d3805b02e
V 1 406eeb4a451469ba bf9c6dea8f943158 bf1d6c58205c210e 406eeb49e4e63ddd
V 2 3f75d5554d555550 3ff443fda1823630 3f7568247842546b 3f75d5554d555554
V 3 3f752aaac38aaaca 3fba52df5fb6e7e8 3f3b3e74c7565146 3f752aaac38aaaca
S 2 S 248 S 250 S 252
N 1 736
V 0 406e99b38e75f706 c001a9f100a884c3 bf8278c4340adcb6 406e98da06fab75d
V 1 3f7580000870000f bff465df82a08fe4 bf7554b62d9ec301 3f7580000870000f
B 736 406e99b38e75f706 406e98da06fab75d
N 3 720
V 0 406ee7e1bfc852dc c023d49b68703758 bfa48857d1e37baa 406edaefe4214715
V 1 406daeabd541bd78 bf9ce282f61565bc bf1f23e61e4b18d2 406daeaa44813cee
V 2 406eeeb2ca6b71cb 4017d585f7b79ad9 3f98a81ba13a7665 406ee24f54f04339
V 3 406ee7e1bfbd61a8 401fbcd4c4345b2f 3fa06e3e8dcc3f7d 406edaefe41548ed
V 4 3f7600007bfffff7 bff4e420fac2371b bf75a17a5c344e87 3f7600007bfffff7
V 5 3f75aaaa1eaaaaaa 3fcb06b604dfb8e6 3f4d22f240c7278d 3f75aaaa1eaaaaaa
V 6 3f745555bd155595 401f0f85ea4c961e 3fa010fa929aa82e 3f745555bd1555b5
V 7 3f75ffffc9ffffff c01859fb666f31c6 bf9936b1d0359b39 3f75ffffca00001f
S 3 S 240 S 244 S 248
S 2 S 248 S 250 S 240
N 1 744
V 0 406e91b6586a040a c000a6c48eaba9d0 bf816e4a1d3c64d4 406e90f4d6ca2936
V 1 3f7580000870001d bff33a9aecbf5c24 bf742102d1b706d5 3f7580000870001d
B 744 406e91b6586a040a 406e90f4d6ca2936
N 2 740
V 0 406e44cd14514202 401220a86f58ffb8 3f932a158857d9ae 406e41e463e3b739
V 1 406ede9f9c82c613 bf9ebb9b1e71f2bd bf1fdbb33f6cdeaa 406ede9f2bd00c6b
V 2 3f75d5554d555550 3ff36dab6ddaaab4 3f748a2486a23821 3f75d5554d555550
V 3 3f752aaac38aaaea 3fbc790f7df6fac2 3f3d83f83fa2337e 3f752aaac38aaaea
S 2 S 248 S 250 S 252
N 1 748
V 0 406e9041c7d9e1d2 c000f755ca006276 bf81c3793805df76 406e8f78da7500ec
V 1 3f7580000870001d bff397a2e4198044 bf74835f838b9d02 3f7580000870001d
B 748 406e9041c7d9e1d2 406e8f78da7500ec
N 5 640
V 0 40700bf85101b95a c0429da745226a32 bfc28fc45bc5f18c 406f6afc146a2020
V 1 406b8fe325b52415 bfa195cfa3ebab5d bf246aad0ba74595 406b8fbdfe797c17
V 2 40701bf85a01c3c7 4038c815e1594e17 3fb89d0ecb865e7f 406f94c81b535006
V 3 40700bf85102d1b2 403b3085574e3e21 3fbb1c3d2e4663e9 406f6afc146163dd
V 4 406b8fe325950813 3fed205ba1d64720 3f70e879f9e573d3 406b8fbdfe590c92
V 5 40701bf859ebc3ca c02dec09dbddead1 bfadb815ea888bcb 406f94c81b29d15f
V 6 40700bf850ecc046 c02a3dc99426ee87 bfaa2a367c0ee7e4 406f6afc14435ff2
V 7 406b8fe3259d1623 bfedf7b42fcc5965 bf71657c8cf8cf3a 406b8fbdfe613629
V 8 40701bf859f0d1a6 4041a700fce0e016 3fc1885abfb06f55 406f94c81b2cd7c6
V 9 40700bf85102b954 4020eba3df7c5e07 3fa0df04b60a4a2f 406f6afc146943fd
V 10 406b8fe325911d20 3fe0daa56fc7e4f1 3f63915fe022c74f 406b8fbdfe554fbb
V 11 40701bf859efd1be c03ec8e8fe35a286 bfbe93758e58c4f5 406f94c81b26ddbb
V 12 40700bf850f0ce40 c03e4774c73a3fc1 bfbe30de9ff6db3f 406f6afc14483444
V 13 406b8fe325a523f0 bfe2ae893fa32dfb bf65b09a2fcb805a 406b8fbdfe69603e
V 14 40701bf85a09b958 40179f4890cfc928 3f977644cf7f8c54 406f94c81b584570
V 15 40700bf850fcbcd4 4042608d31ca3ecb 3fc252d7dc9117eb 406f6afc145e35a4
V 16 3f7800006fffffff bff385b2f30fb0a4 bf737722f1de88d3 3f7800006fffffff
V 17 3f76aaaa9aaaaaaa 3feffb3f61e1c659 3f7290c38c32a674 3f76aaaa9aaaaaaa
V 18 3f71555591555555 403a7563a396e51e 3fba477329f2444f 3f71555591555555
V 19 3f78000154000000 c03976c8520b2b6f bfb963c9ac21425b 3f78000154000000
V 20 3f76aaa9faaaaaaa 3fda8223ce5145ac 3f5ec6d1a00ba412 3f76aaa9faaaaaaa
V 21 3f71555555555555 4040829e059fee2f 3fc065f37268b3eb 3f71555555555555
V 22 3f77ffff20000000 c0416ea809d600f4 bfc161a72564139b 3f77ffff1fffff00
V 23 3f76aaaa0aaaaaaa 3fd6725b5b1cea97 3f5a0f9d254d9b11 3f76aaaa0aaaaaaa
V 24 3f71555494555555 4020769084a041ac 3fa059fadead622c 3f71555494555555
V 25 3f78000030000000 c042239d26c1df35 bfc216154644eeb0 3f7800002fffff00
V 26 3f76aaabdaaaaaaa 3feb33c3c9cab7eb 3f6f950b563f34ac 3f76aaabdaaaaaaa
V 27 3f71555655555556 403324c352067451 3fb303863dfc80d0 3f71555655555556
V 28 3f7800007fffffff c035b306679cb58c bfb5a2d6aa9448d0 3f7800007fffffff
V 29 3f76aaaa2aaaaaaa 3fe9fb2174f59917 3f6e2a122cd0b2a9 3f76aaaa2aaaaaaa
V 30 3f715555cd555555 4041e239e721aa0a 3fc1c32cd64c67ba 3f715555cd555555
V 31 3f77fffeafffffff c018447208ae7c0a bf983257e5746981 3f77fffeafffffff
S 5 S 192 S 208 S 224
S 4 S 224 S 232 S 192
S 3 S 240 S 244 S 224
S 2 S 248 S 250 S 240
N 1 780
V 0 406e43886fa3a1d0 bffbd93a669594d6 bf7d723946e97d00 406e42ffc1e809eb
V 1 3f758000086fffdf bff0147259792ca4 bf71009a3c71295d 3f758000086fffdf
B 780 406e43886fa3a1d0 406e42ffc1e809eb
N 2 776
V 0 406e0337cdd7f885 400dccd894d4625c 3f8fc6070c2f02c7 406e013c633b031f
V 1 406e83d9116f4b1a bfa5bc7fb920d662 bf26cb497d253b58 406e83d82c6f24db
V 2 3f75d5554d555534 3feff03a37c7c02a 3f7106d4073353b6 3f75d5554d555536
V 3 3f752aaac38aaa8a 3fc42dfd83e81806 3f452962b70e9f17 3f752aaac38aaa8a
S 2 S 248 S 250 S 252
N 1 784
V 0 406e428a47d513fd bffc46e4b20306a8 bf7de7294970897b 406e41fd58c3c62f
V 1 3f758000086fffe0 bff053c30d131184 bf71441dd01483c3 3f758000086fffe0
B 784 406e428a47d513fd 406e41fd58c3c62f
N 3 768
V 0 406e7e9f90a61407 c01fe1d80a1d7296 bfa0ba60caf03598 406e76254276bf7d
V 1 406d87d00b09dd03 bfa60769788ba4ab bf27df019ed2d27f 406d87cc587f63a7
V 2 406e89129244924e 4012c8070864565b 3f93aea217b82ec6 406e8147a90640ce
V 3 406e7e9f909a03e6 401983569e348144 3f9ac5c299fc403d 406e76254269d178
V 4 3f7600007bffffff bff0cb74104d43e8 bf719fb288b51a55 3f7600007c000007
V 5 3f75aaaa1eaaaa6a 3fd4b75f85c9f13f 3f5672ddc6669df2 3f75aaaa1eaaaa6a
V 6 3f745555bd155515 401879ce775e3ee1 3f99a654c6011291 3f745555bd155515
V 7 3f75ffffc9ffffff c013934084caf0bf bf948aa25dab59ed 3f75ffffc9ffffdf
S 3 S 240 S 244 S 248
S 2 S 248 S 250 S 240
N 1 792
V 0 406e3d57a1998d5a bffb01ac44a29e13 bf7c9425f8b1ebe6 406e3cd6fd605176
V 1 3f758000086fffd9 bfef2ffddc5b9848 bf70806333eee3f3 3f758000086fffd8
B 792 406e3d57a1998d5a 406e3cd6fd605176
N 2 788
V 0 406dfef8cd7b1192 400cc73f89b5a22e 3f8eb373411a75ac 406dfd1f53c59a33
V 1 406e7bb675b80923 bfa727a97b01c131 bf284e9a6782b1c8 406e7bb5716ec28e
V 2 3f75d5554d555538 3feed7d903725583 3f7073aebe5c334b 3f75d5554d555538
V 3 3f752aaac38aaa7a 3fc580d37ad0ce1a 3f4692ba6f9f0cec 3f752aaac38aaa7a
S 2 S 248 S 250 S 252
N 1 796
V 0 406e3c6a629a2e60 bffb67f6961443ec bf7d01484547c6bd 406e3be5e4a50b2a
V 1 3f758000086fffd9 bfefa61b3767cac8 bf70bf65665f2a9c 3f758000086fffd9
B 796 406e3c6a629a2e60 406e3be5e4a50b2a
N 4 752
V 0 406d7d5d0971ce1c 402ec90918a5af24 3fb0b3f3e9842d32 406d5d166cd51866
V 1 406f7fe217da59f2 bfa648f5ea6c0749 bf26a39978cf1466 406f7fd43a5c600d
V 2 406d92430cc16ef8 c02533b147cee1ea bfa6f176a76fc35b 406d6f4ac7afa9fc
V 3 406d7d5d09524b0e c02731ee4da9f966 bfa92b65178814b8 406d5d166cb66531
V 4 406f7fe217cb0de2 3fe2bb551959a1ba 3f630784f61882f7 406f7fd43a4d32b5
V 5 406d92430cbe16bb 401c72b7ec9200bc 3f9ec8d744076b6f 406d6f4ac7ac401d
V 6 406d7d5d0958ca41 4013d593c05a0357 3f9585cdcc7706f1 406d5d166cbd2353
V 7 406f7fe217db3d8a bfe3cc3b657b59f4 bf641cc1364b3351 406f7fd43a5d3e40
V 8 3f77555585555554 3ff023bc1a250f06 3f71837272a4d069 3f77555585555564
V 9 3f74aaab72aaaaaa 3fe4da1f6cba4ac2 3f652eeef4c31588 3f74aaab72aaaaaa
V 10 3f73ffffa8000000 c0282d9a48a946d2 bfaa29f2d691a178 3f73ffffa8000000
V 11 3f775554955554d5 4024578954fbfea0 3fa612d37072f65d 3f775554955554d5
V 12 3f74aaaa622aaa2a 3fd28875810c8bb4 3f52d3d67373ac7c 3f74aaaa622aaa2a
V 13 3f74000118000000 c02cd731418d3551 bfaf359110ac1046 3f74000118000040
V 14 3f77555555555554 402d36c54df44af0 3fafb365eb40cac7 3f77555555555554
V 15 3f74aaaa3eaaaaaa 3fcac5921a1a2020 3f4b32755a8bb9f1 3f74aaaa3eaaaaaa
S 4 S 224 S 232 S 240
S 3 S 240 S 244 S 224
S 2 S 248 S 250 S 240
N 1 812
V 0 406e2eaab0956b81 bffd97b462cd0b65 bf7f5ff23fb38b0f 406e2e0ff07bbc81
V 1 3f758000086fffe9 bff1163852714044 bf721da788a57355 3f758000086fffe9
B 812 406e2eaab0956b81 406e2e0ff07bbc81
N 2 808
V 0 406dea52f6e5e1e8 400fe875f469e142 3f9110d7cc84c866 406de80b55de2a56
V 1 406e73026a44f51a bfa2f2832a63009e bf23e98b0eda0b61 406e7301bc20bc72
V 2 3f75d5554d555538 3ff1194ad90abceb 3f724a53c33f8388 3f75d5554d55553c
V 3 3f752aaac38aaa9a 3fc193d4eef1ae6c 3f427900bb1a3f51 3f752aaac38aaa9a
S 2 S 248 S 250 S 252
N 1 816
V 0 406e2d8688ff7364 bffe15eaafe6f46b bf7fe6f73800be8b 406e2ce68fdd6615
V 1 3f758000086fffeb bff15f16aee11d84 bf726b9ba4d6956d 3f758000086fffeb
B 816 406e2d8688ff7364 406e2ce68fdd6615
N 3 800
V 0 406e6e755398bc3a c020f07d705b6a71 bfa1d001303c8258 406e64dd98485958
V 1 406d66309a330796 bfa33743b530fb43 bf24ea73738f3cd5 406d662dc8c0de2e
V 2 406e778f80fcb969 40141c1cba65cfc0 3f951f247a12a183 406e6e9b4305fc99
V 3 406e6e75538d30ca 401b1c5959167fb8 3f9c8212e032d0ce 406e64dd983beb42
V 4 3f7600007c000007 bff1d89f6c1fe685 bf72c41a269f4468 3f7600007c00000f
V 5 3f75aaaa1eaaaa6a 3fd20b9d7e3203b9 3f53a44b0239d8d9 3f75aaaa1eaaaa6a
V 6 3f745555bd155535 401a35037a056771 3f9b8694ddee040b 3f745555bd155535
V 7 3f75ffffc9ffffff c014cd18d188097c bf95df912edd92a1 3f75ffffc9ffffff
S 3 S 240 S 244 S 248
S 2 S 248 S 250 S 240
N 1 824
V 0 406e27a10f12c7d8 bffc9fde02671e5f bf7e60440dabda05 406e271022ca28cf
V 1 3f758000086fffeb bff087218a19df64 bf718a09a1b49ffa 3f758000086fffeb
B 824 406e27a10f12c7d8 406e271022ca28cf
N 2 820
V 0 406de585b0849bc3 400ec04b5034d622 3f90751500728377 406de3674661de73
V 1 406e69bc6da0f3ee bfa44506b9cca0f3 bf2553cae0cf5496 406e69bba5f4d066
V 2 3f75d5554d55553c 3ff07a93c2a52e62 3f71a3620de3e85d 3f75d5554d55553c
V 3 3f752aaac38aaa9a 3fc2cfab675e9bef 3f43caf42ccf21c6 3f752aaac38aaa9a
S 2 S 248 S 250 S 252
N 1 828
V 0 406e2691762b576c bffd15227282365d bf7eddcb797c0874 406e25fbd7b8b70e
V 1 3f758000086fffeb bff0cad5d8ed1864 bf71d2830a42ea4d 3f758000086fffeb
B 828 406e2691762b576c 406e25fbd7b8b70e
N 6 576
V 0 406b6fe313aee569 40521f971aac93e1 3fd5232e4ff47df8 40687184a096228c
V 1 40725fff182c0000 bfa26bc682bf341c bf200a41abac3ece 40725fc75d8a14e9
V 2 406bafe3379f38e2 c049e7cbca0bc4f7 bfcdf0dc6cf7feaf 40688df62c6981a0
V 3 406b6fe313cb0f48 c04a0caeaae599dc bfce61b9015c139a 40687184a0b2d640
V 4 40725fff182e0000 3ffd56e052b756cf 3f798c16703541aa 40725fc75d8bac72
V 5 406bafe337ab0f1d 403da2cebcd251d9 3fc12051cbe22b1f 40688df62c73e1b7
V 6 406b6fe3138b46ca 403aa58f806b863e 3fbf140685a430b0 40687184a06c3cd9
V 7 40725fff18400000 bffdc7aac32f95b3 bf79ee4cd3661016 40725fc75d9d7be3
V 8 406bafe337a3012e c05234b5e6d9ff88 bfd50abb08a896cd 40688df62c6ae121
V 9 406b6fe313870ef8 c02e9c7daa90d65c bfb1d9df4e888e98 40687184a06a0ed2
V 10 40725fff18120000 3ff14c01f950d592 3f6e1f5dbd314697 40725fc75d70297b
V 11 406bafe3378b0f28 404f4f0d7867ee3b 3fd217cc006bd9c8 40688df62c65c9f0
V 12 406b6fe313930116 404dcf0b03decbe0 3fd16210957c9cda 40687184a07f32e4
V 13 40725fff18100000 bff2411264941af6 bf6fca2514e1fa4e 40725fc75d6e06a3
V 14 406bafe3379f38e2 c02aab69242941d4 bfaed2f28ddfcb80 40688df62c69819d
V 15 406b6fe3139af364 c051d53ecd335eee bfd4cc78d3fc36ea 40687184a0928c11
V 16 40725fff18240000 3fffc8dec37a1224 3f7bad2bd331712b 40725fc75d81dd14
V 17 406bafe3377b4696 402108e157dd9a9c 3fa3b031c20f0b4d 40688df62c499a08
V 18 406b6fe313a6e552 404689565ec91131 3fca48cfbf6be7cc 40687184a0928be6
V 19 40725fff18320000 bff919076bac0986 bf75da965752f267 40725fc75d8fba6d
V 20 406bafe3378b38e8 c05047c455b38f78 bfd2d0ffb8dbdb38 40688df62c60b2c7
V 21 406b6fe313970158 c0419c0423732c10 bfc489b9acd52337 40687184a096227f
V 22 40725fff182a0000 3fe17941bdd132e8 3f5e6e2ad86f6863 40725fc75d87f20c
V 23 406bafe3376b46fa 4051e8f9e09b8651 3fd4b332d976b67b 40688df62c5815bb
V 24 406b6fe3138f3900 405141c8c0537151 3fd4207cb9fb74f4 40687184a07dca9d
V 25 40725fff181a0000 bfe3ad589e47d846 bf6122438f560e1e 40725fc75d782998
V 26 406bafe3379b1cf3 c04104eeb2975227 bfc3aba1ade2880c 40688df62c5cc942
V 27 406b6fe313af2aee c0501f85e2c173c0 bfd2cdf4331f8883 40687184a086c2a6
V 28 40725fff184a0000 3ff85e0cf3ecb9d9 3f7537c6a9f876de 40725fc75da790e7
V 29 406bafe33792e55e 404819e6f0ebb5fb 3fcbdb040a6f082c 40688df62c6e6701
V 30 406b6fe3139ef352 4017b3e99a0f4504 3f9ba50a9993075a 40687184a094572c
V 31 40725fff182a0000 bfffe5c272c90e05 bf7bc6539c114fe5 40725fc75d87ac63
V 32 3f7d555555555554 3ff2f8558bf6c00f 3f761ff87882a5f2 3f7d555555555554
V 33 3f72aaab8aaaaaaa 3ffffec157a475a7 3f7bdc1770988814 3f72aaab8aaaaaaa
V 34 3f70000080000000 c04ac4ee37948b59 bfcef071512349e0 3f70000080000000
V 35 3f7d5554b5555554 4049360f84bb8f84 3fcd67687e42cbf0 3f7d5554b5554d54
V 36 3f72aaaa22aaaaaa 3fe98d3bc94a4621 3f663fc5b3124a63 3f72aaaa22aaaaaa
V 37 3f70000100000000 c05116bde720525a bfd3c03717a63269 3f70000100000000
V 38 3f7d5557d5555555 4050db75e84f3a2e 3fd3a925876528ad 3f7d5557d5555d55
V 39 3f72aaaad2aaaaab 3fe76ca1f20cb9d9 3f64658fc2990fc8 3f72aaaad2aaaaac
V 40 3f6fffff7fffffff c02f764cd17b64d5 bfb22e7a3c635dc6 3f6fffff800007ff
V 41 3f7d555435555554 4051b7a36979610f 3fd4a9f0f1461d37 3f7d555435555154
V 42 3f72aaaaaaaaaaab 3ffaec3cbfb0f249 3f7771688e60a61c 3f72aaaaaaaaaaac
V 43 3f6fffffffffffff c0442f6d72121eed bfc754619491c9fe 3f6fffffffffffff
V 44 3f7d555395555555 4044a16bb0dbfd13 3fc80fc05dc9b051 3f7d555395555555
V 45 3f72aaaaaaaaaaaa 3ffa487da932a61a 3f76e2d38de4c8fb 3f72aaaaaaaaaaaa
V 46 3f6ffffeffffffff c05253374ae7e0d6 bfd52dfcedd16361 3f6ffffeffffffff
V 47 3f7d555495555554 4029f5bc50da20cd 3fae46f5b73c245e 3f7d555495555554
V 48 3f72aaaaa8aaaaab 3fcdabf14bae2ee8 3f49d628b6ee0674 3f72aaaaa8aaaaab
V 49 3f6ffffcffffffff c05280f34cb51aab bfd562d8bef0afbf 3f6ffffcffffffff
V 50 3f7d5553c5555555 404c652de88e3bf1 3fd08f0afcc85871 3f7d5553c5554d55
V 51 3f72aaac9aaaaaab 3ff3da3e4e55ff81 3f71495bad165a2e 3f72aaac9aaaaaaa
V 52 3f700001e0000000 c04218bca35c26ca bfc4ea663a57bff6 3f700001dffff800
V 53 3f7d5555d5555554 404faff79b577660 3fd27a8461419ca8 3f7d5555d5555554
V 54 3f72aaaaeaaaaaab 3ffec8d7c7b92ac0 3f7ace3c5730152d 3f72aaaaeaaaaaab
V 55 3f700001c0000000 c034748bb48f384b bfb7a44427da518e 3f700001c0000000
V 56 3f7d555755555554 40362da8c2173178 3fb9dde3010236c7 3f7d555755555154
V 57 3f72aaa9aaaaaaaa 3ffe73490a95b97c 3f7a83bc8dd36ef9 3f72aaa9aaaaaaaa
V 58 3f6ffffdffffffff c050917a2aa6fc16 bfd32630fe40a1c9 3f6ffffe00000fff
V 59 3f7d555555555554 40409055ab9dc56e 3fc35186dbfb2383 3f7d555555555554
V 60 3f72aaaaaaaaaaaa 3ff4be13d6e471fe 3f720fbe92af32ec 3f72aaaaaaaaaaa9
V 61 3f700000f0000000 c04c67911923d025 bfd06a2558b690db 3f700000effff800
V 62 3f7d5552d5555554 405210afd9a8f153 3fd511cc8f4dacc8 3f7d5552d5555654
V 63 3f72aaaa8aaaaaaa 3fc4816893cda89f 3f41daeabe469ac5 3f72aaaa8aaaaaaa
S 6 S 128 S 160 S 192
S 5 S 192 S 208 S 128
S 4 S 224 S 232 S 192
S 3 S 240 S 244 S 224
S 2 S 248 S 250 S 240
N 1 892
V 0 406cb53b955be3a6 c0054ff1f051d935 bf87c199e260054b 406cb3ea0a2c64a4
V 1 3f758000086fff67 bff89c5e1bda0aa4 bf7b6edb6bca1c26 3f758000086fff67
B 892 406cb53b955be3a6 406cb3ea0a2c64a4
N 2 888
V 0 406c52cb4486b6e3 40178e789764ab02 3f9a9d452d16e9cf 406c4d8b5d735794
V 1 406d17abe6311068 bf8dd971344eb4bb bf106a91750320d7 406d17abca61d7e7
V 2 3f75d5554d555554 3ff93f4450256776 3f7c863efdbdfb57 3f75d5554d555554
V 3 3f752aaac38aa97a 3fab7287f82ce26d 3f2e30c53a121565 3f752aaac38aa97a
S 2 S 248 S 250 S 252
N 1 896
V 0 406cb29b93ea97be c005e16a402ee2b6 bf8865fbd306c548 406cb137aaed409a
V 1 3f758000086fff67 bff94457845ee464 bf7c2cab7fc68164 3f758000086fff67
B 896 406cb29b93ea97be 406cb137aaed409a
N 3 880
V 0 406d15e4cd7f2270 c0286628bca39365 bfaad80c28c1a531 406d011236e0bdaa
V 1 406b8fb1bb8e4b56 bf8e86f7b3569a69 bf11b8c6c1d8fb7c 406b8fb1462361f6
V 2 406d1972feebc481 401db14b7e73d873 3fa0537da0a56148 406d0502bcb96b70
V 3 406d15e4cd765c4e 4023864a46a12d05 3fa57b232c6f8f46 406d011236d5c6fe
V 4 3f7600007bffffff bff9b3eca77d9c6b bf7c4741dff33fe2 3f7600007bffffef
V 5 3f75aaaa1eaaaaaa 3fbc2fc547e99f32 3f405ced9cb255ec 3f75aaaa1eaaaaaa
V 6 3f745555bd155355 4023590820834036 3fa546be3c006c1a 3f745555bd155355
V 7 3f75ffffc9ffff9f c01df639c60bdd94 bfa07b67c8a2837a 3f75ffffc9ffff9f
S 3 S 240 S 244 S 248
S 2 S 248 S 250 S 240
N 1 904
V 0 406ca5b61c24d484 c00434c3fdfa3ef9 bf869226cc622298 406ca4860da3153c
V 1 3f758000086fff63 bff755614f4006e4 bf7a1076f3cfe9aa 3f758000086fff63
B 904 406ca5b61c24d484 406ca4860da3153c
N 2 900
V 0 406c4861be820fd0 40164cb06ebbae79 3f993afe6f1d4125 406c43abb3f6cd46
V 1 406d030a79c79937 bf9083ea45fdcc1b bf123760217d5b60 406d030a578ad41e
V 2 3f75d5554d55554c 3ff7e661cfe82550 3f7b0a88967a630a 3f75d5554d55554c
V 3 3f752aaac38aa97a 3fae6a5d937b82a1 3f30c62ab959780c 3f752aaac38aa97a
S 2 S 248 S 250 S 252
N 1 908
V 0 406ca35b05c0d0b2 c004b74f146076f2 bf8725e058d77ac6 406ca21b52adcd76
V 1 3f758000086fff63 bff7ec1e590fb504 bf7abb0aee7af05f 3f758000086fff63
B 908 406ca35b05c0d0b2 406ca21b52adcd76
N 4 864
V 0 406b8c238a31a910 403855d3d1f74a4d 3fbc44c68e339585 406b35c76286cd6c
V 1 406e9fa610cc9bcf bf8f6d876b397ee1 bf106b911788ed9b 406e9fa46a185a1a
V 2 406b933fed06c336 c03039ce2cdf3b1f bfb2d456ac195dd7 406b3b65b85bdfdd
V 3 406b8c238a15d376 c03255da495e675c bfb54c893a846529 406b35c7626d36df
V 4 406e9fa610bfd53c 3fc976d33c628758 3f4a9bcff42bdd4b 406e9fa46a0b9bf7
V 5 406b933fed17b3c6 4025c534ce7f8d0c 3fa943804d1594b6 406b3b65b86d06dc
V 6 406b8c238a146a6d 401f5b640d05cbfc 3fa236715151860c 406b35c76269630e
V 7 406e9fa610d84e30 bfcaf7b02cc0867e bf4c2df91308f6ee 406e9fa46a24063d
V 8 3f77555585555354 3ff98485f66bc308 3f7da465b169f023 3f77555585555354
V 9 3f74aaab72aaacaa 3fcc6036465076c1 3f4da6b350083137 3f74aaab72aaacaa
V 10 3f73ffffa8000000 c03280c290ce2006 bfb578d6059298c0 3f73ffffa8000000
V 11 3f77555495555555 40301474287525ce 3fb2adcf665ef962 3f77555495555455
V 12 3f74aaaa622aa8aa 3fb958ec722f3661 3f3a7c911eff44f5 3f74aaaa622aa8aa
V 13 3f74000117fffe00 c036124b9bf9add0 bfb99cf5d090ccbe 3f74000117fffe00
V 14 3f77555555555654 403717da6306eda9 3fbad367eea1b3be 3f775555555556d4
V 15 3f74aaaa3eaaa8ea 3fb216a68ce4c9b2 3f32e6c6300fb6b7 3f74aaaa3eaaa8ea
S 4 S 224 S 232 S 240
S 3 S 240 S 244 S 224
S 2 S 248 S 250 S 240
N 1 924
V 0 406c7ee1dacdc94c c007a6384a0f56dd bf8a8ec31beba473 406c7d3f2139b9a7
V 1 3f758000086fff57 bffb4f32237d4904 bf7eaaf76f53b105 3f758000086fff57
B 924 406c7ee1dacdc94c 406c7d3f2139b9a7
N 2 920
V 0 406c11a639da0f90 401a354acbd11131 3f9de0edd3036bb9 406c0b17a8ee5843
V 1 406cec1d7bc18308 bf87ab5476b3046c bf0a301d23579c65 406cec1d6a4accf5
V 2 3f75d5554d555514 3ffc16d33b4a3b59 3f8002f3494fb8e4 3f75d5554d55551c
V 3 3f752aaac38aa99a 3fa5ae66794fb0a7 3f27fd07303fa896 3f752aaac38aa99a
S 2 S 248 S 250 S 252
N 1 928
V 0 406c7b9a899c929c c0085bec2fdfcb11 bf8b5df590245a2d 406c79de1a1fc11e
V 1 3f758000086fff5b bffc2102121d7044 bf7f9a37a2827d86 3f758000086fff5b
B 928 406c7b9a899c929c 406c79de1a1fc11e
N 3 912
V 0 406ceab5e64f93c3 c02b1313c5f9991c bfadf614924deb82 406cd0ebe343734c
V 1 406b38968d648b5e bf884b34020eac01 bf0c8f0d65c4693e 406b3896432c0b8e
V 2 406ced85113c516a 4020847710535032 3fa245893ca504cc 406cd4122668b286
V 3 406ceab5e646b4a6 4025aa5c6cbb1fd9 3fa7f9b92f77a8d0 406cd0ebe3381f70
V 4 3f7600007bffffff bffc854b3b1a07ed bf7f8fc525d51046 3f7600007bffffff
V 5 3f75aaaa1eaaaa2a 3fb644a42fddc12b 3f3a2d738a9b583c 3f75aaaa1eaaaa2a
V 6 3f745555bd155355 4025869315fe8a60 3fa7cfced8963d00 3f745555bd155355
V 7 3f75ffffc9ffffdf c0209fa994d5e1a2 bfa26568876c6266 3f75ffffc9ffffdf
S 3 S 240 S 244 S 248
S 2 S 248 S 250 S 240
N 1 936
V 0 406c6ba00c041434 c006459af6cb6dcc bf8913baef9c848e 406c6a2bb18568d4
V 1 3f758000086fff57 bff9b80819a40bc4 bf7cf54ca0100951 3f758000086fff57
B 936 406c6ba00c041434 406c6a2bb18568d4
N 2 932
V 0 406c04c11337bf6d 4018a6be6a815825 3f9c277f8d0fe862 406bfef15695987d
V 1 406cd27f04d068fb bf8a7caa8352e56b bf0d6841d39773dd 406cd27eeec9cb9e
V 2 3f75d5554d555514 3ffa6ba98b1a0360 3f7e2cc6b93cbefc 3f75d5554d555514
V 3 3f752aaac38aa99a 3fa84f6a82edbdf0 3f2afd91864cfc52 3f752aaac38aa99a
S 2 S 248 S 250 S 252
N 1 940
V 0 406c68b822afb20e c006e6a5f3e11a57 bf89cbb1ba5acf41 406c672e4b26e5a4
V 1 3f758000086fff57 bffa71fced153e24 bf7dc9b90d1c3d15 3f758000086fff5b
B 940 406c68b822afb20e 406c672e4b26e5a4
N 5 832
V 0 406e9889add5262f c04898b3496d215b bfc9b9ad7a5ff8a3 406d5bd27a2c8927
V 1 40687fbd668e2bf0 bf908e5d9b79132d bf15a00ddd19edb1 40687fb5250acb20
V 2 406ea6c273c59d4e 4040abd40b90f7d7 3fc1679a7efd9d97 406d704d2bf570b6
V 3 406e9889add39a50 4041f650b17b6b5c 3fc2c95906f7e6e4 406d5bd27a1ab2e2
V 4 40687fbd666a77fa 3fd9dd7dfcdb842f 3f60e46b4c8fd6bc 40687fb524e6ec12
V 5 406ea6c273a30e73 c034212475d470fc bfb503de9947452e 406d704d2bd9a809
V 6 406e9889adada015 c0315618203b1de9 bfb221c6117effa3 406d5bd27a0a15ba
V 7 40687fbd667e06d7 bfdaa83c51bae655 bf6168d41ae45c9c 40687fb524fa9342
V 8 406ea6c273a6aa18 4047c01c3bc5ba96 3fc8cb9f394f2f06 406d704d2bd0c226
V 9 406e9889add90060 40265b0af339b6ea 3fa761b165ab4cf8 406d5bd27a2d8d27
V 10 40687fbd667b6aa3 3fcddd02922501d9 3f5380dde135a859 40687fb524f7fe40
V 11 406ea6c273b3fcea c044b5b5cbc74a12 bfc59ef95194fa2a 406d704d2bdf1207
V 12 406e9889adb70ee6 c04400e6b48ee2f0 bfc4ebeac1fd17aa 406d5bd27a0f8a1b
V 13 40687fbd6671c5f4 bfd0a703a3b4f14f bf55c03fe16e7345 40687fb524ee52e4
V 14 406ea6c273dec468 401fc83afd535dba 3fa0971a7ced5a95 406d704d2c0366f3
V 15 406e9889add1d7f9 404847f540ce923d 3fc9653ad3418ca7 406d5bd27a29b44e
V 16 3f7800006fffffff bff9c99488c94906 bf7af88cacc33a98 3f7800006fffffff
V 17 3f76aaaa9aaaa6aa 3fdc6cc64d55811f 3f6290605ff2c16f 3f76aaaa9aaaa6aa
V 18 3f71555591555555 4041cca727b5f7b1 3fc29522c4428af4 3f71555591555955
V 19 3f78000154000400 c040d29056b7f45a bfc19834f760fd99 3f78000154000400
V 20 3f76aaa9faaaaaaa 3fc7aadedb2fc7a6 3f4ee9f4801e3133 3f76aaa9faaaaaaa
V 21 3f71555555555556 404636b6fd4db9c2 3fc730eafdc717c6 3f71555555555556
V 22 3f77ffff20000000 c047085704d3401a bfc816f17c942765 3f77ffff1ffffe00
V 23 3f76aaaa0aaaaaaa 3fc3d7ef60336816 3f49eb4addd11758 3f76aaaa0aaaaaaa
V 24 3f71555494555555 4026268f75b42473 3fa7200d81daabdb 3f71555494555555
V 25 3f7800002ffffc00 c047f776c87ee0e7 bfc9110aa73432d8 3f7800002ffffe00
V 26 3f76aaabdaaaa6aa 3fd835962a7e8cad 3f5f9f248b026618 3f76aaabdaaaa6aa
V 27 3f71555655555556 4039c1ba83e0e850 3fbae3d69ded56d5 3f71555655555556
V 28 3f7800007ffffdff c03cab94f6487061 bfbdfc6bae3b5a8a 3f7800007ffffdff
V 29 3f76aaaa2aaaaeaa 3fd70f3f7a3ef657 3f5e1eaf3c2b0e78 3f76aaaa2aaaaeaa
V 30 3f715555cd555154 40480fcbfd38b136 3fc91ed0861d0063 3f715555cd555154
V 31 3f77fffeb000007f c020085c0ececc08 bfa0c4b90b3fa14d 3f77fffeb000007f
S 5 S 192 S 208 S 224
S 4 S 224 S 232 S 192
S 3 S 240 S 244 S 224
S 2 S 248 S 250 S 240
N 1 972
V 0 406bdd6fa710d0cc c0011c9929495ba9 bf83a6a7dba854e4 406bdc8f7820b056
V 1 3f758000086fffa7 bff3c2aa025d6564 bf76b157c5687b8f 3f758000086fffa5
B 972 406bdd6fa710d0cc 406bdc8f7820b056
N 2 968
V 0 406b8e6626a1969f 4012c6e68218577b 3f95ce112938c784 406b8af8808dce58
V 1 406c2c7927800afa bf956726e81ff853 bf184f46b396a2e1 406c2c78ebf470d3
V 2 3f75d5554d555594 3ff41fd908d7347a 3f775ea41af448e6 3f75d5554d555590
V 3 3f752aaac38aa9ba 3fb3c49a468c627d 3f3673e234229ea9 3f752aaac38aa9ba
S 2 S 248 S 250 S 252
N 1 976
V 0 406bdbb8b6411f96 c0017b94d4a425e9 bf8414f82e755c07 406bdacea533cbfe
V 1 3f758000086fffa5 bff4305753632964 bf7730b8ea3e37da 3f758000086fffa3
B 976 406bdbb8b6411f96 406bdacea533cbfe
N 3 960
V 0 406c29e9d151ddf8 c02397141c8d9f90 bfa6423308a1e6d9 406c1c0cee74bb85
V 1 406af2e27bf14f46 bf95cc39ac57cca6 bf19e22c5c9f6174 406af2e182ef4e15
V 2 406c2f087db557e5 4017ab049322e272 3f9adf73b6930827 406c21a00e2b3155
V 3 406c29e9d14abe10 401f5a5c6bf27d11 3fa1cfd4527e6337 406c1c0cee6bb2fb
V 4 3f7600007c0000ff bff4a353663f98cf bf7772fc45085dd3 3f7600007c0000ff
V 5 3f75aaaa1eaaaa2a 3fc44c1a197c4ef6 3f481a0cef2f13cc 3f75aaaa1eaaaa2a
V 6 3f745555bd1553d5 401ed821020701d2 3fa182a915f61e0e 3f745555bd1553b5
V 7 3f75ffffc9ffff9f c0180e6c5b5c939a bf9b55486c61c0b7 3f75ffffc9ffff7f
S 3 S 240 S 244 S 248
S 2 S 248 S 250 S 240
N 1 984
V 0 406bd326db7ebb7a c00062dd6a221b49 bf82d850d42f6302 406bd258fbf62c15
V 1 3f758000086fff97 bff2ec3299bc8564 bf75c315277d505b 3f758000086fff97
B 984 406bd326db7ebb7a 406bd258fbf62c15
N 2 980
V 0 406b877738b204cd 4011f0b62aefb16e 3f94da95b5f76849 406b8455417a71d3
V 1 406c1ed67e4b7228 bf974962c0b9c0f9 bf1a7fd3c32a1753 406c1ed637909379
V 2 3f75d5554d555594 3ff33a47e8bdecb5 3f7659ad68678284 3f75d5554d555590
V 3 3f752aaac38aa99a 3fb586886a82e3f4 3f387ec624e2a023 3f752aaac38aa99a
S 2 S 248 S 250 S 252
N 1 988
V 0 406bd195bc8582a6 c000b9a67ba77f43 bf833d34fa6e9acd 406bd0bf35ae4cac
V 1 3f758000086fff95 bff35068a9530ec4 bf763794f50b991a 3f758000086fff93
B 988 406bd195bc8582a6 406bd0bf35ae4cac
N 4 944
V 0 406aedc3cf9baa24 403365ce5a66b946 3fb70cf7b539e30b 406ab5a23981ce97
V 1 406d660fd30811cc bf9643186a5b6db2 bf183b6030addaa4 406d660c4200db43
V 2 406af80128604a0e c02a0e2fccf8cc50 bfaeea8fca2b65c7 406abe189fbe8161
V 3 406aedc3cf82547e c02d3af1a8af1166 bfb15e1113b8d516 406ab5a23969e94f
V 4 406d660fd2ff27a6 3fd25821ce3682f8 3f53f7aa7a8ca378 406d660c41f80474
V 5 406af801286b8824 40217ad2ccc79957 3fa4bda2e9efb41f 406abe189fcae8e9
V 6 406aedc3cf7eee80 4018feada0853edc 3f9db3adb452985c 406ab5a23964e339
V 7 406d660fd3168da0 bfd368c05e5bea82 bf55206868d42457 406d660c420f5778
V 8 3f77555585555354 3ff456f32ce4cda4 3f782b8611249cd9 3f77555585555344
V 9 3f74aaab72aaaeaa 3fd46e990217e1ed 3f563d6c62620e34 3f74aaab72aaaeaa
V 10 3f73ffffa8000000 c02db66552978f78 bfb1a0b6c20a3ea3 3f73ffffa8000080
V 11 3f77555495555455 4029a27a015e81b3 3fae7652cbcda290 3f77555495555355
V 12 3f74aaaa622aa9aa 3fc2357c2ef43156 3f43d1f408d179d2 3f74aaaa622aa9aa
V 13 3f74000117fffe00 c031b8a5337e7358 bfb506fdda491d36 3f74000117fffe80
V 14 3f77555555555654 403268584d40a3ee 3fb5dfc64daab570 3f77555555555654
V 15 3f74aaaa3eaaa8ea 3fba22554e4fd44f 3f3c725293b57273 3f74aaaa3eaaa8ea
S 4 S 224 S 232 S 240
S 3 S 240 S 244 S 224
S 2 S 248 S 250 S 240
N 1 1004
V 0 406bb9e7963c4792 c002a163ddba9726 bf85808f6c8599fe 406bb8dc83a131e4
V 1 3f758000086fffa5 bff5839a2aef7624 bf78d4901b092b20 3f758000086fffa5
B 1004 406bb9e7963c4792 406bb8dc83a131e4
N 2 1000
V 0 406b63da552ac522 4014864625dfb34d 3f97fa9b86accd95 406b5fbb5adb3003
V 1 406c0ff4d74dca03 bf91b928de1b30c5 bf1435cedeb570af 406c0ff4ae78deee
V 2 3f75d5554d555570 3ff5ff57638d365c 3f79b3235bb7000b 3f75d5554d555570
V 3 3f752aaac38aa9da 3fb055b639db6d53 3f32a07bf9f874b4 3f752aaac38aa9da
S 2 S 248 S 250 S 252
N 1 1008
V 0 406bb7d804aa0778 c0031393d904e937 bf8605fc614f816f 406bb6bfec4986bb
V 1 3f758000086fffa5 bff607745a44b764 bf796ea131c15eb3 3f758000086fffa3
B 1008 406bb7d804aa0778 406bb6bfec4986bb
N 3 992
V 0 406c0dd73dc154ed c025542d0b3221e2 bfa8542cce46af88 406bfd58051f4b85
V 1 406ab9dd6c943558 bf92161abc8ee309 bf15a7c87ca1764b 406ab9dcc115f56f
V 2 406c121270e176ae 4019deeb815f8154 3f9d7e0424b67b8a 406c01fcd660daaf
V 3 406c0dd73dba1d58 40211158d96c8e96 3fa377ea7ec44175 406bfd580515fb25
V 4 3f7600007c0000f7 bff6781c7a8bf2ec bf79a12c205296da 3f7600007c0000e7
V 5 3f75aaaa1eaaa9ea 3fc0c5fdcd1621a2 3f441557edc8c710 3f75aaaa1eaaa9ea
V 6 3f745555bd155415 4020db829d52d0f2 3fa3379bb9e54941 3f745555bd155435
V 7 3f75ffffc9ffff9f c01a31040456793d bf9de01b746205d8 3f75ffffc9ffffbf
S 3 S 240 S 244 S 248
S 2 S 248 S 250 S 240
N 1 1016
V 0 406bada2686b05b2 c001c28df5bea14f bf84887683c4db15 406bacaf49b0a96c
V 1 3f758000086fffb1 bff4824b3aa82804 bf77b615e97fc127 3f758000086fffb3
B 1016 406bada2686b05b2 406bacaf49b0a96c
N 2 1012
V 0 406b5b9a631aa07a 4013875b67e6dd16 3f96d7aa8c2c2a13 406b57de2b0ae1c0
V 1 406bffaa6dbb6aea bf936e88a1b7ee8a bf1635724f15ba80 406bffaa3c701835
V 2 3f75d5554d555568 3ff4ee1f47a8b11c 3f787b4ed3458deb 3f75d5554d555568
V 3 3f752aaac38aa9fa 3fb1edc992769578 3f347db746ec77a1 3f752aaac38aa9fa
S 2 S 248 S 250 S 252
N 1 1020
V 0 406babc433bd7cfa c0022a0c24449420 bf8501887ac918b5 406baac5d22d3ffc
V 1 3f758000086fffb1 bff4f9cc1335a8a4 bf7841e2b0ab370e 3f758000086fffb1
B 1020 406babc433bd7cfa 406baac5d22d3ffc
T 0 bfefffb7400e6f7a
T 1 bf1a32f8462a145f
T 2 3fe671070d3d7226
T 3 3fe6cfced73ac07b
T 4 3f7995945c2bb26d
T 5 bfd8f98114465f59
T 6 bfd801d4d5b67e31
T 7 bf79e5c99d2f096a
T 8 3fef553d3f4db538
T 9 3fc9ff6d14bf95e8
T 10 3f6e471335f179aa
T 11 bfeac06599b36f3f
T 12 bfea75edb66313f3
T 13 bf6fa39d5489258a
T 14 3fc7f191d2a60e5f
T 15 3fef6f63a3a496e1
T 16 3f7bb00144ce9b76
T 17 bfbb2d014f3cddd4
T 18 bfe418f6657a8de2
T 19 bf75cc12dc0cb660
T 20 3fec18daf70d49f5
T 21 3fdea14f01386b94
T 22 3f5ec8d4012e2895
T 23 bfeeb2701f8b90d4
T 24 bfee8b87495b01f6
T 25 bf60f58cc98ab9b4
T 26 3fddb4e2397742e0
T 27 3fec580a925c9a20
T 28 3f75471bf0a70eb1
T 29 bfe4809390fe82ff
T 30 bfb701da09c2b849
T 31 bf7bc48c7ab07cbe
T 32 3feff28f556cb447
T 33 3fad4e33526b1428
T 34 3f726853b1c3f628
T 35 bfe7e2ab308f434c
T 36 bfecd0919868a68b
T 37 bf6890a5e5a1b597
T 38 3fd5113523d9b76c
T 39 3fee377090dc4bed
T 40 3f7aed671835ba72
T 41 bfd00edf2975f92c
T 42 bfe039e615e26ecb
T 43 bf781bbaf8fec2e0
T 44 3fe98bb95d22987c
T 45 3fe345a1572fdb7f
T 46 3f4d7749a0715020
T 47 bfefb0e2f6e24086
T 48 bfef9d3811880b9c
T 49 bf51f8f0aaac168e
T 50 3fe2d9f7f0c16467
T 51 3fe9db924dd11329
T 52 3f77affa59f71ae1
T 53 bfe0acde4a6ed465
T 54 bfce15a73033121e
T 55 bf7b2054680b37c5
T 56 3fee0a4872197a45
T 57 3fd60d9db8befc94
T 58 3f6715b55c5c8983
T 59 bfed09e0c0320054
T 60 bfe788a73eac2dfd
T 61 bf7303a02316b8cc
T 62 3fa4f0264f981a51
T 63 3feff92315851698
T 64 bf80c144a1d7dcd1
T 65 3f7bdc9f5e94e70f
T 66 3fe6cfced0cb07ef
T 67 bfe671071387e744
T 68 3f6614b6046fce66
T 69 3fed7682d670f41c
T 70 bfeda9ce531e3413
T 71 3f64916f1e400d41
T 72 3fc9ff6d0d525ae8
T 73 bfef553d481c2ddd
T 74 3f7764c7c9ab47fa
T 75 3fe18f593445d445
T 76 bfe1fecc645bae38
T 77 3f76f0562a2761c4
T 78 3fef6f639acbd64c
T 79 bfc7f191d9448b26
T 80 3f491b49c5d15d2d
T 81 3fefd1b384b0dd23
T 82 bfe8e6cc8370ff49
T 83 3f715be101119d2a
T 84 3fdea14ef88ddc7c
T 85 bfec18dafef0b56d
T 86 3f7ac7ea2921a045
T 87 3fd21397567ac722
T 88 bfd31420892dfaed
T 89 3f7a8b12bc0a8cda
T 90 3fec580a8a605720
T 91 bfddb4e241c4de52
T 92 3f71fde56b00bf67
T 93 3fe891c3d2d36479
T 94 bfefded6ed77ef8e
T 95 3f42969eaae45ea7
T 96 3fad4e3349b54315
T 97 bfeff28f5e68842b
T 98 3f74eb4d1b13cda7
T 99 3fe54b8fc62c3dac
T 100 bfdbd5fd72f053ce
T 101 3f790302145948d2
T 102 3fee3770885a3712
T 103 bfd5113529b86800
T 104 3f5caaf754b9232b
T 105 3feef9ef8cf454c3
T 106 bfeb94b95e4bc6d3
T 107 3f6bf20712b6eab7
T 108 3fe345a151be4616
T 109 bfe98bb9644d64ac
T 110 3f7b9ecc7a6dc430
T 111 3fc1beb838f41438
T 112 bfc3d11339aef870
T 113 3f7b800b942e65bc
T 114 3fe9db924686e286
T 115 bfe2d9f7f608a5e3
T 116 3f6d59932fa8304c
T 117 3feb4fd057a86c2a
T 118 bfef1a813dde3f94
T 119 3f597db850ee5b0d
T 120 3fd60d9db27d0f9e
T 121 bfee0a487a89ce38
T 122 3f795c9ee3d0cfd8
T 123 3fdae3a62e43ba29
T 124 bfe5aee0e6cef927
T 125 3f745e8c2f7cbdff
T 126 3feff9230c86b0ba
T 127 bfa4f0265503c295
T 128 3feffee21a849705
T 129 bdda590d9e61d315
T 130 bfe6410d519dbc5c
T 131 bfe6fe9b29cc7401
T 132 3e3077eb42b026a0
T 133 3fd974b1e82291c0
T 134 3fd7855dc3aca767
T 135 be30c8950ce40706
T 136 bfef475948bfd787
T 137 bfcb05afb15f50ac
T 138 3e234fb060db1221
T 139 3feae4efb3afd029
T 140 3fea500130c86976
T 141 be24ae3551dfe7c1
T 142 bfc6ea0292dc5b2b
T 143 bfef7ba588d7f427
T 144 3e31de6b1e9247c0
T 145 3fbd41e45f77bffd
T 146 3fe3e4a18087832b
T 147 be2c58220a9055df
T 148 bfebf887ca731571
T 149 bfdf16ba53107f86
T 150 3e1351dfb8e08c52
T 151 3feec5184721396a
T 152 3fee77473a7dd032
T 153 be1678b352245fc4
T 154 bfdd3de507ce4666
T 155 bfec76e5d1d22602
T 156 3e2b4cb1d1a805b1
T 157 3fe4b3da0bbb8092
T 158 3fb4eba8bbe93fe1
T 159 be31f3142f12dbbf
T 160 3f90c11e84173b31
T 161 3e31feee9e7bd795
T 162 bfe6fe9b29d1abcd
T 163 3fe6410d51a31f81
T 164 3e1d117671718cf3
T 165 bfed5c18ad361498
T 166 3fedc2aeaca4a10b
T 167 3e1a0682cc2eda1d
T 168 bfcb05afb17ca42e
T 169 3fef475948c16c2d
T 170 3e2e6227241a2742
T 171 bfe1572a3620b96c
T 172 3fe2360e916a378b
T 173 3e2d77f181d16374
T 174 bfef7ba588d94c9b
T 175 3fc6ea0292f9de96
T 176 3e016389d3c86932
T 177 bfefca4ddcd0d539
T 178 3fe910ab5320611d
T 179 3e263246d035ea7a
T 180 bfdf16ba531d9cc0
T 181 3febf887ca76b970
T 182 3e3157271a7f00d7
T 183 bfd192d94d228202
T 184 3fd393e719564984
T 185 3e3119f72f3b5f0d
T 186 bfec76e5d1d593e9
T 187 3fdd3de507db9d76
T 188 3e277826c39f9032
T 189 bfe8669b828cc6fd
T 190 3fefe49460b4977b
T 191 3df5aaca2935a23f
T 192 bfd552667c0a7f65
T 193 bde69824a0ec5954
T 194 3fcd2aa377884a41
T 195 3fcf240c866a786f
T 196 3e3058e92d02498a
T 197 bfc19bda984e50ea
T 198 bfbe0f01d236d515
T 199 be30e34103ff391e
T 200 3fd4c6a87570fda8
T 201 3fb3608c6cf04378
T 202 3e22cfc1e1693101
T 203 bfd21dc4bebf9f11
T 204 bfd157382c3ed79e
T 205 be2528eccacc87a3
T 206 3fabcd00066dfa46
T 207 3fd50c611981de3f
T 208 bf865610976b132a
T 209 3e31fc95cc35a5e2
T 210 3fcf240c808cdc71
T 211 bfcd2aa37cf8ffe8
T 212 3e1e246060f2e0c2
T 213 3fd36e85d43036d8
T 214 bfd3f7492e874ca3
T 215 3e18ec69ad8fdcf4
T 216 3fb3608c693aaca8
T 217 bfd4c6a879551cfd
T 218 3e2eb1fd34bd6578
T 219 3fc687e64c52af8b
T 220 bfc8da3305cfe8f6
T 221 3e2d204d530c27a5
T 222 3fd50c61158eb917
T 223 bfabcd000b7cf65a
T 224 3fc98b8e29ca8767
T 225 bddb9c1273b5b56c
T 226 bfc0e11489ea8787
T 227 bfc33f3f64d023b6
T 228 3e1574bd3eb913f6
T 229 3fb6a527a84bbc30
T 230 3fb07529bcf84d89
T 231 be16c6d82c9192c4
T 232 3f8aca006a210ba7
T 233 3e17f047a77143ef
T 234 bfc33f3f66fe6ab4
T 235 3fc0e1148808e9ed
T 236 3e0582a32944942e
T 237 bfc6f5bbcf3d8661
T 238 3fc83dc9fea13358
T 239 3dfe4440f6b846ad
T 240 bfb712d67105ae10
T 241 bddf8f85a63fa50b
T 242 3fac55c44c26f655
T 243 3fb276a5816ba8c6
T 244 bf884d330f30f348
T 245 3e0c87846576e557
T 246 3fb276a57e93389b
T 247 bfac55c450771cb9
T 248 3fa78cd6737a4997
T 249 bddbc3a31b42495a
T 250 3f893db05350ae45
T 251 3df93eeb2c04a0c2
T 252 bf949f9a7b4b444f
T 253 bf87d05c6689f53a
T 254 41931c73f4f846c8
T 255 419319ce9562a5ad
T 256 bf95a12502faf758
T 257 bf88f9be6b476105
T 258 41931708f45178af
T 259 41931420b58d36fd
T 260 3fa58097827d3d5e
T 261 bde0986c928ce34c
T 262 3f870bcdc25c80cd
T 263 3dfe4daa4ce5acd2
T 264 bf92de46b868fabf
T 265 bf85c985c85dd726
T 266 4192fd6c36dc2ecf
T 267 4192fb38d40011b5
T 268 bf93b4f46ed61ca2
T 269 bf86c1697ba6b50b
T 270 4192f8ecf26cb268
T 271 4192f686f012b02d
T 272 bfbc3377220cd002
T 273 bdd5991e617772f6
T 274 3fb150db10c69528
T 275 3fb6910294d35261
T 276 bf8db3af677b1eff
T 277 3e0302aa497a4388
T 278 3fb6910292ee845c
T 279 bfb150db12339577
T 280 3fad17626ca878a9
T 281 bdd256f2b5a8d7d0
T 282 3f8f2e152675576d
T 283 3df070ba1ce88d40
T 284 bf99565e01b3da23
T 285 bf8d41cfcc7fc594
T 286 4192aaace7efd47e
T 287 4192a6c643cdf01c
T 288 bf9adf7abc514086
T 289 bf8f07bd157d2241
T 290 4192a2a4e159d2e3
T 291 41929e4369732179
T 292 3faa07736d27452d
T 293 bdd6c3e5f832043a
T 294 3f8be5dd79567585
T 295 3df48fa33207a332
T 296 bf96bd19a239bd65
T 297 bf8a41a0a0fe6ca7
T 298 41927d2a178c3ae2
T 299 41927a0d746be4ba
T 300 bf97f7c0e6a473a5
T 301 bf8bacf53875c3a0
T 302 419276c6e3af31da
T 303 41927352ff08f692
T 304 3fc23f1d11845f42
T 305 bdea84a9f2e63e52
T 306 bfb81cf9ab66ae25
T 307 bfbb7eedda1f3388
T 308 3e257c78ff522f7f
T 309 3fb02cd3c99fe925
T 310 3fa782cec51d3480
T 311 be26c136445c6943
T 312 3f83229347bfe766
T 313 3e27f16acca7cd43
T 314 bfbb7eede2fe3608
T 315 3fb81cf9a3b028b6
T 316 3e15633d7d1f5c02
T 317 bfc0666230b7d87a
T 318 3fc150b57c44f51f
T 319 3e0e868754ccdace
T 320 bfb0ebaedca40fe0
T 321 bded7024eddc9c72
T 322 3fa4c76e757ec3cb
T 323 3fab146b11c28b5a
T 324 bf81d23713bf2953
T 325 3e1b2e555c9cea6b
T 326 3fab146b06e63fd6
T 327 bfa4c76e7dc508df
T 328 3fa10db6589ff2c3
T 329 bdeadd8f5f21a90b
T 330 3f82472805350a18
T 331 3e08b41f6332195c
T 332 bf8e0fb271047036
T 333 bf815b1cdd9daafb
T 334 41917b44bc2221ea
T 335 419179fb9d7d0b92
T 336 bf8f1db89acb98cb
T 337 bf81f702dfe6d4ad
T 338 419178a72585c804
T 339 41917746bb4f0f40
T 340 3f9fe81b892a468c
T 341 bdeea73bf0369378
T 342 3f81194690f58dfc
T 343 3e0c3c6d484cdc6d
T 344 bf8c2714fcbde6c0
T 345 bf804102beba789f
T 346 41916c191f5102b9
T 347 41916af97280916d
T 348 bf8d136122bf547e
T 349 bf80c96fe73a1096
T 350 419169d07e0f59ed
T 351 4191689dcd23a47f
T 352 bfb3861844d4bda1
T 353 bde64b58e4f05153
T 354 3fa7f9cde9269b47
T 355 3faf3ef145d6b5e0
T 356 bf849017e341b781
T 357 3e1461d7b84e8473
T 358 3faf3ef13db2ab17
T 359 bfa7f9cdef567a31
T 360 3fa3c839a504d7a3
T 361 bde40653a2292d25
T 362 3f8533d1f77c90db
T 363 3e02514edaa0f270
T 364 bf91636e8085e6ce
T 365 bf8414120db8e1f0
T 366 41914516b105167a
T 367 419143638d911e5d
T 368 bf92191f583b8200
T 369 bf84e5de75403bce
T 370 4191419f024f2c4a
T 371 41913fc7fe6e119d
T 372 3fa25119117a568f
T 373 bde74daac47f4170
T 374 3f83a1c28fc7d7a4
T 375 3e055fddb166d1db
T 376 bf901fb10f1e1a16
T 377 bf829e3f6cf1b195
T 378 419131157233495f
T 379 41912fa0fde6bf2f
T 380 bf90bb740eb828e5
T 381 bf83521b1b9481da
T 382 41912e1ebe322ed6
T 383 41912c8deb2df850
T 384 bfeffb92d40504b5
T 385 bed7351e5f64f45a
T 386 3fe5dff5e5d95e5c
T 387 3fe75b045b248125
T 388 bec32a38b421f262
T 389 bfda69c236eb7221
T 390 bfd68b3c80d6cfe6
T 391 bec05b7571d6c5f8
T 392 3fef29f5fd2ce7fd
T 393 3fcd10cc5e65cf1c
T 394 bed3b80897f18a24
T 395 bfeb2ca146b07049
T 396 bfea02cea6159c2d
T 397 bed2dfcec2b01c1d
T 398 3fc4d9bb8961ee20
T 399 3fef928ad6df2b66
T 400 bfa0c088d4593615
T 401 be885726f0207c17
T 402 3fe75b045b21f0de
T 403 bfe5dff5e5d6a1c1
T 404 3ed52686c1b6d6ae
T 405 3fed25c27a42c063
T 406 bfedf2e7500dc394
T 407 bed5bb5e78553b9b
T 408 3fcd10cc5e573383
T 409 bfef29f5fd2c0dea
T 410 3ec885a0138fd7ba
T 411 3fe0e5e91751857e
T 412 bfe2a3a23f1e4769
T 413 becb0cea6f197a93
T 414 3fef928ad6de8f0a
T 415 bfc4d9bb89532172
T 416 3fefee61358cab5b
T 417 bdadef8bf20dfe44
T 418 bfe5194ec3d80588
T 419 bfe80f02d06b9b1d
T 420 bd9a8a3a787295ee
T 421 3fdc4e62efdaabbf
T 422 3fd492698bb441b5
T 423 bd934945e1dbc679
T 424 3fb0be379c3258e6
T 425 bd6f60c7bd9692bd
T 426 bfe80f02d06e1428
T 427 3fe5194ec3dad73b
T 428 3daae7cab2a7eb0b
T 429 bfecb31bec7c606f
T 430 3fee4d2cd71de25c
T 431 bdac685e5bb32097
T 432 bfd526934615c704
T 433 bdadbe29ae56b5d8
T 434 3fc9f941252f49e6
T 435 3fd0ecbd12f19283
T 436 bfa646bd2755c690
T 437 bd7f5639a40ab8d3
T 438 3fd0ecbd12f00cd7
T 439 bfc9f941252b528a
T 440 3fc8ba3dd7faa090
T 441 bd935181c48ead26
T 442 3faa80bb8361a78a
T 443 bd74b4940d2b37b4
T 444 bfb42795bc8ee539
T 445 bfa745c68552fedf
T 446 41838e40607e42cc
T 447 418364e0ca4628ef
T 448 bfb8a22637a33fc2
T 449 bfac71b6c729b7a2
T 450 4183333ae7165ea8
T 451 4182f68c9edc7253
T 452 3fc1a99c7f0d7c24
T 453 bd95bbd296d66c89
T 454 3fa2ee3f9720ce3a
T 455 bd77491a742090db
T 456 bfad8f67d9af2ae0
T 457 bfa1110b2fcf95d9
T 458 4181c724da43c392
T 459 4181b2eab7721bf0
T 460 bfb10dceb3b7f941
T 461 bfa3b1333fa66230
T 462 41819bccd9dcb5f0
T 463 418181208cd555ee
T 464 bfefb9c195ad7726
T 465 bea70554a3cd4eae
T 466 3fe37ae014946f32
T 467 3fe96305bea87982
T 468 bfc0b4ff799a927b
T 469 be7848a26f2b5aeb
T 470 3fe96305bea75525
T 471 bfe37ae01492f288
T 472 3feee88d695fa892
T 473 bd9cfa81f021a65f
T 474 3fd09052f4a41030
T 475 bd7f0a7948fd634d
T 476 bfd27987723575cf
T 477 bfc55530959678f4
T 478 4175557156af1659
T 479 4172f6a5cd0301ca
T 480 bfebb5ebb32f3ad2
T 481 bfdfff5aa3585737
T 482 416c7229b31be24b
T 483 40a25fb133d13000
T 484 3fd49b2c7ccc6b5c
T 485 be866f3980960404
T 486 3fb615e93cf16c2e
T 487 be67f5b56e5846c7
T 488 bfbfabe222176740
T 489 bfb2491838548f67
T 490 409013f076811eca
T 491 408f7fe2876bf73f
T 492 bfc62b7e434a2393
T 493 bfb9998058bedb7a
T 494 408e9fe4dad34d9a
T 495 408d664edf72119f
T 496 3fd5499f688a5349
T 497 beb72ba82321b1fc
T 498 bfcc21c12898adb5
T 499 bfd00a07c3463848
T 500 bea48c20d6d58c99
T 501 3fc2deffdbbce2a5
T 502 3fbb6df3bccf9e55
T 503 be9dda1dad29e0d7
T 504 3f9652e5b6760906
T 505 be783fd9255860b9
T 506 bfd00a0cddd8c44e
T 507 3fcc21cccbd7162c
T 508 3eb4d2d7d47af040
T 509 bfd322181df58e58
T 510 3fd4337b6de9e1de
T 511 beb5fcea036719ae
T 512 bfc2211449af8df7
T 513 beaeb1e7d42fb229
T 514 3fb64363fe54b484
T 515 3fbd039adfaf2ac8
T 516 bf93183ea3b8658b
T 517 be802b1383720687
T 518 3fbd0392cb159511
T 519 bfb6435978177da3
T 520 3fb30571116a2577
T 521 be99a1d69c6f438c
T 522 3f9463075b782209
T 523 be7b7c6f2872c006
T 524 bfa06c1d0361c2be
T 525 bf92f68aa50808b6
T 526 407f01f923b4ce80
T 527 407ef7159c0fa7ca
T 528 bfa1bc7131e7e090
T 529 bf947ae69b6fb2db
T 530 407eeb5ba7b0110e
T 531 407edeb18b7a34f4
T 532 3fb07c2f486f9a8d
T 533 be9a2ab234941829
T 534 3f91ab282e49e909
T 535 be7c0cbb8c481ff7
T 536 bf9c9b4b385295ec
T 537 bf908427f732dd9e
T 538 407e83f96ef59fc7
T 539 407e7bd86b29420c
T 540 bf9e945941e1aff7
T 541 bf91a7bff0d2ecba
T 542 407e732cab77f9b0
T 543 407e69e7d5d60264
T 544 bfc961812c0ed77e
T 545 beb14409f5ac69e6
T 546 3fbf2b228d9d72ea
T 547 3fc44f502e5caf64
T 548 bf9abb7a304ae3d8
T 549 be82323d9bddc34d
T 550 3fc44f4bf0524022
T 551 bfbf2b1780b47527
T 552 3fbb79a0c28f6d7e
T 553 be9ae9f7a84ab583
T 554 3f9d72983df1cb0c
T 555 be7cdbaada2b48fe
T 556 bfa75643460c4b77
T 557 bf9af28991730633
T 558 407d17fa5769d3fa
T 559 407d0358b77d9cc7
T 560 bfaa151d813dd74d
T 561 bf9e1e1f2ec6710f
T 562 407cec6c3f58e225
T 563 407cd2cd5f88dcb0
T 564 3fb67aca9ae54948
T 565 be9c094adb5d7cb2
T 566 3f9817f0f5cc4139
T 567 be7e0bd23d2956bc
T 568 bfa347430285d25a
T 569 bf9642cdd65b90c5
T 570 407c2cc7ceb59f2a
T 571 407c1f255623d950
T 572 bfa51d49376a8c60
T 573 bf98618aa0df2994
T 574 407c10458d148cf2
T 575 407bfffb1eeff749
T 576 3fd5232e4ff47df8
T 577 bf200a41abac3ece
T 578 bfcdf0dc6cf7feaf
T 579 bfce61b9015c139a
T 580 3f798c16703541aa
T 581 3fc12051cbe22b1f
T 582 3fbf140685a430b0
T 583 bf79ee4cd3661016
T 584 bfd50abb08a896cd
T 585 bfb1d9df4e888e98
T 586 3f6e1f5dbd314697
T 587 3fd217cc006bd9c8
T 588 3fd16210957c9cda
T 589 bf6fca2514e1fa4e
T 590 bfaed2f28ddfcb80
T 591 bfd4cc78d3fc36ea
T 592 3f7bad2bd331712b
T 593 3fa3b031c20f0b4d
T 594 3fca48cfbf6be7cc
T 595 bf75da965752f267
T 596 bfd2d0ffb8dbdb38
T 597 bfc489b9acd52337
T 598 3f5e6e2ad86f6863
T 599 3fd4b332d976b67b
T 600 3fd4207cb9fb74f4
T 601 bf6122438f560e1e
T 602 bfc3aba1ade2880c
T 603 bfd2cdf4331f8883
T 604 3f7537c6a9f876de
T 605 3fcbdb040a6f082c
T 606 3f9ba50a9993075a
T 607 bf7bc6539c114fe5
T 608 3f761ff87882a5f2
T 609 3f7bdc1770988814
T 610 bfcef071512349e0
T 611 3fcd67687e42cbf0
T 612 3f663fc5b3124a63
T 613 bfd3c03717a63269
T 614 3fd3a925876528ad
T 615 3f64658fc2990fc8
T 616 bfb22e7a3c635dc6
T 617 3fd4a9f0f1461d37
T 618 3f7771688e60a61c
T 619 bfc754619491c9fe
T 620 3fc80fc05dc9b051
T 621 3f76e2d38de4c8fb
T 622 bfd52dfcedd16361
T 623 3fae46f5b73c245e
T 624 3f49d628b6ee0674
T 625 bfd562d8bef0afbf
T 626 3fd08f0afcc85871
T 627 3f71495bad165a2e
T 628 bfc4ea663a57bff6
T 629 3fd27a8461419ca8
T 630 3f7ace3c5730152d
T 631 bfb7a44427da518e
T 632 3fb9dde3010236c7
T 633 3f7a83bc8dd36ef9
T 634 bfd32630fe40a1c9
T 635 3fc35186dbfb2383
T 636 3f720fbe92af32ec
T 637 bfd06a2558b690db
T 638 3fd511cc8f4dacc8
T 639 3f41daeabe469ac5
T 640 bfc28fc45bc5f18c
T 641 bf246aad0ba74595
T 642 3fb89d0ecb865e7f
T 643 3fbb1c3d2e4663e9
T 644 3f70e879f9e573d3
T 645 bfadb815ea888bcb
T 646 bfaa2a367c0ee7e4
T 647 bf71657c8cf8cf3a
T 648 3fc1885abfb06f55
T 649 3fa0df04b60a4a2f
T 650 3f63915fe022c74f
T 651 bfbe93758e58c4f5
T 652 bfbe30de9ff6db3f
T 653 bf65b09a2fcb805a
T 654 3f977644cf7f8c54
T 655 3fc252d7dc9117eb
T 656 bf737722f1de88d3
T 657 3f7290c38c32a674
T 658 3fba477329f2444f
T 659 bfb963c9ac21425b
T 660 3f5ec6d1a00ba412
T 661 3fc065f37268b3eb
T 662 bfc161a72564139b
T 663 3f5a0f9d254d9b11
T 664 3fa059fadead622c
T 665 bfc216154644eeb0
T 666 3f6f950b563f34ac
T 667 3fb303863dfc80d0
T 668 bfb5a2d6aa9448d0
T 669 3f6e2a122cd0b2a9
T 670 3fc1c32cd64c67ba
T 671 bf983257e5746981
T 672 3fb3677a9f537657
T 673 bf21136c035ee96c
T 674 bfaa4b565b375258
T 675 bfad3d75eb7e876f
T 676 3f5c89ba504b86cf
T 677 3fa1a3e04e1d4ea4
T 678 3f9900d855b6d852
T 679 bf5e2bf2411e2a3d
T 680 3f7458a7d80268fe
T 681 3f5fc60044c8c5f1
T 682 bfadfc290e92ef15
T 683 3fa9a4b112ce1ae9
T 684 3f4c4329468685b0
T 685 bfb1e23df9f8f3b8
T 686 3fb269ee6a0a3e38
T 687 3f445fd4192a2d0a
T 688 bfa3112b4d11e699
T 689 bf22207771d83872
T 690 3f96c385c7c478f0
T 691 3f9e840f72843616
T 692 bf7416555d0a8555
T 693 3f50ff3e32599863
T 694 3f9daa6f208ddb27
T 695 bf9769f88d4e50ca
T 696 3f926a0fa8724185
T 697 bf2132d68db99ea1
T 698 3f73bc5583e7ef80
T 699 3f3fe2a4a236abc2
T 700 bf80cddaa762d55f
T 701 bf7367c1164fa711
T 702 406eb76c70b906b6
T 703 406eb6b7bb41c4c2
T 704 bf811c7ce1c606d7
T 705 bf73c28d7d6fc760
T 706 406eb612a26df573
T 707 406eb5574a8d58a5
T 708 3f91b78179e1617d
T 709 bf228387f90c3c3c
T 710 3f72fcf574de9ae4
T 711 3f412b6c857271d8
T 712 bf803974855fee16
T 713 bf72bc65f7d298e3
T 714 406eaf2d4c91f994
T 715 406eae8504eefd25
T 716 bf80823b184f32c0
T 717 bf73106eb7db9963
T 718 406eaded5d11c736
T 719 406ead3f29ad1da0
T 720 bfa48857d1e37baa
T 721 bf1f23e61e4b18d2
T 722 3f98a81ba13a7665
T 723 3fa06e3e8dcc3f7d
T 724 bf75a17a5c344e87
T 725 3f4d22f240c7278d
T 726 3fa010fa929aa82e
T 727 bf9936b1d0359b39
T 728 3f93f9366bf41e10
T 729 bf1d6c58205c210e
T 730 3f7568247842546b
T 731 3f3b3e74c7565146
T 732 bf821c39bb8a27e8
T 733 bf74e9dac213a3e0
T 734 406e9b4887ccb8f2
T 735 406e9a7763b9cc51
T 736 bf8278c4340adcb6
T 737 bf7554b62d9ec301
T 738 406e99b38e75f706
T 739 406e98da06fab75d
T 740 3f932a158857d9ae
T 741 bf1fdbb33f6cdeaa
T 742 3f748a2486a23821
T 743 3f3d83f83fa2337e
T 744 bf816e4a1d3c64d4
T 745 bf742102d1b706d5
T 746 406e91b6586a040a
T 747 406e90f4d6ca2936
T 748 bf81c3793805df76
T 749 bf74835f838b9d02
T 750 406e9041c7d9e1d2
T 751 406e8f78da7500ec
T 752 3fb0b3f3e9842d32
T 753 bf26a39978cf1466
T 754 bfa6f176a76fc35b
T 755 bfa92b65178814b8
T 756 3f630784f61882f7
T 757 3f9ec8d744076b6f
T 758 3f9585cdcc7706f1
T 759 bf641cc1364b3351
T 760 3f71837272a4d069
T 761 3f652eeef4c31588
T 762 bfaa29f2d691a178
T 763 3fa612d37072f65d
T 764 3f52d3d67373ac7c
T 765 bfaf359110ac1046
T 766 3fafb365eb40cac7
T 767 3f4b32755a8bb9f1
T 768 bfa0ba60caf03598
T 769 bf27df019ed2d27f
T 770 3f93aea217b82ec6
T 771 3f9ac5c299fc403d
T 772 bf719fb288b51a55
T 773 3f5672ddc6669df2
T 774 3f99a654c6011291
T 775 bf948aa25dab59ed
T 776 3f8fc6070c2f02c7
T 777 bf26cb497d253b58
T 778 3f7106d4073353b6
T 779 3f452962b70e9f17
T 780 bf7d723946e97d00
T 781 bf71009a3c71295d
T 782 406e43886fa3a1d0
T 783 406e42ffc1e809eb
T 784 bf7de7294970897b
T 785 bf71441dd01483c3
T 786 406e428a47d513fd
T 787 406e41fd58c3c62f
T 788 3f8eb373411a75ac
T 789 bf284e9a6782b1c8
T 790 3f7073aebe5c334b
T 791 3f4692ba6f9f0cec
T 792 bf7c9425f8b1ebe6
T 793 bf70806333eee3f3
T 794 406e3d57a1998d5a
T 795 406e3cd6fd605176
T 796 bf7d01484547c6bd
T 797 bf70bf65665f2a9c
T 798 406e3c6a629a2e60
T 799 406e3be5e4a50b2a
T 800 bfa1d001303c8258
T 801 bf24ea73738f3cd5
T 802 3f951f247a12a183
T 803 3f9c8212e032d0ce
T 804 bf72c41a269f4468
T 805 3f53a44b0239d8d9
T 806 3f9b8694ddee040b
T 807 bf95df912edd92a1
T 808 3f9110d7cc84c866
T 809 bf23e98b0eda0b61
T 810 3f724a53c33f8388
T 811 3f427900bb1a3f51
T 812 bf7f5ff23fb38b0f
T 813 bf721da788a57355
T 814 406e2eaab0956b81
T 815 406e2e0ff07bbc81
T 816 bf7fe6f73800be8b
T 817 bf726b9ba4d6956d
T 818 406e2d8688ff7364
T 819 406e2ce68fdd6615
T 820 3f90751500728377
T 821 bf2553cae0cf5496
T 822 3f71a3620de3e85d
T 823 3f43caf42ccf21c6
T 824 bf7e60440dabda05
T 825 bf718a09a1b49ffa
T 826 406e27a10f12c7d8
T 827 406e271022ca28cf
T 828 bf7eddcb797c0874
T 829 bf71d2830a42ea4d
T 830 406e2691762b576c
T 831 406e25fbd7b8b70e
T 832 bfc9b9ad7a5ff8a3
T 833 bf15a00ddd19edb1
T 834 3fc1679a7efd9d97
T 835 3fc2c95906f7e6e4
T 836 3f60e46b4c8fd6bc
T 837 bfb503de9947452e
T 838 bfb221c6117effa3
T 839 bf6168d41ae45c9c
T 840 3fc8cb9f394f2f06
T 841 3fa761b165ab4cf8
T 842 3f5380dde135a859
T 843 bfc59ef95194fa2a
T 844 bfc4ebeac1fd17aa
T 845 bf55c03fe16e7345
T 846 3fa0971a7ced5a95
T 847 3fc9653ad3418ca7
T 848 bf7af88cacc33a98
T 849 3f6290605ff2c16f
T 850 3fc29522c4428af4
T 851 bfc19834f760fd99
T 852 3f4ee9f4801e3133
T 853 3fc730eafdc717c6
T 854 bfc816f17c942765
T 855 3f49eb4addd11758
T 856 3fa7200d81daabdb
T 857 bfc9110aa73432d8
T 858 3f5f9f248b026618
T 859 3fbae3d69ded56d5
T 860 bfbdfc6bae3b5a8a
T 861 3f5e1eaf3c2b0e78
T 862 3fc91ed0861d0063
T 863 bfa0c4b90b3fa14d
T 864 3fbc44c68e339585
T 865 bf106b911788ed9b
T 866 bfb2d456ac195dd7
T 867 bfb54c893a846529
T 868 3f4a9bcff42bdd4b
T 869 3fa943804d1594b6
T 870 3fa236715151860c
T 871 bf4c2df91308f6ee
T 872 3f7da465b169f023
T 873 3f4da6b350083137
T 874 bfb578d6059298c0
T 875 3fb2adcf665ef962
T 876 3f3a7c911eff44f5
T 877 bfb99cf5d090ccbe
T 878 3fbad367eea1b3be
T 879 3f32e6c6300fb6b7
T 880 bfaad80c28c1a531
T 881 bf11b8c6c1d8fb7c
T 882 3fa0537da0a56148
T 883 3fa57b232c6f8f46
T 884 bf7c4741dff33fe2
T 885 3f405ced9cb255ec
T 886 3fa546be3c006c1a
T 887 bfa07b67c8a2837a
T 888 3f9a9d452d16e9cf
T 889 bf106a91750320d7
T 890 3f7c863efdbdfb57
T 891 3f2e30c53a121565
T 892 bf87c199e260054b
T 893 bf7b6edb6bca1c26
T 894 406cb53b955be3a6
T 895 406cb3ea0a2c64a4
T 896 bf8865fbd306c548
T 897 bf7c2cab7fc68164
T 898 406cb29b93ea97be
T 899 406cb137aaed409a
T 900 3f993afe6f1d4125
T 901 bf123760217d5b60
T 902 3f7b0a88967a630a
T 903 3f30c62ab959780c
T 904 bf869226cc622298
T 905 bf7a1076f3cfe9aa
T 906 406ca5b61c24d484
T 907 406ca4860da3153c
T 908 bf8725e058d77ac6
T 909 bf7abb0aee7af05f
T 910 406ca35b05c0d0b2
T 911 406ca21b52adcd76
T 912 bfadf614924deb82
T 913 bf0c8f0d65c4693e
T 914 3fa245893ca504cc
T 915 3fa7f9b92f77a8d0
T 916 bf7f8fc525d51046
T 917 3f3a2d738a9b583c
T 918 3fa7cfced8963d00
T 919 bfa26568876c6266
T 920 3f9de0edd3036bb9
T 921 bf0a301d23579c65
T 922 3f8002f3494fb8e4
T 923 3f27fd07303fa896
T 924 bf8a8ec31beba473
T 925 bf7eaaf76f53b105
T 926 406c7ee1dacdc94c
T 927 406c7d3f2139b9a7
T 928 bf8b5df590245a2d
T 929 bf7f9a37a2827d86
T 930 406c7b9a899c929c
T 931 406c79de1a1fc11e
T 932 3f9c277f8d0fe862
T 933 bf0d6841d39773dd
T 934 3f7e2cc6b93cbefc
T 935 3f2afd91864cfc52
T 936 bf8913baef9c848e
T 937 bf7cf54ca0100951
T 938 406c6ba00c041434
T 939 406c6a2bb18568d4
T 940 bf89cbb1ba5acf41
T 941 bf7dc9b90d1c3d15
T 942 406c68b822afb20e
T 943 406c672e4b26e5a4
T 944 3fb70cf7b539e30b
T 945 bf183b6030addaa4
T 946 bfaeea8fca2b65c7
T 947 bfb15e1113b8d516
T 948 3f53f7aa7a8ca378
T 949 3fa4bda2e9efb41f
T 950 3f9db3adb452985c
T 951 bf55206868d42457
T 952 3f782b8611249cd9
T 953 3f563d6c62620e34
T 954 bfb1a0b6c20a3ea3
T 955 3fae7652cbcda290
T 956 3f43d1f408d179d2
T 957 bfb506fdda491d36
T 958 3fb5dfc64daab570
T 959 3f3c725293b57273
T 960 bfa6423308a1e6d9
T 961 bf19e22c5c9f6174
T 962 3f9adf73b6930827
T 963 3fa1cfd4527e6337
T 964 bf7772fc45085dd3
T 965 3f481a0cef2f13cc
T 966 3fa182a915f61e0e
T 967 bf9b55486c61c0b7
T 968 3f95ce112938c784
T 969 bf184f46b396a2e1
T 970 3f775ea41af448e6
T 971 3f3673e234229ea9
T 972 bf83a6a7dba854e4
T 973 bf76b157c5687b8f
T 974 406bdd6fa710d0cc
T 975 406bdc8f7820b056
T 976 bf8414f82e755c07
T 977 bf7730b8ea3e37da
T 978 406bdbb8b6411f96
T 979 406bdacea533cbfe
T 980 3f94da95b5f76849
T 981 bf1a7fd3c32a1753
T 982 3f7659ad68678284
T 983 3f387ec624e2a023
T 984 bf82d850d42f6302
T 985 bf75c315277d505b
T 986 406bd326db7ebb7a
T 987 406bd258fbf62c15
T 988 bf833d34fa6e9acd
T 989 bf763794f50b991a
T 990 406bd195bc8582a6
T 991 406bd0bf35ae4cac
T 992 bfa8542cce46af88
T 993 bf15a7c87ca1764b
T 994 3f9d7e0424b67b8a
T 995 3fa377ea7ec44175
T 996 bf79a12c205296da
T 997 3f441557edc8c710
T 998 3fa3379bb9e54941
T 999 bf9de01b746205d8
T 1000 3f97fa9b86accd95
T 1001 bf1435cedeb570af
T 1002 3f79b3235bb7000b
T 1003 3f32a07bf9f874b4
T 1004 bf85808f6c8599fe
T 1005 bf78d4901b092b20
T 1006 406bb9e7963c4792
T 1007 406bb8dc83a131e4
T 1008 bf8605fc614f816f
T 1009 bf796ea131c15eb3
T 1010 406bb7d804aa0778
T 1011 406bb6bfec4986bb
T 1012 3f96d7aa8c2c2a13
T 1013 bf1635724f15ba80
T 1014 3f787b4ed3458deb
T 1015 3f347db746ec77a1
T 1016 bf84887683c4db15
T 1017 bf77b615e97fc127
T 1018 406bada2686b05b2
T 1019 406bacaf49b0a96c
T 1020 bf8501887ac918b5
T 1021 bf7841e2b0ab370e
T 1022 406babc433bd7cfa
T 1023 406baac5d22d3ffc
END 1024 256 INPUTS_UNCHANGED CANARIES_PASS
