S 7 S 0 S 64 A 0
S 6 S 128 S 160 S 0
S 5 S 192 S 208 S 128
S 4 S 224 S 232 S 192
S 3 S 240 S 244 S 224
S 2 S 248 S 250 S 240
N 1 252
V 0 3ffdec3ba6669d00 bf7c1fda77a0e263 bf6e13a94516f893 3ffdec18678b4930
V 1 bd823ed71d360000 bf703cd658ccd203 bf615d66c6f6e7e9 bd823ed71d760000
B 252 3ffdec3ba6669d00 3ffdec18678b4930
N 2 248
V 0 3ffdcbc1f9b51902 bf6206172bb15b09 bf535b67b4641fc7 3ffdcbbf0dd5a449
V 1 3ffe0cb5531820fe bf65e851943659dd bf575452f2bdb26f 3ffe0c79b7d40143
V 2 bd77fdfc54f80000 bf43515e09779558 bf34bf2feca39c56 bd77fdfc54f80000
V 3 bd887eb00ff00000 3f8470a1ee918909 3f75c441109fd1ca bd887eb00ff00000
S 2 S 248 S 250 S 252
N 1 256
V 0 3ffdec1c62d4d2c6 bf7c074ed9865556 bf6df988c45b8e2f 3ffdebf9613f55be
V 1 bd823ed71d360000 bf702eaa7fa21183 bf614e512b144bd3 bd823ed71d360000
B 256 3ffdec1c62d4d2c6 3ffdebf9613f55be
N 3 240
V 0 3ffdc26d8be21aa7 bfa85c7837d7a635 bf9a31ff5fce0300 3ffdbd5b20695af6
V 1 3ffdd5166788175c 3f73c01f1e6e55bd 3f652f801f5b163b 3ffdd216ea722815
V 2 3ffe3707c3a69132 3fa7d4bd66ce7708 3f993d28b46e469d 3ffe2a59c3368bb9
V 3 3ffde262e289b0ca bfa05314c7d760ce bf917af1170be626 3ffdded823ef60c5
V 4 3d8000020a080000 bf79a85fd8683b72 bf6b96e3ff8d32b4 3d8000020e080000
V 5 bd93feff2f800000 bfa2c0a1cb7d75be bf941d726edd42db bd93feff30800000
V 6 bd9afe0070000000 3faf0ea39341b7fc 3fa0722c553b0310 bd9afe0080000000
V 7 3d63fa8300800000 3f990d718bfb1310 3f8ad37cb6bb15c7 3d63fa82e0800000
S 3 S 240 S 244 S 248
S 2 S 248 S 250 S 240
N 1 264
V 0 3ffde628fc805be2 bf7a5c0a2cc37f28 bf6c36356c96476f 3ffde60a00400e31
V 1 bd823ed726b60000 bf6e6ff712b00288 bf6049be7f61659d bd823ed726b60000
B 264 3ffde628fc805be2 3ffde60a00400e31
N 2 260
V 0 3ffdc7b9056dc186 bf6406ee3ffe37bf bf5585186d38792a 3ffdc7b56994d162
V 1 3ffe0498f392f63f bf638adfd6283ebe bf54d534eaeb86f4 3ffe04697846a269
V 2 bd77fdfc52f80000 bf4577071abf215e bf3710a175a3c3d8 bd77fdfc53000000
V 3 bd887eb023f00000 3f823bbecd313dfd 3f736ff318a235b4 bd887eb024300000
S 2 S 248 S 250 S 252
N 1 268
V 0 3ffde60f70edb9e6 bf7a490ad064120e bf6c21f85cc79e5c 3ffde5f0a12caa22
V 1 bd823ed726d80000 bf6e5a0758fe2988 bf603e0f35ceb7c4 bd823ed726d80000
B 268 3ffde60f70edb9e6 3ffde5f0a12caa22
N 4 224
V 0 3ffcfddb468da87c bfc0b57d201ab86e bfb27159cb2989e1 3ffcd72bd116a5a4
V 1 3ffe86ffd1368cd2 3f699f813891d27a 3f5adbf089ad1161 3ffe8216df626589
V 2 3ffd3dc5f3de8de3 3fb8b71547040423 3fab0bff0109e4be 3ffd0db8da9a65a9
V 3 3ffe6c66db31a0d4 bf9fd1c35616f81e bf90bbf09f3664a4 3ffe68b8deb44712
V 4 3fff703440c34d30 bf80bc3bd5c4b913 bf7108c786e60348 3fff7007f3e94389
V 5 3ffcfddb4689d533 3fad9fc6ee6e6bd3 3fa0595c7be581e0 3ffcd72bd1124b61
V 6 3ffe86ffd1348af8 bf8f7b91408931d8 bf80802ee0acb8b1 3ffe8216df60711a
V 7 3ffd3dc5f3ded69b bfc1bf5f09ef42a6 bfb36c011dac9951 3ffd0db8da9a7341
V 8 3d8ff80290100000 bf8185c8673a6831 bf73574243fea71f 3d8ff80290100000
V 9 3cf0030800000000 bfa86eeb41bd8130 bf999ca90ee78827 3cf0030c00000000
V 10 bd7007fd7c000000 3fbc2ea7d2cbfcc1 3faed74debde03b1 bd7007fd7c000000
V 11 bda1fdff80000000 3f9be7a477f46c05 3f8d59d437d48c09 bda1fdff7e000000
V 12 bd9e000084000000 bf70818022da028e bf60ccff30132270 bd9e000084400000
V 13 bd97fc005c000000 bfbe09307699ce12 bfb093895a6915a1 bd97fc007c000000
V 14 3d9efc8140000000 bfa72fae12ed9a2a bf984e056612d7c0 3d9efc813c000000
V 15 bd99fde07fe00000 3fa819111ec92a61 3f9a5f127cff6b34 bd99fde09fe00000
S 4 S 224 S 232 S 240
S 3 S 240 S 244 S 224
S 2 S 248 S 250 S 240
N 1 284
V 0 3ffdd4d6fd17c566 bf7c8107dfa15200 bf6e937d10762ddd 3ffdd4b2aca314a7
V 1 bd823ed72d060000 bf7074f152f68903 bf61a733de64b00b bd823ed72d060000
B 284 3ffdd4d6fd17c566 3ffdd4b2aca314a7
N 2 280
V 0 3ffdb3ed1a71edfa bf5c307715f209c4 bf4e5e92ce941f0f 3ffdb3eb4faa7bec
V 1 3ffdf5c0dfbd9cd2 bf67bb8619f23f77 bf59593773b4ac88 3ffdf57ab69ce5ad
V 2 bd77fdfc4ff80000 bf3e3695890e230a bf304661a2efe127 bd77fdfc4ffc0000
V 3 bd887eb032100000 3f86248a787350f3 3f77a68581f9fd09 bd887eb032100000
S 2 S 248 S 250 S 252
N 1 288
V 0 3ffdd4b30323b0cc bf7c636d225e414f bf6e73e01d2ed7fa 3ffdd48efdcb1858
V 1 bd823ed72d070000 bf7063d9bca54343 bf6194f366d4db94 bd823ed72d070000
B 288 3ffdd4b30323b0cc 3ffdd48efdcb1858
N 3 272
V 0 3ffdaca1583c8596 bfaa7440e42fa712 bf9c8703b3244fa4 3ffda6a1d99d61ee
V 1 3ffdbb38dca7565e 3f76a573d0adbcee 3f685fd4698374ce 3ffdb74462d455ac
V 2 3ffe2399e27dc775 3fa94bdb68e5daee 3f9adbb54674125f 3ffe154739d86f16
V 3 3ffdc7e7dcfd722e bfa276b371dfc355 bf93d6e911be23e8 3ffdc35be22a8f8b
V 4 3d8000020b080000 bf7bdcac34f9feb2 bf6e0bae4523feaa 3d8000020f080000
V 5 bd93feff2d800000 bfa58080bba08e95 bf972486cb7f456e bd93feff2b800000
V 6 bd9afe0080200000 3fb07bc028c20dcf 3fa1804c730855e2 bd9afe0090200000
V 7 3d63fa8270800000 3f9c55d9b4fd6b9c 3f8e725ebdbbc47e 3d63fa8270800000
S 3 S 240 S 244 S 248
S 2 S 248 S 250 S 240
N 1 296
V 0 3ffdcda2561d2d8e bf7a92d191516374 bf6c883dd27fb685 3ffdcd82bea4422d
V 1 bd823ed733060000 bf6eaf37e4676788 bf60791b1544431a bd823ed733060000
B 296 3ffdcda2561d2d8e 3ffdcd82bea4422d
N 2 292
V 0 3ffdaef31e38dbcd bf60116e0dc8026e bf5152751040aa55 3ffdaef0c996e03e
V 1 3ffdec518e017f50 bf6533c8689e2efc bf56ac829a9fa25c 3ffdec197ce876fe
V 2 bd77fdfc47f80000 bf4138c2caa46ced bf3290d646c1ed86 bd77fdfc47f80000
V 3 bd887eb042100000 3f83c830b998635a 3f7527ae84a29f64 bd887eb042100000
S 2 S 248 S 250 S 252
N 1 300
V 0 3ffdcd85233fab9e bf7a7b8cd7f31ca2 bf6c6f5de5c4f8ab 3ffdcd65c2e2fd41
V 1 bd823ed733060000 bf6e9459a8e10608 bf606abe8f5d67e4 bd823ed733460000
B 300 3ffdcd85233fab9e 3ffdcd65c2e2fd41
N 5 192
V 0 3ffae605efaf99ca bfc03a9c96a2a723 bfb34e8f36a5e9eb 3ffabed09efe8866
V 1 3fff15b09d6bb72e bf758b4029098f7d bf662da4f4459622 3ffedf34f502dce1
V 2 3ffdc31d18f4f6f8 3fcac2a979aba617 3fbcc5c49847a9d2 3ffcf526eb479796
V 3 3fff4ae2897822ab 3fbb9c160bdd1ae7 3fac3be2c563ce76 3fff1d27b5c2c91e
V 4 3fff9585f80d2cfd bfc661978e199e50 bfb6ad0b3caf6754 3fff490f64cf1b90
V 5 3ffae605efafeec9 3faace3951477d79 3f9fe3afe0e235d3 3ffabed09efeb82b
V 6 3fff15b09d69d660 3facfe129d7a5e47 3f9dd89ca18dd83a 3ffedf34f50098dd
V 7 3ffdc31d18f96b48 bfd2519e84759218 bfc3b23c20304319 3ffcf526eb4ade03
V 8 3fff4ae28977a1ab bfc26b913cc9c28d bfb2d62e090cba4a 3fff1d27b5c2474e
V 9 3fff9585f80ef8b4 3fa6517f218c4126 3f969cbc8d4bc19b 3fff490f64d06fc2
V 10 3ffae605efa84312 bfb1262f2cca5c7c bfa466cf510a489e 3ffabed09ef60b4e
V 11 3fff15b09d6b6754 bfc179457e534f5b bfb1fcfc118c37dc 3ffedf34f501bfd8
V 12 3ffdc31d18f4072d 3fcfd1fe21c4e26b 3fc11b3f6a6313bc 3ffcf526eb46e45d
V 13 3fff4ae289750ec2 3fb608c7a168176f 3fa6884f61677344 3fff1d27b5bffb16
V 14 3fff9585f80ee99a bfa002a293aa2f2e bf90389bf41bf647 3fff490f64d09eb5
V 15 3ffae605efaec39c 3fc00550d866eeea 3fb30f27d9aaff29 3ffabed09efd5827
V 16 3daffc0080080000 bf710040c069d360 bf6439af405b2813 3daffc0080080000
V 17 bd9ffffe70000000 3fc490cbd33734d5 3fb52bd0bf0ffb80 bd9ffffe70000000
V 18 bd9ff7fe40000000 3fcc92609c8df4b3 3fbeb859b3c205fc bd9ff7fe40000000
V 19 3d9fffffc4000000 bfb9dbfc2d416118 bfaa71a760f0c254 3d9fffffc4000000
V 20 bd8007fe00000000 bfb44816b734a4fb bfa48c765be2ea99 bd8007fd80000000
V 21 3c30800000000000 bfbd94a01ccb668b bfb1986909a3a2e1 3c30800000000000
V 22 3d00010000000000 3fc341fe58a70b97 3fb3d32798901ad5 3d00008000000000
V 23 bdb1ffffa0000000 3fbb9430d4d6c6f2 3fada70d216cff41 bdb1ffffa0000000
V 24 bda8040084000000 bfa12e1079e39518 bf91917fa0b7b292 bda8040074000000
V 25 bd87f00000000000 bfc7edf66f9f6a2f bfb83ea25e470dbe bd87f00000000000
V 26 bd9ffbff88000000 bfbb93fd985e0cf9 bfb0677b0f948973 bd9ffbff48000000
V 27 bd8ff80260000000 3fb5bb51614382c6 3fa65f207ea50871 bd8ff801e0000000
V 28 3d8bf20540000000 3fc6cd55f851178a 3fb8843fc3167301 3d8bf20540000000
V 29 3da7fffff0000000 bfbebfb2f87b909a bfaf71aada5d32e9 3da7fffff0000000
V 30 bd700ffe00000000 bfc83e444169376f bfb88ffee8e10619 bd700ffe00000000
V 31 bda7fbe0bfe00000 bf95290a32914984 bf892c6a35c622e9 bda7fbe0bfe00000
S 5 S 192 S 208 S 224
S 4 S 224 S 232 S 192
S 3 S 240 S 244 S 224
S 2 S 248 S 250 S 240
N 1 332
V 0 3ffd9aafb6c84692 bf81cdc335c276ac bf733e9ac2f449e1 3ffd9a769c1a0206
V 1 bd823ed709360000 bf748ed9d1dd1283 bf6638c0bedf8362 bd823ed709360000
B 332 3ffd9aafb6c84692 3ffd9a769c1a0206
N 2 328
V 0 3ffd71920324a213 bf553459b59c9cb9 bf470ba711e52c7c 3ffd7190fd4433ab
V 1 3ffdc3cd6a6beb11 bf6fb5793caba525 bf610b85827f9db5 3ffdc34f58f4b144
V 2 bd77fdfc54f80000 bf36ba16a87b5c06 bf28b33a8a98074d bd77fdfc54f80000
V 3 bd887eafe7f00000 3f8d95b4b94d86b6 3f7fce71272693ef bd887eafe7700000
S 2 S 248 S 250 S 252
N 1 336
V 0 3ffd9a702b1c7278 bf81b2b07f671f2c bf7321803cf19ffb 3ffd9a37bd1c7c68
V 1 bd823ed708f60000 bf746f96ec2a3943 bf6617259f43b0d3 bd823ed708f60000
B 336 3ffd9a702b1c7278 3ffd9a37bd1c7c68
N 3 320
V 0 3ffd6c150d42f17f bfa377484476e879 bf952be38c0bebb2 3ffd68ce857bc3cc
V 1 3ffd770ef90652a7 3f6e0d773d27644b 3f6051ac6cd9162a 3ffd754d310ab6da
V 2 3ffe010f2ba2a08e 3fa749ef1ff66479 3f98d684f4acbac6 3ffdf4dd6a0f0817
V 3 3ffd868ba9353594 bf99e79265002299 bf8c135708e9da67 3ffd8449e8b44ad1
V 4 3d8000020a080000 bf74807e1370e868 bf664c55d229865a 3d8000020a080000
V 5 bd93feff2f800000 bf9c88b59384665a bf8efd252da1b0e2 bd93feff2f800000
V 6 bd9afe0048000000 3fae59be67780cd8 3fa02f4ab8b4b8b6 bd9afe0048000000
V 7 3d63fa8300800000 3f93e09584d5fb2f 3f858b0a398b8dc7 3d63fa8300800000
S 3 S 240 S 244 S 248
S 2 S 248 S 250 S 240
N 1 344
V 0 3ffd95d0c2527364 bf80c8be2bbb65cc bf722772d2240a64 3ffd959df9bdea0f
V 1 bd823ed709360000 bf73617387a5db43 bf64f6694b798607 bd823ed709360000
B 344 3ffd95d0c2527364 3ffd959df9bdea0f
N 2 340
V 0 3ffd6f0ddb433d53 bf58235b30b315e8 bf4a3e1aec6e2f86 3ffd6f0c87ccb0e9
V 1 3ffdbc93a961a974 bf6d23096ec58152 bf5f5ac604e9d1be 3ffdbc291d56af60
V 2 bd77fdfc54f80000 bf39df039ae2b28c bf2c207187e9eb2b bd77fdfc54f40000
V 3 bd887eafe7f00000 3f8b2f6049105501 3f7d4114e608b36d bd887eafe7f00000
S 2 S 248 S 250 S 252
N 1 348
V 0 3ffd959ad291b024 bf80b1f63af04b67 bf720eefcab30632 3ffd9568931f3138
V 1 bd823ed709350000 bf734725628a70c3 bf64da1b83efeb16 bd823ed709350000
B 348 3ffd959ad291b024 3ffd9568931f3138
N 4 304
V 0 3ffccf02ca00b2a4 bfc078853e834468 bfb24b9e4759417e 3ffca92e819a61b1
V 1 3ffe09275085305a 3f720d263c3756f0 3f633b5ba3f45f7d 3ffdff3f1be36764
V 2 3ffd03f001e6e9de 3fb7f292753636ff 3faa692ee821f788 3ffcd6793b996799
V 3 3ffdea2df025bb70 bfa707156f76bd35 bf98a2018ca35e6e 3ffde256f461a9b3
V 4 3fff331b8d495b88 bf73b04873e02b59 bf643194b172ba8f 3fff330c1b161760
V 5 3ffccf02c9fbe593 3fad33aeed18d1b4 3fa037e98fce8252 3ffca92e8195071a
V 6 3ffe092750836fba bf962df04131db6c bf87a141fe8e8a16 3ffdff3f1be1b988
V 7 3ffd03f001e6fb6e bfc132429045b2b9 bfb2f71758065888 3ffcd6793b993f71
V 8 3d8ff80290100000 bf8145d87d6b654c bf732fb06071351d 3d8ff802a0100000
V 9 3cf0030800000000 bfb13691d5d52cec bfa256bed5a5ab52 3cf0030800000000
V 10 bd7007fcfc000000 3fbb4e93e3cef77c 3fae1da6e1161931 bd7007fcfc000000
V 11 bda1fdff90000000 3fa431d984bf403e 3f959a3808d5c60f bda1fdff90000000
V 12 bd9e000074000000 bf636b2f5daabbcc bf53eab5d48b11c9 bd9e000074000000
V 13 bd97fc001c000000 bfbd9b97d3523c63 bfb0719f68ac7890 bd97fc001c000000
V 14 3d9efc8140000000 bfb055aab713d1e7 bfa167227b9fb028 3d9efc8138000000
V 15 bd99fde07fe00000 3fa75976b13f74c3 3f99c0535579fcaa bd99fde07fe00000
S 4 S 224 S 232 S 240
S 3 S 240 S 244 S 224
S 2 S 248 S 250 S 240
N 1 364
V 0 3ffd82661833de3a bf82398ec2d58b7d bf73c3563c983c4c 3ffd822a109b39b9
V 1 bd823ed709360000 bf750b526adea403 bf66d204dd25c325 bd823ed709360000
B 364 3ffd82661833de3a 3ffd822a109b39b9
N 2 360
V 0 3ffd584f735e3698 bf4fa74a91135ca2 bf414239b9778927 3ffd584ee0fcec90
V 1 3ffdac7cbd0985dc bf70fc4e8e412793 bf62512f36d24dbb 3ffdabeb9883100b
V 2 bd77fdfc4cf80000 bf30f68a6f652570 bf227f709af368c3 bd77fdfc4cf80000
V 3 bd887eafebf00000 3f8fb20d11ded9a7 3f81171191d1e77e bd887eafebf00000
S 2 S 248 S 250 S 252
N 1 368
V 0 3ffd821d3cbffe4e bf821a41d45fbcc9 bf73a19578c33b08 3ffd81e20216a98b
V 1 bd823ed709360000 bf74e72de193b1c3 bf66ab0b5e2e6b87 bd823ed709b60000
B 368 3ffd821d3cbffe4e 3ffd81e20216a98b
N 3 352
V 0 3ffd5436cebee48a bfa532370ee9e668 bf972063c7a2393e 3ffd50516db67216
V 1 3ffd5c6817fd88a6 3f717b5559bdfe51 3f630d9668aff665 3ffd5a0524f3c5c6
V 2 3ffdee1d4e558f3d 3fa8b9cf5cd5cdf4 3f9a6f8ed4a7dec7 3ffde055b689c778
V 3 3ffd6adc2bbd7c7c bf9d6e441ba65cd3 bf9001da3e1a3bae 3ffd67efaf2b0935
V 4 3d80000212080000 bf7652ff85bfc5ec bf685b7909292e79 3d80000212080000
V 5 bd93feff2f800000 bfa099310696ad7b bf92171e93d66cb7 bd93feff2f800000
V 6 bd9afe0048000000 3fb01c95a225a9e2 3fa139d39c60e693 bd9afe0038000000
V 7 3d63fa82e0800000 3f96953ee486deec 3f8890c92059537d 3d63fa82e0800000
S 3 S 240 S 244 S 248
S 2 S 248 S 250 S 240
N 1 376
V 0 3ffd7ca6fe17c222 bf8118c3df4c025b bf728dc86e217b81 3ffd7c721fcb0b2f
V 1 bd823ed701360000 bf73bdda615ded03 bf656c93b03cd6e2 bd823ed701360000
B 376 3ffd7ca6fe17c222 3ffd7c721fcb0b2f
N 2 372
V 0 3ffd552b49551bee bf52be2ba148c89c bf44727b73809abe 3ffd552a7bf49561
V 1 3ffda422b2da6856 bf6f2953fc25571a bf60d2150e46590c 3ffda3a87013692b
V 2 bd77fdfc4cf80000 bf3416a9e329acd2 bf25ea4d1be49d72 bd77fdfc4cfa0000
V 3 bd887eafdbf00000 3f8d12f2cabe6d71 3f7f634244a9abe1 bd887eafdc700000
S 2 S 248 S 250 S 252
N 1 380
V 0 3ffd7c697603ff46 bf80fe77f4207f48 bf72716541d4a37c 3ffd7c35396f8459
V 1 bd823ed701768000 bf739f7d07bfc583 bf654bcc47a0d4f3 bd823ed701768000
B 380 3ffd7c697603ff46 3ffd7c35396f8459
N 6 128
V 0 3ff8de6b248e0a81 bfa2a837f4199592 bf9801ceb618ac18 3ff8daeb19360235
V 1 3ffceda0bad12914 bf6628a56e7d0077 bf5883001afa4dd1 3ffcafb5ef7faaf6
V 2 4000d4122c0e6632 3fda1177de5ba29d 3fc8c8f5094dc1de 3fff0c2fa7196941
V 3 3ffc833ce2baa1f8 3fc198505a03c2d9 3fb3bf3b578e1514 3ffc2f20ba3b8e72
V 4 400153e786afc36c bfdeb9fc8ac802c0 bfcc5f3fe32b1e13 4000510052fda996
V 5 3ff8de6b248a6718 3f8daff3b168c125 3f8319a028291189 3ff8daeb193289f7
V 6 3ffceda0bad278f2 3faf1ba892b20e9c 3fa134a48c901980 3ffcafb5ef813a82
V 7 4000d4122c0ee632 bfe16e391e08d22d bfd09290533574b5 3fff0c2fa71b0ba8
V 8 3ffc833ce2b5fe10 bfc7ef105ff10155 bfbadc7571b413bb 3ffc2f20ba364bf4
V 9 400153e786b22df5 3fbc47b81a6192ae 3faa1cf86cc8a6f0 4000510052ff0d9a
V 10 3ff8de6b248d65a0 bf943914091e73c8 bf8a059d4755d213 3ff8daeb19359056
V 11 3ffceda0bad277f2 bfc1c8e4ccd1da66 bfb3ac589fd69916 3ffcafb5ef8139af
V 12 4000d4122c0e9798 3fded27c966e91c3 3fcd4e10ed9db459 3fff0c2fa718b6db
V 13 3ffc833ce2b67d90 3fbbdea05a6c9cdf 3faf47414d95a65f 3ffc2f20ba36b1c3
V 14 400153e786b3f77c bfb7fb15cd639a0d bfa624ac5d81b3a5 4000510052ffc3fc
V 15 3ff8de6b248ae798 3fa25bb152712652 3f979f566ebd732d 3ff8daeb19331084
V 16 3ffceda0bad1f772 3fc505b99a971d53 3fb74130018963fa 3ffcafb5ef80cf9c
V 17 4000d4122c0ea5f2 bfb122ca9493fa2d bfa04ad86084eebb 3fff0c2fa71a3a32
V 18 3ffc833ce2b54ce6 bfbe718f446018c5 bfb11564119779bc 3ffc2f20ba353bf7
V 19 400153e786b45241 3fda3b60f1e61940 3fc838ced3aa9ad7 40005100530099c1
V 20 3ff8de6b247f5c10 bfa04f67c99416f8 bf94fcb5c9f99adc 3ff8daeb192829a5
V 21 3ffceda0bad12a14 bfb48ef96439abd1 bfa6bdd3b96b2c23 3ffcafb5ef7fabf8
V 22 4000d4122c10a88c 3fc495e7c32fca05 3fb3927c95bc69d1 3fff0c2fa71b6c39
V 23 3ffc833ce2b57d90 3fc78b6570735ac8 3fba6c99cdb2558b 3ffc2f20ba35e5c6
V 24 400153e786aee592 bfdfe259de1adcfe bfcd70e7abb10163 4000510052fdcbc8
V 25 3ff8de6b248a4336 3f86d5056996f452 3f7d61174cfe4ff1 3ff8daeb19329f1d
V 26 3ffceda0bad15142 3fb3564c2772025a 3fa563f2d2c262b6 3ffcafb5ef800946
V 27 4000d4122c0c6621 bfe0abe609a02de4 bfcfb39c3bd181d0 3fff0c2fa716428c
V 28 3ffc833ce2b67d90 bfc2abc79d99001f bfb4f463be6144f4 3ffc2f20ba36b18c
V 29 400153e786b3aad2 3fd5aa922c78c7dd 3fc4018f9ae0515c 4000510052ff97a6
V 30 3ff8de6b248ae798 bf6865eb615079fe bf5f64f2969e182b 3ff8daeb19331084
V 31 3ffceda0bad29fa1 bfc51719bc7cfaed bfb754687778b914 3ffcafb5ef819797
V 32 3dbffc0000080000 bf438a173eb26a7d bf392472ee5a9279 3dbffc0000080000
V 33 3c60000000000000 3fc5287ea3296d58 3fb767a633d15e5c 3c60000000000000
V 34 bdaffffe80000000 3fdaef828b56bf88 3fc99c118cb654f0 bdaffffe80000000
V 35 3c20000000000000 bfc107455747d5d7 bfb31c72e04b444d 3c20000000000000
V 36 3d10048000000000 bfcaa40f9112383f bfb89977fc1cc6c8 3d10048000000000
V 37 bdb0000040000000 bfa11ebdad6e8dd5 bf96077fdaf09230 bdb0000040000000
V 38 3c00000000000000 3fc3ae1b95b00d60 3fb5c5153fc5736e 3c00000000000000
V 39 3dafffffc0000000 3fcb8d5dd9e2ab4e 3fba32278d4414c4 3db0000060000000
V 40 b692000000000000 bfa4ad46a30126d1 bf9734b0e42ce42a b692000000000000
V 41 bd9007fe00000000 bfe05e0dc9105018 bfce39f9d19ab7e5 bd9007fd00000000
V 42 3c40000000000000 bf9f5d67c433a499 bf942decf23af84e 3c40800000000000
V 43 3bf0000000000000 3fb6ef1775af5654 3fa95e8495befcab 3c31000000000000
V 44 3c50000000000000 3fd55515e8b2225f 3fc448417be5a0f0 3c50000000000000
V 45 3d10000000000000 bfc42241b9c7e04c bfb698ab233f8e2c 3d10000000000000
V 46 bd8ffffc00000000 bfe0796b894db6e2 bfce6c83add7fc4c bd8ffffc00000000
V 47 bdbfffffc0000000 bf7ab91ae3ccf602 bf713166df350f22 bdbfffffc0000000
V 48 bda0000008000000 3f9358f0dfd1abc9 3f8566df66ca48df bda0000000000000
V 49 bdb0040080000000 3fe29e901d969cbc 3fd1b3ec0ade13d4 bdb0040080000000
V 50 bd97f00100000000 bfc32de85adfc96c bfb5866eedf06426 bd97f00180000000
V 51 3c50000000000000 bfd4d1b41bced63f bfc3394fa6e7e856 3c68000000000000
V 52 bdafffff80000000 bf9220d87146e594 bf87539dac4c97ab bdafffff80000000
V 53 3cffffc000000000 3fc27f23b8caaf9f 3fb475f1a24f0165 3d00006000000000
V 54 bda0040160000000 3fe20592f17e0e65 3fd12276d5016e11 bda0040160000000
V 55 3d10006000000000 bfaae4dbf71c373f bf9e2ef06ed7ef5c 3d10006000000000
V 56 bd7037ef00000000 bfc47d37a3fd798e bfb2eb4c7b2a489d bd7037ef00000000
V 57 3da0000080000000 bfa1c3de4320e3b6 bf96dbfa2d2baa2e 3da0000080000000
V 58 3da0000000000000 3fc2d2b441cf901d 3fb4d261c06c26bd 3da0000000000000
V 59 3dafffffe0000000 3fd1207336f2c9b6 3fc0489e8415ff54 3daffffde0000000
V 60 bcfffc8000000000 bfbfaeaea5b8d902 bfb1c7587c720d7a bcfffc8000000000
V 61 bd7fffff80000000 bfd98966724d3546 bfc7947796854d82 bd7fffff80000000
V 62 bda0000100000000 bfa298e16bfba7df bf97ee123d6bcda0 bda0000100000000
V 63 bdaff7c07fc00000 3f8bab3765472f42 3f7e9b5a608904e5 bdaff7c087c00000
S 6 S 128 S 160 S 192
S 5 S 192 S 208 S 128
S 4 S 224 S 232 S 192
S 3 S 240 S 244 S 224
S 2 S 248 S 250 S 240
N 1 444
V 0 3ffcefd26b45dd36 bf7a8b20ebb9a3f5 bf6d5a72b5bc8f6d 3ffcefb1f4757c57
V 1 bd823ed70cf60000 bf6ea656b1d33509 bf60f277f7df2927 bd823ed70cf60000
B 444 3ffcefd26b45dd36 3ffcefb1f4757c57
N 2 440
V 0 3ffcd12c14941fa7 bf70bc97b8207bb3 bf6295d647954ea3 3ffcd121a976e7a5
V 1 3ffd0e78c1f79ac5 bf5ce23e067a2091 bf4fcf4a42071635 3ffd0e5df81105fc
V 2 bd77fdfb83f80000 bf51f0366b976dd6 bf43eb6f332ebb99 bd77fdfb84180000
V 3 bd887eb057f00000 3f7af2ec05995799 3f6dadcb05b034a0 bd887eb057f00000
S 2 S 248 S 250 S 252
N 1 448
V 0 3ffcefbfd0c3f6d0 bf7a840a41c9c222 bf6d52aecd0fd442 3ffcef9f6b334f08
V 1 bd823ed70cfe0000 bf6e9e274d24d189 bf60edfc3f9eeb15 bd823ed70cbe0000
B 448 3ffcefbfd0c3f6d0 3ffcef9f6b334f08
N 3 432
V 0 3ffcbfd857fa9906 bfa1a4869d7ace01 bf93a33208547339 3ffcbd176b0f1ea4
V 1 3ffce27fd12da648 3f63b997a1d12873 3f55da318ca7dc3b 3ffce1ba2968e399
V 2 3ffd2a5f0c19541c 3fa2f0618973ec35 3f94c793b884505d 3ffd22132b39062d
V 3 3ffcf29277d5e16e bf922c98117505ab bf8417330bd0436d 3ffcf17068e9b0fe
V 4 3d8000028a080000 bf7294e52fc989b2 bf64aebe20ab926a 3d8000028c080000
V 5 bd93feff07000000 bf92ba6ec4c510a8 bf84bf83cbba00a1 bd93feff07000000
V 6 bd9afe0036000000 3fa8ae887bf20a97 3f9b149b966ba48d bd9afe0036000000
V 7 3d63fa7ef0800000 3f8be41f357eded4 3f7ed5080a96a6fd 3d63fa7ef0800000
S 3 S 240 S 244 S 248
S 2 S 248 S 250 S 240
N 1 456
V 0 3ffcec954a26ae5a bf7943e912fd726b bf6bf3b8450a2721 3ffcec77dd2ee510
V 1 bd823ed70c760000 bf6d2c7feac2e209 bf60235b5457df02 bd823ed70c760000
B 456 3ffcec954a26ae5a 3ffcec77dd2ee510
N 2 452
V 0 3ffccf68ca3c011e bf71b195d6d2bc86 bf63a7178cd65440 3ffccf5d24ad42f5
V 1 3ffd09c1ca115b96 bf592cfcb4ef96e6 bf4bbe602a7a503d 3ffd09ad6ca405e2
V 2 bd77fdfb81f80000 bf52f6cb7fa434f8 bf45104ee3a9e9dd bd77fdfb82180000
V 3 bd887eb057f00000 3f777d413db310d5 3f69e29b4f462372 bd887eb057f00000
S 2 S 248 S 250 S 252
N 1 460
V 0 3ffcec8548a8a46c bf794022a5765df5 bf6bef9a877571e3 3ffcec67e46b11d1
V 1 bd823ed70c7e0000 bf6d2823fb771c89 bf6020faf3bb36bd bd823ed70c7e0000
B 460 3ffcec8548a8a46c 3ffcec67e46b11d1
N 4 416
V 0 3ffc317c5a82a938 bfb6b643a84e0c3a bfa9c750525a239a 3ffc1f1c600f9305
V 1 3ffd4e34557288d4 3f62cd780a1f7fdd 3f54880bf853bdc0 3ffd4b7344466395
V 2 3ffc96f09a3acc4b 3fb330213d6a21a1 3fa57a16422feca5 3ffc79512f3ea607
V 3 3ffd2e0f08208046 bf94f9db8cfd07fa bf8700d35fe618b2 3ffd2c6439b115e6
V 4 3ffe2341bdb45e52 bf8f14952c4f135e bf80801e76294c09 3ffe22a259db5683
V 5 3ffc317c5a7e49e7 3fa42233c477fc0b 3f96da2116c5f6ca 3ffc1f1c600aef03
V 6 3ffd4e34557120a0 bf871a3d1c459bbd bf793a07132c3451 3ffd4b7344450ac4
V 7 3ffc96f09a3aa23d bfbb8ea27009aeff bfaed82a90b192bc 3ffc79512f3e5e6d
V 8 3d8ff80290100000 bf77d1646aae5e4d bf6b08ab86d2d754 3d8ff80290100000
V 9 3cf0050800000000 bfa1edf58177e3fc bf9393fc6fe31531 3cf0050800000000
V 10 bd7007fc38000000 3fb5e135e89c01bd 3fa87d5dd99b2cab bd7007fc38000000
V 11 bda1fdff80000000 3f92653d1e69002e 3f842c5c8ca32b68 bda1fdff82000000
V 12 bd9e000020000000 bf7ea78136310143 bf704635bd0ada1c bd9e000020800000
V 13 bd97fc004c000000 bfb469d8160eb803 bfa72b71bdbd7de0 bd97fc004c000000
V 14 3d9efc8040000000 bfa103b2443ebe5c bf92942f196afca3 3d9efc8040000000
V 15 bd99fde083e00000 3fa2b573935a33a2 3f94f0c64831cd9f bd99fde083e00000
S 4 S 224 S 232 S 240
S 3 S 240 S 244 S 224
S 2 S 248 S 250 S 240
N 1 476
V 0 3ffce2d90755ec28 bf7aa813c7b77be2 bf6d87b38e682a20 3ffce2b83ada7d18
V 1 bd823ed70e160000 bf6ec7c404952c09 bf610c987b7fcab7 bd823ed70e160000
B 476 3ffce2d90755ec28 3ffce2b83ada7d18
N 2 472
V 0 3ffcc41143516ca2 bf6c90e990f0f214 bf5fc717f8924925 3ffcc409a970db00
V 1 3ffd01a0cb5a6bae bf602c5d25665b6e bf51d7acf76d71a4 3ffd017f23a328f1
V 2 bd77fdfb87f80000 bf4e9df4b49ad1a6 bf41079563ec597e bd77fdfb87f80000
V 3 bd887eb058300000 3f7e2e062c66f0c9 3f70a5b30b62f9f0 bd887eb058300000
S 2 S 248 S 250 S 252
N 1 480
V 0 3ffce2c4668a01f8 bf7a9ccba7c1457b bf6d7b4926550424 3ffce2a3b5b49161
V 1 bd823ed70e160000 bf6ebabd193c9e89 bf61056d6db53075 bd823ed70e560000
B 480 3ffce2c4668a01f8 3ffce2a3b5b49161
N 3 464
V 0 3ffcb547d22afb4d bfa29c51d0acab39 bf94bea126ce9017 3ffcb2364bdafbca
V 1 3ffcd2dab477ddf6 3f675fb7b247f1ef 3f59f31eb4c441f2 3ffcd1c491880ad8
V 2 3ffd20df5cf322c3 3fa39d4aa86e631a 3f958c4f61d88861 3ffd17f66427d1b4
V 3 3ffce26239c1b498 bf94d6b6df263956 bf87162895b3ed9a 3ffce0e40be0a565
V 4 3d8000028a080000 bf7399e06821e464 bf65d942d7721d2d 3d8000028a080000
V 5 bd93feff09000000 bf96315b1c93efe4 bf88a3702dbfd666 bd93feff09000000
V 6 bd9afe0036400000 3fa98fdfe9b9ec03 3f9c14fec9fe7f5a bd9afe0026400000
V 7 3d63fa7ef0800000 3f8ffaf0c9e38f09 3f81b7062ea0587e 3d63fa7ef0800000
S 3 S 240 S 244 S 248
S 2 S 248 S 250 S 240
N 1 488
V 0 3ffcdf35535adf6e bf794dc70ca05424 bf6c0b9acb03f090 3ffcdf17c1b676f6
V 1 bd823ed706160000 bf6d37e4a971c389 bf6031258d191779 bd823ed706160000
B 488 3ffcdf35535adf6e 3ffcdf17c1b676f6
N 2 484
V 0 3ffcc1fd6eb18351 bf6e7b03002468c5 bf60f55f317d36ba 3ffcc1f4c6a1d893
V 1 3ffcfc6d38043b8c bf5c81d71e86d17f bf4f78aaccfad62b 3ffcfc530f8622f8
V 2 bd77fdfb87f80000 bf50559f138ddd5b bf422d117ead742e bd77fdfb87f80000
V 3 bd887eb048300000 3f7a98fa49ff4a9a 3f6d5cf909f901da bd887eb048300000
S 2 S 248 S 250 S 252
N 1 492
V 0 3ffcdf23eb13fdc6 bf794632f733994c bf6c034567122967 3ffcdf066b1155e9
V 1 bd823ed706160000 bf6d2f24723ad889 bf602c55d66f6e00 bd823ed706160000
B 492 3ffcdf23eb13fdc6 3ffcdf066b1155e9
N 5 384
V 0 3ffac550845ad696 bfbea2233bbadeb0 bfb24efca8e798d2 3ffaa23944a0d47b
V 1 3ffd9da830aa7bda bf67fc28a7bbe43f bf59ea751d985c7d 3ffd8beffba594db
V 2 3ffcbe75df96ee92 3fc5445bf9321d73 3fb7ad1390e51a88 3ffc37c579f4d29d
V 3 3ffdddf2cb4e2315 3fab92f56e1049a7 3f9d8b16d4c64135 3ffdd2004fdd44e4
V 4 3ffe6890b01a3394 bfc03570644a4974 bfb10e9d9e48c6ce 3ffe3ee93e671027
V 5 3ffac550845b6502 3fa94c7a6e4f4e73 3f9e3d8e0629deaf 3ffaa23944a13ef4
V 6 3ffd9da830a7b44f 3fa023846419723e 3f91701d6efa581c 3ffd8beffba2981a
V 7 3ffcbe75df994c3e bfcd1ddeb43a252e bfc0351bcb0b93b5 3ffc37c579f6bbe5
V 8 3ffdddf2cb4d84e7 bfb2657a5535a1ed bfa3b5d0b04790ec 3ffdd2004fdcaa84
V 9 3ffe6890b01b37bc 3fa029c854d83889 3f91025960354bf5 3ffe3ee93e67c7d9
V 10 3ffac5508453eace bfb02f66319dd1dc bfa358befb1ab36c 3ffaa2394498e1ec
V 11 3ffd9da830a8a900 bfb3741e2000916a bfa50507b072f0c0 3ffd8beffba361fb
V 12 3ffcbe75df971b56 3fc949c8e1d610b0 3fbc271c8576ae7c 3ffc37c579f4f9cf
V 13 3ffdddf2cb4b25e9 3fa6017edcd21e3b 3f9793d2d5081581 3ffdd2004fda6ae2
V 14 3ffe6890b01af06c bf97308f9f471a23 bf88674604ff2cc4 3ffe3ee93e67c13e
V 15 3ffac550845a540e 3fbe3d89a81035cd 3fb212dc98b5bfb2 3ffaa239449ff81a
V 16 3daffc0080080000 bf700b999f37a118 bf632df44199ff89 3daffc0082080000
V 17 bd9ffffe70000000 3fb6e55395df0b45 3fa8bd2daf5be3e0 bd9ffffe70000000
V 18 bd9ff7fe40000000 3fc6b4e21b8f30e9 3fb947586edccace bd9ff7fe40000000
V 19 3da0000062000000 bfa9d36fb26573bf bf9bab9b24d156e4 3da000005a000000
V 20 bd8007fd00000000 bfad605870117b38 bf9ee9f38a4cd519 bd8007fcc0000000
V 21 3c39000000000000 bfbbeaf22fda58cf bfb0af7e6e8fda09 3c39000000000000
V 22 3d00010000000000 3fb57096c099b2f4 3fa72a6f3a5ae9a0 3d00012000000000
V 23 bdb1ffffa0000000 3fb5eae0406209cd 3fa866749eb0a034 bdb1ffff80000000
V 24 bda8040080000000 bf91286288b1bfb6 bf8262138c5a5eb3 bda804007c000000
V 25 bd87effe80000000 bfc1547ed11b6e37 bfb23cb23c1a5863 bd87effe80000000
V 26 bd9ffbff68000000 bfba0720bec44f42 bfaf1ca9d99dbc2e bd9ffbff48000000
V 27 bd8ff80260000000 3fa831ac1f4f914c 3f9a24476cdf26dd bd8ff80260000000
V 28 3d8bf20540000000 3fc21f0c6b0f2b15 3fb42c8b0225276e 3d8bf20540000000
V 29 3da7fffef0000000 bfaeb588b0ac6a8c bfa0737db319d4cc 3da7fffef0000000
V 30 bd700ffe00000000 bfc18ea7090d1fb4 bfb279e5af50d43b bd700ffdc0000000
V 31 bda7fbe0c3e00000 bf93f8883e552aa4 bf87df2f052272e8 bda7fbe0bbe00000
S 5 S 192 S 208 S 224
S 4 S 224 S 232 S 192
S 3 S 240 S 244 S 224
S 2 S 248 S 250 S 240
N 1 524
V 0 3ffcc06c21e11f84 bf7fe43e41d5b0d2 bf71bf516d8e5498 3ffcc03cf76a50c9
V 1 bd823ed6ef760000 bf7269a0c4f85604 bf647e2bfd279cdb bd823ed6ef760000
B 524 3ffcc06c21e11f84 3ffcc03cf76a50c9
N 2 520
V 0 3ffc9b98e057447e bf6a4cba5f328ce9 bf5d6b1164b9891b 3ffc9b9265dc7a98
V 1 3ffce53f636afa8a bf6602a71df3925e bf586008aca978fc 3ffce500d14aaab6
V 2 bd77fdfb31f80000 bf4c301dbd08501b bf3f87c63a29d374 bd77fdfb31e80000
V 3 bd887eb045f00000 3f848933df5e5434 3f76be07e6e75931 bd887eb045b00000
S 2 S 248 S 250 S 252
N 1 528
V 0 3ffcc0499b9392a7 bf7fcbf45909c4eb bf71b1e278fa72ec 3ffcc01ab8a0fe9c
V 1 bd823ed6ef520000 bf725b9adb96da84 bf646ea90677205a bd823ed6ef520000
B 528 3ffcc0499b9392a7 3ffcc01ab8a0fe9c
N 3 512
V 0 3ffc8dfbc2862036 bf9d78ae4aad1490 bf908382052f4691 3ffc8c0ca474b2cb
V 1 3ffca935fe2868c7 3f5d92e7658a62b5 3f5082758c4f01c3 3ffca8c60bf14976
V 2 3ffd0fc4b3a02d91 3fa2ec877cf8c4dd 3f94d65b80318382 3ffd07749d3262a6
V 3 3ffcbaba1335c782 bf8d6ad5b76e6629 bf80621403f4af4d 3ffcb9faa588df74
V 4 3d80000284080000 bf6f0a3566bb1d85 bf61647eeb946604 3d80000284080000
V 5 bd93fefedb000000 bf8c14572d30fa99 bf7f59c940b431aa bd93fefedb200000
V 6 bd9afe002c000000 3fa8a98370be7e75 3f9b27deb4a66389 bd9afe002c000000
V 7 3d63fa7f30800000 3f86929ce136d816 3f79247571c7efb2 3d63fa7f30800000
S 3 S 240 S 244 S 248
S 2 S 248 S 250 S 240
N 1 536
V 0 3ffcbd907cc84f96 bf7e717c827ffdd4 bf70f2ae2be2e87e 3ffcbd657dcd2059
V 1 bd823ed6ef860000 bf7193924ab38e44 bf6391e0654472b2 bd823ed6ef860000
B 536 3ffcbd907cc84f96 3ffcbd657dcd2059
N 2 532
V 0 3ffc9a695832fe20 bf6bbed7d366e790 bf5f0a5b3362c27f 3ffc9a62221130a3
V 1 3ffce0b7a15da10d bf640d68949da602 bf56386b934bfe76 3ffce083aa326c66
V 2 bd77fdfb32380000 bf4dbccde5a58481 bf40a27082de5ac9 bd77fdfb32480000
V 3 bd887eb045f00000 3f82b5890c51a5eb 3f74bb5e496eebbb bd887eb045f00000
S 2 S 248 S 250 S 252
N 1 540
V 0 3ffcbd72e621ce84 bf7e5e1b77a3474e bf70e7f5bc03139c 3ffcbd481da66bb4
V 1 bd823ed6ef8a0000 bf7188620859c3c4 bf63857f6486eada bd823ed6ef0a0000
B 540 3ffcbd72e621ce84 3ffcbd481da66bb4
N 4 496
V 0 3ffc1714a02334ab bfb740efd204c51b bfaa7d852ce52aef 3ffc03bf7b400302
V 1 3ffd04e2e4e90bc0 3f6ad48f7a495cad 3f5d961db7faf54d 3ffcff3915dc1bf4
V 2 3ffc70914184278e 3fb30d829a3c44f4 3fa5701c75694685 3ffc5334f2635d81
V 3 3ffce1dabaccaa00 bf9ff80309aeb926 bf91b5b9f24cfefe 3ffcddf12329ada2
V 4 3ffe0874c722392e bf886b6974c8aa9e bf7a04d6b718243c 3ffe08120ab89e19
V 5 3ffc1714a01e21f4 3fa49d21c9d483f8 3f977ba69aa101fe 3ffc03bf7b3aa07f
V 6 3ffd04e2e4e7b258 bf907ba658ddc21f bf822d1a4c296f38 3ffcff3915dad785
V 7 3ffc70914183dcac bfbb5cea37cc1ece bfaec9d6e2616a45 3ffc5334f262f251
V 8 3d8ff80294100000 bf7862d1464466a9 bf6bc7bfc5388d5f 3d8ff80294100000
V 9 3cf004e800000000 bfa9959fb70da13e bf9c366ae5055fe3 3cf004e800000000
V 10 bd7007fbf8000000 3fb5b9bc01ec4870 3fa871fdcca1c381 bd7007fbf8000000
V 11 bda1fdff5c000000 3f9c092f8f7333b6 3f8f0ff14ea7e6ec bda1fdff5c000000
V 12 bd9e00001c000000 bf7815b5dcedcf0c bf69a98638b2914b bd9e00001b800000
V 13 bd97fc003c000000 bfb4e67b87eebdd1 bfa7cf36008b91dc bd97fc003c000000
V 14 3d9efc8040000000 bfa84757fe106a39 bf9ac5cc9eea348a 3d9efc8040000000
V 15 bd99fde073e00000 3fa293b247619118 3f94e70c431f91c4 bd99fde073e00000
S 4 S 224 S 232 S 240
S 3 S 240 S 244 S 224
S 2 S 248 S 250 S 240
N 1 556
V 0 3ffcb24bc69b4651 bf8022fd7915e456 bf71fe8c7f30e097 3ffcb21b6189fe4d
V 1 bd823ed6ef560000 bf72a20e7888b884 bf64c72f34bf5030 bd823ed6efd60000
B 556 3ffcb24bc69b4651 3ffcb21b6189fe4d
N 2 552
V 0 3ffc8d07a9aa4a86 bf664d5abd8763d5 bf58ff133bf10f9e 3ffc8d02feab1f6c
V 1 3ffcd78fe38c421c bf67fdb5c8126469 bf5a9e2cf8e7494d 3ffcd7456984ee6c
V 2 bd77fdfb31f80000 bf47e7448746f4ea bf3aca821210f390 bd77fdfb31f80000
V 3 bd887eb045b00000 3f86624b23ab4a83 3f78d5b663027631 bd887eb045300000
S 2 S 248 S 250 S 252
N 1 560
V 0 3ffcb224341806ec bf8013e047f5afcf bf71edca9bb68b2b 3ffcb1f42941e173
V 1 bd823ed6ef160000 bf72909ab67e9304 bf64b3d5ab5cd18f bd823ed6ef160000
B 560 3ffcb224341806ec 3ffcb1f42941e173
N 3 544
V 0 3ffc817c488e0f7b bf9f2a5b071bb041 bf917e2a40c3ff9a 3ffc7f51a98adc75
V 1 3ffc98930ac68592 3f621bcb09da2447 3f5443a0c9d9059b 3ffc97eac58fce34
V 2 3ffd05e8c2f99f4c 3fa3a51359a204bd 3f95a8e94749846b 3ffcfcf068b67c3c
V 3 3ffca937041ee4eb bf910f06f69978ef bf830bc91d6e4d03 3ffca834eaa231a7
V 4 3d80000284080000 bf70697b54531864 bf626c7e2f6166b7 3d80000284080000
V 5 bd93fefedb000000 bf91318b06e4f4ed bf833d7e4ff07a78 bd93fefedb000000
V 6 bd9afe002bc00000 3fa99a04d70b9a25 3f9c3a44deb96d36 bd9afe002bc00000
V 7 3d63fa7f30800000 3f8a2de02b46e09d 3f7d3aa4ce1af199 3d63fa7f38800000
S 3 S 240 S 244 S 248
S 2 S 248 S 250 S 240
N 1 568
V 0 3ffcaf18709cd623 bf7eb96f8d282951 bf71235ce8bd8627 3ffcaeec8f5ebc7f
V 1 bd823ed6eed60000 bf71bd1c87cb3a84 bf63ca1720221ceb bd823ed6ef560000
B 568 3ffcaf18709cd623 3ffcaeec8f5ebc7f
N 2 564
V 0 3ffc8b9e378d5554 bf67c28a67dea397 bf5aa2a9512a213a 3ffc8b98eaf7dbe6
V 1 3ffcd292a9ac56f2 bf65ee2bdfac8c87 bf585916732e6c57 3ffcd25463898ee0
V 2 bd77fdfb31f80000 bf49773f5892bcc3 bf3c8c38233d083e bd77fdfb31e80000
V 3 bd887eb044b00000 3f847617dc26771f 3f76b78ccbbf2ca4 bd887eb044700000
S 2 S 248 S 250 S 252
N 1 572
V 0 3ffcaef6a740b563 bf7ea0c3d27697e5 bf7115ae19d32e19 3ffcaecb0c2aeccd
V 1 bd823ed6eeb20000 bf71aede24779184 bf63ba4a6e51a0da bd823ed6ee320000
B 572 3ffcaef6a740b563 3ffcaecb0c2aeccd
N 7 0
V 0 3ff84924475a6b28 bfe89212c6a9af74 bfe0300c90b061cf 3ff21211f19a6041
V 1 3ff973b201c1a9da 3f73ce8878a7de5f 3f68e709cb71127b 3ff5f01dfa597784
V 2 3fff92c7c3b9dce8 3feb741a3f5eb1ee 3fdbd3121ad27c02 3ff3706ee4c82e68
V 3 3ffa4879b1e8753f bfdd563b2b5b3e03 bfd1dbe6069276df 3ff6417df5cbd934
V 4 40058392346e4872 bfdde68c64a9bdf0 bfc63cb6edbf82f3 4004bf7c43014162
V 5 3ff84924475d07e4 3fd32d4d71edc2b7 3fc944baaddc3b66 3ff21211f19b0387
V 6 3ff973b201ba6409 bfcc614231653c16 bfc1d733cd728e77 3ff5f01dfa56983d
V 7 3fff92c7c3badfe8 bff224e3ed9ab53c bfe263a7b1d889cd 3ff3706ee4cacea2
V 8 3ffa4879b1e9c29d 3fe425d2079e1b0a 3fd887b569bb9439 3ff6417df5cc5319
V 9 40058392346aa58a 3fba624954b3768d 3fa39f2fc3a2d1da 4004bf7c42fc1e08
V 10 3ff84924475a6b28 bfdaf793ce0d014f bfd1c43d73466383 3ff21211f19a6041
V 11 3ff973b201ba6309 3fdf9fcad9640e0e 3fd3e14e43f54522 3ff5f01dfa56965b
V 12 3fff92c7c3b9dfe8 3ff02f65b7f295fc 3fe06762b3fa28ba 3ff3706ee4c82ed7
V 13 3ffa4879b1eb11fc bfd72487d2e7e6ac bfcc2d2fff3efe4e 3ff6417df5ccd0de
V 14 40058392346e4872 bfb84c9e739df322 bfa2124bd2c656c3 4004bf7c43014162
V 15 3ff84924475f07e4 3fe8234043403fd0 3fdfce12cccafc09 3ff21211f19f8c94
V 16 3ff973b201b31d38 bfe2ceb253128250 bfd7a561d9e36590 3ff5f01dfa53b714
V 17 3fff92c7c3b8dee8 bfc09f6128fd0615 bfb0d8e1846ee0fe 3ff3706ee4c58ee8
V 18 3ffa4879b1e9c39d 3fd9d8a1aa9154c1 3fcf77d428cd1216 3ff6417df5cc5508
V 19 40058392346f7a1c 3fd9457da2e1124a 3fc2cb620e297738 4004bf7c4302f086
V 20 3ff84924475e07e4 bfe593172f2b9d2e bfdc6d7c41853460 3ff21211f19d480d
V 21 3ff973b201bcc35c 3fd21ac74ceae199 3fc6c32d2393ecde 3ff5f01dfa57851d
V 22 3fff92c7c3b9dde8 3fd61d1a087ad843 3fc669991d08cf0a 3ff3706ee4c82e8d
V 23 3ffa4879b1eb11fc bfe3bd22c9fde564 bfd80841038c2aeb 3ff6417df5ccd0de
V 24 40058392346f799c bfdeffae358276b0 bfc70dcb223c475c 4004bf7c4302f032
V 25 3ff84924475b6b26 3fcd4ca176468af0 3fc34d97c8b9bd2b 3ff21211f19ca4c6
V 26 3ff973b201b31e38 bfd18f08cff55621 bfc6137ae2524500 3ff5f01dfa53b8f5
V 27 3fff92c7c3b9dce8 bff1564a585833a6 bfe192436f196640 3ff3706ee4c82e68
V 28 3ffa4879b1e8753f 3fdf98e4ee9c9b50 3fd33c29c8723756 3ff6417df5cbd934
V 29 400583923473b459 3fd4ce8a1543b55b 3fbef2bb6d652bd4 4004bf7c4308ea75
V 30 3ff84924475b6b26 bfb1aa91a3e10762 bfa7472695367c73 3ff21211f19ca4c7
V 31 3ff973b201ba6409 3fe2d6765243d460 3fd7af254dab3d13 3ff5f01dfa56983d
V 32 3fff92c7c3b8dce8 3ff38a90dd2e4465 3fe3ce29ea0b6a98 3ff3706ee4c58e9e
V 33 3ffa4879b1eb11fc bfa2d8115d1ca1c0 bf96f15c5edb85f2 3ff6417df5ccd0de
V 34 40058392346e47f2 bfd59c8a2c6bb7f9 bfc01291bac747f6 4004bf7c4301410e
V 35 3ff84924475e07e4 3fe257324ca4d0c6 3fd82a9cebc679ef 3ff21211f19d480e
V 36 3ff973b201b0bbe5 bfe1081570d79f71 bfd569cf72b8208f 3ff5f01dfa52c670
V 37 3fff92c7c3b9dde8 bfe106bdff539820 bfd141a3e9050e70 3ff3706ee4c82e8d
V 38 3ffa4879b1eb11fc 3fcb17e28b0a9b3d 3fc07e4306de9813 3ff6417df5ccd0de
V 39 4005839234731b84 3fdeaa57ba541569 3fc6ce53d42d3141 4004bf7c430812e3
V 40 3ff84924475db986 bfe7c910454de593 bfdf573cf83ce137 3ff21211f19f3af2
V 41 3ff973b201a0fe99 3fc2fba49bf9a54f 3fb7dde460f58b99 3ff5f01dfa4c8dae
V 42 3fff92c7c3b9dde8 3fe3d99dc9e32a4e 3fd41e484b06199a 3ff3706ee4c82e8e
V 43 3ffa4879b1e8763f bfe1bc308460bb6a bfd597bc4d6a514c 3ff6417df5cbdb24
V 44 4005839234731b84 bfd9ecddaae02955 bfc347dc4968345e 4004bf7c430812e3
V 45 3ff84924475c6b26 3fdd98a74995a4b3 3fd37fadb1e7f469 3ff21211f19ee94e
V 46 3ff973b201b31e38 bfb4fa2643bdf3a5 bfaa5fbccbebea75 3ff5f01dfa53b8f6
V 47 3fff92c7c3b7dce8 bff362654543660f bfe3a5735cc3c55b 3ff3706ee4c2eed4
V 48 3ffa4879b1ec605a 3fe4541ad450f144 3fd8c00f7834b5ab 3ff6417df5cd4cb2
V 49 4005839234679af6 3fb41c6e598878f7 3f9de9d00362adda 4004bf7c42f7d1eb
V 50 3ff84924475f07e2 bfdcf350d81fd031 bfd312c008786748 3ff21211f19f8c93
V 51 3ff973b201b57e8a 3fde9149a45bbd18 3fd33741ba56e555 3ff5f01dfa54a7b6
V 52 3fff92c7c3b8dee8 3ff0b4abc1a24489 3fe0ee75c3f8a1cb 3ff3706ee4c58ee8
V 53 3ffa4879b1e9c39d bfd571f054907874 bfca1c1117298af4 3ff6417df5cc5509
V 54 40058392346b3dde bfbe880ddf73b579 bfa6b4d3b5136287 4004bf7c42fcf545
V 55 3ff84924475b1cc8 3fe7e21267f705a1 3fdf7830b9e524be 3ff21211f19e97aa
V 56 3ff973b201b31d38 bfe1c182f6000948 bfd652f1897e7d71 3ff5f01dfa53b714
V 57 3fff92c7c3b9dde8 bfdafa7d1eda6ef4 bfcb57d04981e5d1 3ff3706ee4c82e8e
V 58 3ffa4879b1e8743f 3fd14a53a88e43ef 3fc50d1b370c69a2 3ff6417df5cbd744
V 59 4005839234731b84 3fdd784d36295009 3fc5eab93fcc3920 4004bf7c430812e3
V 60 3ff84924475b6b26 bfe21213ce19f5ed bfd7cf89d180a6bc 3ff21211f19ca4c6
V 61 3ff973b201ba6409 3fd9a1f04305eeb2 3fd01d11f3bdf1f0 3ff5f01dfa56983d
V 62 3fff92c7c3b8dee8 3fa99d446e65fb49 3f99f5df8f1346e1 3ff3706ee4c58ee8
V 63 3ffa4879b1ec605a bfe48f35c0851613 bfd908058cf34f4c 3ff6417df5cd4cb2
V 64 3dc0000000080000 bf79bb18a97ff4de bf70f3bc1f75300e 3dbffffff8100000
V 65 3dbff80000000000 bfe2e9e4f98ce834 bfd7c793cb7799af 3dbff80000000000
V 66 0000000000000000 3febe80cff8de65b 3fdc4895f29ccbf8 3c90000000000000
V 67 3c70000000000000 3fdcdc56fab0745d 3fd191b2495ced62 3c70000000000000
V 68 b680000000000000 bfc958795c22cb7e bfb2d9803fb863b8 b680000000000000
V 69 bdbffffe80000000 bfe69f9394791a06 bfddcf414fc97816 bdbffffc80000000
V 70 0000000000000000 bfe1887c92749a64 bfd60b3f64f641f6 0000000000000000
V 71 3c30000000000000 3fdd5e6ba06042e9 3fcdc4039bc0eff2 3c30000000000000
V 72 3c50000000000000 3fc0b7931bf5afb3 3fb45a6f0d830b61 3c50000000000000
V 73 3d20040000000000 bfdfcc633d951ec9 bfc7a608f0a4998f 3d20048000000000
V 74 bdc0000040000000 bfe48a986df847ae bfdb10f95ce249c2 bdc0000040000000
V 75 0000000000000000 bfd4c226618f6666 bfca1954b1c36246 0000000000000000
V 76 3c10000000000000 3fe603aa4122e5f7 3fd64fd157eb46bb 3c10000000000000
V 77 b6b0000000000000 3fe103c62e907c1c 3fd4b735263625d4 bc70000000000000
V 78 36a0000000000000 bfdfe6ed09498a74 bfc7b9c5827ca818 3c50000000000000
V 79 3dbfffffc0000000 bfc262a36524d552 bfb839b06f9fae5b 3dbfffffc0000000
V 80 b670000000000000 bfb010176bb32d24 bfa4320443f18135 b670000000000000
V 81 b6a0000000000000 3ff376779f859c15 3fe3b9cb25ca0bf7 b6a0000000000000
V 82 3c70000000000000 3fe0032028f7bcd8 3fd37ebc24f844b2 3c70000000000000
V 83 bda0080000000000 bfd46562e2187592 bfbe56539ec793d9 bda0080000000000
V 84 3c50000000000000 bfd78502aa9938f5 bfcefd91709426db 3c50000000000000
V 85 36b0000000000000 bfe09b7ef7a161ab bfd4e149361171cd 36b0000000000000
V 86 0000000000000000 3ff2c6c1e7eaa3b8 3fe307b59bdb81d2 bc80000000000000
V 87 3c00000000000000 3fc73f455fedcc01 3fbc4dbe89b326bf 3c00000000000000
V 88 bc60000000000000 bfc35cad282b5862 bfaccc986708458e bc68000000000000
V 89 3c70000000000000 bfe774494eb3d166 bfdee7881e647822 3c70000000000000
V 90 3d20000000000000 bfe0c0d7e5eacbc0 bfd5103de6667c5e 3d20000000000000
V 91 3690000000000000 3fe22baa93fefa75 3fd26a85c8cd2ccc 3c90000000000000
V 92 3c70000000000000 3fda5de225261269 3fd00d0841d27faa 3c80000000000000
V 93 bda0000000000000 bfd8ef319e82062c bfc28b3424fd9660 bd9ffffe00000000
V 94 bdcfffffc0000000 bfe878d43c8f1b9d bfe01f6ae42ea83a bdcfffffc0000000
V 95 36b0000000000000 bfab32a758a35dc6 bfa118f95c96679d 36b0000000000000
V 96 bdc0000004000000 3fb1ecdbb1231c66 3fa22adda14d2814 bdc0000004000000
V 97 3db0000000000000 3fe48afb16b8502a 3fd902df651e1c9f 3db0000000000000
V 98 bd20020000000000 bfd83d7f27d3d206 bfc2070cba131312 bd20020000000000
V 99 bdc0000000000000 bfe05a064489177b bfd58bb430591333 bdbffffe00000000
V 100 bd90000200000000 bfd073f94353deda bfc4af9881ce7e5a bd90000200000000
V 101 bd9fe00000000000 3ff1a0036285aa17 3fe1dcfb7f8dc22a bd9fe01000000000
V 102 36b0000000000000 3fe36e0ba0475ae1 3fd7a7f5d938d766 36b0000000000000
V 103 3c60000000000000 bfc56151a38b5f53 bfafcd0d92bea327 3c68000000000000
V 104 bdbfffff80000000 bfc8a92162217692 bfc03f3d57aa7253 bdbffffe80000000
V 105 0000000000000000 bfe24f29e2b77814 bfd70509e3cf1991 3c60000000000000
V 106 bc20000000000000 3ff0ded231ba9f95 3fe1192e02b91a6c bc90200000000000
V 107 3d10000000000000 3fd4de154a7db597 3fc9680cfe3ba4de 3d10000000000000
V 108 bdb003ffe0000000 bfd38eea3459d201 bfbd175203d76877 bdb003ffe0000000
V 109 bc78000000000000 bfe39d941e796095 bfd9d8ab62cfb281 bc78000000000000
V 110 3d20000000000000 bfe2bb4cfdda7045 bfd78cff13ff52a2 3d20000000000000
V 111 3c48000000000000 3fc5b546751b9a04 3fb6005e60ac5828 3c73000000000000
V 112 bd7ff00000000000 3fb97c2e70056866 3faf074505cc428c bd7ff00000000000
V 113 bd1ff78000000000 bfe00ab7ded9bfcd bfc7dc5c9168d542 bd1ff70000000000
V 114 3c60000000000000 bfe3dae3d5811513 bfda2974cd69dfb7 3c60000000000000
V 115 3db0000000000000 bfd648fd919ed9a7 bfcc04b942a617f5 3db0000100000000
V 116 0000000000000000 3fe466434dfc1980 3fd4acd456a8e36a 0000000000000000
V 117 3db0000000000000 3fe18fe0ff484fe0 3fd561c96e1122c6 3daffffe00000000
V 118 0000000000000000 bfdf90c7da871ec1 bfc779b47af45030 0000000000000000
V 119 3dbfffffe0000000 bfc719c65a705d58 bfbe7044f938a027 3dbfffffe0000000
V 120 bd0ffc0000000000 bfca11ee972a0a6d bfc0637926694531 bd10020000000000
V 121 bc30000000000000 3ff25fe701858764 3fe29f76e8b20cb7 bc80800000000000
V 122 3c30000000000000 3fe2ac22977fb028 3fd6bbdf4a3b20dd 3c30000000000000
V 123 bd90000000000000 bfcb49e64fe9ca24 bfb44b7029a92a24 bd90000000000000
V 124 bc70000000000000 bfe0a6492231cd89 bfd5f03070be06f8 bc70000000000000
V 125 bdb0000000000000 bfdbd20233b0995b bfd17d2678f30428 bdb0000000000000
V 126 3d1ffe0000000000 3ff38e96bd3e8441 3fe3d23db4b03b6b 3d1fff0000000000
V 127 bdbfffbfffc00000 3f9aed5eff531741 3f9064619a463717 bdbfffbfffc00000
S 7 S 0 S 64 S 128
S 6 S 128 S 160 S 0
S 5 S 192 S 208 S 128
S 4 S 224 S 232 S 192
S 3 S 240 S 244 S 224
S 2 S 248 S 250 S 240
N 1 700
V 0 3ff860647174049a bf575e56614cda54 bf4ead3dd2428941 3ff86062938a56f4
V 1 bd823ed6c2360000 bf4afbcee968c83b bf41b612331eacb1 bd823ed6c23a0000
B 700 3ff860647174049a 3ff86062938a56f4
N 2 696
V 0 3ff859a57db9c00e bf7de27eed16d4bd bf73a2fb7cc16e34 3ff8597e2e3771cb
V 1 3ff86723652e4926 3f5753f5ddf80495 3f4e9727570f412d 3ff8670e96b37754
V 2 bd77fdf7f8f80000 bf6003e36b0e928d bf550be74a48f2b3 bd77fdf7f8f80000
V 3 bd887eb187f00000 bf75c3ea3970f7f6 bf6c8a90dc7d968d bd887eb187f00000
S 2 S 248 S 250 S 252
N 1 704
V 0 3ff8604662757490 bf577e6327c88ea9 bf4ed7769276501b 3ff860447f670620
V 1 bd823ed6c2360000 bf4b20d0f861aa3b bf41ce72a2868461 bd823ed6c2360000
B 704 3ff8604662757490 3ff860447f670620
N 3 688
V 0 3ff83ab51d733616 bfb62ee8d269258f bfad4c367cd03c7d 3ff8260ba7513e61
V 1 3ff87895de004a05 3f82a961224d7989 3f78673a5231c431 3ff86b889862794a
V 2 3ff8509aeca6f9e8 3face870846bf241 3fa305bd16ec1f86 3ff8396b89d33d4c
V 3 3ff87dabddb59864 bfacdc7c18bae5a1 bfa2daecce6e41f8 3ff870297c7aebd1
V 4 3d800004c6080000 bf875d2412e78a66 bf7edb5fc02a5495 3d800004d6080000
V 5 bd93fefe5f800000 bfb1b7f994fb8370 bfa72b8d00ec375d bd93fefe5f800000
V 6 bd9afe0140000000 3fb2d638640f2387 3fa8ca5deffc61f5 bd9afe0120000000
V 7 3d63fa7dc0800000 3fa625623d8f2cef 3f9cefa8e0f38a6f 3d63fa7dc0800000
S 3 S 240 S 244 S 248
S 2 S 248 S 250 S 240
N 1 712
V 0 3ff84eca51807832 bf54c9882d022496 bf4b5d898cc57761 3ff84ec8d644a3d9
V 1 bd823ed6ae360000 bf4800c69ac8083b bf3f994c36746a92 bd823ed6ae3a0000
B 712 3ff84eca51807832 3ff84ec8d644a3d9
N 2 708
V 0 3ff848ca1fd9dbd6 bf80c7b3155ccde8 bf761c899cc6ed3e 3ff848986a5fc98f
V 1 3ff854ca8327148e 3f5c56273806f583 3f52a244f85c26ad 3ff854abb8c66415
V 2 bd77fdf7e8f80000 bf61fc1ded54e8b1 bf57b2f2246f9b9d bd77fdf7e8f80000
V 3 bd887eb167f00000 bf7a7037932bc825 bf7162b8d2a67c49 bd887eb167d00000
S 2 S 248 S 250 S 252
N 1 716
V 0 3ff84ea2119316d2 bf54ea4cab6b439f bf4b88da2f8a12ea 3ff84ea091a57fff
V 1 bd823ed6ae260000 bf48269ccd8ba43b bf3fcb5044367e62 bd823ed6ae260000
B 716 3ff84ea2119316d2 3ff84ea091a57fff
N 4 672
V 0 3ff6d4b683a8d992 bfc332eed4d26bfc bfbae8cff4c46616 3ff693db3dcadba5
V 1 3ff9a0b3b73d929a bf54eb2da4ccabc6 bf4a1eba01b05a5e 3ff99fba3ba7164c
V 2 3ff75aa4042ea915 3fbee41011311e25 3fb529db989e53b5 3ff6fca726809904
V 3 3ff99687b7d1eaf5 3f90f0f74bf419dd 3f852fbf83f2af55 3ff9954a3b54b57a
V 4 3ff9cc7f55a542a9 bf9bbf91c4458c8b bf91358425716653 3ff9ca2daec37295
V 5 3ff6d4b683a8b126 3fb104f794041784 3fa7dac33a9204b9 3ff693db3dca4ebc
V 6 3ff9a0b3b73b715e 3f79b3d43c9844c4 3f700bf10344858e 3ff99fba3ba4ee86
V 7 3ff75aa4042fbf6a bfc62ea55d8e8b7e bfbe64f1a24ac9ea 3ff6fca726813280
V 8 3d8ff80888100000 bf84224480d2683c bf7c38440e4d95d7 3d8ff808a8100000
V 9 3cf0020800000000 3f93f283b49bcf24 3f88e83bb8bafb98 3cf0020800000000
V 10 bd7008017c000000 3fc19cb56b54dd0a 3fb821e1fe7f3b0c bd7008017c000000
V 11 bda1fdfe30000000 bf8db6d58e6f6faa bf82947fda7c4041 bda1fdfe30000000
V 12 bd9e000164000000 bf8b5e2f7de7d9b3 bf80f91ecd650024 bd9e000162000000
V 13 bd97fc011c000000 bfc1418713926d38 bfb82fa510c2f255 bd97fc011c000000
V 14 3d9efc8150000000 3f92ede34922f599 3f87a2cd7a87a79a 3d9efc814f000000
V 15 bd99fde1dfe00000 3fae1e8fedc5e393 3fa4a28c90660448 bd99fde21fe00000
S 4 S 224 S 232 S 240
S 3 S 240 S 244 S 224
S 2 S 248 S 250 S 240
N 1 732
V 0 3ff837fe253f6459 bf56e6c1138dbc79 bf4e4268d166ce6d 3ff837fc5742654d
V 1 bd823ed6cdf60000 bf4a71b9b6a78c3c bf4178643ec879fe bd823ed6cdf20000
B 732 3ff837fe253f6459 3ff837fc5742654d
N 2 728
V 0 3ff83161b6d1d01c bf76c9342bab2224 bf6e239784c5fdb1 3ff8314ab665e2b5
V 1 3ff83e9a93acf896 3f5022deef228e03 3f454c45b3a76206 3ff83e908e8085b1
V 2 bd77fdf7e8f80000 bf586c024d76d9bc bf5026c5f26d03fa bd77fdf7e8f80000
V 3 bd887eb1a7700000 bf6e1c4f58bad22c bf63df0a0fb8b582 bd887eb1a7700000
S 2 S 248 S 250 S 252
N 1 736
V 0 3ff837eda2733433 bf56fd3d1c56d023 bf4e6032ed81677b 3ff837ebd0e8122b
V 1 bd823ed6cdf60000 bf4a8bb0359c903c bf4189972e893990 bd823ed6cdfa0000
B 736 3ff837eda2733433 3ff837ebd0e8122b
N 3 720
V 0 3ff819cabcb8f8f8 bfb82997df21e788 bfb00a7d7b9d3863 3ff80125d1091ad1
V 1 3ff848f8b0eaa73f 3f85b029a4550796 3f7c93fe14f1ab58 3ff8373537b2a60d
V 2 3ff82f047646e0a8 3faf4991275f85b2 3fa4b328bbf02edc 3ff813b610cbc8ae
V 3 3ff84e30b1131083 bfb0bc94c577c88b bfa608fc739b4f51 3ff83be13431ed2b
V 4 3d800004d6080000 bf8972ca57d575ef bf80e509994ed11c 3d800004e6080000
V 5 bd93fefe5f800000 bfb4979b988f9d93 bfab224f5d6e3077 bd93fefe5f800000
V 6 bd9afe013f000000 3fb46322ae768867 3faaf9ffa55d6f64 bd9afe013f000000
V 7 3d63fa7cbc800000 3fa9af5977857b5d 3fa0e87b1c8615cb 3d63fa7cbc800000
S 3 S 240 S 244 S 248
S 2 S 248 S 250 S 240
N 1 744
V 0 3ff821fc936e5dae bf541f52ac9f6278 bf4aaea54a88bba9 3ff821fb2d7de9d1
V 1 bd823ed6c9f60000 bf473c3c424b923d bf3ecf59a955725d bd823ed6c9fa0000
B 744 3ff821fc936e5dae 3ff821fb2d7de9d1
N 2 740
V 0 3ff81c2d845de06f bf7a1beadcf66904 bf71539a2dc8da88 3ff81c0f369c1985
V 1 3ff827cba27edaec 3f54caf1acf904f4 3f4b8b95b18ee0bc 3ff827baef7e89ac
V 2 bd77fdf7d8f80000 bf5bfbcd16c73233 bf5292106e63dfef bd77fdf7d8b80000
V 3 bd887eb1a7700000 bf73665fd9f6631e bf69b337d8a3e127 bd887eb1a7700000
S 2 S 248 S 250 S 252
N 1 748
V 0 3ff821e5130d5198 bf5436e2fbf01df0 bf4acdfe3a39b902 3ff821e3a9d343fa
V 1 bd823ed6c9e60000 bf475771c536e63d bf3ef38c0f49ca49 bd823ed6c9e60000
B 748 3ff821e5130d5198 3ff821e3a9d343fa
N 5 640
V 0 3ff46d0731a1f7d8 bf9af81c1755a897 bf95201fcc1a729a 3ff46accd8a8179f
V 1 3ff93c65d5afbb4b bf830b652ffb1774 bf782629f53dae9f 3ff86aa15a3f6385
V 2 3ff9f0a999ed6171 3fd03b0ffb876792 3fc405bbf9bf7db5 3ff894f156cf7af0
V 3 3ff950bdd48dc3c3 3fca166cd4dba896 3fc07cf0f67cfb34 3ff886e093270bce
V 4 3ffa4840d6badf04 bfd461592c4858bd bfc8d064eea141c6 3ff9177c0980cbd3
V 5 3ff46d0731a27326 3f8645cd53a2d9f5 3f817255454516ed 3ff46accd8a892f4
V 6 3ff93c65d5af9b22 3fb9a0ff045954df 3fb03fc7f2817fab 3ff86aa15a3e5048
V 7 3ff9f0a999f43ac8 bfd638b1b66ba4e6 bfcb69a3fe4cca3c 3ff894f156d412ee
V 8 3ff950bdd48c8a6a bfd167998eda4b57 bfc6001d22d42c2e 3ff886e09325c0aa
V 9 3ffa4840d6bdfae8 3fb452b120b8c4a3 3fa8be8c9efbd3f2 3ff9177c098314b7
V 10 3ff46d07319ff494 bf8c7f953af110b8 bf8652c5d7c009e7 3ff46accd8a5fed2
V 11 3ff93c65d5b16db8 bfcee49a9da64e88 bfc3962fd76b77b5 3ff86aa15a3e97c3
V 12 3ff9f0a999ec4934 3fd34cb4c932aab0 3fc7cee9eaebdedc 3ff894f156cf9221
V 13 3ff950bdd48a9989 3fc4d1ce4161168a 3fba5127ff0ecf2b 3ff886e0932459e4
V 14 3ffa4840d6bdf8ab bfad2868805aaa13 bfa1c0274f25354c 3ff9177c0983468c
V 15 3ff46d0731a18628 3f9a9f8aff39af0f 3f94dabf84e3516c 3ff46accd8a7a762
V 16 3daffc027c080000 bf4c408c873c36e8 bf462165a5fedfd5 3daffc027c080000
V 17 bd9ffffc70000000 3fd22dff59d6ec42 3fc70d6c91dfba0d bd9ffffc80000000
V 18 bd9ff7fe00000000 3fd15450a4592d4d 3fc560b0d7bdcc66 bd9ff7fe00000000
V 19 3d9fffff04000000 bfc86f07186bfa18 bfbee2af91442772 3da0000002000000
V 20 bd8007fe00000000 bfc277e648d960d0 bfb67c76fcb039e4 bd80080000000000
V 21 bc5be00000000000 bf98941299510e8f bf9340b41e9375d9 bc5be00000000000
V 22 3d00088000000000 3fd106098337f963 3fc59622f551bcb9 3d00088000000000
V 23 bdb1ffff40000000 3fc0ba2550f7fdb6 3fb4a2817b52e718 bdb1ffff40000000
V 24 bda803ff84000000 bfb03b99c673a1de bfa484e6263607e9 bda803ff84000000
V 25 bd87f00780000000 bfd5ca483c4b0e70 bfca87d99ea867fd bd87f00780000000
V 26 bd9ffc0208000000 bf96ea203792d86e bf91f30d16b8702e bd9ffc0206000000
V 27 bd8ff80060000000 3fc335e2cf4b0bfc 3fb85c0b2563e11d bd8ff80260000000
V 28 3d8bf20780000000 3fcba8eb83ea14ce 3fc10f8dad089ac4 3d8bf20380000000
V 29 3da7ffff70000000 bfcd0dbc375e68af bfc25cd866d8be92 3da7ffff70000000
V 30 bd70100a00000000 bfd613681ef43de8 bfcae0e20efea9ef bd70100a00000000
V 31 bda7fbe09fe00000 bf719500b645efa8 bf6b8b7271f3818e bda7fbe09fe00000
S 5 S 192 S 208 S 224
S 4 S 224 S 232 S 192
S 3 S 240 S 244 S 224
S 2 S 248 S 250 S 240
N 1 780
V 0 3ff7985014bc609c bf61307ba23964fc bf5750072dd6e503 3ff7984be81fbc48
V 1 bd823ed723f60000 bf53d93d727b8c20 bf4aeb4902d0de46 bd823ed723ee0000
B 780 3ff7985014bc609c 3ff7984be81fbc48
N 2 776
V 0 3ff78e637603387c bf7175c1c0ac605f bf67b7f47eceaa27 3ff78e55972422b6
V 1 3ff7a23cb37588bc 3f35e70c7e1d55e8 3f2da7ecb0498387 3ff7a23b8471be02
V 2 bd77fdf800f80000 bf52b6abc43bec7b bf496be6ded97f67 bd77fdf800f80000
V 3 bd887eb247700000 bf546f72a34cc6c4 bf4bab5cb4301928 bd887eb247700000
S 2 S 248 S 250 S 252
N 1 784
V 0 3ff798488dcaf05c bf613b785c2a83f6 bf575ef5504bdd4c 3ff798445bd52b8c
V 1 bd823ed723f60000 bf53e5ed4dc69820 bf4afc866e8f7b6f bd823ed723f60000
B 784 3ff798488dcaf05c 3ff798445bd52b8c
N 3 768
V 0 3ff77c5007378078 bfb0f41b80aae0d6 bfa7198ee1419b33 3ff76fdcbbac7630
V 1 3ff7a076e4cef080 3f7d263dcd9ed9ce 3f73bd67b31c439e 3ff798380a3bbf0d
V 2 3ff79cf2b3e35afd 3fa74d87060511d1 3f9f945ee3f76269 3ff78d6f3c8851b4
V 3 3ff7a786b307b67c bfa6d8d3201bc6c3 bf9ee85f136b2b76 3ff79ec2dbce2be1
V 4 3d8000053e080000 bf81db167e700f5b bf7854470f2b21b6 3d80000546080000
V 5 bd93fefe9f800000 bfabad2b3ab779c6 bfa2be0d84192620 bd93fefe9f800000
V 6 bd9afe017f800000 3fae5e6d3d4cb390 3fa493e0e4935570 bd9afe018f800000
V 7 3d63fa79c0800000 3fa187f6073df231 3f97b760489c4e8e 3d63fa79c0800000
S 3 S 240 S 244 S 248
S 2 S 248 S 250 S 240
N 1 792
V 0 3ff78d11b78facb4 bf5f46af07c9c784 bf553f8aceca049f 3ff78d0e417ab9e9
V 1 bd823ed729f60000 bf520ea9374f7820 bf48890ad647e26f bd823ed729f60000
B 792 3ff78d11b78facb4 3ff78d0e417ab9e9
N 2 788
V 0 3ff7840a62f41a9e bf737da3582182f4 bf6a85d72806e4dd 3ff783f9126de9a5
V 1 3ff796190c2b3eca 3f41f0180c7351a6 3f38562df579cb5d 3ff79615dd8f7666
V 2 bd77fdf7f8f80000 bf54e3e0c2cc89fb bf4c6d543ee86a32 bd77fdf7f8f80000
V 3 bd887eb257700000 bf60bc7b64726701 bf56b4d6300a44d2 bd887eb257700000
S 2 S 248 S 250 S 252
N 1 796
V 0 3ff78d0777feb006 bf5f5f2971b47db6 bf555035540b9d57 3ff78d03fc7b1fa1
V 1 bd823ed729f60000 bf521ccb21b80d20 bf489c4963fdb2e1 bd823ed729fe0000
B 796 3ff78d0777feb006 3ff78d03fc7b1fa1
N 4 752
V 0 3ff66ab71973bd92 bfbfed1aa19bbf96 bfb6c98aa7058f70 3ff63d0cec216eb5
V 1 3ff88de8f4fb435f bf1d700a61c86dbf bf132e9aecb029e4 3ff88de6f152f96a
V 2 3ff6c1247114af64 3fb8a83b013c24d5 3fb1568013bd7a44 3ff683aead5cbc60
V 3 3ff87fc95889319b 3f6fcfeb34f00811 3f64c6a89aaf91aa 3ff87fb7138fcbb6
V 4 3ff8cf2e4e546ab0 bf903637e4fbcba5 bf84e91cea3519d0 3ff8ce5b9601e9db
V 5 3ff66ab719724b4a 3fac4d416f058209 3fa4334a84c6a1d8 3ff63d0cec1fdbc5
V 6 3ff88de8f4f9f602 3f4215b6050ef2ff 3f379196976cf8ec 3ff88de6f151ab41
V 7 3ff6c124711576f7 bfc1b4b4b0f7ce25 bfb8e66c7f18756e 3ff683aead5d2caa
V 8 3d8ff80878100000 bf80bd8c5f0fb816 bf77e59bb8f283f0 3d8ff80878100000
V 9 3cf0040800000000 3f5c121c0b7bbca2 3f524a95a232ae1d 3cf00407fe000000
V 10 bd7008037c000000 3fbc1db82999bb79 3fb3c523bc899fbd bd7008037c000000
V 11 bda1fdfe30000000 bf6be6066a60888f bf623856a17317a2 bda1fdfe30000000
V 12 bd9e000164000000 bf7ffaa50ec168e1 bf749fb9f0a69f33 bd9e000164000000
V 13 bd97fc019b000000 bfbcb1f6658d1679 bfb47b2ba523b3a4 bd97fc019b000000
V 14 3d9efc8050000000 3f5aa3582f78b6bd 3f515b9830485556 3d9efc8050000000
V 15 bd99fde1dfe00000 3fa80a95ced0cfcf 3fa0e7a68f4531fb bd99fde1dfe00000
S 4 S 224 S 232 S 240
S 3 S 240 S 244 S 224
S 2 S 248 S 250 S 240
N 1 812
V 0 3ff77d6af7e631b8 bf6106d0f0859985 bf5731f539a66ff3 3ff77d66dabd29ce
V 1 bd823ed723f62000 bf53a9209c16a120 bf4ac8902df5e49c bd823ed723ee2000
B 812 3ff77d6af7e631b8 3ff77d66dabd29ce
N 2 808
V 0 3ff7739667983c0e bf6b42c2a0e96f26 bf629951f38a4042 3ff7738de9e6e0e1
V 1 3ff7873f88342763 3f19938c568196ab 3f11648a68dc360d 3ff7873f6e4372b9
V 2 bd77fdf800f88000 bf4d37d00fafff76 bf43ef2ae4457b20 bd77fdf801188000
V 3 bd887eb247700000 bf37dcf223312ca3 bf303a46f2c0ecec bd887eb2476fc000
S 2 S 248 S 250 S 252
N 1 816
V 0 3ff77d66ac1529cd bf610e14f2a303ec bf573bdf56dcb5fe 3ff77d628b67cff6
V 1 bd823ed723fe0000 bf53b1845cbd2420 bf4ad402f0f689c7 bd823ed724060000
B 816 3ff77d66ac1529cd 3ff77d628b67cff6
N 3 800
V 0 3ff76579eeba3410 bfb25e3cda9207f6 bfa91f66f997d88e 3ff756ce4c9c98c4
V 1 3ff781b2e076440b 3f8093f10f8074fd 3f76915a5f1dd7af 3ff776f9ef80c68d
V 2 3ff785b44110e2d0 3fa9024b08bf6108 3fa102e1034fdd0e 3ff773c44d10eeda
V 3 3ff788cacf576bf6 bfa9e4e082d77c65 bfa19ab108feeaee 3ff77d79d615c6eb
V 4 3d8000053e078000 bf83587d9f40bada bf7a75ae6cffe7d6 3d80000536078000
V 5 bd93fefe9f800000 bfaf7afbfaa383c6 bfa56d6b4aec38b8 bd93fefe9f800000
V 6 bd9afe017f800000 3fb04bd0be8e9372 3fa62b6385443ee1 bd9afe017f800000
V 7 3d63fa79c0800000 3fa3de8427064844 3f9b04364bff4aba 3d63fa7a40800000
S 3 S 240 S 244 S 248
S 2 S 248 S 250 S 240
N 1 824
V 0 3ff76fc197d10545 bf5eb5b1b4c685f6 bf54f722760f03bf 3ff76fbe3d5c96bf
V 1 bd823ed71df62000 bf51baf384d6861f bf48356ee85af0a5 bd823ed71df62000
B 824 3ff76fc197d10545 3ff76fbe3d5c96bf
N 2 820
V 0 3ff766e41e0eafa8 bf6f130387cb281c bf653ee13a71db0b 3ff766d90fb07bbe
V 1 3ff7789f11935ae2 3f341a6e47e2b59b 3f2b6882f2c2bf69 3ff7789e10887674
V 2 bd77fdf808f88000 bf50a7143d0151b5 bf46c55fb27ea88d bd77fdf808f88000
V 3 bd887eb237700000 bf52c1af72ceb3e2 bf49927e93c2e6ee bd887eb237700000
S 2 S 248 S 250 S 252
N 1 828
V 0 3ff76fbb901c7919 bf5ec71ad627e348 bf55030ab9b31cd4 3ff76fb831d8b519
V 1 bd823ed71df62000 bf51c500d826021f bf48432ebd6f1ce3 bd823ed71df62000
B 828 3ff76fbb901c7919 3ff76fb831d8b519
N 6 576
V 0 3ff40117f5f9ebe2 bfbeef50da352764 bfb8be1988c5369d 3ff3d13e29f0d003
V 1 3ff4d8f66d4a03ce 3f5798757fba0269 3f521beaf57adc5d 3ff4c09b8f296d93
V 2 3ffdc8853bcec326 3fe04a801bedaf6c 3fd180e74474d177 3ff92d5666037633
V 3 3ff4b0466f90b370 bfacbaa44831015b bfa637e2f9a12197 3ff49cf5bb51b297
V 4 3fffe03b3de24794 bfe1a719831c9673 bfd1b8b165b5d690 3ffcf8fb73ff8be3
V 5 3ff40117f5f87b4e 3fa89ca28efd8546 3fa3af6e7dd24060 3ff3d13e29efa33f
V 6 3ff4d8f66d4a7fda bfa0900289f77cfe bf996c39f951b8a8 3ff4c09b8f29d97c
V 7 3ffdc8853bd107ac bfe5c9388f9cb37d bfd76852d8cb35b0 3ff92d566607dd1b
V 8 3ff4b0466f8ca2fe 3fb38a22390d55d6 3fae390996b47df5 3ff49cf5bb4d79b8
V 9 3fffe03b3de91b0a 3fc03f4d4770e9cb 3fb04f7e93e5144d 3ffcf8fb7402e0eb
V 10 3ff40117f5fa6695 bfb0c3fc2fd42860 bfaad1b5aed44130 3ff3d13e29f1c3ef
V 11 3ff4d8f66d4a7fb6 3fb2f01a22277caf 3fad119ef0e62e3d 3ff4c09b8f29d953
V 12 3ffdc8853bd14295 3fe3430f9481356e 3fd4b2122c480413 3ff92d566605a9c5
V 13 3ff4b0466f8df3ae bfa6c0b51955209c bfa198acf67b0f60 3ff49cf5bb4ef413
V 14 3fffe03b3deed70f bfbb8df33273fda3 bfaba96965f6390d 3ffcf8fb740561d0
V 15 3ff40117f5f99e82 3fbe706e2bde4588 3fb8589cf050bfbe 3ff3d13e29f1011b
V 16 3ff4d8f66d492fbe bfb662acae35b66a bfb12e2a46ad32f1 3ff4c09b8f285a6e
V 17 3ffdc8853bcfe515 bfb56af0cdf0fa1a bfa70306b56e6b49 3ff92d566605a988
V 18 3ff4b0466f8d7a7e 3fa8daa90ef0ed9e 3fa338b6ddd12edb 3ff49cf5bb4e8919
V 19 3fffe03b3dee7b52 3fde241fdf2311c2 3fce422a049a930b 3ffcf8fb7405ca95
V 20 3ff40117f5f5e450 bfbb0b1fcc9c7b73 bfb5a1510f5056b3 3ff3d13e29ee767b
V 21 3ff4d8f66d4a04d9 3fa5e43953891e75 3fa0cd1dfb782c9a 3ff4c09b8f296e80
V 22 3ffdc8853bd7878a 3fc9bab90374df82 3fbba4f5f817e151 3ff92d566609c134
V 23 3ff4b0466f8b53e5 bfb338c3d5df0287 bfadbb2e3d878b40 3ff49cf5bb4c00b3
V 24 3fffe03b3dde7844 bfe2515d4fce6554 bfd2639ee37729fe 3ffcf8fb73fe4718
V 25 3ff40117f5fa1a24 3fa2edbbe1da466c 3f9e4784c27a7e3c 3ff3d13e29f1f5c9
V 26 3ff4d8f66d48f1f8 bfa49745fab5d5b8 bf9f9b2b806cba00 3ff4c09b8f2824c3
V 27 3ffdc8853bcc411a bfe4d656ee7c9e94 bfd6635d7257b4d7 3ff92d5666055a69
V 28 3ff4b0466f8df2d1 3fae7c6c1addac3d 3fa793bc2e83b55f 3ff49cf5bb4ef354
V 29 3fffe03b3dedfe85 3fd8e5233880a959 3fc8fdf2e6d1aad3 3ffcf8fb7404f716
V 30 3ff40117f5f99e82 bf843a17d63ffa0f bf802d97020d0694 3ff3d13e29f1011b
V 31 3ff4d8f66d496dcd 3fb6752d3a8a14fb 3fb13c5d78aae367 3ff4c09b8f28906d
V 32 3dbffbfffc080000 bf6032ea069a1a85 bf59e9a55082761d 3dbffbfffc080000
V 33 3c84000000000000 bfb687b2da8e0264 bfb14a9490232558 3c84020000000000
V 34 bdaffffc80000000 3fe0d5433a472f2d 3fd215fe4f0be0b6 bdaffffc80000000
V 35 3c20000000000000 3fabcdd0c8b21002 3fa580bb42f245ce 3c20000000000000
V 36 3d10050000000000 bfce9c681a9f18ff bfbebaea20b28419 3d10010000000000
V 37 bdb0000040000000 bfbc62e6c57e5742 bfb6b4479a43b60a bdb0000030000000
V 38 bc5f800000000000 bfb4f4c6f823a7c6 bfb01558db96f418 bc5f800000000000
V 39 3db0000000000000 3fd137e9c4956d61 3fc27ffc7fede683 3db0000100000000
V 40 b692000000000000 3f90e16de73f4d88 3f8a1c28e2cff2a5 b692000000000000
V 41 bd9007fe00000000 bfe2ce77dbeaa024 bfd2e1361e4647aa bd9007fe00000000
V 42 3c40000000000000 bfba00aadabd6675 bfb4cc325b75a3b2 3c40000000000000
V 43 bc6fe00000000000 bfa86bc58430e184 bfa2be1872b7febf bc6fe00000000000
V 44 3c40000000000000 3fdaa9ac93b38504 3fcca5b26c7ee7e0 3c40000000000000
V 45 3d10080000000000 3fb06fef1fb1e878 3fa96c9c7aefe1f6 3d10080000000000
V 46 bd8ffff600000000 bfe2ede9a0c1647d bfd300c739c4853a bd8ffffa00000000
V 47 bdbfffffc0000000 bf96278601873a0c bf91b83ff69b45fb bdbfffffc0000000
V 48 bda0000008000000 bf849a1692bf50b9 bf7f9f7d94c99ba8 bda0000008000000
V 49 bdb003ff80000000 3fe7459b912129d8 3fd90105998af207 bdb003ff00000000
V 50 bd97f00900000000 3faf50e5217c26da 3fa8380e5181856e bd97f00920000000
V 51 3c58000000000000 bfd7ebf3b008e005 bfc803cb0595efe4 3c58000000000000
V 52 bdaffffe00000000 bfae0edb858a03be bfa80a92494ca3b7 bdaffffe00000000
V 53 3cffdfc000000000 bfb3b22a25923847 bfae3b7f8cbe7fb0 3cffdfc000000000
V 54 bda0040160000000 3fe68663ffad91c7 3fd83392a7290c36 bda0040160000000
V 55 3d10026000000000 3f95f4cc2e5753a5 3f90fafa251346e4 3d10027000000000
V 56 bd7037ee00000000 bfc78ae0149e4e84 bfb7a256aa470758 bd7037ee00000000
V 57 3da0000180000000 bfbd74b1c70613f0 bfb78f446ee22dfc 3da0000170000000
V 58 3d9ffffe00000000 bfb40b25c4acbc79 bfaec4154131f930 3d9ffffe00000000
V 59 3dafffffe0000000 3fd56803ac0e8199 3fc6ffe1d1de88ee 3daffffde0000000
V 60 bd000a4000000000 3fa9dd8f270a0229 3fa400f09a439570 bd000a4000000000
V 61 bd7fffff80000000 bfdd579f8370874f bfcd74ddd8ce734b bd7fffef80000000
V 62 bda0000100000000 bfbed5e261aa4076 bfb8a9c24511f8df bda0000104000000
V 63 bdaff7c03fc00000 bf7d767d773d5d13 bf769cb1796237c8 bdaff7c03fc00000
S 6 S 128 S 160 S 192
S 5 S 192 S 208 S 128
S 4 S 224 S 232 S 192
S 3 S 240 S 244 S 224
S 2 S 248 S 250 S 240
N 1 892
V 0 3ff6e4850c7e13da bf59e978fe15dbf7 bf521c3a4aa7023a 3ff6e4829acb7c6e
V 1 bd823ed6c1a60000 bf4debaca6d4d038 bf44e974627e8237 bd823ed6c1a60000
B 892 3ff6e4850c7e13da 3ff6e4829acb7c6e
N 2 888
V 0 3ff6dd0a2154744c bf8c40d44a455056 bf83c59641958d99 3ff6dc7472ed475b
V 1 3ff6ebfff7a7b368 3f68d8234d43f97c 3f61578614ceec3a 3ff6eb9b7892ec70
V 2 bd77fdf868b80000 bf6e481f7faca01b bf6530fe16c4ad15 bd77fdf868b80000
V 3 bd887eb14ef00000 bf872e16e64565d4 bf802e21ce964135 bd887eb14f700000
S 2 S 248 S 250 S 252
N 1 896
V 0 3ff6e407f5c019e6 bf5a3ea9cd3e49fc bf5258290342ada6 3ff6e40573d33052
V 1 bd823ed6c1e60000 bf4e4e0b4ba0c238 bf452ea8a211f683 bd823ed6c1e60000
B 896 3ff6e407f5c019e6 3ff6e40573d33052
N 3 880
V 0 3ff6a28a2db20983 bfb0936da6960dad bfa76f1fd844adc1 3ff69630caa01748
V 1 3ff7178a14f6df16 3f727b3aae1c6360 3f699c5e4cd25ae3 3ff71425e5b39d5e
V 2 3ff6bc011fddffd1 3fa64b1cd440dd39 3f9f61192081f2e0 3ff6ad41ca7be175
V 3 3ff71bfecf716700 bf9cf77d7dcfa5b7 bf940e30cca2b62d 3ff71863d11f4335
V 4 3d800004d6480000 bf8175437493a316 bf78ae65ce53a4c1 3d800004d6480000
V 5 bd93fefe9f800000 bfa18c281ee43d13 bf985111fb05943d bd93fefe9f800000
V 6 bd9afe0102000000 3fad0da76a2fa591 3fa47277fa9604e0 bd9afe00f2000000
V 7 3d63fa7d98800000 3f963a1b133f56e4 3f8ec734c006daa6 3d63fa7d98800000
S 3 S 240 S 244 S 248
S 2 S 248 S 250 S 240
N 1 904
V 0 3ff6dbff12fbb654 bf57a650417c55a2 bf508d9bb5984cc8 3ff6dbfd0903b549
V 1 bd823ed6b9a60000 bf4b4eeb47c69c38 bf431d2b242a8cb9 bd823ed6b9a60000
B 904 3ff6dbff12fbb654 3ff6dbfd0903b549
N 2 900
V 0 3ff6d52b5829da53 bf8e6a9858f5dbdd bf8550740d58c242 3ff6d47da1d0daa4
V 1 3ff6e2d2cdcd9255 3f6bba60b9d3cbe0 3f636297c7adc55e 3ff6e2556d795eae
V 2 bd77fdf868b80000 bf704cd2e0f58106 bf66d83584bc8578 bd77fdf868b80000
V 3 bd887eb13ef00000 bf89dee06ec3e4eb bf821629865529cb bd887eb13f700000
S 2 S 248 S 250 S 252
N 1 908
V 0 3ff6db6987a51ca9 bf57fa08af590297 bf50c8a2c085a148 3ff6db676f16474f
V 1 bd823ed6b9e60000 bf4baf97515eac38 bf436153ded25511 bd823ed6b9e60000
B 908 3ff6db6987a51ca9 3ff6db676f16474f
N 4 864
V 0 3ff59709769bd998 bfb4d65784cb567a bfaee264b5f886fd 3ff582d6fb36fced
V 1 3ff7ae0ae4c8396e bf67f25adfcfda74 bf602e2846adcaa8 3ff7a883925afdde
V 2 3ff689f2ba1afdfa 3fb7c75280928591 3fb0e14c94fae861 3ff6503e389b731b
V 3 3ff7a5216fd2c031 3fa20ade6a6bc7ec 3f986af15c3c89b3 3ff79f0aac09fcaf
V 4 3ff7e0f8c92095e9 bfaa3bc2ecefec0e bfa193e64562782c 3ff7d803b8537217
V 5 3ff59709769b69b9 3fa278c34703b86d 3f9b60d2bcc892ce 3ff582d6fb3675dd
V 6 3ff7ae0ae4c76f03 3f8d6c46fce016c0 3f83e16872022882 3ff7a883925a1ee4
V 7 3ff689f2ba1b5efc bfc11333face83be bfb83e1a7e2932cc 3ff6503e389b8d4f
V 8 3d8ff80888900000 bf75da198dc54862 bf7031b30056346c 3d8ff80880900000
V 9 3cf0024800000000 3fa6d5b247cade0a 3f9edba37739ba87 3cf0024c00000000
V 10 bd7008017c000000 3fbb1d42be8238c6 3fb33f7f4ea91ebf bd7008017c000000
V 11 bda1fdfe70000000 bf9fa54749636381 bf9569ee01f1bd1b bda1fdfe74000000
V 12 bd9e0000ec000000 bf99dfb1ade65527 bf915635af647423 bd9e0000e4000000
V 13 bd97fc0118000000 bfb2ba7dbebc4801 bfabc23e65c23d2e bd97fc0118000000
V 14 3d9efc8048000000 3fa5ab57e59899b5 3f9d4874cbda4c0e 3d9efc8044000000
V 15 bd99fde0e1e00000 3fa72f4b41120817 3fa07560639ee625 bd99fde0a1e00000
S 4 S 224 S 232 S 240
S 3 S 240 S 244 S 224
S 2 S 248 S 250 S 240
N 1 924
V 0 3ff6cdc7fe16dfd8 bf58ab82d2da904d bf514f3150d6eb1c 3ff6cdc5c4ba6281
V 1 bd823ed6b3660000 bf4c7c86246b6037 bf43fcb3560a64fd bd823ed6b3620000
B 924 3ff6cdc7fe16dfd8 3ff6cdc5c4ba6281
N 2 920
V 0 3ff6c6a8dc8ddaa6 bf87a8278e7a0c0f bf809e689f8e36ad 3ff6c63f848f6b65
V 1 3ff6d4e71f9fe50a 3f646f2209d88480 3f5ca3c348329214 3ff6d4a2dedaa956
V 2 bd77fdf873b80000 bf695af783e0249a bf61cfdc8a9ddd0b bd77fdf872b80000
V 3 bd887eb12cf00000 bf8310b6a85979a4 bf7ab8a0baa908bb bd887eb12cf00000
S 2 S 248 S 250 S 252
N 1 928
V 0 3ff6cd7131b50a5e bf58ebc10877ea39 bf517c87225e81f9 3ff6cd6eecab7c0a
V 1 bd823ed6b3260000 bf4cc6b496d27a37 bf44310c94b856f2 bd823ed6b3260000
B 928 3ff6cd7131b50a5e 3ff6cd6eecab7c0a
N 3 912
V 0 3ff695ad46c8fd66 bfb107c5ec7391f9 bfa82151a13e92e8 3ff6889cbbad20c0
V 1 3ff6f7a47252b7e5 3f75d9994fb7fd3f 3f6e7175f2fbbe6f 3ff6f2e058019369
V 2 3ff6ad6d59c4f3fa 3fa6b897640ced6d 3fa007e07b16fac3 3ff69e11f002c749
V 3 3ff6fc60e57ad61a bfa1120e3576de66 bf97c3d1b495f0db 3ff6f757d0e5ba6e
V 4 3d800004d3480000 bf81efccd8c28c58 bf796a135e610b23 3d800004cb480000
V 5 bd93fefea3800000 bfa4bef340695f20 bf9ce7a6c3f1da98 bd93fefea3800000
V 6 bd9afe00fe000000 3fad9c545753a839 3fa4e446c70d4b79 bd9afe00fe000000
V 7 3d63fa7e88800000 3f9a3285e6f6101c 3f923c475493d16c 3d63fa7e48800000
S 3 S 240 S 244 S 248
S 2 S 248 S 250 S 240
N 1 936
V 0 3ff6c439b525cd78 bf567387d4751075 bf4f8e93d4eb737f 3ff6c437dcd178bb
V 1 bd823ed6b9660000 bf49ecad3a242837 bf42382b3bbfd1e9 bd823ed6b9660000
B 936 3ff6c439b525cd78 3ff6c437dcd178bb
N 2 932
V 0 3ff6bdbe89d75a14 bf89a92ae3067fa8 bf820ddd2d3d0b58 3ff6bd4266dbe790
V 1 3ff6cab4e07440dc 3f671b04dcc88717 3f6038613c9ea1de 3ff6ca5d75726584
V 2 bd77fdf87bb80000 bf6b80d002bc2df8 bf6359b2e9c6fb0c bd77fdf87bb80000
V 3 bd887eb134f00000 bf858ec9b131be70 bf7e44723e257356 bd887eb134f00000
S 2 S 248 S 250 S 252
N 1 940
V 0 3ff6c3cfee27268a bf56b321106b47b1 bf4fe88c8eb9bc2c 3ff6c3ce0b474825
V 1 bd823ed6b9660000 bf4a361d2d528037 bf426c1d2f100fb2 bd823ed6b96a0000
B 940 3ff6c3cfee27268a 3ff6c3ce0b474825
N 5 832
V 0 3ff448ecdc8d1ecb bf9de792c6526ce8 bf979673a47fc1d7 3ff4462ab9a56033
V 1 3ff6e52610aa9465 bf731d3716afc5ad bf6ab723f18f3347 3ff6aaebfa1f99b2
V 2 3ff8651ccef79791 3fc908a61ce45784 3fc06b4251721519 3ff789374ba54016
V 3 3ff6f6f8fa98db4c 3fb9d5e917dee7bf 3fb2000bd6b2b74d 3ff6c06913520002
V 4 3ff8caf897a82d52 bfce751365c076a0 bfc3a7d22dcea445 3ff816950098022e
V 5 3ff448ecdc8dcea1 3f88b267287519f0 3f837ae49b9ebb75 3ff4462ab9a61345
V 6 3ff6e52610aa4eec 3fa9b8fa21b75e54 3fa1f9d6ef884c07 3ff6aaebfa1ed557
V 7 3ff8651ccefb3176 bfd1230a09ce7db4 bfc67aae1f516f20 3ff789374ba823c3
V 8 3ff6f6f8fa9701fb bfc13c8edd452840 bfb804a3649742de 3ff6c069135033b1
V 9 3ff8caf897aa29d7 3fae5f2c25879dc1 3fa399af8e2603b3 3ff816950099bd32
V 10 3ff448ecdc8bf27e bf8f99a7d73b42e4 bf88ecd7414981a5 3ff4462ab9a425db
V 11 3ff6e52610aae0f4 bfbf0182af7df451 bfb5ab0af87dc0fc 3ff6aaebfa1eb522
V 12 3ff8651ccef81e70 3fcdc4673ab3b6c2 3fc38604114cc8af 3ff789374ba67837
V 13 3ff6f6f8fa96bf96 3fb49e51a6d3042c 3facbb0656c9168e 3ff6c069134ff322
V 14 3ff8caf897a9f535 bfa5c9996913aa10 bf9c1ef9e317fb4c 3ff816950099bca2
V 15 3ff448ecdc8cc8c4 3f9d855ddfb82421 3f9748fd5e648d5b 3ff4462ab9a5105b
V 16 3daffc027c480000 bf4f53c2c53c8915 bf48b5b5d1c505fc 3daffc027c480000
V 17 bd9ffffc70000000 3fc23f0216ed6741 3fb9809104a29d76 bd9ffffc70000000
V 18 bd9ff7ffe0000000 3fcaba71dc556802 3fc187c62619d8a0 bd9ff7fee0000000
V 19 3da0000082000000 bfb8329a6b2880ea bfb0dbe8027afe9d 3da0000082000000
V 20 bd8007fe00000000 bfbb999e3e826eb0 bfb1cfc6e1830d1f bd80080000000000
V 21 bc5be00000000000 bf9b40eb9b9819c3 bf957f27588eaea5 bc5be00000000000
V 22 3d00088000000000 3fc115f7525b380c 3fb7e165b22de9c8 3d00088000000000
V 23 bdb1ffff80000000 3fb9cca897780611 3fb0ebd105a09d02 bdb1ffff80000000
V 24 bda803ff04000000 bfa01374faaac26c bf9666a53c5b036c bda803ff04000000
V 25 bd87f007a0000000 bfd0483cac3e08a8 bfc503eb8f0eddb1 bd87f008a0000000
V 26 bd9ffc0208000000 bf99689cbb5a6248 bf940a9d0659f6f9 bd9ffc020c000000
V 27 bd8ff80050000000 3fb347dc77ffd74c 3faaf2beeda1dd7c bd8ff80050000000
V 28 3d8bf20760000000 3fc554b4281de36b 3fbbfb0e194b756c 3d8bf20760000000
V 29 3da7fffe70000000 bfbcc5e2b4839c31 bfb40bf66bec56a7 3da7fffe90000000
V 30 bd70100200000000 bfd07ee0a804200c bfc54a71c550a621 bd70100300000000
V 31 bda7fbe0a1e00000 bf737ee7b89a6902 bf6ec14e9cfb6a4e bda7fbe0a1600000
S 5 S 192 S 208 S 224
S 4 S 224 S 232 S 192
S 3 S 240 S 244 S 224
S 2 S 248 S 250 S 240
N 1 972
V 0 3ff683a0ef3a34cc bf61a1297c0741f2 bf590eada39a5641 3ff6839c553aadf3
V 1 bd823ed6d2060000 bf545b59c442c01c bf4cef084faa6a4e bd823ed6d2060000
B 972 3ff683a0ef3a34cc 3ff6839c553aadf3
N 2 968
V 0 3ff6797342582912 bf84a832b05bd742 bf7d698dfeb9a45a 3ff67921dc2db3e5
V 1 3ff68dce9c1c4086 3f5cc459519dadec 3f546858e58c3c60 3ff68dac60477a04
V 2 bd77fdf868b80000 bf6623dfa0a0ea75 bf5f86270268d69b bd77fdf868b80000
V 3 bd887eb16fb00000 bf7ad707f4db0d2f bf730a61e20b96d7 bd887eb16fb00000
S 2 S 248 S 250 S 252
N 1 976
V 0 3ff683671e3a96f4 bf61ca022a41cf64 bf5948fcee8c3b58 3ff683626ec3a67d
V 1 bd823ed6d2060000 bf548a8419f16b1c bf4d325cdd3a73e2 bd823ed6d2060000
B 976 3ff683671e3a96f4 3ff683626ec3a67d
N 3 960
V 0 3ff64eadc4af0e7f bfaa89ae044deefc bfa308c910d2ebf5 3ff646a63b3a3f36
V 1 3ff6a438c00143a4 3f6ec3a8e247fbbb 3f65bd7882348881 3ff6a1d35d48135a
V 2 3ff6720531eb32f8 3fa2fbe1ff2683b7 3f9b10a63d3d06fd 3ff667305216274a
V 3 3ff6a998064d4e15 bf98706a958e7e85 bf91411c4c9511aa 3ff6a6fa0fd51fc1
V 4 3d80000556480000 bf7bf33d402c1948 bf740c1d6e043a23 3d8000055e480000
V 5 bd93fefedf800000 bf9d35b26276791c bf94a43e4f6fb7cc bd93fefedf800000
V 6 bd9afe0123000000 3fa8bd85c7612075 3fa1a2cbbb8e0d7d bd9afe0123000000
V 7 3d63fa7d9a800000 3f92c0b7949bfd58 3f8a7abc7b98af6d 3d63fa7d9a800000
S 3 S 240 S 244 S 248
S 2 S 248 S 250 S 240
N 1 984
V 0 3ff67da8fe9b6667 bf60520c16d1e646 bf573886c42c8c67 3ff67da50c01bb51
V 1 bd823ed6d0060000 bf52d864b4a58a1c bf4ad025db237dce bd823ed6d0060000
B 984 3ff67da8fe9b6667 3ff67da50c01bb51
N 2 980
V 0 3ff6743ccc412948 bf86047367a33040 bf7f60b06c677a9f 3ff673e03daa78e9
V 1 3ff6871530f5a386 3f608272b12f5f94 3f577390e611e761 3ff686e8095e9f64
V 2 bd77fdf860b80000 bf679921386c6438 bf60d0b484a0513f bd77fdf860b80000
V 3 bd887eb16fb00000 bf7ecea8cd1787a2 bf75e16742381bef bd887eb16f700000
S 2 S 248 S 250 S 252
N 1 988
V 0 3ff67d6423848c26 bf607b194e6a39a4 bf57733713344a6b 3ff67d601ce99133
V 1 bd823ed6cfe60000 bf5307cbb451c71c bf4b13ea6ef1413f bd823ed6cfe60000
B 988 3ff67d6423848c26 3ff67d601ce99133
N 4 944
V 0 3ff5788b59e27cf2 bfb31b8b216b5d7c bfac7a4feb554c54 3ff567778400bd68
V 1 3ff724d02f7ba00c bf5a44415d7edc91 bf5228ad9bf19476 3ff7231c9de1900b
V 2 3ff62e5fdd1f0aba 3fb41e5ca69e3fdd 3fad064108bc09be 3ff6046667b25832
V 3 3ff71a11a2e37c8d 3f94e425ff2922a3 3f8cf01a6298b8ac 3ff717fae32aeb91
V 4 3ff76b7f09f4f872 bfa32e2662c3fe8e bf9a35070107435c 3ff7669d3b86dceb
V 5 3ff5788b59e16d7e 3fa0f03ba0eb7e68 3f993eaeaebed97a 3ff5677783ffa854
V 6 3ff724d02f7b35ac 3f8022ff3981bcd3 3f764fc34065b38a 3ff7231c9de11774
V 7 3ff62e5fdd1f667e bfbce4c67dece232 bfb4d78a239d4565 3ff6046667b27857
V 8 3d8ff80888900000 bf7409bd3af9a031 bf6ddd5120c8336c 3d8ff80888900000
V 9 3cf0044800000000 3f990c04f8ad9e05 3f9150d1f668af3a 3cf0044800000000
V 10 bd7008037c000000 3fb6f0dcb8f71434 3fb08c4a5b49a62c bd7008037c000000
V 11 bda1fdfe70000000 bf92523345f4b5fb bf8960bb65bdbd5b bda1fdfe70000000
V 12 bd9e00012c000000 bf92ead602381668 bf89d90d64230b99 bd9e00012c000000
V 13 bd97fc011a000000 bfb12c8159154bd1 bfa99882ff34fa69 bd97fc012a000000
V 14 3d9efc8068000000 3f97c4c327fb33df 3f906e93dc895946 3d9efc8066000000
V 15 bd99fde101600000 3fa39dbbda07634e 3f9c4cafc32279ad bd99fde101600000
S 4 S 224 S 232 S 240
S 3 S 240 S 244 S 224
S 2 S 248 S 250 S 240
N 1 1004
V 0 3ff67391a63b34c8 bf610658fa24b794 bf5843f1f832dc8d 3ff6738d58984981
V 1 bd823ed6d6860000 bf53a89616cc411c bf4c04efbc1dc411 bd823ed6d67e0000
B 1004 3ff67391a63b34c8 3ff6738d58984981
N 2 1000
V 0 3ff669bd5b2fe44e bf819aaac13ac32f bf792259318ea18c 3ff6698213b42105
V 1 3ff67d65f1468543 3f57257959dae943 3f50779318647631 3ff67d4fb7568cc5
V 2 bd77fdf868b80000 bf62de3b2cbe203f bf5af05058b58475 bd77fdf868380000
V 3 bd887eb178b00000 bf75988ae44850a6 bf6eba5e8a495a2d bd887eb178b00000
S 2 S 248 S 250 S 252
N 1 1008
V 0 3ff67368e58556e5 bf61266fb37391a8 bf5871dac5a54bc9 3ff6736487926bef
V 1 bd823ed6d6660000 bf53cda3a2970c1c bf4c39f2b3c5ad43 bd823ed6d66e0000
B 1008 3ff67368e58556e5 3ff6736487926bef
N 3 992
V 0 3ff6454a10f126ba bfab7d977ab9b874 bfa3c00b88a10d16 3ff63ca8a5e09b34
V 1 3ff68e30a56ea1e2 3f71fc365edeb7a8 3f69841ef935b52d 3ff68ae6e4d69ab9
V 2 3ff6670a5fc342a0 3fa372ab21903363 3f9bc796d52fc1b7 3ff65ba6b8dd60d4
V 3 3ff693c182c9c7e6 bf9c6ed6ec8accc5 bf94265f0b753700 3ff690334259c392
V 4 3d80000556480000 bf7cf421d8c0949a bf74cd20af508713 3d80000556480000
V 5 bd93fefedf800000 bfa1138ee259f671 bf983a0c508fe50b bd93fefede800000
V 6 bd9afe012b000000 3fa95853bbfffc32 3fa21a0071d9d166 bd9afe011b000000
V 7 3d63fa7d92800000 3f95d14001cf221a 3f8eec50a284ad8e 3d63fa7db2800000
S 3 S 240 S 244 S 248
S 2 S 248 S 250 S 240
N 1 1016
V 0 3ff66cda617b9694 bf5f6dc1aefc8ee1 bf566c8251a7d03d 3ff66cd6b5cfa88b
V 1 bd823ed6cc060000 bf5225384022891c bf49e491a3c6eeb4 bd823ed6cc060000
B 1016 3ff66cda617b9694 3ff66cd6b5cfa88b
N 2 1012
V 0 3ff663c7c55b9af6 bf82e4eed6ca36d1 bf7b010ff4c2c8d6 3ff6638369f68082
V 1 3ff675ecfd9b9233 3f5b338baad75628 3f536087d63be5e1 3ff675ce41366474
V 2 bd77fdf866b80000 bf64403589cff8ae bf5cf165dba02b27 bd77fdf865b80000
V 3 bd887eb164b00000 bf7961139492d7db bf72143cf2c65f82 bd887eb164b00000
S 2 S 248 S 250 S 252
N 1 1020
V 0 3ff66ca8d596727b bf5faeeb1079d566 bf569b3224da2708 3ff66ca51a9a072c
V 1 bd823ed6cbc60000 bf524ad7400f3e1c bf4a1a7a6b22e520 bd823ed6cbbe0000
B 1020 3ff66ca8d596727b 3ff66ca51a9a072c
T 0 bfe0300c90b061cf
T 1 3f68e709cb71127b
T 2 3fdbd3121ad27c02
T 3 bfd1dbe6069276df
T 4 bfc63cb6edbf82f3
T 5 3fc944baaddc3b66
T 6 bfc1d733cd728e77
T 7 bfe263a7b1d889cd
T 8 3fd887b569bb9439
T 9 3fa39f2fc3a2d1da
T 10 bfd1c43d73466383
T 11 3fd3e14e43f54522
T 12 3fe06762b3fa28ba
T 13 bfcc2d2fff3efe4e
T 14 bfa2124bd2c656c3
T 15 3fdfce12cccafc09
T 16 bfd7a561d9e36590
T 17 bfb0d8e1846ee0fe
T 18 3fcf77d428cd1216
T 19 3fc2cb620e297738
T 20 bfdc6d7c41853460
T 21 3fc6c32d2393ecde
T 22 3fc669991d08cf0a
T 23 bfd80841038c2aeb
T 24 bfc70dcb223c475c
T 25 3fc34d97c8b9bd2b
T 26 bfc6137ae2524500
T 27 bfe192436f196640
T 28 3fd33c29c8723756
T 29 3fbef2bb6d652bd4
T 30 bfa7472695367c73
T 31 3fd7af254dab3d13
T 32 3fe3ce29ea0b6a98
T 33 bf96f15c5edb85f2
T 34 bfc01291bac747f6
T 35 3fd82a9cebc679ef
T 36 bfd569cf72b8208f
T 37 bfd141a3e9050e70
T 38 3fc07e4306de9813
T 39 3fc6ce53d42d3141
T 40 bfdf573cf83ce137
T 41 3fb7dde460f58b99
T 42 3fd41e484b06199a
T 43 bfd597bc4d6a514c
T 44 bfc347dc4968345e
T 45 3fd37fadb1e7f469
T 46 bfaa5fbccbebea75
T 47 bfe3a5735cc3c55b
T 48 3fd8c00f7834b5ab
T 49 3f9de9d00362adda
T 50 bfd312c008786748
T 51 3fd33741ba56e555
T 52 3fe0ee75c3f8a1cb
T 53 bfca1c1117298af4
T 54 bfa6b4d3b5136287
T 55 3fdf7830b9e524be
T 56 bfd652f1897e7d71
T 57 bfcb57d04981e5d1
T 58 3fc50d1b370c69a2
T 59 3fc5eab93fcc3920
T 60 bfd7cf89d180a6bc
T 61 3fd01d11f3bdf1f0
T 62 3f99f5df8f1346e1
T 63 bfd908058cf34f4c
T 64 bf70f3bc1f75300e
T 65 bfd7c793cb7799af
T 66 3fdc4895f29ccbf8
T 67 3fd191b2495ced62
T 68 bfb2d9803fb863b8
T 69 bfddcf414fc97816
T 70 bfd60b3f64f641f6
T 71 3fcdc4039bc0eff2
T 72 3fb45a6f0d830b61
T 73 bfc7a608f0a4998f
T 74 bfdb10f95ce249c2
T 75 bfca1954b1c36246
T 76 3fd64fd157eb46bb
T 77 3fd4b735263625d4
T 78 bfc7b9c5827ca818
T 79 bfb839b06f9fae5b
T 80 bfa4320443f18135
T 81 3fe3b9cb25ca0bf7
T 82 3fd37ebc24f844b2
T 83 bfbe56539ec793d9
T 84 bfcefd91709426db
T 85 bfd4e149361171cd
T 86 3fe307b59bdb81d2
T 87 3fbc4dbe89b326bf
T 88 bfaccc986708458e
T 89 bfdee7881e647822
T 90 bfd5103de6667c5e
T 91 3fd26a85c8cd2ccc
T 92 3fd00d0841d27faa
T 93 bfc28b3424fd9660
T 94 bfe01f6ae42ea83a
T 95 bfa118f95c96679d
T 96 3fa22adda14d2814
T 97 3fd902df651e1c9f
T 98 bfc2070cba131312
T 99 bfd58bb430591333
T 100 bfc4af9881ce7e5a
T 101 3fe1dcfb7f8dc22a
T 102 3fd7a7f5d938d766
T 103 bfafcd0d92bea327
T 104 bfc03f3d57aa7253
T 105 bfd70509e3cf1991
T 106 3fe1192e02b91a6c
T 107 3fc9680cfe3ba4de
T 108 bfbd175203d76877
T 109 bfd9d8ab62cfb281
T 110 bfd78cff13ff52a2
T 111 3fb6005e60ac5828
T 112 3faf074505cc428c
T 113 bfc7dc5c9168d542
T 114 bfda2974cd69dfb7
T 115 bfcc04b942a617f5
T 116 3fd4acd456a8e36a
T 117 3fd561c96e1122c6
T 118 bfc779b47af45030
T 119 bfbe7044f938a027
T 120 bfc0637926694531
T 121 3fe29f76e8b20cb7
T 122 3fd6bbdf4a3b20dd
T 123 bfb44b7029a92a24
T 124 bfd5f03070be06f8
T 125 bfd17d2678f30428
T 126 3fe3d23db4b03b6b
T 127 3f9064619a463717
T 128 bf9801ceb618ac18
T 129 bf5883001afa4dd1
T 130 3fc8c8f5094dc1de
T 131 3fb3bf3b578e1514
T 132 bfcc5f3fe32b1e13
T 133 3f8319a028291189
T 134 3fa134a48c901980
T 135 bfd09290533574b5
T 136 bfbadc7571b413bb
T 137 3faa1cf86cc8a6f0
T 138 bf8a059d4755d213
T 139 bfb3ac589fd69916
T 140 3fcd4e10ed9db459
T 141 3faf47414d95a65f
T 142 bfa624ac5d81b3a5
T 143 3f979f566ebd732d
T 144 3fb74130018963fa
T 145 bfa04ad86084eebb
T 146 bfb11564119779bc
T 147 3fc838ced3aa9ad7
T 148 bf94fcb5c9f99adc
T 149 bfa6bdd3b96b2c23
T 150 3fb3927c95bc69d1
T 151 3fba6c99cdb2558b
T 152 bfcd70e7abb10163
T 153 3f7d61174cfe4ff1
T 154 3fa563f2d2c262b6
T 155 bfcfb39c3bd181d0
T 156 bfb4f463be6144f4
T 157 3fc4018f9ae0515c
T 158 bf5f64f2969e182b
T 159 bfb754687778b914
T 160 bf392472ee5a9279
T 161 3fb767a633d15e5c
T 162 3fc99c118cb654f0
T 163 bfb31c72e04b444d
T 164 bfb89977fc1cc6c8
T 165 bf96077fdaf09230
T 166 3fb5c5153fc5736e
T 167 3fba32278d4414c4
T 168 bf9734b0e42ce42a
T 169 bfce39f9d19ab7e5
T 170 bf942decf23af84e
T 171 3fa95e8495befcab
T 172 3fc448417be5a0f0
T 173 bfb698ab233f8e2c
T 174 bfce6c83add7fc4c
T 175 bf713166df350f22
T 176 3f8566df66ca48df
T 177 3fd1b3ec0ade13d4
T 178 bfb5866eedf06426
T 179 bfc3394fa6e7e856
T 180 bf87539dac4c97ab
T 181 3fb475f1a24f0165
T 182 3fd12276d5016e11
T 183 bf9e2ef06ed7ef5c
T 184 bfb2eb4c7b2a489d
T 185 bf96dbfa2d2baa2e
T 186 3fb4d261c06c26bd
T 187 3fc0489e8415ff54
T 188 bfb1c7587c720d7a
T 189 bfc7947796854d82
T 190 bf97ee123d6bcda0
T 191 3f7e9b5a608904e5
T 192 bfb34e8f36a5e9eb
T 193 bf662da4f4459622
T 194 3fbcc5c49847a9d2
T 195 3fac3be2c563ce76
T 196 bfb6ad0b3caf6754
T 197 3f9fe3afe0e235d3
T 198 3f9dd89ca18dd83a
T 199 bfc3b23c20304319
T 200 bfb2d62e090cba4a
T 201 3f969cbc8d4bc19b
T 202 bfa466cf510a489e
T 203 bfb1fcfc118c37dc
T 204 3fc11b3f6a6313bc
T 205 3fa6884f61677344
T 206 bf90389bf41bf647
T 207 3fb30f27d9aaff29
T 208 bf6439af405b2813
T 209 3fb52bd0bf0ffb80
T 210 3fbeb859b3c205fc
T 211 bfaa71a760f0c254
T 212 bfa48c765be2ea99
T 213 bfb1986909a3a2e1
T 214 3fb3d32798901ad5
T 215 3fada70d216cff41
T 216 bf91917fa0b7b292
T 217 bfb83ea25e470dbe
T 218 bfb0677b0f948973
T 219 3fa65f207ea50871
T 220 3fb8843fc3167301
T 221 bfaf71aada5d32e9
T 222 bfb88ffee8e10619
T 223 bf892c6a35c622e9
T 224 bfb27159cb2989e1
T 225 3f5adbf089ad1161
T 226 3fab0bff0109e4be
T 227 bf90bbf09f3664a4
T 228 bf7108c786e60348
T 229 3fa0595c7be581e0
T 230 bf80802ee0acb8b1
T 231 bfb36c011dac9951
T 232 bf73574243fea71f
T 233 bf999ca90ee78827
T 234 3faed74debde03b1
T 235 3f8d59d437d48c09
T 236 bf60ccff30132270
T 237 bfb093895a6915a1
T 238 bf984e056612d7c0
T 239 3f9a5f127cff6b34
T 240 bf9a31ff5fce0300
T 241 3f652f801f5b163b
T 242 3f993d28b46e469d
T 243 bf917af1170be626
T 244 bf6b96e3ff8d32b4
T 245 bf941d726edd42db
T 246 3fa0722c553b0310
T 247 3f8ad37cb6bb15c7
T 248 bf535b67b4641fc7
T 249 bf575452f2bdb26f
T 250 bf34bf2feca39c56
T 251 3f75c441109fd1ca
T 252 bf6e13a94516f893
T 253 bf615d66c6f6e7e9
T 254 3ffdec3ba6669d00
T 255 3ffdec18678b4930
T 256 bf6df988c45b8e2f
T 257 bf614e512b144bd3
T 258 3ffdec1c62d4d2c6
T 259 3ffdebf9613f55be
T 260 bf5585186d38792a
T 261 bf54d534eaeb86f4
T 262 bf3710a175a3c3d8
T 263 3f736ff318a235b4
T 264 bf6c36356c96476f
T 265 bf6049be7f61659d
T 266 3ffde628fc805be2
T 267 3ffde60a00400e31
T 268 bf6c21f85cc79e5c
T 269 bf603e0f35ceb7c4
T 270 3ffde60f70edb9e6
T 271 3ffde5f0a12caa22
T 272 bf9c8703b3244fa4
T 273 3f685fd4698374ce
T 274 3f9adbb54674125f
T 275 bf93d6e911be23e8
T 276 bf6e0bae4523feaa
T 277 bf972486cb7f456e
T 278 3fa1804c730855e2
T 279 3f8e725ebdbbc47e
T 280 bf4e5e92ce941f0f
T 281 bf59593773b4ac88
T 282 bf304661a2efe127
T 283 3f77a68581f9fd09
T 284 bf6e937d10762ddd
T 285 bf61a733de64b00b
T 286 3ffdd4d6fd17c566
T 287 3ffdd4b2aca314a7
T 288 bf6e73e01d2ed7fa
T 289 bf6194f366d4db94
T 290 3ffdd4b30323b0cc
T 291 3ffdd48efdcb1858
T 292 bf5152751040aa55
T 293 bf56ac829a9fa25c
T 294 bf3290d646c1ed86
T 295 3f7527ae84a29f64
T 296 bf6c883dd27fb685
T 297 bf60791b1544431a
T 298 3ffdcda2561d2d8e
T 299 3ffdcd82bea4422d
T 300 bf6c6f5de5c4f8ab
T 301 bf606abe8f5d67e4
T 302 3ffdcd85233fab9e
T 303 3ffdcd65c2e2fd41
T 304 bfb24b9e4759417e
T 305 3f633b5ba3f45f7d
T 306 3faa692ee821f788
T 307 bf98a2018ca35e6e
T 308 bf643194b172ba8f
T 309 3fa037e98fce8252
T 310 bf87a141fe8e8a16
T 311 bfb2f71758065888
T 312 bf732fb06071351d
T 313 bfa256bed5a5ab52
T 314 3fae1da6e1161931
T 315 3f959a3808d5c60f
T 316 bf53eab5d48b11c9
T 317 bfb0719f68ac7890
T 318 bfa167227b9fb028
T 319 3f99c0535579fcaa
T 320 bf952be38c0bebb2
T 321 3f6051ac6cd9162a
T 322 3f98d684f4acbac6
T 323 bf8c135708e9da67
T 324 bf664c55d229865a
T 325 bf8efd252da1b0e2
T 326 3fa02f4ab8b4b8b6
T 327 3f858b0a398b8dc7
T 328 bf470ba711e52c7c
T 329 bf610b85827f9db5
T 330 bf28b33a8a98074d
T 331 3f7fce71272693ef
T 332 bf733e9ac2f449e1
T 333 bf6638c0bedf8362
T 334 3ffd9aafb6c84692
T 335 3ffd9a769c1a0206
T 336 bf7321803cf19ffb
T 337 bf6617259f43b0d3
T 338 3ffd9a702b1c7278
T 339 3ffd9a37bd1c7c68
T 340 bf4a3e1aec6e2f86
T 341 bf5f5ac604e9d1be
T 342 bf2c207187e9eb2b
T 343 3f7d4114e608b36d
T 344 bf722772d2240a64
T 345 bf64f6694b798607
T 346 3ffd95d0c2527364
T 347 3ffd959df9bdea0f
T 348 bf720eefcab30632
T 349 bf64da1b83efeb16
T 350 3ffd959ad291b024
T 351 3ffd9568931f3138
T 352 bf972063c7a2393e
T 353 3f630d9668aff665
T 354 3f9a6f8ed4a7dec7
T 355 bf9001da3e1a3bae
T 356 bf685b7909292e79
T 357 bf92171e93d66cb7
T 358 3fa139d39c60e693
T 359 3f8890c92059537d
T 360 bf414239b9778927
T 361 bf62512f36d24dbb
T 362 bf227f709af368c3
T 363 3f81171191d1e77e
T 364 bf73c3563c983c4c
T 365 bf66d204dd25c325
T 366 3ffd82661833de3a
T 367 3ffd822a109b39b9
T 368 bf73a19578c33b08
T 369 bf66ab0b5e2e6b87
T 370 3ffd821d3cbffe4e
T 371 3ffd81e20216a98b
T 372 bf44727b73809abe
T 373 bf60d2150e46590c
T 374 bf25ea4d1be49d72
T 375 3f7f634244a9abe1
T 376 bf728dc86e217b81
T 377 bf656c93b03cd6e2
T 378 3ffd7ca6fe17c222
T 379 3ffd7c721fcb0b2f
T 380 bf72716541d4a37c
T 381 bf654bcc47a0d4f3
T 382 3ffd7c697603ff46
T 383 3ffd7c35396f8459
T 384 bfb24efca8e798d2
T 385 bf59ea751d985c7d
T 386 3fb7ad1390e51a88
T 387 3f9d8b16d4c64135
T 388 bfb10e9d9e48c6ce
T 389 3f9e3d8e0629deaf
T 390 3f91701d6efa581c
T 391 bfc0351bcb0b93b5
T 392 bfa3b5d0b04790ec
T 393 3f91025960354bf5
T 394 bfa358befb1ab36c
T 395 bfa50507b072f0c0
T 396 3fbc271c8576ae7c
T 397 3f9793d2d5081581
T 398 bf88674604ff2cc4
T 399 3fb212dc98b5bfb2
T 400 bf632df44199ff89
T 401 3fa8bd2daf5be3e0
T 402 3fb947586edccace
T 403 bf9bab9b24d156e4
T 404 bf9ee9f38a4cd519
T 405 bfb0af7e6e8fda09
T 406 3fa72a6f3a5ae9a0
T 407 3fa866749eb0a034
T 408 bf8262138c5a5eb3
T 409 bfb23cb23c1a5863
T 410 bfaf1ca9d99dbc2e
T 411 3f9a24476cdf26dd
T 412 3fb42c8b0225276e
T 413 bfa0737db319d4cc
T 414 bfb279e5af50d43b
T 415 bf87df2f052272e8
T 416 bfa9c750525a239a
T 417 3f54880bf853bdc0
T 418 3fa57a16422feca5
T 419 bf8700d35fe618b2
T 420 bf80801e76294c09
T 421 3f96da2116c5f6ca
T 422 bf793a07132c3451
T 423 bfaed82a90b192bc
T 424 bf6b08ab86d2d754
T 425 bf9393fc6fe31531
T 426 3fa87d5dd99b2cab
T 427 3f842c5c8ca32b68
T 428 bf704635bd0ada1c
T 429 bfa72b71bdbd7de0
T 430 bf92942f196afca3
T 431 3f94f0c64831cd9f
T 432 bf93a33208547339
T 433 3f55da318ca7dc3b
T 434 3f94c793b884505d
T 435 bf8417330bd0436d
T 436 bf64aebe20ab926a
T 437 bf84bf83cbba00a1
T 438 3f9b149b966ba48d
T 439 3f7ed5080a96a6fd
T 440 bf6295d647954ea3
T 441 bf4fcf4a42071635
T 442 bf43eb6f332ebb99
T 443 3f6dadcb05b034a0
T 444 bf6d5a72b5bc8f6d
T 445 bf60f277f7df2927
T 446 3ffcefd26b45dd36
T 447 3ffcefb1f4757c57
T 448 bf6d52aecd0fd442
T 449 bf60edfc3f9eeb15
T 450 3ffcefbfd0c3f6d0
T 451 3ffcef9f6b334f08
T 452 bf63a7178cd65440
T 453 bf4bbe602a7a503d
T 454 bf45104ee3a9e9dd
T 455 3f69e29b4f462372
T 456 bf6bf3b8450a2721
T 457 bf60235b5457df02
T 458 3ffcec954a26ae5a
T 459 3ffcec77dd2ee510
T 460 bf6bef9a877571e3
T 461 bf6020faf3bb36bd
T 462 3ffcec8548a8a46c
T 463 3ffcec67e46b11d1
T 464 bf94bea126ce9017
T 465 3f59f31eb4c441f2
T 466 3f958c4f61d88861
T 467 bf87162895b3ed9a
T 468 bf65d942d7721d2d
T 469 bf88a3702dbfd666
T 470 3f9c14fec9fe7f5a
T 471 3f81b7062ea0587e
T 472 bf5fc717f8924925
T 473 bf51d7acf76d71a4
T 474 bf41079563ec597e
T 475 3f70a5b30b62f9f0
T 476 bf6d87b38e682a20
T 477 bf610c987b7fcab7
T 478 3ffce2d90755ec28
T 479 3ffce2b83ada7d18
T 480 bf6d7b4926550424
T 481 bf61056d6db53075
T 482 3ffce2c4668a01f8
T 483 3ffce2a3b5b49161
T 484 bf60f55f317d36ba
T 485 bf4f78aaccfad62b
T 486 bf422d117ead742e
T 487 3f6d5cf909f901da
T 488 bf6c0b9acb03f090
T 489 bf6031258d191779
T 490 3ffcdf35535adf6e
T 491 3ffcdf17c1b676f6
T 492 bf6c034567122967
T 493 bf602c55d66f6e00
T 494 3ffcdf23eb13fdc6
T 495 3ffcdf066b1155e9
T 496 bfaa7d852ce52aef
T 497 3f5d961db7faf54d
T 498 3fa5701c75694685
T 499 bf91b5b9f24cfefe
T 500 bf7a04d6b718243c
T 501 3f977ba69aa101fe
T 502 bf822d1a4c296f38
T 503 bfaec9d6e2616a45
T 504 bf6bc7bfc5388d5f
T 505 bf9c366ae5055fe3
T 506 3fa871fdcca1c381
T 507 3f8f0ff14ea7e6ec
T 508 bf69a98638b2914b
T 509 bfa7cf36008b91dc
T 510 bf9ac5cc9eea348a
T 511 3f94e70c431f91c4
T 512 bf908382052f4691
T 513 3f5082758c4f01c3
T 514 3f94d65b80318382
T 515 bf80621403f4af4d
T 516 bf61647eeb946604
T 517 bf7f59c940b431aa
T 518 3f9b27deb4a66389
T 519 3f79247571c7efb2
T 520 bf5d6b1164b9891b
T 521 bf586008aca978fc
T 522 bf3f87c63a29d374
T 523 3f76be07e6e75931
T 524 bf71bf516d8e5498
T 525 bf647e2bfd279cdb
T 526 3ffcc06c21e11f84
T 527 3ffcc03cf76a50c9
T 528 bf71b1e278fa72ec
T 529 bf646ea90677205a
T 530 3ffcc0499b9392a7
T 531 3ffcc01ab8a0fe9c
T 532 bf5f0a5b3362c27f
T 533 bf56386b934bfe76
T 534 bf40a27082de5ac9
T 535 3f74bb5e496eebbb
T 536 bf70f2ae2be2e87e
T 537 bf6391e0654472b2
T 538 3ffcbd907cc84f96
T 539 3ffcbd657dcd2059
T 540 bf70e7f5bc03139c
T 541 bf63857f6486eada
T 542 3ffcbd72e621ce84
T 543 3ffcbd481da66bb4
T 544 bf917e2a40c3ff9a
T 545 3f5443a0c9d9059b
T 546 3f95a8e94749846b
T 547 bf830bc91d6e4d03
T 548 bf626c7e2f6166b7
T 549 bf833d7e4ff07a78
T 550 3f9c3a44deb96d36
T 551 3f7d3aa4ce1af199
T 552 bf58ff133bf10f9e
T 553 bf5a9e2cf8e7494d
T 554 bf3aca821210f390
T 555 3f78d5b663027631
T 556 bf71fe8c7f30e097
T 557 bf64c72f34bf5030
T 558 3ffcb24bc69b4651
T 559 3ffcb21b6189fe4d
T 560 bf71edca9bb68b2b
T 561 bf64b3d5ab5cd18f
T 562 3ffcb224341806ec
T 563 3ffcb1f42941e173
T 564 bf5aa2a9512a213a
T 565 bf585916732e6c57
T 566 bf3c8c38233d083e
T 567 3f76b78ccbbf2ca4
T 568 bf71235ce8bd8627
T 569 bf63ca1720221ceb
T 570 3ffcaf18709cd623
T 571 3ffcaeec8f5ebc7f
T 572 bf7115ae19d32e19
T 573 bf63ba4a6e51a0da
T 574 3ffcaef6a740b563
T 575 3ffcaecb0c2aeccd
T 576 bfb8be1988c5369d
T 577 3f521beaf57adc5d
T 578 3fd180e74474d177
T 579 bfa637e2f9a12197
T 580 bfd1b8b165b5d690
T 581 3fa3af6e7dd24060
T 582 bf996c39f951b8a8
T 583 bfd76852d8cb35b0
T 584 3fae390996b47df5
T 585 3fb04f7e93e5144d
T 586 bfaad1b5aed44130
T 587 3fad119ef0e62e3d
T 588 3fd4b2122c480413
T 589 bfa198acf67b0f60
T 590 bfaba96965f6390d
T 591 3fb8589cf050bfbe
T 592 bfb12e2a46ad32f1
T 593 bfa70306b56e6b49
T 594 3fa338b6ddd12edb
T 595 3fce422a049a930b
T 596 bfb5a1510f5056b3
T 597 3fa0cd1dfb782c9a
T 598 3fbba4f5f817e151
T 599 bfadbb2e3d878b40
T 600 bfd2639ee37729fe
T 601 3f9e4784c27a7e3c
T 602 bf9f9b2b806cba00
T 603 bfd6635d7257b4d7
T 604 3fa793bc2e83b55f
T 605 3fc8fdf2e6d1aad3
T 606 bf802d97020d0694
T 607 3fb13c5d78aae367
T 608 bf59e9a55082761d
T 609 bfb14a9490232558
T 610 3fd215fe4f0be0b6
T 611 3fa580bb42f245ce
T 612 bfbebaea20b28419
T 613 bfb6b4479a43b60a
T 614 bfb01558db96f418
T 615 3fc27ffc7fede683
T 616 3f8a1c28e2cff2a5
T 617 bfd2e1361e4647aa
T 618 bfb4cc325b75a3b2
T 619 bfa2be1872b7febf
T 620 3fcca5b26c7ee7e0
T 621 3fa96c9c7aefe1f6
T 622 bfd300c739c4853a
T 623 bf91b83ff69b45fb
T 624 bf7f9f7d94c99ba8
T 625 3fd90105998af207
T 626 3fa8380e5181856e
T 627 bfc803cb0595efe4
T 628 bfa80a92494ca3b7
T 629 bfae3b7f8cbe7fb0
T 630 3fd83392a7290c36
T 631 3f90fafa251346e4
T 632 bfb7a256aa470758
T 633 bfb78f446ee22dfc
T 634 bfaec4154131f930
T 635 3fc6ffe1d1de88ee
T 636 3fa400f09a439570
T 637 bfcd74ddd8ce734b
T 638 bfb8a9c24511f8df
T 639 bf769cb1796237c8
T 640 bf95201fcc1a729a
T 641 bf782629f53dae9f
T 642 3fc405bbf9bf7db5
T 643 3fc07cf0f67cfb34
T 644 bfc8d064eea141c6
T 645 3f817255454516ed
T 646 3fb03fc7f2817fab
T 647 bfcb69a3fe4cca3c
T 648 bfc6001d22d42c2e
T 649 3fa8be8c9efbd3f2
T 650 bf8652c5d7c009e7
T 651 bfc3962fd76b77b5
T 652 3fc7cee9eaebdedc
T 653 3fba5127ff0ecf2b
T 654 bfa1c0274f25354c
T 655 3f94dabf84e3516c
T 656 bf462165a5fedfd5
T 657 3fc70d6c91dfba0d
T 658 3fc560b0d7bdcc66
T 659 bfbee2af91442772
T 660 bfb67c76fcb039e4
T 661 bf9340b41e9375d9
T 662 3fc59622f551bcb9
T 663 3fb4a2817b52e718
T 664 bfa484e6263607e9
T 665 bfca87d99ea867fd
T 666 bf91f30d16b8702e
T 667 3fb85c0b2563e11d
T 668 3fc10f8dad089ac4
T 669 bfc25cd866d8be92
T 670 bfcae0e20efea9ef
T 671 bf6b8b7271f3818e
T 672 bfbae8cff4c46616
T 673 bf4a1eba01b05a5e
T 674 3fb529db989e53b5
T 675 3f852fbf83f2af55
T 676 bf91358425716653
T 677 3fa7dac33a9204b9
T 678 3f700bf10344858e
T 679 bfbe64f1a24ac9ea
T 680 bf7c38440e4d95d7
T 681 3f88e83bb8bafb98
T 682 3fb821e1fe7f3b0c
T 683 bf82947fda7c4041
T 684 bf80f91ecd650024
T 685 bfb82fa510c2f255
T 686 3f87a2cd7a87a79a
T 687 3fa4a28c90660448
T 688 bfad4c367cd03c7d
T 689 3f78673a5231c431
T 690 3fa305bd16ec1f86
T 691 bfa2daecce6e41f8
T 692 bf7edb5fc02a5495
T 693 bfa72b8d00ec375d
T 694 3fa8ca5deffc61f5
T 695 3f9cefa8e0f38a6f
T 696 bf73a2fb7cc16e34
T 697 3f4e9727570f412d
T 698 bf550be74a48f2b3
T 699 bf6c8a90dc7d968d
T 700 bf4ead3dd2428941
T 701 bf41b612331eacb1
T 702 3ff860647174049a
T 703 3ff86062938a56f4
T 704 bf4ed7769276501b
T 705 bf41ce72a2868461
T 706 3ff8604662757490
T 707 3ff860447f670620
T 708 bf761c899cc6ed3e
T 709 3f52a244f85c26ad
T 710 bf57b2f2246f9b9d
T 711 bf7162b8d2a67c49
T 712 bf4b5d898cc57761
T 713 bf3f994c36746a92
T 714 3ff84eca51807832
T 715 3ff84ec8d644a3d9
T 716 bf4b88da2f8a12ea
T 717 bf3fcb5044367e62
T 718 3ff84ea2119316d2
T 719 3ff84ea091a57fff
T 720 bfb00a7d7b9d3863
T 721 3f7c93fe14f1ab58
T 722 3fa4b328bbf02edc
T 723 bfa608fc739b4f51
T 724 bf80e509994ed11c
T 725 bfab224f5d6e3077
T 726 3faaf9ffa55d6f64
T 727 3fa0e87b1c8615cb
T 728 bf6e239784c5fdb1
T 729 3f454c45b3a76206
T 730 bf5026c5f26d03fa
T 731 bf63df0a0fb8b582
T 732 bf4e4268d166ce6d
T 733 bf4178643ec879fe
T 734 3ff837fe253f6459
T 735 3ff837fc5742654d
T 736 bf4e6032ed81677b
T 737 bf4189972e893990
T 738 3ff837eda2733433
T 739 3ff837ebd0e8122b
T 740 bf71539a2dc8da88
T 741 3f4b8b95b18ee0bc
T 742 bf5292106e63dfef
T 743 bf69b337d8a3e127
T 744 bf4aaea54a88bba9
T 745 bf3ecf59a955725d
T 746 3ff821fc936e5dae
T 747 3ff821fb2d7de9d1
T 748 bf4acdfe3a39b902
T 749 bf3ef38c0f49ca49
T 750 3ff821e5130d5198
T 751 3ff821e3a9d343fa
T 752 bfb6c98aa7058f70
T 753 bf132e9aecb029e4
T 754 3fb1568013bd7a44
T 755 3f64c6a89aaf91aa
T 756 bf84e91cea3519d0
T 757 3fa4334a84c6a1d8
T 758 3f379196976cf8ec
T 759 bfb8e66c7f18756e
T 760 bf77e59bb8f283f0
T 761 3f524a95a232ae1d
T 762 3fb3c523bc899fbd
T 763 bf623856a17317a2
T 764 bf749fb9f0a69f33
T 765 bfb47b2ba523b3a4
T 766 3f515b9830485556
T 767 3fa0e7a68f4531fb
T 768 bfa7198ee1419b33
T 769 3f73bd67b31c439e
T 770 3f9f945ee3f76269
T 771 bf9ee85f136b2b76
T 772 bf7854470f2b21b6
T 773 bfa2be0d84192620
T 774 3fa493e0e4935570
T 775 3f97b760489c4e8e
T 776 bf67b7f47eceaa27
T 777 3f2da7ecb0498387
T 778 bf496be6ded97f67
T 779 bf4bab5cb4301928
T 780 bf5750072dd6e503
T 781 bf4aeb4902d0de46
T 782 3ff7985014bc609c
T 783 3ff7984be81fbc48
T 784 bf575ef5504bdd4c
T 785 bf4afc866e8f7b6f
T 786 3ff798488dcaf05c
T 787 3ff798445bd52b8c
T 788 bf6a85d72806e4dd
T 789 3f38562df579cb5d
T 790 bf4c6d543ee86a32
T 791 bf56b4d6300a44d2
T 792 bf553f8aceca049f
T 793 bf48890ad647e26f
T 794 3ff78d11b78facb4
T 795 3ff78d0e417ab9e9
T 796 bf555035540b9d57
T 797 bf489c4963fdb2e1
T 798 3ff78d0777feb006
T 799 3ff78d03fc7b1fa1
T 800 bfa91f66f997d88e
T 801 3f76915a5f1dd7af
T 802 3fa102e1034fdd0e
T 803 bfa19ab108feeaee
T 804 bf7a75ae6cffe7d6
T 805 bfa56d6b4aec38b8
T 806 3fa62b6385443ee1
T 807 3f9b04364bff4aba
T 808 bf629951f38a4042
T 809 3f11648a68dc360d
T 810 bf43ef2ae4457b20
T 811 bf303a46f2c0ecec
T 812 bf5731f539a66ff3
T 813 bf4ac8902df5e49c
T 814 3ff77d6af7e631b8
T 815 3ff77d66dabd29ce
T 816 bf573bdf56dcb5fe
T 817 bf4ad402f0f689c7
T 818 3ff77d66ac1529cd
T 819 3ff77d628b67cff6
T 820 bf653ee13a71db0b
T 821 3f2b6882f2c2bf69
T 822 bf46c55fb27ea88d
T 823 bf49927e93c2e6ee
T 824 bf54f722760f03bf
T 825 bf48356ee85af0a5
T 826 3ff76fc197d10545
T 827 3ff76fbe3d5c96bf
T 828 bf55030ab9b31cd4
T 829 bf48432ebd6f1ce3
T 830 3ff76fbb901c7919
T 831 3ff76fb831d8b519
T 832 bf979673a47fc1d7
T 833 bf6ab723f18f3347
T 834 3fc06b4251721519
T 835 3fb2000bd6b2b74d
T 836 bfc3a7d22dcea445
T 837 3f837ae49b9ebb75
T 838 3fa1f9d6ef884c07
T 839 bfc67aae1f516f20
T 840 bfb804a3649742de
T 841 3fa399af8e2603b3
T 842 bf88ecd7414981a5
T 843 bfb5ab0af87dc0fc
T 844 3fc38604114cc8af
T 845 3facbb0656c9168e
T 846 bf9c1ef9e317fb4c
T 847 3f9748fd5e648d5b
T 848 bf48b5b5d1c505fc
T 849 3fb9809104a29d76
T 850 3fc187c62619d8a0
T 851 bfb0dbe8027afe9d
T 852 bfb1cfc6e1830d1f
T 853 bf957f27588eaea5
T 854 3fb7e165b22de9c8
T 855 3fb0ebd105a09d02
T 856 bf9666a53c5b036c
T 857 bfc503eb8f0eddb1
T 858 bf940a9d0659f6f9
T 859 3faaf2beeda1dd7c
T 860 3fbbfb0e194b756c
T 861 bfb40bf66bec56a7
T 862 bfc54a71c550a621
T 863 bf6ec14e9cfb6a4e
T 864 bfaee264b5f886fd
T 865 bf602e2846adcaa8
T 866 3fb0e14c94fae861
T 867 3f986af15c3c89b3
T 868 bfa193e64562782c
T 869 3f9b60d2bcc892ce
T 870 3f83e16872022882
T 871 bfb83e1a7e2932cc
T 872 bf7031b30056346c
T 873 3f9edba37739ba87
T 874 3fb33f7f4ea91ebf
T 875 bf9569ee01f1bd1b
T 876 bf915635af647423
T 877 bfabc23e65c23d2e
T 878 3f9d4874cbda4c0e
T 879 3fa07560639ee625
T 880 bfa76f1fd844adc1
T 881 3f699c5e4cd25ae3
T 882 3f9f61192081f2e0
T 883 bf940e30cca2b62d
T 884 bf78ae65ce53a4c1
T 885 bf985111fb05943d
T 886 3fa47277fa9604e0
T 887 3f8ec734c006daa6
T 888 bf83c59641958d99
T 889 3f61578614ceec3a
T 890 bf6530fe16c4ad15
T 891 bf802e21ce964135
T 892 bf521c3a4aa7023a
T 893 bf44e974627e8237
T 894 3ff6e4850c7e13da
T 895 3ff6e4829acb7c6e
T 896 bf5258290342ada6
T 897 bf452ea8a211f683
T 898 3ff6e407f5c019e6
T 899 3ff6e40573d33052
T 900 bf8550740d58c242
T 901 3f636297c7adc55e
T 902 bf66d83584bc8578
T 903 bf821629865529cb
T 904 bf508d9bb5984cc8
T 905 bf431d2b242a8cb9
T 906 3ff6dbff12fbb654
T 907 3ff6dbfd0903b549
T 908 bf50c8a2c085a148
T 909 bf436153ded25511
T 910 3ff6db6987a51ca9
T 911 3ff6db676f16474f
T 912 bfa82151a13e92e8
T 913 3f6e7175f2fbbe6f
T 914 3fa007e07b16fac3
T 915 bf97c3d1b495f0db
T 916 bf796a135e610b23
T 917 bf9ce7a6c3f1da98
T 918 3fa4e446c70d4b79
T 919 3f923c475493d16c
T 920 bf809e689f8e36ad
T 921 3f5ca3c348329214
T 922 bf61cfdc8a9ddd0b
T 923 bf7ab8a0baa908bb
T 924 bf514f3150d6eb1c
T 925 bf43fcb3560a64fd
T 926 3ff6cdc7fe16dfd8
T 927 3ff6cdc5c4ba6281
T 928 bf517c87225e81f9
T 929 bf44310c94b856f2
T 930 3ff6cd7131b50a5e
T 931 3ff6cd6eecab7c0a
T 932 bf820ddd2d3d0b58
T 933 3f6038613c9ea1de
T 934 bf6359b2e9c6fb0c
T 935 bf7e44723e257356
T 936 bf4f8e93d4eb737f
T 937 bf42382b3bbfd1e9
T 938 3ff6c439b525cd78
T 939 3ff6c437dcd178bb
T 940 bf4fe88c8eb9bc2c
T 941 bf426c1d2f100fb2
T 942 3ff6c3cfee27268a
T 943 3ff6c3ce0b474825
T 944 bfac7a4feb554c54
T 945 bf5228ad9bf19476
T 946 3fad064108bc09be
T 947 3f8cf01a6298b8ac
T 948 bf9a35070107435c
T 949 3f993eaeaebed97a
T 950 3f764fc34065b38a
T 951 bfb4d78a239d4565
T 952 bf6ddd5120c8336c
T 953 3f9150d1f668af3a
T 954 3fb08c4a5b49a62c
T 955 bf8960bb65bdbd5b
T 956 bf89d90d64230b99
T 957 bfa99882ff34fa69
T 958 3f906e93dc895946
T 959 3f9c4cafc32279ad
T 960 bfa308c910d2ebf5
T 961 3f65bd7882348881
T 962 3f9b10a63d3d06fd
T 963 bf91411c4c9511aa
T 964 bf740c1d6e043a23
T 965 bf94a43e4f6fb7cc
T 966 3fa1a2cbbb8e0d7d
T 967 3f8a7abc7b98af6d
T 968 bf7d698dfeb9a45a
T 969 3f546858e58c3c60
T 970 bf5f86270268d69b
T 971 bf730a61e20b96d7
T 972 bf590eada39a5641
T 973 bf4cef084faa6a4e
T 974 3ff683a0ef3a34cc
T 975 3ff6839c553aadf3
T 976 bf5948fcee8c3b58
T 977 bf4d325cdd3a73e2
T 978 3ff683671e3a96f4
T 979 3ff683626ec3a67d
T 980 bf7f60b06c677a9f
T 981 3f577390e611e761
T 982 bf60d0b484a0513f
T 983 bf75e16742381bef
T 984 bf573886c42c8c67
T 985 bf4ad025db237dce
T 986 3ff67da8fe9b6667
T 987 3ff67da50c01bb51
T 988 bf57733713344a6b
T 989 bf4b13ea6ef1413f
T 990 3ff67d6423848c26
T 991 3ff67d601ce99133
T 992 bfa3c00b88a10d16
T 993 3f69841ef935b52d
T 994 3f9bc796d52fc1b7
T 995 bf94265f0b753700
T 996 bf74cd20af508713
T 997 bf983a0c508fe50b
T 998 3fa21a0071d9d166
T 999 3f8eec50a284ad8e
T 1000 bf792259318ea18c
T 1001 3f50779318647631
T 1002 bf5af05058b58475
T 1003 bf6eba5e8a495a2d
T 1004 bf5843f1f832dc8d
T 1005 bf4c04efbc1dc411
T 1006 3ff67391a63b34c8
T 1007 3ff6738d58984981
T 1008 bf5871dac5a54bc9
T 1009 bf4c39f2b3c5ad43
T 1010 3ff67368e58556e5
T 1011 3ff6736487926bef
T 1012 bf7b010ff4c2c8d6
T 1013 3f536087d63be5e1
T 1014 bf5cf165dba02b27
T 1015 bf72143cf2c65f82
T 1016 bf566c8251a7d03d
T 1017 bf49e491a3c6eeb4
T 1018 3ff66cda617b9694
T 1019 3ff66cd6b5cfa88b
T 1020 bf569b3224da2708
T 1021 bf4a1a7a6b22e520
T 1022 3ff66ca8d596727b
T 1023 3ff66ca51a9a072c
END 1024 256 INPUTS_UNCHANGED CANARIES_PASS
