S 7 S 0 S 64 A 0
S 6 S 128 S 160 S 0
S 5 S 192 S 208 S 128
S 4 S 224 S 232 S 192
S 3 S 240 S 244 S 224
S 2 S 248 S 250 S 240
N 1 252
V 0 41b37559978daaaa c122797e3ca77fd5 bf5e61d01419a725 41b37553bec36a60
V 1 3f757fffffffffff c1155525f367cea6 bf518a85b6b06aa5 3f757ffffffdffff
B 252 41b37559978daaaa 41b37553bec36a60
N 2 248
V 0 41b36aaf04940000 c14ee8dce41d4b64 bf897872c93bbc78 41b369dc10de8917
V 1 41b380042a875555 c13615f08987bb94 bf721f1d63c2d0ab 41b37e8ebfd0b4e1
V 2 3f75d55555555554 c130907d8c70b120 bf6b4c9873a1dd19 3f75d55555355554
V 3 3f752aaaaaaaaaaa 41549b328cc3e0a3 3f90e85a609a8a55 3f752aaaaaeaaaaa
S 2 S 248 S 250 S 252
N 1 256
V 0 41b3743568579efc c121eccb5ed482c3 bf5d7c2890d79d46 41b3742fe6f615ee
V 1 3f758000000fffff c114b2aef23e43a6 bf5105ee6afd837f 3f758000000fffff
B 256 41b3743568579efc 41b3742fe6f615ee
N 3 240
V 0 41b32aaf05615555 c145266d67b7a5f8 bf81a7daa8562ddc 41b32a500c4e880d
V 1 41b3aaaf03c6aaaa c13646ba2b2c3b89 bf721f7dc1ecf128 41b3a4e60176dcd4
V 2 41b3d5594fad5555 c1537af901142565 bf8f6e2ef254b62a 41b3d21f3ae47f25
V 3 41b32aaf05615555 4140ec9ec58afecd 3f7c4191213f23ef 41b32a500c4e880d
V 4 3f75ffffffffffff c1164695454e7563 bf529866934b12a6 3f7600000007ffff
V 5 3f75aaaaaaaaaaaa 41652690707f1f2e 3fa1350de8bb7540 3f75aaaaaaaaaaaa
V 6 3f74555555555555 c159632639e4834c bf947afec3896313 3f74555554555555
V 7 3f75ffffffffffff c139f912a428773f bf75ae82d82802f5 3f75ffffffdfffff
S 3 S 240 S 244 S 248
S 2 S 248 S 250 S 240
N 1 264
V 0 41b372e9553e1b04 c1239515cece38e3 bf601c1d1b1c1052 41b372e2c2bea98c
V 1 3f757fffffb9ffff c1169c9cb6e3a2a6 bf529a1dc62b1379 3f757fffffbbffff
B 264 41b372e9553e1b04 41b372e2c2bea98c
N 2 260
V 0 41b3679b06e2b270 c14d9a292cfac0ed bf8868834431c1f0 41b366d96c69a50c
V 1 41b37e37a3998399 c135b753c54f1d3b bf71d320f7511391 41b37cce7c244d2b
V 2 3f75d55555595554 c12fba3f915dbe64 bf6a2922c337bb76 3f75d55555595554
V 3 3f752aaaaa1aaaaa 415442ec445f5cca 3f90a17504e040fe 3f752aaaaa1aaaaa
S 2 S 248 S 250 S 252
N 1 268
V 0 41b371d3f446f91c c12303fb64a76134 bf5f4b3a0eb1f44a 41b371cdc16c8435
V 1 3f757fffffb9ffff c115f50fbaba98a6 bf521148b07e25bb 3f757fffffb9ffff
B 268 41b371d3f446f91c 41b371cdc16c8435
N 4 224
V 0 41b30004b97aaaaa c16fee756fb82134 bfaae3ba85f4683f 41b2f28b79cc7eb9
V 1 41b3555951480000 c13652f6a143533d bf72799c298cc220 41b33dcf24360fd9
V 2 41b455594e12aaaa c14c21920af9e093 bf8622caec51c8d9 41b453f335c8c28e
V 3 41b30004b97aaaaa 41680f120def064e 3fa44290e71918c7 41b2f28b79cc7eb9
V 4 41b3555951480000 417322142bfc0d87 3fafab23b071f3b6 41b33dcf24360fd9
V 5 41b455594e12aaaa 4142decee6cc4978 3f7db28f8d745d28 41b453f335c8c28e
V 6 41b30004b97aaaaa c154927693c4a23e bf9152e6489ab65a 41b2f28b79cc7eb9
V 7 41b3555951480000 c1743374dea4f516 bfb0b7d0087d613a 41b33dcf24360fd9
V 8 3f77555555555554 c130be42376c5f92 bf6c32ef3f576ba9 3f77555555555554
V 9 3f74aaaaaaaaaaaa 41754997dee12726 3fb19dfe7825480c 3f74aaaaabaaaaaa
V 10 3f74000000000000 c15009e89cf4ea8b bf893dbd15748501 3f74000000000000
V 11 3f77555555555554 c165195c216120a4 bfa1c47f0f66069e 3f77555551555554
V 12 3f74aaaaaaaaaaaa 4162deee28c7f146 3f9f3bff581d94b4 3f74aaaaaaaaaaaa
V 13 3f74000000000000 c15321f47ab62c4e bf8e1c3bec166f4e 3f74000000000000
V 14 3f77555555555554 c16e4d4009017e08 bfa984657958f9da 3f77555555555554
V 15 3f74aaaaaaaaaaaa 415b6de44a983bfb 3f96b333d6cb4db8 3f74aaaaaaaaaaaa
S 4 S 224 S 232 S 240
S 3 S 240 S 244 S 224
S 2 S 248 S 250 S 240
N 1 284
V 0 41b3671ec8b3261a c1204b926daa5edc bf5adff21ac1f1f6 41b3671a38e2d934
V 1 3f757fffff9fffff c112d0ea9a76c1a6 bf4f0846eb741c1a 3f757fffff9fffff
B 284 41b3671ec8b3261a 41b3671a38e2d934
N 2 280
V 0 41b35db65365f3f6 c150ca9d94d9e09b bf8bbeecd4d226c4 41b35cbca7958b32
V 1 41b370873e00583e c136ddf3b46ffb13 bf72d22cf56bac4e 41b36ef5b1411eb1
V 2 3f75d55554955554 c131ff3e04fdc707 bf6dbce4675a66fc 3f75d55554b55554
V 3 3f752aaaaaaaaaaa 415555cfc17028db 3f918f6b470821bb 3f752aaaaaaaaaaa
S 2 S 248 S 250 S 252
N 1 288
V 0 41b365d92c6b54f2 c11f90151b0742ed bf5a08b9d06299df 41b365d4e4ce974f
V 1 3f757fffffafffff c1123909aba5f8a6 bf4e0fc334132bf3 3f757fffffb0ffff
B 288 41b365d92c6b54f2 41b365d4e4ce974f
N 3 272
V 0 41b3182d4f014749 c142a7b4fff40eb6 bf7f438388b6f3cf 41b317e32439e8a1
V 1 41b3a33f57caa0a4 c13710772a96e32d bf72cab8dfdff1a4 41b39d0959351357
V 2 41b3c8e12cff6934 c1552a494c6c0e71 bf911dcd6000a1db 41b3c50f9f4cbb00
V 3 41b3182d4f014749 413ddb0890ef996b 3f790467ad0e0bc9 41b317e32439e8a1
V 4 3f760000007fffff c113a5debd04262a bf5076baf706ecb8 3f7600000087ffff
V 5 3f75aaaaa8aaaaaa 4165e61bc704ff71 3fa1d7a2016083af 3f75aaaaa8aaaaaa
V 6 3f74555555555555 c15b953f8adedde2 bf964e79d25b48ae 3f74555556555555
V 7 3f75ffffffffffff c136e8b4b22854d0 bf733245d53e924e 3f75ffffffffffff
S 3 S 240 S 244 S 248
S 2 S 248 S 250 S 240
N 1 296
V 0 41b36477d03d67e6 c12154c4468c3e11 bf5c9939e147021d 41b36472a685477f
V 1 3f757fffffe1ffff c11403230be64da6 bf5082e96f796c5d 3f757fffffe1ffff
B 296 41b36477d03d67e6 41b36472a685477f
N 2 292
V 0 41b35a763eb77dfc c1501397ec819f84 bf8a94f721c0979d 41b359913b48fbf7
V 1 41b36e7961c351d0 c136690b90308579 bf7273e75b3c6408 41b36cf78d11ac44
V 2 3f75d55554995554 c1313b146baec414 bf6c7d8a36394557 3f75d55554b95554
V 3 3f752aaaab2aaaaa 4154e8bc6b5ba413 3f91377651eb273c 3f752aaaab6aaaaa
S 2 S 248 S 250 S 252
N 1 300
V 0 41b36344642d541e c120ccf57567fc44 bf5bbad7d3f00224 41b3633f89d56a10
V 1 3f7580000011ffff c1136651c8c2c6a6 bf500284dac2e984 3f7580000011ffff
B 300 41b36344642d541e 41b3633f89d56a10
N 5 192
V 0 41b20004bcb00000 c16552396a384eac bfa2f3bc45245571 41b1f9b2ae2ea3f7
V 1 41b40004b6455555 c1365606601368aa bf71de674a550d64 41b3a4ff82275572
V 2 41b4aaade5e00000 c175dffcb06fefe2 bfb0ef76a8ee1a25 41b479218bc463d1
V 3 41b20004bcb00000 415f23cab3592bba 3f9bae023a26b299 41b1f9b2ae2ea3f7
V 4 41b40004b6455555 41836e7cf4a34d07 3fbf1727010bd05f 41b3a4ff82275572
V 5 41b4aaade5e00000 416a69ca6a3a0dae 3fa472ec177d4d1f 41b479218bc463d1
V 6 41b20004bcb00000 c14e0ec2489df81c bf8ab7c21c15ad4c 41b1f9b2ae2ea3f7
V 7 41b40004b6455555 c183f7400cca2567 bfbff1f88dbc3e90 41b3a4ff82275572
V 8 41b4aaade5e00000 c17f29ffaa0df66e bfb8208018c88602 41b479218bc463d1
V 9 41b20004bcb00000 414360637790c72c 3f81393770210936 41b1f9b2ae2ea3f7
V 10 41b40004b6455555 417687dc02777fed 3fb206455c73c6ed 41b3a4ff82275572
V 11 41b4aaade5e00000 417b2ca9b67c8f01 3fb509ca6c7d313b 41b479218bc463d1
V 12 41b20004bcb00000 c161571384ba3481 bf9ed3a8cf1c8bf9 41b1f9b2ae2ea3f7
V 13 41b40004b6455555 c178da27a7f13c69 bfb3e1b4a4053762 41b3a4ff82275572
V 14 41b4aaade5e00000 c154d9c202882435 bf902472a521e2d6 41b479218bc463d1
V 15 41b20004bcb00000 41650c349bb32e01 3fa2b57f2c2b8e6b 41b1f9b2ae2ea3f7
V 16 3f77ffffffffffff c11655e1618f2454 bf53da8a39976c4f 3f77ffffffffffff
V 17 3f76aaaaaaaaaaaa 4185525cbb8b4bb2 3fc10eac913f74f1 3f76aaaaa8aaaaaa
V 18 3f71555555555555 c1775b0b9b6a8a24 bfb214ed62838d55 3f71555555555555
V 19 3f77ffffffffffff c15d2a65d6277955 bf99ecc579fb7001 3f77fffffdffffff
V 20 3f76aaaaaaaaaaaa 41719bd28de40f4b 3fac2c7d72f6e098 3f76aaaaaaaaaaaa
V 21 3f71555555555555 c17d25cb86e0305d bfb690dc1b0026cf 3f71555565555555
V 22 3f77ffffffffffff c163f71efa705053 bfa1bf334f6c25a9 3f77fffffdffffff
V 23 3f76aaaaaaaaaaaa 416e0ef412c65e23 3fa80bf0cb14ea15 3f76aaaaaaaaaaaa
V 24 3f71555555555555 c15d10d5647b9f5f bf9680a1b0549ef3 3f71555555555555
V 25 3f77ffffffffffff c164c67c8ee3c569 bfa277864d897666 3f77ffffffffffff
V 26 3f76aaaaaaaaaaaa 41821dbc78fce89d 3fbcfc59ed58fce4 3f76aaaaaaaaaaaa
V 27 3f71555555555555 c170e5ee565b6e73 bfaa2a33241cbb85 3f71555555555555
V 28 3f77ffffffffffff c158d9fe7d9bb605 bf9617154a11edb9 3f77ffffffffffff
V 29 3f76aaaaaaaaaaaa 418157303de40081 3fbbbead0cd60f46 3f76aaaacaaaaaaa
V 30 3f71555555555555 c17f9294a43878de bfb87177837a75a4 3f71555559555555
V 31 3f77ffffffffffff c13bccc5478efaa3 bf78b5fe3092d6f8 3f77ffffffffffff
S 5 S 192 S 208 S 224
S 4 S 224 S 232 S 192
S 3 S 240 S 244 S 224
S 2 S 248 S 250 S 240
N 1 332
V 0 41b3470d55ab2762 c126f6cd0f216fce bf630f4b34fcb075 41b3470437538ba7
V 1 3f75800002dfffff c11a844133b445a6 bf56021f86f02368 3f75800002ddffff
B 332 41b3470d55ab2762 41b3470437538ba7
N 2 328
V 0 41b339cb3511567c c149cbd7e7c61adc bf8577d482a89898 41b33936d1682a7b
V 1 41b3544f7644f848 c134afeb295efff7 bf711fbc378bf46a 41b35304f206d0de
V 2 3f75d55556955554 c12ba5fa5e69f6b4 bf670269b84cc189 3f75d55556955554
V 3 3f752aaaaf2aaaaa 41534d28c946df1a 3f8ff4294a238d05 3f752aaaaeeaaaaa
S 2 S 248 S 250 S 252
N 1 336
V 0 41b3461de1b77dac c1265912fc975e8c bf628d489be6da58 41b346153e88e8f7
V 1 3f75800002bfffff c119ce209eb8dca6 bf556c0017e181a4 3f75800002bdffff
B 336 41b3461de1b77dac 41b346153e88e8f7
N 3 320
V 0 41b304619a92404c c14a4a2e23d1f1b1 bf861e6b74edb670 41b303cdb59b802f
V 1 41b36f34cf906cab c134dd9deb6ea20a bf712da8ce655b69 41b36a11e43e47a9
V 2 41b3a43d51f7b043 c15041fb30293e9a bf8a7cb17affd67a 41b3a1f8540e7aec
V 3 41b304619a92404c 4145097c0a98c0a9 3f81b31041a8d9f8 41b303cdb59b802f
V 4 3f75fffffeffffff c11bb05c3cb5c07a bf574bc60c6eea31 3f75fffffeffffff
V 5 3f75aaaaae2aaaaa 4163cfb37764fea0 3fa04f71433f7331 3f75aaaaae2aaaaa
V 6 3f74555555555555 c1552fffdf9fe1be bf914262c190e4cb 3f74555555555555
V 7 3f76000008ffffff c140246d78ffb60a bf7b299d578c7bb2 3f76000008ffffff
S 3 S 240 S 244 S 248
S 2 S 248 S 250 S 240
N 1 344
V 0 41b344e968e0f0bd c1283499d3fdf72a bf64194b0e4130f6 41b344df4634eee5
V 1 3f75800002dfffff c11bf337e82c1ba6 bf573545d71b34b0 3f75800002dfffff
B 344 41b344e968e0f0bd 41b344df4634eee5
N 2 340
V 0 41b336efccece3ec c148b2074d59e7bd bf84905add79629b 41b33667ba1012db
V 1 41b352e304d4fd8e c13477df257e3ef9 bf70f297147f9244 41b3519f5e2f8856
V 2 3f75d55556955554 c12a77ee0420e7ca bf660a5191315629 3f75d55556955554
V 3 3f752aaaaf2aaaaa 415318dde7e645c5 3f8f9feb60e8009d 3f752aaaaf6aaaaa
S 2 S 248 S 250 S 252
N 1 348
V 0 41b344038c1fcd98 c127922779b8eeab bf639351b563ffc9 41b343f9ef431f75
V 1 3f75800002ffffff c11b37a41f87f4a6 bf569a92acd14b49 3f75800002fbffff
B 348 41b344038c1fcd98 41b343f9ef431f75
N 4 304
V 0 41b2cf59182afcb4 c16aa629e3e25fc6 bfa6ab06413e4617 41b2c5de61ce1a00
V 1 41b3396a1cf983e4 c134e91406a94592 bf716743f9f97f4c 41b324a4f27edbbf
V 2 41b40f1086f5dca2 c1517bceacc78936 bf8be4486b4ae1c7 41b40cdfac27ffc2
V 3 41b2cf59182afcb4 4164142e019e0be5 3fa1144e6428bf14 41b2c5de61ce1a00
V 4 41b3396a1cf983e4 4171ebebb3ebf6fd 3fadd4e0fe482eda 41b324a4f27edbbf
V 5 41b40f1086f5dca2 414774bc8ef23c13 3f82b5b2503602e7 41b40cdfac27ffc2
V 6 41b2cf59182afcb4 c1512b3c5d455425 bf8d354b32c12b68 41b2c5de61ce1a00
V 7 41b3396a1cf983e4 c172ebfccd501121 bfaf7f1e32677a0f 41b324a4f27edbbf
V 8 3f77555554555554 c12bf25f24dbd877 bf67c59ae52b9efa 3f77555554555554
V 9 3f74aaaaa9aaaaaa 4173f0830eefbd6d 3fb0986376b63c14 3f74aaaaa9aaaaaa
V 10 3f74000008000000 c153efae1b36a1d9 bf8fcdeea3997af6 3f74000008000000
V 11 3f77555554555554 c1619bd10e34ef78 bf9df4d1bc5b3cd5 3f77555554555554
V 12 3f74aaaaaaaaaaaa 4161ad0633fd205f 3f9d6c2f0c1a5971 3f74aaaaaaaaaaaa
V 13 3f74000000000000 c157c8335a5a6f09 bf92f8459a41279f 3f74000000800000
V 14 3f77555565555554 c16949f93bb4a100 bfa582d9696bd72b 3f77555563555554
V 15 3f74aaaaacaaaaaa 4159b13fae86b43b 3f95621e94e5758a 3f74aaaaa8aaaaaa
S 4 S 224 S 232 S 240
S 3 S 240 S 244 S 224
S 2 S 248 S 250 S 240
N 1 364
V 0 41b33b292aa6dc18 c12484ffdc4a0ca9 bf61126bcbdab4f3 41b33b21de56f3d2
V 1 3f758000022fffff c117b1a42c42e9a6 bf53b6870f1e9d22 3f7580000231ffff
B 364 41b33b292aa6dc18 41b33b21de56f3d2
N 2 360
V 0 41b32f505890c3e0 c14c0a1fb56fb6e3 bf876280c7bc69ce 41b32ea0a6ed7abc
V 1 41b34701fcbcf450 c13528a60262e353 bf718fc19bac279c 41b345a74c27a5ad
V 2 3f75d55556955554 c12e0d7d6e948a09 bf6910508b82f1d3 3f75d55556955554
V 3 3f752aaaadcaaaaa 4153bdcd448a1155 3f90629903d51ee1 3f752aaaad8aaaaa
S 2 S 248 S 250 S 252
N 1 368
V 0 41b33a23f98a9034 c123f0e9a54f5f58 bf60981869840745 41b33a1d14b7a640
V 1 3f758000020fffff c11706a53a3d6aa6 bf5329472b0b42dc 3f758000020dffff
B 368 41b33a23f98a9034 41b33a1d14b7a640
N 3 352
V 0 41b2f541aa267ae0 c1477dbfb7b70b97 bf83d36b8a094dab 41b2f4cb3696f9c6
V 1 41b3695f06fb0ce1 c1355763761a9417 bf7197317fe598c3 41b363fddb8f9fb0
V 2 41b398c24f536dc0 c151abe9ded37e0a bf8cdb382e2dad3a 41b396124e3d5726
V 3 41b2f541aa267ae0 4142cc326094271e 3f7fbab1970fceb2 41b2f4cb3696f9c6
V 4 3f75fffffeffffff c118bdccedb94d54 bf54e188a997bd2b 3f75fffffeffffff
V 5 3f75aaaaae2aaaaa 41644351c93bcc13 3fa0b3a4c85be365 3f75aaaaadaaaaaa
V 6 3f74555555955555 c15707adce703c0e bf92cd9b1d2ffa0f 3f74555556955555
V 7 3f76000005ffffff c13cd90e92ecb32c bf7858c318e152ca 3f76000005ffffff
S 3 S 240 S 244 S 248
S 2 S 248 S 250 S 240
N 1 376
V 0 41b338e9a5beba98 c125af6ab42be522 bf620ccf65af948b 41b338e17e2d29ea
V 1 3f758000024fffff c1190a3956ee34a6 bf54d7a6e719a8b2 3f758000024fffff
B 376 41b338e9a5beba98 41b338e17e2d29ea
N 2 372
V 0 41b32c6489134cbb c14ada2ab0a75685 bf86686abb6b95d7 41b32bc34f639cbc
V 1 41b3456ec26a2876 c134def162c7401a bf7153ff523fd04f 41b3441d552e5085
V 2 3f75d55556555554 c12cc7b5b09c7979 bf680445ebad4e47 3f75d55556555554
V 3 3f752aaaae4aaaaa 415379089a34cf91 3f902ad784e122bb 3f752aaaae0aaaaa
S 2 S 248 S 250 S 252
N 1 380
V 0 41b337f05248f6a0 c12516d26bf92b7d bf618eaf59cc8bc8 41b337e89b833736
V 1 3f758000022fffff c1185a05cac642a6 bf544603e0cd83f7 3f758000022fffff
B 380 41b337f05248f6a0 41b337e89b833736
N 6 128
V 0 41b1555b8d155555 c18ffee6deaf35db bfcd88ca84226ec5 41b0690d22d9c020
V 1 41b2aaadec4aaaaa c13656ca5a3789bf bf7325cead14543b 41b12497875cfd9d
V 2 41b6aaaddf755555 c16dabd4a56fd56a bfa4f1c0512dbb84 41b6969a2768d38c
V 3 41b1555b8d155555 4186fe9e96b68b68 3fc539c5da3ca8c7 41b0690d22d9c020
V 4 41b2aaadec4aaaaa 419392b339f8499d 3fd0c6dfd6bed1a7 41b12497875cfd9d
V 5 41b6aaaddf755555 4160f853a70d938a 3f97f5276a2ebd80 41b6969a2768d38c
V 6 41b1555b8d155555 c177856144a2a363 bfb5b62a9ced7771 41b0690d22d9c020
V 7 41b2aaadec4aaaaa c193d7171e05f6f3 bfd1017e8ffe6028 41b12497875cfd9d
V 8 41b6aaaddf755555 c174da1093553d32 bfad70133c9aa556 41b6969a2768d38c
V 9 41b1555b8d155555 416b05b3b7eb2d44 3fa8f18941032c49 41b0690d22d9c020
V 10 41b2aaadec4aaaaa 41871ed9a087792c 3fc3d1495db7fc05 41b12497875cfd9d
V 11 41b6aaaddf755555 4171edd0351b4263 3fa94fb8f2a5bd72 41b6969a2768d38c
V 12 41b1555b8d155555 c18a50051c371467 bfc849d49ead0283 41b0690d22d9c020
V 13 41b2aaadec4aaaaa c1884809a2738196 bfc4d004a0a4a990 41b12497875cfd9d
V 14 41b6aaaddf755555 c14e8d19d6f3f5d6 bf8590c3e52aff6c 41b6969a2768d38c
V 15 41b1555b8d155555 418f7baa39765de0 3fcd0fa665d8b60e 41b0690d22d9c020
V 16 41b2aaadec4aaaaa 41953180b278055b 3fd22a6b2493f4e6 41b12497875cfd9d
V 17 41b6aaaddf755555 4143811abe84bed8 3f7b8912cd847d7e 41b6969a2768d38c
V 18 41b1555b8d155555 c183e4a47726d84b bfc25cdfff15729a 41b0690d22d9c020
V 19 41b2aaadec4aaaaa c190b5c0d017c8d4 bfcca5458a08907b 41b12497875cfd9d
V 20 41b6aaaddf755555 c172a589748456c1 bfaa5318af0243b5 41b6969a2768d38c
V 21 41b1555b8d155555 417f16bef4aac72a 3fbcb27e96876a21 41b0690d22d9c020
V 22 41b2aaadec4aaaaa 41776e6d9f208d44 3fb4157f0779a0ba 41b12497875cfd9d
V 23 41b6aaaddf755555 4174833b451c71a6 3facf57cc1654e2c 41b6969a2768d38c
V 24 41b1555b8d155555 c18e774bc4519911 bfcc1f4f8b013c1c 41b0690d22d9c020
V 25 41b2aaadec4aaaaa c17a1a7ef0fcebf5 bfb65fd69e36824f 41b12497875cfd9e
V 26 41b6aaaddf755555 c1637e708950047f bf9b854fb01ca317 41b6969a2768d38c
V 27 41b1555b8d155555 418c76ea0f544156 3fca465879e7f801 41b0690d22d9c020
V 28 41b2aaadec4aaaaa 419044611d68a662 3fcbe2eac2c3ea50 41b12497875cfd9d
V 29 41b6aaaddf755555 416b9a3f35c125cb 3fa37beda0a22308 41b6969a2768d38c
V 30 41b1555b8d155555 c154ebabd9a2e65a bf934fab655c0696 41b0690d22d9c020
V 31 41b2aaadec4aaaaa c19543050355864c bfd2396ed4fc7062 41b12497875cfd9d
V 32 3f7d555555555554 c130c1210361316e bf6eee593c8e8c34 3f7d555553555554
V 33 3f72aaaaaaaaaaaa 4195548e22cde0cd 3fd24876a43212ea 3f72aaaaaeaaaaaa
V 34 3f6fffffffffffff c16ea88fbd3f0fce bfa5a4262aa217eb 3f6fffffffffffff
V 35 3f7d555555555554 c1864110a24c7c6c bfc48acce89ec7e3 3f7d555555555554
V 36 3f72aaaaaaaaaaaa 4180f86fc332cdbe 3fbd1795f245ca0b 3f72aaab2aaaaaaa
V 37 3f6fffffffffffff c1739292ce267d3e bfaba1bc49826016 3f70000004000000
V 38 3f7d555555555554 c18dc2b31b933910 bfcb789b79cf6537 3f7d555555555554
V 39 3f72aaaaaaaaaaaa 417f5c705fff6702 3fbae180341c64a2 3f72aaaaaaaaaaaa
V 40 3f6fffffffffffff c15203a55c17f455 bf896e8b7fae5c8e 3f6fffffffffffff
V 41 3f7d555555555554 c18f475df1945480 bfccdf600d6ce957 3f7d555535555554
V 42 3f72aaaaaaaaaaaa 4191edede7ed6192 3fcebc6de7d241e9 3f72aaaaaaaaaaaa
V 43 3f6fffffffffffff c1671eb35465df1c bfa051e5b05f7913 3f6fffffffffffff
V 44 3f7d555555555554 c182361147e9fc39 bfc0cf6c620d7a49 3f7d555595555554
V 45 3f72aaaaaaaaaaaa 41918aa46358a1be 3fce1239223b437c 3f72aaaaaaaaaaaa
V 46 3f6fffffffffffff c174fcedcb9a1136 bfada14b85148ddb 3f70000002000000
V 47 3f7d555555555554 c166ea05fcc566c1 bfa526c2dccd7ac0 3f7d555555555554
V 48 3f72aaaaaaaaaaaa 4163813b0d298ed5 3fa0b7e68e612f49 3f72aaaaaaaaaaaa
V 49 3f6fffffffffffff c175315d97924590 bfadeb52b8af011a 3f6fffffffffffff
V 50 3f7d555555555554 c18910af0f006f5a bfc7230f725f3621 3f7d555515555554
V 51 3f72aaaaaaaaaaaa 418a8621f9c1db68 3fc6bc1927ebb1c8 3f72aaaaaaaaaaaa
V 52 3f6fffffffffffff c164b9a6dd0dc92f bf9d4250d8546d74 3f6fffffefffffff
V 53 3f7d555555555554 c18bf88bf5231788 bfc9d1b301b9cf39 3f7d555595555554
V 54 3f72aaaaaaaaaaaa 4194835d3f8d30ca 3fd1952849d4732d 3f72aaaaeaaaaaaa
V 55 3f6fffffffffffff c1576e46cf1e8e32 bf908a1186957237 3f6fffffffffffff
V 56 3f7d555555555554 c17393ea03f6a234 bfb2125b60b7c20a 3f7d555555555554
V 57 3f72aaaaaaaaaaaa 41944f7ca15ecf7d 3fd168b0ee930fc4 3f72aaaaaaaaaaaa
V 58 3f6fffffffffffff c172f9c7769f652d bfaaca06bf46c8a2 3f6fffffffffffff
V 59 3f7d555555555554 c17d3de962fc3717 bfbafe08d40100c4 3f7d555555555554
V 60 3f72aaaaaaaaaaaa 418b9a6ceea83bac 3fc7a8eb87610f14 3f72aaaaaaaaaaaa
V 61 3f6fffffffffffff c17044462b712c42 bfa6f6f667287201 3f6fffffffffffff
V 62 3f7d555555555554 c18fe49920f46418 bfcd7082ca044a6b 3f7d555555555554
V 63 3f72aaaaaaaaaaaa 415be4d5bb4be0ba 3f97e8b307162eaa 3f72aaaaaaaaaaaa
S 6 S 128 S 160 S 192
S 5 S 192 S 208 S 128
S 4 S 224 S 232 S 192
S 3 S 240 S 244 S 224
S 2 S 248 S 250 S 240
N 1 444
V 0 41b297c0c6d39354 c1144d47076c1f32 bf517882da055136 41b297beede87c3a
V 1 3f75800006ffffff c107714c908ca14f bf442c6938cc1578 3f75800007007fff
B 444 41b297c0c6d39354 41b297beede87c3a
N 2 440
V 0 41b291e473af7969 c1550a0ac25b6e0f bf9220aa91c8ed42 41b2904badb4370f
V 1 41b29d9d19f7ad40 c139955e215d0413 bf75fd1ea81b5972 41b29b903c911046
V 2 3f75d5555fd55554 c1368cbe110ac429 bf736dd9e40b25c6 3f75d5555f955554
V 3 3f752aaaae2aaaaa 4157dea4abfff01b 3f94840a4c728872 3f752aaaae2aaaaa
S 2 S 248 S 250 S 252
N 1 448
V 0 41b295edf522a3aa c11384337c15a381 bf50cd1f78343ef3 41b295ec3fef54c8
V 1 3f75800006dfffff c106891db9d7614f bf4366824b66b5cd 3f75800006dfffff
B 448 41b295edf522a3aa 41b295ec3fef54c8
N 3 432
V 0 41b23ac449aebc0a c1373df506a67e19 bf74664018b3f7f3 41b23aa62438b480
V 1 41b2e9049db036c8 c139cde1c65d859d bf75d541b62d6bc8 41b2e0f1dba8ec6b
V 2 41b30075ea409e77 c15a84f517fa989c bf965479b5535743 41b2fa37fca7c229
V 3 41b23ac449aebc0a 41329926925ba569 3f7052d7207e823c 41b23aa62438b480
V 4 3f76000010bfffff c1087a9d1e81d101 bf457c2daee9b8a1 3f76000010bfffff
V 5 3f75aaaaaeeaaaaa 41688014f4860bf6 3fa4bad3d288936e 3f75aaaaaeeaaaaa
V 6 3f7455555c555555 c16147c55106ad80 bf9d19db16ab73b8 3f7455555c555555
V 7 3f75ffffffffffff c12c8ab803866e89 bf690d12edadfd98 3f75fffffff7ffff
S 3 S 240 S 244 S 248
S 2 S 248 S 250 S 240
N 1 456
V 0 41b2941d883085e5 c115e34bc58303c1 bf52d99910b905af 41b2941b62131408
V 1 3f75800006fdffff c1094620fefaaf4f bf45c41ed9aaf0c1 3f75800006fd7fff
B 456 41b2941d883085e5 41b2941b62131408
N 2 452
V 0 41b28dcbfff0d076 c1541423db0fb137 bf91509d0d939afd 41b28c5760f6cbc8
V 1 41b29a6f10703b54 c138ca7b578ed59e bf755262216e83a7 41b29881e2945357
V 2 3f75d5555fd55554 c135852f7dd62159 bf728edc5e993aa1 3f75d5555fd55554
V 3 3f752aaaae26aaaa 415721591f671c3b 3f93e4bdb048fe45 3f752aaaae26aaaa
S 2 S 248 S 250 S 252
N 1 460
V 0 41b2926ca1c58f90 c115127bb0f1c94a bf52276b51cc93c4 41b2926aa3b66e90
V 1 3f75800006fdffff c10855033b34114f bf44f660a228f479 3f75800006fe7fff
B 460 41b2926ca1c58f90 41b2926aa3b66e90
N 4 416
V 0 41b22352fd1e545a c175bc1a2f745dc8 bfb32c3e2f6ff777 41b2092adfa2a429
V 1 41b25235963f23b9 c139dc0e54e179d6 bf76955a0439358e 41b230e0bcd144b0
V 2 41b3aeb63e421935 c13ee9dce499a696 bf79213a5cc3b2d4 41b3ae468f261b66
V 3 41b22352fd1e545a 4170604a239b9144 3face442c2077c4e 41b2092adfa2a429
V 4 41b25235963f23b9 417629cca4cd5749 3fb35afa463f1be9 41b230e0bcd144b0
V 5 41b3aeb63e421935 4134bc9d091d2a03 3f70db6795537eae 41b3ae468f261b66
V 6 41b22352fd1e545a c15c0170465ebb57 bf98b45a533f28c6 41b2092adfa2a429
V 7 41b25235963f23b9 c1776678fcd5207e bfb46f87f432aea9 41b230e0bcd144b0
V 8 3f77555555d55554 c136cb0c6a9cf674 bf741b407536622b 3f77555556d55554
V 9 3f74aaaacbaaaaaa 4178a8a894839aad 3fb588e616c3df4e 3f74aaaacbaaaaaa
V 10 3f73fffff8000000 c141a003fabb2032 bf7ca7b0ca0528be 3f73fffff8000000
V 11 3f77555565d55554 c16cb914207b1a5f bfa95658bb925afa 3f77555565d55554
V 12 3f74aaaa9aaaaaaa 4165dc0435144308 3fa3170c92b13dc7 3f74aaaa92aaaaaa
V 13 3f7400001e000000 c1450666cc6b2bbf bf811763302d4329 3f7400001e000000
V 14 3f77555555555554 c174a01f09d36b4a bfb231bc548e82b5 3f77555551555554
V 15 3f74aaaaaaaaaaaa 415fc5f73bd33e4d 3f9bbf76461fa9db 3f74aaaaaaaaaaaa
S 4 S 224 S 232 S 240
S 3 S 240 S 244 S 224
S 2 S 248 S 250 S 240
N 1 476
V 0 41b28155fe74fe2b c11131f2bf755385 bf4dbc0896fa0f0b 41b28154a99927b9
V 1 3f758000059fffff c103daee97753750 bf412acf43826708 3f75800005a07fff
B 476 41b28155fe74fe2b 41b28154a99927b9
N 2 472
V 0 41b27c5f42cf2a1a c157066e4bd3f2da bf93edcb52a13f15 41b27a737374fee3
V 1 41b2864cba1ad23c c13b3f6967eeb42b bf7788c6470e8419 41b283f66d900b34
V 2 3f75d55560155554 c138ada1c6bc39ed bf755c1629caf37a 3f75d55560155554
V 3 3f752aaaab2aaaaa 41596c25d34f1ff2 3f95f530ef7a91d7 3f752aaaabaaaaaa
S 2 S 248 S 250 S 252
N 1 480
V 0 41b27f34f082850c c1107980fb6080d8 bf4c805d21b2935f 41b27f33b779f383
V 1 3f75800005dfffff c10305f4363d9550 bf40748ebf21bbd5 3f75800005e07fff
B 480 41b27f34f082850c 41b27f33b779f383
N 3 464
V 0 41b21d05ce39f46c c133af7262080326 bf716378b1d5978d 41b21cf00a81522b
V 1 41b2dbb8b7645fc8 c13b7b9a30103511 bf77513d5b4f69b8 41b2d289dd9d16f1
V 2 41b2ef93a5fbb00b c15d05c4794b0c3f bf9885d7e73f426f 41b2e8132926fce4
V 3 41b21d05ce39f46c 412f811f45b06759 3f6bd4209ddc9314 41b21cf00a81522b
V 4 3f760000113fffff c104bba56587a822 bf425060f259add2 3f760000113fffff
V 5 3f75aaaaaeeaaaaa 416a18168fded653 3fa6239c0eb94ec2 3f75aaaaaeeaaaaa
V 6 3f74555558555555 c162e954abaaf63d bf9ff571dc6be9ea 3f74555558555555
V 7 3f75fffffdffffff c1282c95fcd7586d bf655a89046c05b4 3f75fffffe07ffff
S 3 S 240 S 244 S 248
S 2 S 248 S 250 S 240
N 1 488
V 0 41b27d1f46f1ae0b c112a6a751be759e bf5023f0dee150b0 41b27d1db590a017
V 1 3f75800005a1ffff c105894b8a0ae750 bf42a32785cc317b 3f75800005a1ffff
B 488 41b27d1f46f1ae0b 41b27d1db590a017
N 2 484
V 0 41b277bcf40f348e c155ed371cee90b1 bf92ff280a0766c1 41b275fe8397290c
V 1 41b2828199d42788 c13a49b2eabccef2 bf76b933a3226ad5 41b2805443b81276
V 2 3f75d55560155554 c1378039dbd51aed bf745c50b90bb64c 3f75d55560555554
V 3 3f752aaaab2eaaaa 415886e50111338e 3f953385e8b9a66e 3f752aaaab2eaaaa
S 2 S 248 S 250 S 252
N 1 492
V 0 41b27b2963a79dc1 c111e69304e2fd42 bf4efeb89d23a66f 41b27b27f1c457a5
V 1 3f75800005c1ffff c104ab8041f7c750 bf41e51d07554181 3f75800005c1ffff
B 492 41b27b2963a79dc1 41b27b27f1c457a5
N 5 384
V 0 41b0c6d2551b5ede c1576e15fe0c5dca bf96586a1d91c094 41b0c4c63806819a
V 1 41b37fd3a52149d6 c139df9a3350a04e bf753af0747d7a04 41b3028e8b29f3e8
V 2 41b3dd98d762e894 c17dc77a38f9f1e5 bfb7fc09f468c8dc 41b37e11b6409477
V 3 41b0c6d2551b5ede 41511c21f1452d5c 3f90515c94e737cb 41b0c4c63806819a
V 4 41b37fd3a52149d6 4186824f50f4a05f 3fc27836940d2170 41b3028e8b29f3e8
V 5 41b3dd98d762e894 4171fa8aeb598fd0 3facf5e27371035b 41b37e11b6409477
V 6 41b0c6d2551b5ede c14083ea7022e4f3 bf7f8062069d6ada 41b0c4c63806819a
V 7 41b37fd3a52149d6 c18720bb33caf952 bfc2fa345b990956 41b3028e8b29f3e8
V 8 41b3dd98d762e894 c1853660c384845c bfc115b0ce962424 41b37e11b6409477
V 9 41b0c6d2551b5ede 41354b02a18860b8 3f744eaa32d4d65d 41b0c4c63806819a
V 10 41b37fd3a52149d6 417a19544ae06f99 3fb56a4e7d694f6e 41b3028e8b29f3e8
V 11 41b3dd98d762e894 41827f2faa9e1a03 3fbdcb8cc84e09c7 41b37e11b6409477
V 12 41b0c6d2551b5edf c1530e22d4b97243 bf922c4f959edb51 41b0c4c63806819b
V 13 41b37fd3a52149d6 c17cc9bea9b16c66 bfb79f2e11b80b58 41b3028e8b29f3e8
V 14 41b3dd98d762e894 c15c627ea6aa9609 bf96dc8552e3ceb1 41b37e11b6409477
V 15 41b0c6d2551b5ede 4157212447bfbe3d 3f960f0846b2a38d 41b0c4c63806819a
V 16 3f78000000ffffff c1088b6c91415155 bf47688b1efc780b 3f78000000ffffff
V 17 3f76aaaaaaaaaaaa 4188b2d0f7613dad 3fc44421c326e94a 3f76aaaaaaaaaaaa
V 18 3f71555597555555 c17fcb8107192c34 bfb99ba71dca46c0 3f71555597555555
V 19 3f77ffffffffffff c15006711d299991 bf8e910d624c38a0 3f77ffffffffffff
V 20 3f76aaaa9aaaaaaa 417465bcbb532e97 3fb0bca6aba089fd 3f76aaaa9aaaaaaa
V 21 3f71555555555555 c183d70398c74596 bfbff5655e42221e 3f71555555555555
V 22 3f7800001fffffff c155f0a6c0975959 bf94eca34aaf0098 3f7800001fffffff
V 23 3f76aaaaabaaaaaa 417168cf975fd1fb 3fac91feacb6e474 3f76aaaaabaaaaaa
V 24 3f71555555555555 c163c8bf08ce9f47 bf9fde69bbfb7055 3f71555555555555
V 25 3f77ffffdfffffff c156d486eaa64882 bf95c5f6e167a894 3f77ffffe03fffff
V 26 3f76aaaac6aaaaaa 4184fc39c98088e3 3fc1382211c64873 3f76aaaaa6aaaaaa
V 27 3f71555575555555 c177010e55745754 bfb2871d873acada 3f71555555555555
V 28 3f77ffffffffffff c14b4f3ee85a547a bf8a0b990035718d 3f780000007fffff
V 29 3f76aaaaaaaaaaaa 4184163bc42eefdc 3fc07b6a38c3d68f 3f76aaaaaaaaaaaa
V 30 3f71555555555555 c1857d904e01bb9a bfc14f06432d09bd 3f71555555555555
V 31 3f77ffffffffffff c12e8cacf5c0ba8d bf6d22a166e7178e 3f77ffffffffffff
S 5 S 192 S 208 S 224
S 4 S 224 S 232 S 192
S 3 S 240 S 244 S 224
S 2 S 248 S 250 S 240
N 1 524
V 0 41b251fc6973bb37 c11abdc0313763d3 bf575abcccc7bb82 41b251f928c0223c
V 1 3f758000030bffff c10ee0cac5cd1751 bf4af7a6c2f4c352 3f758000030bffff
B 524 41b251fc6973bb37 41b251f928c0223c
N 2 520
V 0 41b24a4436c2512e c15151d9cfcd0d64 bf8e4d6080a36cf7 41b2492af5c55cc0
V 1 41b259b49c252540 c1368f2471ed4f91 bf73ab6ef1f733f2 41b258169a7a3d27
V 2 3f75d5555fd55554 c132902fded731eb bf703d2a70e7fa94 3f75d55560155554
V 3 3f752aaaa642aaaa 41550c47fb615c52 3f925a1f90b8d2dc 3f752aaaa682aaaa
S 2 S 248 S 250 S 252
N 1 528
V 0 41b250a0c81fccf4 c119d7d1002c8aae bf5693990434e3d1 41b2509dbe3205b2
V 1 3f758000034bffff c10dd74969e5c151 bf4a11b460cb72d0 3f758000034bffff
B 528 41b250a0c81fccf4 41b2509dbe3205b2
N 3 512
V 0 41b2028b2c5de2e4 c13e9d2a5d4f4ee3 bf7b3286a5704ff8 41b202563b9333e8
V 1 41b291fd4126bf78 c136c0f9d0a642c4 bf739ac0ef61b3b7 41b28b98d5a73483
V 2 41b2b0de0bec679c c155d4bf24ccc77e bf92b0257e94653d 41b2ac9127945830
V 3 41b2028b2c5de2e5 41387f4b0f312a1d 3f75c3684ad98147 41b202563b9333e9
V 4 3f76000010bfffff c1101f21307ee6c7 bf4ca5124bbf6dd8 3f76000010bfffff
V 5 3f75aaaaaeeaaaaa 41659aa2b19c3825 3fa29d26ff7d0ea8 3f75aaaaaeeaaaaa
V 6 3f7455554c655555 c15c73657d54f606 bf985ad230d6486b 3f7455554e655555
V 7 3f760000001fffff c132cc21ece0b42c bf70b3175c4351f4 3f760000002fffff
S 3 S 240 S 244 S 248
S 2 S 248 S 250 S 240
N 1 536
V 0 41b24f359d187d21 c11c8d88141bcd45 bf58f38fe53137a7 41b24f31e72ef438
V 1 3f758000038fffff c1107c28f6a44fa8 bf4ccfb8ace0d4e7 3f758000038effff
B 536 41b24f359d187d21 41b24f31e72ef438
N 2 532
V 0 41b246f7889d3436 c15092a90eb183ba bf8d041bc4354cb4 41b245f5d4b6f7be
V 1 41b25773b193c60c c136078708ad8c11 bf73378c792b970c 41b255e8b6948137
V 2 3f75d5555fd55554 c131c3450a77b4d8 bf6f196c332a4ace 3f75d5555f955554
V 3 3f752aaaa74aaaaa 41548dc03246e069 3f91ee005ec92eb4 3f752aaaa74aaaaa
S 2 S 248 S 250 S 252
N 1 540
V 0 41b24def45a5bc7a c11b9fc2729955cf bf58257647b6ddf0 41b24debcc49a02b
V 1 3f758000036fffff c10fe5c3bb37e550 bf4be1bccf54da16 3f758000036fffff
B 540 41b24def45a5bc7a 41b24debcc49a02b
N 4 496
V 0 41b1e3aa61983ac1 c171e46e9aca2538 bfb000af7ffd5bd2 41b1d1b180815a07
V 1 41b2216bf7238b08 c136cd796d2de6f8 bf741f809785b2ac 41b2073b88da285c
V 2 41b3405020b54430 c1445bfdd7e00119 bf80ebc512a5bc39 41b33f8a04fc797a
V 3 41b1e3aa61983ac1 416af647d641fbf1 3fa81d51f1ecff3f 41b1d1b180815a07
V 4 41b2216bf7238b08 41738b14099d25aa 3fb13f285a5509f6 41b2073b88da285c
V 5 41b3405020b54430 413b50667839a466 3f76b37efcf4ccc1 41b33f8a04fc797a
V 6 41b1e3aa61983ac2 c1570df68bd3e12b bf949ea5cb7d778b 41b1d1b180815a08
V 7 41b2216bf7238b08 c174a250fcff7321 bfb23594fac9236a 41b2073b88da285c
V 8 3f77555555d55554 c132c37a6116c98e bf70c82ce1125c83 3f77555554d55554
V 9 3f74aaaacbaaaaaa 4175be6a5bced0ca 3fb3304bcac4ee60 3f74aaaacbaaaaaa
V 10 3f73fffff8000000 c147372329b790c1 bf834b6fd25c4095 3f73fffff8000000
V 11 3f77555565d55554 c167a5233c4738bd bfa525db3e9ce85d 3f77555565d55554
V 12 3f74aaaa9acaaaaa 4163467d86655e97 3fa102a12c21e377 3f74aaaa9acaaaaa
V 13 3f73fffffe000000 c14bb197b0d75132 bf8704462b919616 3f73fffffe000000
V 14 3f77555555955554 c170faa7d7d4cd2b bfae5f327ea0734c 3f77555555955554
V 15 3f74aaaaaaaaaaaa 415c046b4cc2af23 3f98b9934c757ee7 3f74aaaaaeaaaaaa
S 4 S 224 S 232 S 240
S 3 S 240 S 244 S 224
S 2 S 248 S 250 S 240
N 1 556
V 0 41b2413b64c16f44 c1172ee2dea710fd bf5451d0f1eb5b40 41b24138f0a8cb04
V 1 3f758000036bffff c10ac5042c8c1d51 bf47768a3ac64c74 3f758000036bffff
B 556 41b2413b64c16f44 41b24138f0a8cb04
N 2 552
V 0 41b23a8a23b65579 c152daa3cf9df7d7 bf908c86b059ca7d 41b2393bb92aa3e9
V 1 41b247eca5cc890e c137ac05c99f2288 bf74b7e67c1bef04 41b246230e9202f8
V 2 3f75d5555f955554 c134352d52741832 bf71bcb1eccadc8d 3f75d5555fd55554
V 3 3f752aaaa742aaaa 41561613fc227592 3f93549b3b95ffea 3f752aaaa742aaaa
S 2 S 248 S 250 S 252
N 1 560
V 0 41b23faf63de5370 c116598aa92a58a9 bf53987bf46e89d6 41b23fad1bec9f1a
V 1 3f758000038bffff c109ceaacee31151 bf46a089795009fd 3f758000038bffff
B 560 41b23faf63de5370 41b23fad1bec9f1a
N 3 544
V 0 41b1ec7684adc132 c13a8a6346b908fe bf77b12bc5a20d7a 41b1ec4e897ac25b
V 1 41b2889dc2bee9c0 c137e0507646b06b bf749cb9d38d2f34 41b281905ab98af7
V 2 41b2a362c6eb50eb c157c3d8af9b3cfd bf9466aece6651a7 41b29e46818c1637
V 3 41b1ec7684adc132 41353cdd062c99b6 3f72f5583e169e8e 41b1ec4e897ac25b
V 4 3f760000103fffff c10bf3fc28ac4b30 bf48f3f59321496f 3f760000103bffff
V 5 3f75aaaaaeeaaaaa 4166ab745e42ab8a 3fa39216cb614394 3f75aaaaae6aaaaa
V 6 3f7455554c655555 c15ef89f7eff5adf bf9a9655318f575d 3f7455554e655555
V 7 3f760000021fffff c1304bda1c6ead3c bf6d1834696d4acb 3f760000021fffff
S 3 S 240 S 244 S 248
S 2 S 248 S 250 S 240
N 1 568
V 0 41b23e1cfbcec979 c118dd6b0554212f bf55cee5272e0484 41b23e1a28cbd790
V 1 3f75800003caffff c10cb626d2b03350 bf492e926f7fd7e5 3f75800003c9ffff
B 568 41b23e1cfbcec979 41b23e1a28cbd790
N 2 564
V 0 41b236ef721a26a9 c152057b2e5d8a10 bf8fa91e0698887d 41b235bdadc1c9e4
V 1 41b2454a85836c49 c13707e4d2976bb8 bf742b27cd611b02 41b24399234f1c22
V 2 3f75d5555f535554 c13350b6d7414ea5 bf70f784ee7bf4f6 3f75d5555f535554
V 3 3f752aaaa842aaaa 41557cf19f762a42 3f92d14a25f66d11 3f752aaaa842aaaa
S 2 S 248 S 250 S 252
N 1 572
V 0 41b23cab68887303 c11800612a329cf8 bf550eb231308d07 41b23ca8c6a784cd
V 1 3f75800003caffff c10bb6eb1ac96f50 bf4850a3c006e092 3f75800003cbffff
B 572 41b23cab68887303 41b23ca8c6a784cd
N 7 0
V 0 41aaaab733d55555 c18554f729c2ebe5 bfc9991c8ff17c2f 41a999ab601a6880
V 1 41b5555b80400000 c13656fb5a1c6f23 bf70c137ab88f81e 41b0000dbb8c1cc5
V 2 41b800003eaaaaaa c1967108984bd444 bfcdec0b279936c9 41b55555ac12f62a
V 3 41aaaab733d55555 417e6a28014d3dea 3fc23fa906446e82 41a999ab601a6880
V 4 41b5555b80400000 41a3a44dbb142a61 3fdd766c140a9e82 41b0000dbb8c1cc5
V 5 41b800003eaaaaaa 4188f982cbf3e1d4 3fc0a65707292518 41b55555ac12f62a
V 6 41aaaab733d55555 c17001164acd4c7e bfb334781f5d9d66 41a999ab601a6880
V 7 41b5555b80400000 c1a3c67ff81c5dac bfdda9b760c28d64 41b0000dbb8c1cc5
V 8 41b800003eaaaaaa c19f553f66e45688 bfd4e37f6362a5f4 41b55555ac12f62a
V 9 41aaaab733d55555 416154ce485317f1 3fa4cc20f65ae452 41a999ab601a6880
V 10 41b5555b80400000 419769c0f4747449 3fd18f4ba3b6cc01 41b0000dbb8c1cc5
V 11 41b800003eaaaaaa 419ac06770a5494d 3fd1d59a1c87903f 41b55555ac12f62a
V 12 41aaaab733d55555 c181a3ce0ad5aadd bfc52aed4ccd9c43 41a999ab601a6880
V 13 41b5555b80400000 c197fe5a3b5967aa bfd1febe78aa02a3 41b0000dbb8c1cc4
V 14 41b800003eaaaaaa c177f193781cde13 bfafecc44cca7ce0 41b55555ac12f629
V 15 41aaaab733d55555 4184f4c03a25b9f0 3fc925a7a6ae8a90 41a999ab601a6880
V 16 41b5555b80400000 41a5366d6cdfe290 3fdfd19af059958d 41b0000dbb8c1cc5
V 17 41b800003eaaaaaa 416b2d032dbba8c6 3fa21e01ef2ec0cd 41b55555ac12f629
V 18 41aaaab733d55555 c17acbb9d3a83cb0 bfc013ce569569b3 41a999ab601a6880
V 19 41b5555b80400000 c1a099d5a209d659 bfd8e6b9401280d4 41b0000dbb8c1cc6
V 20 41b800003eaaaaaa c19c18dce5ac21f5 bfd2bb3dbd89d8fc 41b55555ac12f629
V 21 41aaaab733d55555 41746b5e495e341a 3fb880cc0671eef8 41a999ab601a6880
V 22 41b5555b80400000 41881a137776f813 3fc213895fbd49c5 41b0000dbb8c1cc5
V 23 41b800003eaaaaaa 419eb2723bf1976c 3fd476f69d318bae 41b55555ac12f62a
V 24 41aaaab733d55555 c1845cd943282a7a bfc86f5fa0c849ef 41a999ab601a6880
V 25 41b5555b80400000 c189701f0ea14930 bfc31411c6f2972d 41b0000dbb8c1cc5
V 26 41b800003eaaaaaa c18db4e44467db33 bfc3cded4f39c2f0 41b55555ac12f62a
V 27 41aaaab733d55555 4182e533ed6ab25e 3fc6ac9a0dcc7dd1 41a999ab601a6880
V 28 41b5555b80400000 41a061254c5b38a6 3fd891b0d822016d 41b0000dbb8c1cc4
V 29 41b800003eaaaaaa 41948094f9ed7bd6 3fcb561bb0867943 41b55555ac12f62a
V 30 41aaaab733d55555 c14eace10ab56f56 bf9267b192b12dcd 41a999ab601a6880
V 31 41b5555b80400000 c1a53f2fa884b410 bfdfdebe460471a0 41b0000dbb8c1cc5
V 32 41b800003eaaaaaa c19ff29187d53efb bfd54c60cd9c10c8 41b55555ac12f629
V 33 41aaaab733d55555 4143894db931e38b 3f877185728fe3e1 41a999ab601a6880
V 34 41b5555b80400000 419c64b1f96301bb 3fd54b7f52f790d3 41b0000dbb8c1cc5
V 35 41b800003eaaaaaa 4197e2acd50cc65d 3fcfd8e61e3e3dd9 41b55555ac12f62a
V 36 41aaaab733d55555 c183358d4566f789 bfc70d0516db1961 41a999ab601a6880
V 37 41b5555b80400000 c1928e9ff9bfa575 bfcbd5e7ea76ecb1 41b0000dbb8c1cc5
V 38 41b800003eaaaaaa c185113696b345ca bfbc16f32a4153e7 41b55555ac12f62a
V 39 41aaaab733d55555 418424ca958681f4 3fc82c1af00c055d 41a999ab601a6880
V 40 41b5555b80400000 41a4a695b7e91ff5 3fdef9d79f486e5e 41b0000dbb8c1cc5
V 41 41b800003eaaaaaa 41800ee0442bea75 3fb5692acda7f384 41b55555ac12f62a
V 42 41aaaab733d55555 c175a259cbd90622 bfb9f5f926cb15ee 41a999ab601a6880
V 43 41b5555b80400000 c1a2631d56672754 bfdb94a4085092ab 41b0000dbb8c1cc5
V 44 41b800003eaaaaaa c1998bbb1ed74286 bfd107d1e8178843 41b55555ac12f62a
V 45 41aaaab733d55555 4179b1f5714390eb 3fbed57e6fa46c82 41a999ab601a6880
V 46 41b5555b80400000 4177a8ea31649b7e 3fb1beaa83b8ee8b 41b0000dbb8c1cc5
V 47 41b800003eaaaaaa 419fb0e524c73995 3fd520988c0509da 41b55555ac12f62a
V 48 41aaaab733d55555 c185134d9751ffcf bfc94a5138746164 41a999ab601a6880
V 49 41b5555b80400000 c17a6c0cd53d3232 bfb3d103e5475253 41b0000dbb8c1cc5
V 50 41b800003eaaaaaa c192d9f93c9c3d92 bfc922a164841e76 41b55555ac12f62a
V 51 41aaaab733d55555 41813ce74c1fa04f 3fc4af723b98e52b 41a999ab601a6880
V 52 41b5555b80400000 41a2352cc2ae4c49 3fdb4fbb3ea7631f 41b0000dbb8c1cc5
V 53 41b800003eaaaaaa 4190acdf6fff1a5d 3fc63bd45b462355 41b55555ac12f62a
V 54 41aaaab733d55555 c1640e44853261c0 bfa81113b5f5593c 41a999ab601a6880
V 55 41b5555b80400000 c1a4bc4c1d87935e bfdf1a692e4ba670 41b0000dbb8c1cc5
V 56 41b800003eaaaaaa c19e0a4a82ed7fbe bfd406dc22fe32cf 41b55555ac12f62a
V 57 41aaaab733d55555 416d673e0309cba5 3fb1a4501d230a97 41a999ab601a6880
V 58 41b5555b80400000 4191ed10c9eb43c4 3fcae39168c832a8 41b0000dbb8c1cc5
V 59 41b800003eaaaaaa 419d09e2bf66648c 3fd35bec4d0d2123 41b55555ac12f62a
V 60 41aaaab733d55555 c17f609bd0d8dd30 bfc2d387d6e1bae5 41a999ab601a6880
V 61 41b5555b80400000 c19ce91ddcc846ce bfd5aed020ccff2f 41b0000dbb8c1cc5
V 62 41b800003eaaaaaa c154f027c003c1d8 bf8beadf61ca65da 41b55555ac12f62a
V 63 41aaaab733d55555 418550946c20bd63 3fc993d948750369 41a999ab601a6880
V 64 3f7fffffffffffff c11656d65cc27c65 bf5ace8e3bac8203 3f7fffffffffffff
V 65 3f7aaaaaaaaaaaaa 41a5551a7fa02593 3fdfff9e7f2c68be 3f7aaaaab2aaaaaa
V 66 3f55555555555555 c196cfd06261f30c bfce6a6ade6cbb3e 3f55555955555555
V 67 3f7fffffffffffff c17debc9602e11a1 bfc1f3d6c93cbd9e 3f7fffffffffffff
V 68 3f7aaaaaaaaaaaaa 4190a64e0144aaf8 3fc8f96dc98257eb 3f7aaaaaaaaaaaaa
V 69 3f55555555555555 c19d7684dd1b71db bfd3a458601e0fd0 3f55555955555555
V 70 3f7fffffffffffff c183c65f3682eae1 bfc7bacd8017c25f 3f7fffffdfffffff
V 71 3f7aaaaaaaaaaaaa 41900130cd82bd87 3fc801c24379ef82 3f7aaaabaaaaaaaa
V 72 3f55555555555555 c179ff6ed708a878 bfb154f46219b950 3f55555555555555
V 73 3f7fffffffffffff c184e35177c55c08 bfc910bc60dd2d14 3f7fffffffffffff
V 74 3f7aaaaaaaaaaaaa 41a1d5907246c733 3fdac050ef82849e 3f7aaaaaaaaaaaaa
V 75 3f55555555555555 c1918f5a69644f10 bfc769cda4b89793 3f55555555555555
V 76 3f7fffffffffffff c177fe327d19b581 bfbcca9573a98e9e 3f80000010000000
V 77 3f7aaaaaaaaaaaaa 41a1a3eb431858c5 3fda75d93e44579c 3f7aaaaaaaaaaaaa
V 78 3f55555555555555 c19f6f65c42feb32 bfd4f4ee4c122e94 3f55555455555555
V 79 3f7fffffffffffff c15fec7e1dfce296 bfa32775ddb61de9 3f7fffffefffffff
V 80 3f7aaaaaaaaaaaaa 41721df81dc2dd8a 3fab2cec51567607 3f7aaaaaaaaaaaaa
V 81 3f55555555555555 c19fd1b5b4d6d166 bfd53678ebd64fdd 3f55555555555555
V 82 3f7fffffffffffff c18099ba228f13ba bfc3eba2cc2b2e68 3f7fffffffffffff
V 83 3f7aaaaaaaaaaaaa 419acbe6368df817 3fd418e6d97b747f 3f7aaaaaaaaaaaaa
V 84 3f55555555555555 c18ea15113ca82fe bfc46b8b2d354f7b 3f55555555555555
V 85 3f7fffffffffffff c182bb148ff5b4ca bfc67a0e1bcfe0a9 3f7fffffffffffff
V 86 3f7aaaaaaaaaaaaa 41a476eb8605209c 3fdeb258691e0b7e 3f7aaaaaaaaaaaaa
V 87 3f55555555555555 c182139894ae3662 bfb81a20874ebab0 3f55555555555555
V 88 3f7fffffffffffff c1696ff4ebf3accd bfae864ac1b33478 3f80000010000000
V 89 3f7aaaaaaaaaaaaa 41a45cfafe08bc80 3fde8b6fa86331c4 3f7aaaabaaaaaaaa
V 90 3f55555555555555 c19c580c7d5a306a bfd2e55d778fe51d 3f55555555555555
V 91 3f7fffffffffffff c173cdc1c5bece05 bfb7c3aa27cebee0 3f7fffffffffffff
V 92 3f7aaaaaaaaaaaaa 419b560ce005a5bc 3fd48083baa0a6cf 3f7aaaa8aaaaaaaa
V 93 3f55555555555555 c19891c58357a050 bfd0612e2ccae416 3f55555555555555
V 94 3f7fffffffffffff c1853f0c76f61669 bfc97ecfc5bf1ec7 3f7ffffff7ffffff
V 95 3f7aaaaaaaaaaaaa 416ead13db22a24b 3fa701c83d911294 3f7aaaaaaaaaaaaa
V 96 3f55555555555555 c15d4e354dc87b21 bf938978ab8241ac 3f55555555555555
V 97 3f7fffffffffffff c1854c31fb701ddf bfc98e965d4d7139 3f7fffffffffffff
V 98 3f7aaaaaaaaaaaaa 419fd8d4dbeaaf57 3fd7e298bd283509 3f7aaaa8aaaaaaaa
V 99 3f55555555555555 c1954b913d0c4e97 bfcc64c15c978c58 3f55555555555555
V 100 3f7fffffffffffff c1728e813cc8f729 bfb644909df299a5 3f80000010000000
V 101 3f7aaaaaaaaaaaaa 41a335ad1722e6c6 3fdcd07b4e1a4423 3f7aaaaaaaaaaaaa
V 102 3f55555555555555 c19e37729c4b16e2 bfd424f6de4351c5 3f55555555555555
V 103 3f7fffffffffffff c16c16b569f92b91 bfb0da64ed04b858 3f7fffffffffffff
V 104 3f7aaaaaaaaaaaaa 4185691f3342156e 3fc00ed2c1f87788 3f7aaaa9aaaaaaaa
V 105 3f55555555555555 c19ef9f1ae438104 bfd4a6a0e8ebb1dc 3f55555555555555
V 106 3f7fffffffffffff c18262fee1793658 bfc6105aaf51530f 3f7fffffdfffffff
V 107 3f7aaaaaaaaaaaaa 4195a27da1f253c5 3fd039d9888c2fcf 3f7aaaaaaaaaaaaa
V 108 3f55555555555555 c19345a2a504f76c bfc9b22dee439914 3f55555555555555
V 109 3f7fffffffffffff c18107ac77b62527 bfc46f922787b637 3f7fffffbfffffff
V 110 3f7aaaaaaaaaaaaa 41a5208d18ea3f4c 3fdfb0ca7be5c4c2 3f7aaaaaaaaaaaaa
V 111 3f55555555555555 c171beb9714ba20d bfa7a8f703f2c4dd 3f55555555555555
V 112 3f7fffffffffffff c15a6be11160f7b5 bf9fb498c6e6aab3 3f7fffffefffffff
V 113 3f7aaaaaaaaaaaaa 41a51370806bf009 3fdf9d1f9cd7ed58 3f7aaaaaaaaaaaaa
V 114 3f55555555555555 c199db940dbc91d3 bfd13d0d317abec5 3f55555555555555
V 115 3f7fffffffffffff c179226a22f660ad bfbe293dfc413876 3f7fffffffffffff
V 116 3f7aaaaaaaaaaaaa 41963bc84eb0ae19 3fd0acd168ddf3ce 3f7aaaaaaaaaaaaa
V 117 3f55555555555555 c19b4fd23873fa88 bfd23536a0c25f7f 3f55555155555555
V 118 3f7fffffffffffff c184bc29c4c87bc0 bfc8e1c00690f76a 3f7fffffefffffff
V 119 3f7aaaaaaaaaaaaa 41840e65be02b9d7 3fbe158fea6e3c4f 3f7aaaaaaaaaaaaa
V 120 3f55555555555555 c1860d9f36bcba0e bfbd677ea6df2d60 3f55555555555555
V 121 3f7fffffffffffff c18406b01c68cc7e bfc807fb3c7d3f7a 3f7fffffffffffff
V 122 3f7aaaaaaaaaaaaa 41a35be1cf44b977 3fdd09ca51bb7d33 3f7aaaaaaaaaaaaa
V 123 3f55555555555555 c18ae3a8079b77f1 bfc1ed1a80ee51df 3f55555555555555
V 124 3f7fffffffffffff c17ce8edf97d74db bfc15886a16f55c3 3f7fffffffffffff
V 125 3f7aaaaaaaaaaaaa 419f60cfca921648 3fd788950a2be206 3f7aaaacaaaaaaaa
V 126 3f55555555555555 c19ff9253f634b04 bfd550c347ef508f 3f55555595555555
V 127 3f7fffffffffffff c13beaa201541ccf bf80bff2eddd0315 3f7ffffffbffffff
S 7 S 0 S 64 S 128
S 6 S 128 S 160 S 0
S 5 S 192 S 208 S 128
S 4 S 224 S 232 S 192
S 3 S 240 S 244 S 224
S 2 S 248 S 250 S 240
N 1 700
V 0 41b0a66e1284bc2c c1327978dfd186b4 bf71c0ce6090a29d 41b0a652bd998c79
V 1 3f757ffffdefffff c125551fc224a2d4 bf647fe3df025c99 3f757ffffdefffff
B 700 41b0a66e1284bc2c 41b0a652bd998c79
N 2 696
V 0 41b09118f2c2a0c6 c138ba700fb1b0f8 bf77e1dbf90c1c0c 41b090f1634611c0
V 1 41b0bbc33246d792 c131ab1f1b1a7155 bf70e4de1cc15bfa 41b0baacb3580479
V 2 3f75d55563d55554 c11a80f15625f177 bf5998d08aa5f15c 3f75d55563cd5554
V 3 3f752aaa980aaaaa 41507c213bbc8f87 3f8f865017682216 3f752aaa980aaaaa
S 2 S 248 S 250 S 252
N 1 704
V 0 41b0a5cf0b4f0b1c c132120297d3fda3 bf715e0826f26fb1 41b0a5b4e43203b0
V 1 3f757ffffdebffff c124dda809029954 bf640dd5da7a3cef 3f757ffffde3ffff
B 704 41b0a5cf0b4f0b1c 41b0a5b4e43203b0
N 3 688
V 0 41b0777f3266a982 c1552667440e3c55 bf948cebcb0c38cc 41b075c5054d594c
V 1 41b0aab2b31e980b c131d226be90cd69 bf711ba211a47a0b 41b0a65442d37e3f
V 2 41b10007322705a2 c13f2b57966c2792 bf7d55ebaa3d2e01 41b0ff6cfcc7f440
V 3 41b0777f3266a982 4150ec99dbe2bb93 3f9071c8db0e207d 41b075c5054d594c
V 4 3f7600002b7fffff c126468ecdd53231 bf65a4e83d6aca1c 3f7600002b9fffff
V 5 3f75aaaa9c2aaaaa 4160eb9f5ac825cb 3fa03e53b61d8a29 3f75aaaa9c2aaaaa
V 6 3f74555521555555 c1444f70c90551ec bf831d8f3c6553dd 3f74555521555555
V 7 3f7600000ebfffff c149f90b1a245052 bf893c900a9ecf4b 3f7600000f3fffff
S 3 S 240 S 244 S 248
S 2 S 248 S 250 S 240
N 1 712
V 0 41b0a452d28d8946 c1334a3bef415586 bf728bc35c75efe9 41b0a4350288612e
V 1 3f757ffffe17ffff c126462e7d26bcd4 bf656a3ea0e4b5f4 3f757ffffe1fffff
B 712 41b0a452d28d8946 41b0a4350288612e
N 2 708
V 0 41b08e0ca4106bc6 c13773d3fa9d74c2 bf76aa980ccdedc1 41b08de90817eaf9
V 1 41b0ba99010aa6c6 c131d06323ff3cb0 bf7109af9cc586b2 41b0b97dd2c43e0c
V 2 3f75d55563e55554 c11922e22d3fc875 bf584b33920d26c3 3f75d55563e55554
V 3 3f752aaa984aaaaa 41509ee634f9c0a1 3f8fcb045061f361 3f752aaa984aaaaa
S 2 S 248 S 250 S 252
N 1 716
V 0 41b0a3b36d6e1482 c132df0852e44592 bf72256011ef503b 41b0a396e41ad4ad
V 1 3f757ffffe17ffff c125ca655632c654 bf64f4046fc027d5 3f757ffffe0fffff
B 716 41b0a3b36d6e1482 41b0a396e41ad4ad
N 4 672
V 0 41b0222ab35e3bec c1598bb82540f9dd bf99559e977bb13c 41b01fa0bb6a4edb
V 1 41b0ccd3b16f1718 c131dbf0b26120f4 bf71023396f59c1e 41b0bb7d708d0bca
V 2 41b1333ab2def42a c15c2189e0952e26 bf9a2b0fa3d8f66e 41b12c9d672f81ab
V 3 41b0222ab35e3bec 41533f5f06882689 3f93169c099cc234 41b01fa0bb6a4edb
V 4 41b0ccd3b16f1719 416e9cdfb1332880 3fad27a481a3d8dc 41b0bb7d708d0bcb
V 5 41b1333ab2def42a 4152dec96c815a58 3f918db9abeff321 41b12c9d672f81ab
V 6 41b0222ab35e3bec c1407544c9159b58 bf80526a18514a84 41b01fa0bb6a4edb
V 7 41b0ccd3b16f1719 c17029233b1f53ef bfaec8367a0028e3 41b0bb7d708d0bcb
V 8 3f775555b2555554 c11aca2c712f9dc8 bf5a91707a8c5d81 3f775555b2555554
V 9 3f74aaaaa4aaaaaa 417107a5407011eb 3fb038047135c25c 3f74aaaaa4aaaaaa
V 10 3f74000000000000 c16009e3f51b51fa bf9dd6d0ade408ba 3f74000000000000
V 11 3f77555538555555 c150e13045860517 bf90bd710861879f 3f77555539555555
V 12 3f74aaaa6eaaaaaa 415e316fdb0d8f33 3f9cc1528a56f27b 3f74aaaa72aaaaaa
V 13 3f73ffffd4000000 c16321eeecf97c87 bfa1cc2fccad633d 3f73ffffd6000000
V 14 3f77555531555554 c1583df1d5918369 bf980a9b228c9dfd 3f77555531d55554
V 15 3f74aaaaec2aaaaa 4155f179d7204dc7 3f94e5f18f1d30a4 3f74aaaaec2aaaaa
S 4 S 224 S 232 S 240
S 3 S 240 S 244 S 224
S 2 S 248 S 250 S 240
N 1 732
V 0 41b09d52aa48a268 c130df60d8120ea8 bf703f9cb37ffac9 41b09d3bd1abc6e2
V 1 3f757ffffedfffff c1237b96a460db54 bf62c31b39a1a42c 3f757ffffedfffff
B 732 41b09d52aa48a268 41b09d3bd1abc6e2
N 2 728
V 0 41b089d713a44aca c13b514b4d49401a bf7a6d9d7793dd1d 41b089a6b70b8572
V 1 41b0b0ce40ecfa07 c131679cffc3d361 bf70af3e3f184580 41b0afbf50e11374
V 2 3f75d55564155554 c11d4763dc2b4977 bf5c535d4a62e94d 3f75d555641d5554
V 3 3f752aaa99aaaaaa 41503d24cee5deb6 3f8f223f8b84c6b8 3f752aaa99aaaaaa
S 2 S 248 S 250 S 252
N 1 736
V 0 41b09cb303f64c73 c1307f0004bf8636 bf6fc6ca4d3877cb 41b09c9d2c9e2424
V 1 3f757ffffee3ffff c1230c4cead03dd4 bf62589f92f33657 3f757ffffedbffff
B 736 41b09cb303f64c73 41b09c9d2c9e2424
N 3 720
V 0 41b06d8f15fbad52 c15350eb3f4ba979 bf92d01954fd3742 41b06c1d6562589a
V 1 41b0a61f114ce843 c1318e0f82d02216 bf70dee62ca50ee0 41b0a1e099a00a5e
V 2 41b0f40d6bde46bb c141376d5b8d7e3d bf803f960a3c857e 41b0f350b56bfdbf
V 3 41b06d8f15fbad53 414ee9d70419d2e1 3f8e1bad3756c960 41b06c1d6562589b
V 4 3f7600002b7fffff c124581661a41f69 bf63d06961d2a3ba 3f7600002b7fffff
V 5 3f75aaaa9caaaaaa 4160aaf8ef2ba69a 3fa004a976a287c5 3f75aaaa9c2aaaaa
V 6 3f74555524555555 c1466fdef5213e9b bf852ce0cda8094a 3f74555524155555
V 7 3f7600000effffff c147b880c089373b bf871a4eec021cf3 3f7600000effffff
S 3 S 240 S 244 S 248
S 2 S 248 S 250 S 240
N 1 744
V 0 41b09b5b06742e54 c131a1bf773688b0 bf70fccdc8fed5a2 41b09b4210ac7d62
V 1 3f757ffffeafffff c1245c06f3061554 bf639d90eee9c83e 3f757ffffeafffff
B 744 41b09b5b06742e54 41b09b4210ac7d62
N 2 740
V 0 41b086feff81317c c139f71dfc3c56b4 bf792307fbd72766 41b086d346c34e13
V 1 41b0afb70d672b2d c1317f088fdf3346 bf70c6ca5ae4ea81 41b0aea53062f204
V 2 3f75d55563d55554 c11bd45bd1b53769 bf5af10baf06afe7 3f75d55563d55554
V 3 3f752aaa998aaaaa 415052febe9af9e4 3f8f4e30261553fe 3f752aaa99caaaaa
S 2 S 248 S 250 S 252
N 1 748
V 0 41b09abc3b93200c c1313e17f869b0be bf709d696a565426 41b09aa45bef4dbe
V 1 3f757ffffecfffff c123e8f4cfdb3554 bf632f6ab81a0422 3f757ffffecfffff
B 748 41b09abc3b93200c 41b09aa45bef4dbe
N 5 640
V 0 41af778763dcbdb8 c175523339d7d34b bfb5aeab4aa2c5f7 41af3dae3e76d354
V 1 41b08891b4ce18fd c131de63b06693e5 bf714aca7e043619 41b0421a64b0861a
V 2 41b1dde3b0efcf56 c161801810f1a2ec bf9f5802518611f4 41b1d4b80941b71a
V 3 41af778763dcbdb6 416f23c1a95203ec 3fafaacef3ea4fbf 41af3dae3e76d352
V 4 41b08891b4ce18fd 417f1720bcccf4dc 3fbe16510d9c1c6a 41b0421a64b0861b
V 5 41b1dde3b0efcf56 4155218efd3f430e 3f92ec5b50600404 41b1d4b80941b71a
V 6 41af778763dcbdb8 c15e0eb98f1c6289 bf9e91155f25de78 41af3dae3e76d354
V 7 41b08891b4ce18fd c17ff1f21d638888 bfbeea12f5989a6a 41b0421a64b0861b
V 8 41b1dde3b0efcf56 c168ee8c30cb2f64 bfa653af94281047 41b1d4b80941b71a
V 9 41af778763dcbdb8 4153605dd79d8522 3f93b466d13d86a2 41af3dae3e76d354
V 10 41b08891b4ce18fd 41720641ba65b764 3fb1715f387a9763 41b0421a64b0861a
V 11 41b1dde3b0efcf56 4165bd75c1d5c98b 3fa377f81f541be6 41b1d4b80941b71a
V 12 41af778763dcbdb8 c171570e7c318c24 bfb1a2428d8f3203 41af3dae3e76d354
V 13 41b08891b4ce18fd c173e1b0a2254c36 bfb33d76f873f714 41b0421a64b0861b
V 14 41b1dde3b0efcf56 c140ae4e458d2353 bf7de0455071db55 41b1d4b80941b71a
V 15 41af778763dcbdb8 41750c2e7fa4bff8 3fb56776e561736e 41af3dae3e76d354
V 16 3f78000041ffffff c12655dae524dd6d bf66b6b913c2b01a 3f78000041ffffff
V 17 3f76aaab22aaaaaa 41810ea9211a51a1 3fc081c3ce3a68e3 3f76aaab24aaaaaa
V 18 3f71555555555555 c162af590243023c bfa0bb92da021516 3f71555555555555
V 19 3f77fffff4000000 c16d2a5d5ee3396d bfada8dacaace910 3f77fffff4000000
V 20 3f76aaaaaaaaaaaa 416c2c77c53a376c 3fab43bf9e65eb14 3f76aaaa9aaaaaaa
V 21 3f71555555555555 c167519337d59d8f bfa4e1dc8d4acc8d 3f71555555555555
V 22 3f78000048000000 c173f7192ecf05ef bfb44dafe0ae8eca 3f78000048000000
V 23 3f76aaaa28aaaaaa 41680bebf2487d3d 3fa7454b098824f8 3f76aaaa38aaaaaa
V 24 3f715554d5555555 c14740ce35f2a669 bf84d2d8163acdab 3f715554d5555555
V 25 3f78000008000000 c174c67687143c72 bfb520908ea69fa2 3f78000004000000
V 26 3f76aaaa62aaaaaa 417cfc5415b51e1f 3fbc0ce6f88ccc80 3f76aaaa62aaaaaa
V 27 3f71555545555555 c15b09a69d11d32f bf9836766332da36 3f71555541555555
V 28 3f77fffffbffffff c168d9f746db3f27 bfa945bef340ff1a 3f77fffff3ffffff
V 29 3f76aaaa66aaaaaa 417bbea77538843c 3fbad97a62a47596 3f76aaaa66aaaaaa
V 30 3f71555555555555 c1694237123ffbe3 bfa69e9c920cc64f 3f71555556555555
V 31 3f78000082ffffff c14bccbd35e9d637 bf8c454e50970a7f 3f78000086ffffff
S 5 S 192 S 208 S 224
S 4 S 224 S 232 S 192
S 3 S 240 S 244 S 224
S 2 S 248 S 250 S 240
N 1 780
V 0 41b082b26e11fac0 c135cacedd6a1bcd bf751e4d28219e92 41b0828c1420d3d8
V 1 3f757ffffd5fffff c12929da491c4cd5 bf6862a8bcc79407 3f757ffffd5fffff
B 780 41b082b26e11fac0 41b0828c1420d3d8
N 2 776
V 0 41b0698893c8e7b0 c133b6643933c95b bf7337a310abdbed 41b0696f337a7f18
V 1 41b09bdc485b0dd0 c1324eb98f6bfc64 bf71a2ec6d16cdbc 41b09aaf0847a699
V 2 3f75d55564155554 c11520b4c36a665d bf5498d9dc3a64bc 3f75d55564155554
V 3 3f752aaa96aaaaaa 415114c61862e2f6 3f90747b2374747c 3f752aaa966aaaaa
S 2 S 248 S 250 S 252
N 1 784
V 0 41b0820f1de112d8 c1355359e02a6557 bf74ab563c4681e4 41b081ea6278f156
V 1 3f757ffffd3fffff c1289fea669cfd55 bf67dde8d634587b 3f757ffffd3fffff
B 784 41b0820f1de112d8 41b081ea6278f156
N 3 768
V 0 41b055202b1a4422 c158f2bde2554cb3 bf9870b5f85af099 41b052b3dbe44d0c
V 1 41b07df0fc778b3e c132772a99cef28d bf71ea2772a1e394 41b079337217e49a
V 2 41b0e298659bd77e c138d8d65787fc40 bf778b65214bb0ed 41b0e235bc252040
V 3 41b055202b1a4422 4153f6aa53b1c014 3f938e9d5dc57980 41b052b3dbe44d0c
V 4 3f7600002bffffff c12a46a4ddca2e9f bf69bdb15ec7dcbf 3f7600002bffffff
V 5 3f75aaaa9c2aaaaa 4161884c990ebcab 3fa102698fc6f8f9 3f75aaaa9baaaaaa
V 6 3f7455551f555555 c14030cd612719cc bf7eaf0ddca22c49 3f7455551f555555
V 7 3f7600000dffffff c14ea31a567fafb4 bf8e036bd201ea61 3f7600000dffffff
S 3 S 240 S 244 S 248
S 2 S 248 S 250 S 240
N 1 792
V 0 41b08034398167bc c136bc2fb4dde676 bf760b8b64f5c3a1 41b0800a754aad46
V 1 3f757ffffd3fffff c12a409283582655 bf69749a98235551 3f757ffffd3fffff
B 792 41b08034398167bc 41b0800a754aad46
N 2 788
V 0 41b065f3a6fe18d3 c13297e2041d5686 bf722448b4bf958d 41b065dd0e784713
V 1 41b09a74cc04b6a6 c132923b224bdf14 bf71e577dcc6e622 41b0993eb418e32d
V 2 3f75d55563d55554 c113eda089035c13 bf5371ba8567b87b 3f75d55563d55554
V 3 3f752aaa96aaaaaa 415153c205e70770 3f90b2916abbc8e0 3f752aaa966aaaaa
S 2 S 248 S 250 S 252
N 1 796
V 0 41b07f8de1489520 c1363fb23b6c8298 bf7593aeabb78e61 41b07f65e0008bc8
V 1 3f757ffffd1fffff c129b0d2d05749d5 bf68ea32ed6b85d4 3f757ffffd1fffff
B 796 41b07f8de1489520 41b07f65e0008bc8
N 4 752
V 0 41afe0f183ebefc4 c1545d391a154ca3 bf94710fe2324eeb 41afddad629021ac
V 1 41b0b9c7943e9062 c132814f31d2aff3 bf71b3c3d97844a1 41b0a715411c85c6
V 2 41b10b6936f91e9a c16097689a4896a6 bf9f2636ae480c71 41b1021fa20998ef
V 3 41afe0f183ebefc5 414eafd651cb11d4 3f8ecdbb90f212c7 41afddad629021ad
V 4 41b0b9c7943e9062 416fb856488ae10f 3fae58022f857f60 41b0a715411c85c6
V 5 41b10b6936f91e9a 4156425131df0c08 3f94e518bdc3780a 41b1021fa20998ef
V 6 41afe0f183ebefc5 c13a3d53282ca75b bf7a56e34077bbd1 41afddad629021ad
V 7 41b0b9c7943e9062 c170bec79d8b2c72 bfb004c87f61c034 41b0a715411c85c6
V 8 3f775555b3555554 c1155b1543bf9071 bf556fe35c133d30 3f775555b3555554
V 9 3f74aaaaa4aaaaaa 4171a555fa61e192 3fb0e155f94bbc7e 3f74aaaaa5aaaaaa
V 10 3f73fffff8000000 c162eb3dc455dafc bfa1c26c8846cd2f 3f73fffff8000000
V 11 3f77555540555555 c14ae96262096698 bf8b039a19a48e51 3f77555540555555
V 12 3f74aaaa6caaaaaa 415f49039ee7c60c 3f9ded8408dd1003 3f74aaaa6caaaaaa
V 13 3f73ffffd2000000 c1669185a677068b bfa52f728ea12033 3f73ffffd4000000
V 14 3f7755552d555554 c1535326742dee01 bf9365fa0638aa0a 3f7755552d955554
V 15 3f74aaaaeeaaaaaa 4156bca99e0af2ff 3f95c01cffce69cc 3f74aaaaeeaaaaaa
S 4 S 224 S 232 S 240
S 3 S 240 S 244 S 224
S 2 S 248 S 250 S 240
N 1 812
V 0 41b078c063681eb6 c133f1ee1aaf800f bf735fb7472448da 41b078a02fede26c
V 1 3f757ffffdc7ffff c12707d1fa97dad4 bf665efc9563236e 3f757ffffdc7ffff
B 812 41b078c063681eb6 41b078a02fede26c
N 2 808
V 0 41b061b8916d9018 c135fc0ee9dc58ba bf7578ea2c7ec52e 41b06198f22e7142
V 1 41b08fc83562ad54 c131cfef4e57e507 bf71354ba69a9194 41b08eaa398de8ef
V 2 3f75d55564555554 c1179022790643c5 bf570393519b5cb6 3f75d55564515554
V 3 3f752aaa973aaaaa 41509e7a21bd7422 3f900e3258bcfa43 3f752aaa973aaaaa
S 2 S 248 S 250 S 252
N 1 816
V 0 41b0782195de2d18 c13383c9cbc82d1a bf72f5712f1892b3 41b07802c10a1320
V 1 3f757ffffdc5ffff c12688a3afc51354 bf65e445b1367758 3f757ffffdc5ffff
B 816 41b0782195de2d18 41b07802c10a1320
N 3 800
V 0 41b04af5f9324b4e c156d56173974a8b bf966c53b86430b7 41b048ed198c0fb2
V 1 41b0787b29a8d4e3 c131f74843feb223 bf7173dcf2be8436 41b073fce8035936
V 2 41b0d49a71930f5a c13bb6031df4c3c7 bf7a57f747d1b22a 41b0d41f53fa4d27
V 3 41b04af5f9324b4e 41524577faf3dcfb 3f91f167a3a6bc32 41b048ed198c0fb2
V 4 3f7600002c7fffff c1280c78c29415f2 bf679dd3beb54b98 3f7600002c7fffff
V 5 3f75aaaa9c2aaaaa 41610ee08e0a2cbe 3fa0921942516154 3f75aaaa9caaaaaa
V 6 3f74555520555555 c1420e8c5f76c11c bf812a7429d4cfcf 3f74555520555555
V 7 3f7600000e1fffff c14c0a4bbfd09037 bf8b894978ed25b0 3f7600000e9fffff
S 3 S 240 S 244 S 248
S 2 S 248 S 250 S 240
N 1 824
V 0 41b0767d9bc57170 c134d05006e7891d bf743a81bc166daf 41b0765a85c5882c
V 1 3f757ffffe07ffff c128089afdc638d4 bf675b9fe360574a 3f757ffffdffffff
B 824 41b0767d9bc57170 41b0765a85c5882c
N 2 820
V 0 41b05e7500c7b474 c134cc16f6e59efe bf7454145790b196 41b05e58aeb794f8
V 1 41b08e8636c32e6c c1320368911f435f bf7168587a6767b0 41b08d61a68443d8
V 2 3f75d55564955554 c1164a5797038b20 bf55c9b72eb5a7c4 3f75d55564955554
V 3 3f752aaa977aaaaa 4150ce80aefd2bf2 3f903dd3ba81e5e1 3f752aaa977aaaaa
S 2 S 248 S 250 S 252
N 1 828
V 0 41b075dd2a9dec68 c1345de45edef242 bf73cc0e8d326669 41b075bb90f4cead
V 1 3f757ffffe07ffff c127847be660acd4 bf66dc1684dac585 3f757ffffe07ffff
B 828 41b075dd2a9dec68 41b075bb90f4cead
N 6 576
V 0 41accce36b995105 c17998dfc54eb358 bfbc70e24bbc6e36 41ac71dcef1cd7e8
V 1 41b11115ae101535 c131df0078544841 bf70c10be9714fb1 41b0000709edec26
V 2 41b2aab1b3cf8978 c17dabcc08994ef3 bfb96ea54cd9447f 41b2492daa013faf
V 3 41accce36b995105 41726567c0d2f3ac 3fb4709c1dbf4eba 41ac71dcef1cd7e8
V 4 41b11115ae101535 418f511112673dda 3fcd5bf8119f4c15 41b0000709edec26
V 5 41b2aab1b3cf8978 4170f84eb9f8dc01 3fad17576c608bd4 41b2492daa013faf
V 6 41accce36b995104 c162d13756ec23a1 bfa4e865f4a90f37 41ac71dcef1cd7e7
V 7 41b11115ae101534 c18fbe7d82a8354f bfcdc28d9f217b0f 41b0000709edec25
V 8 41b2aab1b3cf8977 c184da0a85d6c366 bfc1df6fff5156a5 41b2492daa013fae
V 9 41accce36b995106 41559e4a603886b7 3f98052354526455 41ac71dcef1cd7e9
V 10 41b11115ae101534 41827f0c6a711f8f 3fc15716f3dd842f 41b0000709edec25
V 11 41b2aab1b3cf8978 4181edcb00cb5559 3fbebc2bd974b1df 41b2492daa013faf
V 12 41accce36b995105 c1750cf105c014fe bfb763a4194f561d 41ac71dcef1cd7e8
V 13 41b11115ae101535 c1836ccc040dcb02 bfc235fa57a0c093 41b0000709edec26
V 14 41b2aab1b3cf8977 c15e8d10f8dbe978 bf9a2fbb88ddb80d 41b2492daa013fad
V 15 41accce36b995105 41792fe1d40ebf94 3fbbfc3a45f8f2da 41ac71dcef1cd7e8
V 16 41b11115ae101534 4190f45f8bbbf439 3fcfca2a8e2f8042 41b0000709edec25
V 17 41b2aab1b3cf8978 4153811514fcc18a 3f90b7c2a05178db 41b2492daa013faf
V 18 41accce36b995105 c16fd46aef09d675 bfb1aed82f83892a 41ac71dcef1cd7e8
V 19 41b11115ae101535 c18abc5c03445865 bfc9108f7c9c8b96 41b0000709edec26
V 20 41b2aab1b3cf8978 c182a5840ae56412 bfbff71f74104d97 41b2492daa013faf
V 21 41accce36b995105 4168df2521c89975 3faba285549213f0 41ac71dcef1cd7e8
V 22 41b11115ae101535 4172beb5e7158597 3fb192c5c895a41c 41b0000709edec26
V 23 41b2aab1b3cf8978 4184833550cff478 3fc195028034739a 41b2492daa013faf
V 24 41accce36b995105 c1785f950529d447 bfbb14c93250a9a3 41ac71dcef1cd7e8
V 25 41b11115ae101535 c174e1f6062800d3 bfb393d15b08c171 41b0000709edec26
V 26 41b2aab1b3cf8978 c1737e6ae0c1ee07 bfb0b579e22004c0 41b2492daa013faf
V 27 41accce36b995105 4176c5aacf6dd520 3fb94d549539f2dd 41ac71dcef1cd7e8
V 28 41b11115ae101535 418a06f667dd88f5 3fc8668068e410a1 41b0000709edec26
V 29 41b2aab1b3cf8978 417b9a3732943141 3fb7a8b8ae351dc8 41b2492daa013faf
V 30 41accce36b995105 c140bca3077c9249 bf8298a6899e203c 41ac71dcef1cd7e8
V 31 41b11115ae101535 c1910262f980346d bfcfe470f4e54470 41b0000709edec26
V 32 3f7d555559555554 c11acec4253a1cde bf5dc934528a9641 3f7d555559555554
V 33 3f72aaab2aaaaaaa 4191106a3fbe754e 3fcffebe917dd6ee 3f72aaab2aaaaaaa
V 34 3f70000080000000 c17ea886d6fd066a bfba474519d1d765 3f70000080000000
V 35 3f7d5555c5555554 c171cdc215ca31fc bfb3c81d72459df5 3f7d5555c5555554
V 36 3f72aaaaaaaaaaaa 417b270d5999ad27 3fb97495a282fb60 3f72aaaaeaaaaaaa
V 37 3f6fffffffffffff c183928d1fb8e325 bfc0c6bbc87287c4 3f6fffffbfffffff
V 38 3f7d555565555555 c177cf1a0804da30 bfba744108e84b42 3f7d55555d555555
V 39 3f72aaaa82aaaaaa 417916b55508666d 3fb78543a41e736c 3f72aaaa42aaaaaa
V 40 3f6fffffffffffff c16203a0215faf06 bf9ee19927c56679 3f70000010000000
V 41 3f7d555555555554 c179060af4479f5e bfbbcdbd71d7d2b6 3f7d55554d555554
V 42 3f72aaaaaaaaaaaa 418cafd6823fc990 3fcae4d1d515359e 3f72aaaaaaaaaaaa
V 43 3f6fffffffffffff c1771eac9e6430b6 bfb3d11ec67e5e5c 3f6fffffffffffff
V 44 3f7d5555e5555555 c16d237b5498bbae bfb0301b5ba8a26b 3f7d5555d5555555
V 45 3f72aaaaaaaaaaaa 418c10fac05c408e 3fca4fe3f791a4ad 3f72aaaaaaaaaaaa
V 46 3f6ffffdffffffff c184fce7b3fac1b1 bfc1fd521b9a7964 3f6ffffe1fffffff
V 47 3f7d555551555554 c15254ed92e3733c bf945e4d4e6bad35 3f7d555551555554
V 48 3f72aaaaaaaaaaaa 415f351da3c6134a 3f9d41c3e0fd7c2e 3f72aaaa9aaaaaaa
V 49 3f6ffffdffffffff c185315770bbf41f bfc22a441a2abc45 3f6ffffdffffffff
V 50 3f7d555565555555 c1740d77753268f5 bfb647c890888c79 3f7d555575555555
V 51 3f72aaaaaaaaaaaa 41853811e783a671 3fc3e48b687c76ab 3f72aaaaaaaaaaaa
V 52 3f6ffffeffffffff c174b9a0d8ed7755 bfb1c3a7beb8ee3c 3f6ffffeffffffff
V 53 3f7d555545555554 c176609220248c3a bfb8dd009c7794e8 3f7d555545555554
V 54 3f72aaaa8aaaaaaa 4190691039808d21 3fcec4f61a9b3c7e 3f72aaaa8aaaaaaa
V 55 3f6fffffffffffff c1676e40020f1f87 bfa41553dda4b458 3f6fffffffffffff
V 56 3f7d55554d555554 c15f533fd7fdc9e2 bfa16715ccd971ff 3f7d55554d555554
V 57 3f72aaaaaaaaaaaa 41903f8fcd193d94 3fce77256462448b 3f72aaaaaaaaaaaa
V 58 3f6ffffeffffffff c182f9c1f4876157 bfc043c4b0373244 3f6fffff3fffffff
V 59 3f7d55554d555554 c16764de6bc417a1 bfa9fe380d559566 3f7d55554d555554
V 60 3f72aaaaaaaaaaaa 4186151a4ad0bdea 3fc4b3c30d91810a 3f72aaaaaaaaaaaa
V 61 3f6fffffffffffff c180444172ad682c bfbbe2aed4359efc 3f6fffffffffffff
V 62 3f7d555655555554 c17983d4a7003408 bfbc5980ae344152 3f7d555651555554
V 63 3f72aaaab0aaaaaa 415650a13adbbeb9 3f94eb917f86122c 3f72aaaab0aaaaaa
S 6 S 128 S 160 S 192
S 5 S 192 S 208 S 128
S 4 S 224 S 232 S 192
S 3 S 240 S 244 S 224
S 2 S 248 S 250 S 240
N 1 892
V 0 41b01a72a9a32230 c128a1feb36c6014 bf687989ce0a6917 41b01a661a44b3a2
V 1 3f757ffffdcfffff c11c7189260a7da9 bf5c42d209016b92 3f757ffffdcbffff
B 892 41b01a72a9a32230 41b01a661a44b3a2
N 2 888
V 0 41b00c39e510262e c141a9b2e32706be bf819c3dfbef445d 41b00be68ca7324c
V 1 41b028ab6e361e32 c130d3c56d4c8330 bf70a96b5b7759f3 41b027a5d70a3d7f
V 2 3f75d55561d55554 c122ee5796ce5eb7 bf62dfeb5a5c422a 3f75d55561d55554
V 3 3f752aaa99caaaaa 414f666915d769ba 3f8f176182065450 3f752aaa99caaaaa
S 2 S 248 S 250 S 252
N 1 896
V 0 41b019c631d8b7e6 c12807a14d6272d4 bf67e129af776b04 41b019ba3d782055
V 1 3f757ffffdcfffff c11bbf4a631daca9 bf5b92df56b31c38 3f757ffffdd3ffff
B 896 41b019c631d8b7e6 41b019ba3d782055
N 3 880
V 0 41afcf4ef61de1ea c14c333dbe7d69de bf8c5e684de634d1 41afcdb806be22f4
V 1 41b030cc4f115b66 c130f8f15a88a121 bf70c5c9d0678305 41b02cb7ffb42fcc
V 2 41b069af615d4b6d c146437a00cd9174 bf85b41e1546671d 41b068696a15b657
V 3 41afcf4ef61de1ec 414690d4a8ab360e 3f86b35f4ecb6dfe 41afcdb806be22f6
V 4 3f760000267fffff c11db372f63b7c4e bf5de0e9a1f51602 3f760000268fffff
V 5 3f75aaaa9d2aaaaa 41601d63bec43de0 3f9fd9a3dda1283b 3f75aaaa9d2aaaaa
V 6 3f74555521555555 c14d03b3d6046620 bf8c48df91ac6914 3f74555521555555
V 7 3f760000123fffff c14150b7d55ac4d6 bf816b39095d8aa0 3f760000127fffff
S 3 S 240 S 244 S 248
S 2 S 248 S 250 S 240
N 1 904
V 0 41b018b65c220246 c129d90c0a8d0b57 bf69b15d2958db81 41b018a8863e8ae5
V 1 3f757ffffde3ffff c11dd8b530d5bfa9 bf5daae2ba15f2fc 3f757ffffddfffff
B 904 41b018b65c220246 41b018a8863e8ae5
N 2 900
V 0 41b009ca0189a0a3 c140dea6a2066eca bf80d45ab469c4a9 41b0097deec8631a
V 1 41b027a2b6ba63e9 c130c3eb32714843 bf709ac90b8f67b6 41b0269efae7215e
V 2 3f75d55561dd5554 c12214b75200f72d bf6209ae241a5dae 3f75d55561dd5554
V 3 3f752aaa99eaaaaa 414f48d453415be9 3f8efc12cb572313 3f752aaa99eaaaaa
S 2 S 248 S 250 S 252
N 1 908
V 0 41b0180e74d7c23c c12939fe10583bed bf691448f9fc24dc 41b0180146a4eace
V 1 3f757ffffde3ffff c11d210c1ed0bda9 bf5cf581b1f9dc4d 3f757ffffde3ffff
B 908 41b0180e74d7c23c 41b0180146a4eace
N 4 864
V 0 41af5d88d18601df c1623f2f28d5e511 bfa29db2d7b4a2eb 41af52dfae752e06
V 1 41b0208a8d5ae0fb c1310243fec431e5 bf70dff1fa335fc4 41b01028dd0d47e1
V 2 41b0b2d4355fb5de c152c10cd44a6129 bf91f8352fe338a5 41b0afcd0526dbf5
V 3 41af5d88d18601dd 415b7f091d191733 3f9c0d75bbec929e 41af52dfae752e04
V 4 41b0208a8d5ae0fc 416d27c0a09d196d 3facecec4d00d1ce 41b01028dd0d47e2
V 5 41b0b2d4355fb5de 41492914f1599f89 3f881ba1cadd43f9 41b0afcd0526dbf5
V 6 41af5d88d18601df c14782e6149b73f1 bf87fcae9f211836 41af52dfae752e06
V 7 41b0208a8d5ae0fc c16ec8542ac5fdb0 bfae8a37464d2706 41b01028dd0d47e2
V 8 3f775555b2555554 c12322a640c18bf3 bf6385c427961df1 3f775555b2555554
V 9 3f74aaaa9aaaaaaa 4170381415fe15c5 3fb0175a0a579e3c 3f74aaaa9aaaaaaa
V 10 3f74000002000000 c155628c65a5f6c7 bf947d8817f5c604 3f74000002000000
V 11 3f77555538555555 c1581d118c0f0780 bf9899f8a72d28d4 3f7755553a555555
V 12 3f74aaaa6eaaaaaa 415cc16e469fced7 3f9c876869dc326e 3f74aaaa6eaaaaaa
V 13 3f73ffffd4000000 c159829c65168c3e bf98716a747a4c77 3f73ffffd3000000
V 14 3f77555539555554 c16150c6a737dab5 bfa1aa776f708f85 3f77555539555554
V 15 3f74aaaaeb2aaaaa 4154e605b7573da7 3f94bbda76ffc252 3f74aaaaeb2aaaaa
S 4 S 224 S 232 S 240
S 3 S 240 S 244 S 224
S 2 S 248 S 250 S 240
N 1 924
V 0 41b0118c84e4aa93 c1263d78f1835182 bf66252ef257ca78 41b01182422818c5
V 1 3f757ffffdefffff c119ae4174beb1aa bf5992358825f450 3f757ffffdefffff
B 924 41b0118c84e4aa93 41b01182422818c5
N 2 920
V 0 41b004b5642a5477 c14346737480b2ba bf8340c8fcd7f892 41b00451f41a976f
V 1 41b01e63a59f00af c130f9e82a887138 bf70d9e6a75ce6be 41b01d58bdb434bb
V 2 3f75d55562555554 c124a8ba88107c10 bf64a2a7ecda6c9d 3f75d55562455554
V 3 3f752aaa998aaaaa 414fad929acb83fc 3f8f71d94d6b3e3a 3f752aaa998aaaaa
S 2 S 248 S 250 S 252
N 1 928
V 0 41b010d558e76615 c125ac70d3c7ef4c bf6595bb4743d541 41b010cb99da3087
V 1 3f757ffffde7ffff c11906c999afc5aa bf58ec90b13ac14e 3f757ffffde7ffff
B 928 41b010d558e76615 41b010cb99da3087
N 3 912
V 0 41afb998b447dee4 c149760313975ddd bf89ae83ba3b8a50 41afb84c18cf3501
V 1 41b02c9e6e30b97c c1311f6855cb62cf bf70f02c240d9516 41b0287679c85d4c
V 2 41b05ffaf11a11ec c1484bbd46a4f9c8 bf87bd54cb275e4c 41b05e75d9de2b13
V 3 41afb998b447dee5 41445fb52c6e94a6 3f848cebc66806fb 41afb84c18cf3502
V 4 3f760000267fffff c11ad0e686f1ed22 bf5b0c68fc8d07f1 3f760000266fffff
V 5 3f75aaaa9e2aaaaa 416041e926c54fe0 3fa0150ffc1081d3 3f75aaaa9e2aaaaa
V 6 3f74555520d55555 c14fa9b8de892e25 bf8ef021db3eff8a 3f74555520d55555
V 7 3f760000123fffff c13f444e7b7d46ca bf7f89b17d9375ea 3f76000011ffffff
S 3 S 240 S 244 S 248
S 2 S 248 S 250 S 240
N 1 936
V 0 41b00fce1b1d6f58 c12761b27542e1ee bf674ab066ca758e 41b00fc2c2960bb8
V 1 3f757ffffddbffff c11affb00af95daa bf5ae51eca9add89 3f757ffffddbffff
B 936 41b00fce1b1d6f58 41b00fc2c2960bb8
N 2 932
V 0 41b0024e4317fbe6 c1426daf56498551 bf826b07de4b9368 41b001f350ca483b
V 1 41b01d4df322e2ca c130dd137d04fdd5 bf70be68cc4a06f2 41b01c46810eebd1
V 2 3f75d555624d5554 c123c06642370b60 bf63bd8e019b3638 3f75d555624d5554
V 3 3f752aaa996aaaaa 414f77c6128a20a2 3f8f3e8c7c1b0502 3f752aaa996aaaaa
S 2 S 248 S 250 S 252
N 1 940
V 0 41b00f1ce8ec9a06 c126cc4ef8b6db17 bf66b6da81341418 41b00f121f19f4a4
V 1 3f757ffffddbffff c11a533044b60faa bf5a3a6a1d2e2497 3f757ffffddfffff
B 940 41b00f1ce8ec9a06 41b00f121f19f4a4
N 5 832
V 0 41ae38f5817c581a c16c6da319a6d1c4 bfae19a9e01713cd 41ae1e3095ea1779
V 1 41b0410e10c7d5d2 c131049922c18b67 bf70c07c6f3f03b8 41b0000a62bc513c
V 2 41b1249a59f795ea c1690012fe60134c bfa7555c151525db 41b111190803e62f
V 3 41ae38f5817c5818 4164c288051b48ba 3fa5fb198dd2f8b1 41ae1e3095ea1777
V 4 41b0410e10c7d5d1 417d9c2f96dbfb90 3fbd25ace8e0e71f 41b0000a62bc513b
V 5 41b1249a59f795ea 415e2fde434f5d24 3f9c2ca00e58cb5c 41b111190803e62f
V 6 41ae38f5817c581a c15409d7b61a72ae bf95378c81249fbf 41ae1e3095ea1779
V 7 41b0410e10c7d5d0 c17e6c95ec71ee86 bfbdf2d126e41095 41b0000a62bc513a
V 8 41b1249a59f795ea c171ceeb762c3605 bfb09ef613ccf0c6 41b111190803e62f
V 9 41ae38f5817c581a 4149d5db0f0db5d1 3f8b5ad7b289f3d8 41ae1e3095ea1779
V 10 41b0410e10c7d5d2 41712a91414ca0dc 3fb0e5dc96500eca 41b0000a62bc513c
V 11 41b1249a59f795ea 416f0e951c3a35db 3facfc7d8811b199 41b111190803e62f
V 12 41ae38f5817c581a c1671ec5ada85518 bfa87ae0e26a8349 41ae1e3095ea1779
V 13 41b0410e10c7d5d2 c172ef5d621c0d92 bfb2a39474552dad 41b0000a62bc513c
V 14 41b1249a59f795ea c147d4612690643b bf863da58aff46b4 41b111190803e62f
V 15 41ae38f5817c581a 416c104757a2fa23 3fadb6d07a8cb660 41ae1e3095ea1779
V 16 3f78000041ffffff c11dc7d871c5cb3d bf5f883bdc24d272 3f78000041ffffff
V 17 3f76aaab22aaaaaa 41803ec275c1e1cd 3fbffb7b299426fd 3f76aaab22aaaaaa
V 18 3f71555565555555 c16ab14a27e95553 bfa8e9b0f514078d 3f71555565555555
V 19 3f77ffffd0000000 c163719a0df2396b bfa4965aa74e2552 3f77ffffd0000000
V 20 3f76aaaaaeaaaaaa 416ad51339579403 3faa69aeab922a08 3f76aaaa9eaaaaaa
V 21 3f71555555555555 c170a7f130bf9fbc bfaf174d319c27b9 3f71555555555555
V 22 3f78000040000000 c16a9ed51b837d0c bfac2fa3b9d03b80 3f78000040000000
V 23 3f76aaaa30aaaaaa 4166e6d505cc7561 3fa68b2bd25ad05e 3f76aaaa30aaaaaa
V 24 3f715554cd555555 c1509bf6c90c92b2 bf8f00f1475b9060 3f715554cd555555
V 25 3f78000010000000 c16bb351ed428b74 bfad5463718d2080 3f7800000e000000
V 26 3f76aaaa62aaaaaa 417b9b0a0c161526 3fbb2c8d2b1b7d54 3f76aaaa62aaaaaa
V 27 3f71555545555555 c1634ffd68cea4d8 bfa2065b805d078d 3f71555545555555
V 28 3f77fffffbffffff c160915508cb92ef bfa18ac81684ebfa 3f77fffffbffffff
V 29 3f76aaaa76aaaaaa 417a6c7d5dd84d3e 3fba02bb66dae111 3f76aaaa76aaaaaa
V 30 3f71555555555555 c1720aae84b77d7d bfb0d6bd1832c91a 3f71555553555555
V 31 3f78000080ffffff c14288844fa49fae bf839f8f7f729e6d 3f78000080ffffff
S 5 S 192 S 208 S 224
S 4 S 224 S 232 S 192
S 3 S 240 S 244 S 224
S 2 S 248 S 250 S 240
N 1 972
V 0 41aff6085aefeb70 c12d8f2ef0d67e4d bf6d9866d6c5610f 41aff5e3e78db608
V 1 3f757ffffc8fffff c12110ea54828cd4 bf61163cd166218b 3f757ffffc93ffff
B 972 41aff6085aefeb70 41aff5e3e78db608
N 2 968
V 0 41afd3e68646f8d0 c13d178a72fc2e9d bf7d3fd9873a9f18 41afd37485c2bda6
V 1 41b00c1517cc6f08 c130a1145d32eb49 bf70948f163d0973 41b00b13d851613a
V 2 3f75d5555fd55554 c11f2e400c802e6a bf5f59740123e37c 3f75d5555fd55554
V 3 3f752aaa994aaaaa 414f07d18e698b20 3f8ef0746d79a855 3f752aaa994aaaaa
S 2 S 248 S 250 S 252
N 1 976
V 0 41aff4ce1b32c00d c12ce1c3b018fbf3 bf6cebe1ddb93959 41aff4ab4d46b1be
V 1 3f757ffffc8fffff c120accab80a7054 bf60b2a228b499dd 3f757ffffc8fffff
B 976 41aff4ce1b32c00d 41aff4ab4d46b1be
N 3 960
V 0 41af97aa00552771 c150eb89e699fb25 bf91236b11954450 41af955bfc1b1321
V 1 41b00811861c6518 c130c5d04febdb5f bf70bd5f4ac187f0 41b0040b868d1577
V 2 41b04c552f6e4a56 c14255b5ba6e065a bf81ffd6aa453bd6 41b04b768eb968a4
V 3 41af97aa00552772 414b142feabb2819 3f8b6d9de22981d4 41af955bfc1b1322
V 4 3f760000267fffff c121d21026279423 bf620ceaa340b49d 3f760000267fffff
V 5 3f75aaaa992aaaaa 415fd9b0348b2c3f 3f9fc9a88f8efec6 3f75aaaa98aaaaaa
V 6 3f74555520d55555 c147e4f638be7825 bf87750d56057c36 3f74555520d55555
V 7 3f76000011bfffff c144c7411a1c14ca bf850be042a7667c 3f76000011bfffff
S 3 S 240 S 244 S 248
S 2 S 248 S 250 S 240
N 1 984
V 0 41aff26f08b0c89e c12eecc8f939e898 bf6ef9ead4a6c478 41aff2471eae5544
V 1 3f757ffffc6fffff c121dac20b1e07d4 bf61e257033639ab 3f757ffffc6fffff
B 984 41aff26f08b0c89e 41aff2471eae5544
N 2 980
V 0 41afceb9849a9f08 c13bb49161778edc bf7bdf7cfd380ce1 41afce520f0304a6
V 1 41b00b124663791a c130aa723ee9bd48 bf709ef1fc9d1d1c 41b00a0fd481bc6d
V 2 3f75d5555f955554 c11db1ca966f195e bf5ddfcb1221ee6b 3f75d5555f955554
V 3 3f752aaa994aaaaa 414f194c10804d1f 3f8f03d6009d8564 3f752aaa994aaaaa
S 2 S 248 S 250 S 252
N 1 988
V 0 41aff138dc033ec0 c12e39c3b374287f bf6e47bf877c26ba 41aff112b9728518
V 1 3f757ffffc6fffff c1217366802649d4 bf617b7950bd2d50 3f757ffffc77ffff
B 988 41aff138dc033ec0 41aff112b9728518
N 4 944
V 0 41af0f22adb15cf8 c15e0dc0db73d928 bf9ef6d22bfddad4 41af07d581dcaeac
V 1 41b01018a97c78f5 c130cf06de73aa04 bf70be2ee0f1579c 41b00008b654f1e1
V 2 41b08891b5601bb5 c15681408a0e2912 bf95c75ba95dce10 41b0842a4b897320
V 3 41af0f22adb15cf6 4156a4e1b0dd6268 3f97547cb39f9c5d 41af07d581dcaeaa
V 4 41b01018a97c78f6 416ccfec3e1f5bbb 3facb30cf494da8d 41b00008b654f1e2
V 5 41b08891b5601bb6 414e314992b8edf8 3f8d37e4678b1b6a 41b0842a4b897321
V 6 41af0f22adb15cf8 c1435cc3c5e866d2 bf83f2eba6424def 41af07d581dcaeac
V 7 41b01018a97c78f6 c16e6b98db0a98cf bfae4d1d095b71ec 41b00008b654f1e2
V 8 3f775555b2555554 c11f84675e916f4f bf603c690e2b38d8 3f775555b2555554
V 9 3f74aaaa9aaaaaaa 417007380b39fde3 3fafee508e2f5bf1 3f74aaaa99aaaaaa
V 10 3f73fffffa000000 c159a972eea48d41 bf98d57a37a3e193 3f73fffffa000000
V 11 3f77555538555555 c153dbba8dcb905c bf9475bb0a4c83da 3f77555538555555
V 12 3f74aaaa6daaaaaa 415c6ace2205d32f 3f9c4e542c837eca 3f74aaaa71aaaaaa
V 13 3f73ffffd4000000 c15e9cb8e09cbd09 bf9d9fdc47acd7ec 3f73ffffd4000000
V 14 3f77555539555554 c15c85143b01b0d4 bf9d624057b3cd19 3f77555539555554
V 15 3f74aaaaea2aaaaa 4154a710e53a88f6 3f94925ed0f14add 3f74aaaaea2aaaaa
S 4 S 224 S 232 S 240
S 3 S 240 S 244 S 224
S 2 S 248 S 250 S 240
N 1 1004
V 0 41afe50bbf37307a c12adf438a66fa54 bf6af5f92efe51d5 41afe4ed8f4532b4
V 1 3f757ffffcefffff c11f077d59b91da9 bf5f21b65dfacf5e 3f757ffffcefffff
B 1004 41afe50bbf37307a 41afe4ed8f4532b4
N 2 1000
V 0 41afc60441dd89d6 c13fe840424e1969 bf80113d3ceb8f63 41afc57ae3a8845a
V 1 41b002099e486b8f c130949a487f9db3 bf70927e0266d089 41b001093fc95d0b
V 2 3f75d5555f955554 c121195a3f0e7d6f bf61388e76c1d3c0 3f75d5555f955554
V 3 3f752aaa9a4aaaaa 414ef08951fd31dc 3f8eec9927d5afc1 3f752aaa9a4aaaaa
S 2 S 248 S 250 S 252
N 1 1008
V 0 41afe3c6b19d9f38 c12a3cb94725c37c bf6a53f1e0cedf39 41afe3a9e965247b
V 1 3f757ffffcefffff c11e4bcdf52d57a9 bf5e669e30d974c0 3f757ffffcefffff
B 1008 41afe3c6b19d9f38 41afe3a9e965247b
N 3 992
V 0 41af83f377434937 c14ec38830c25cc1 bf8f3c9f5666c730 41af820aa8172063
V 1 41b0040a863be53a c130b93aab73ad79 bf70b5026d8c46c6 41b000098c88965a
V 2 41b0421980ef3282 c1441bed72f5c82c bf83ca2bf2505827 41b0410d0b66d826
V 3 41af83f377434938 41489dfe79dfebf7 3f88fee3f7a3b44d 41af820aa8172064
V 4 3f76000025ffffff c120335575e0ca23 bf607319ebc65369 3f76000025ffffff
V 5 3f75aaaa992aaaaa 415fc1ca81172803 3f9fb9c73103c0a2 3f75aaaa98aaaaaa
V 6 3f74555522d55555 c14a34e8e778320b bf89ca5d0ba25997 3f74555522d55555
V 7 3f76000011bfffff c142e3b0ab06f447 bf832e0a9749f4a6 3f76000011bfffff
S 3 S 240 S 244 S 248
S 2 S 248 S 250 S 240
N 1 1016
V 0 41afe190a0034772 c12c26d85136ae1a bf6c41b846b26e31 41afe16f7af03762
V 1 3f757ffffccfffff c12040dfb799afd4 bf605063dd02c8b3 3f757ffffccbffff
B 1016 41afe190a0034772 41afe16f7af03762
N 2 1012
V 0 41afc10ee094268c c13e6f43a822c7e8 bf7eab973786cff4 41afc091d1fa9170
V 1 41b001092fb9342c c130917d62e45182 bf70906ad992a840 41b00009216ec152
V 2 3f75d5555f555554 c1204f537137d17f bf606fa79f05e1f4 3f75d5555f555554
V 3 3f752aaa9a4aaaaa 414eeaba4a5834a9 3f8ee8b9ff9e30ee 3f752aaa9a8aaaaa
S 2 S 248 S 250 S 252
N 1 1020
V 0 41afe0520a6c0a0a c12b7f3ed41e3106 bf6b9a92a1aa9d34 41afe0326a2cde3e
V 1 3f757ffffcefffff c11fc038718b13a9 bf5fdfc6803d1ce3 3f757ffffcebffff
B 1020 41afe0520a6c0a0a 41afe0326a2cde3e
T 0 bfc9991c8ff17c2f
T 1 bf70c137ab88f81e
T 2 bfcdec0b279936c9
T 3 3fc23fa906446e82
T 4 3fdd766c140a9e82
T 5 3fc0a65707292518
T 6 bfb334781f5d9d66
T 7 bfdda9b760c28d64
T 8 bfd4e37f6362a5f4
T 9 3fa4cc20f65ae452
T 10 3fd18f4ba3b6cc01
T 11 3fd1d59a1c87903f
T 12 bfc52aed4ccd9c43
T 13 bfd1febe78aa02a3
T 14 bfafecc44cca7ce0
T 15 3fc925a7a6ae8a90
T 16 3fdfd19af059958d
T 17 3fa21e01ef2ec0cd
T 18 bfc013ce569569b3
T 19 bfd8e6b9401280d4
T 20 bfd2bb3dbd89d8fc
T 21 3fb880cc0671eef8
T 22 3fc213895fbd49c5
T 23 3fd476f69d318bae
T 24 bfc86f5fa0c849ef
T 25 bfc31411c6f2972d
T 26 bfc3cded4f39c2f0
T 27 3fc6ac9a0dcc7dd1
T 28 3fd891b0d822016d
T 29 3fcb561bb0867943
T 30 bf9267b192b12dcd
T 31 bfdfdebe460471a0
T 32 bfd54c60cd9c10c8
T 33 3f877185728fe3e1
T 34 3fd54b7f52f790d3
T 35 3fcfd8e61e3e3dd9
T 36 bfc70d0516db1961
T 37 bfcbd5e7ea76ecb1
T 38 bfbc16f32a4153e7
T 39 3fc82c1af00c055d
T 40 3fdef9d79f486e5e
T 41 3fb5692acda7f384
T 42 bfb9f5f926cb15ee
T 43 bfdb94a4085092ab
T 44 bfd107d1e8178843
T 45 3fbed57e6fa46c82
T 46 3fb1beaa83b8ee8b
T 47 3fd520988c0509da
T 48 bfc94a5138746164
T 49 bfb3d103e5475253
T 50 bfc922a164841e76
T 51 3fc4af723b98e52b
T 52 3fdb4fbb3ea7631f
T 53 3fc63bd45b462355
T 54 bfa81113b5f5593c
T 55 bfdf1a692e4ba670
T 56 bfd406dc22fe32cf
T 57 3fb1a4501d230a97
T 58 3fcae39168c832a8
T 59 3fd35bec4d0d2123
T 60 bfc2d387d6e1bae5
T 61 bfd5aed020ccff2f
T 62 bf8beadf61ca65da
T 63 3fc993d948750369
T 64 bf5ace8e3bac8203
T 65 3fdfff9e7f2c68be
T 66 bfce6a6ade6cbb3e
T 67 bfc1f3d6c93cbd9e
T 68 3fc8f96dc98257eb
T 69 bfd3a458601e0fd0
T 70 bfc7bacd8017c25f
T 71 3fc801c24379ef82
T 72 bfb154f46219b950
T 73 bfc910bc60dd2d14
T 74 3fdac050ef82849e
T 75 bfc769cda4b89793
T 76 bfbcca9573a98e9e
T 77 3fda75d93e44579c
T 78 bfd4f4ee4c122e94
T 79 bfa32775ddb61de9
T 80 3fab2cec51567607
T 81 bfd53678ebd64fdd
T 82 bfc3eba2cc2b2e68
T 83 3fd418e6d97b747f
T 84 bfc46b8b2d354f7b
T 85 bfc67a0e1bcfe0a9
T 86 3fdeb258691e0b7e
T 87 bfb81a20874ebab0
T 88 bfae864ac1b33478
T 89 3fde8b6fa86331c4
T 90 bfd2e55d778fe51d
T 91 bfb7c3aa27cebee0
T 92 3fd48083baa0a6cf
T 93 bfd0612e2ccae416
T 94 bfc97ecfc5bf1ec7
T 95 3fa701c83d911294
T 96 bf938978ab8241ac
T 97 bfc98e965d4d7139
T 98 3fd7e298bd283509
T 99 bfcc64c15c978c58
T 100 bfb644909df299a5
T 101 3fdcd07b4e1a4423
T 102 bfd424f6de4351c5
T 103 bfb0da64ed04b858
T 104 3fc00ed2c1f87788
T 105 bfd4a6a0e8ebb1dc
T 106 bfc6105aaf51530f
T 107 3fd039d9888c2fcf
T 108 bfc9b22dee439914
T 109 bfc46f922787b637
T 110 3fdfb0ca7be5c4c2
T 111 bfa7a8f703f2c4dd
T 112 bf9fb498c6e6aab3
T 113 3fdf9d1f9cd7ed58
T 114 bfd13d0d317abec5
T 115 bfbe293dfc413876
T 116 3fd0acd168ddf3ce
T 117 bfd23536a0c25f7f
T 118 bfc8e1c00690f76a
T 119 3fbe158fea6e3c4f
T 120 bfbd677ea6df2d60
T 121 bfc807fb3c7d3f7a
T 122 3fdd09ca51bb7d33
T 123 bfc1ed1a80ee51df
T 124 bfc15886a16f55c3
T 125 3fd788950a2be206
T 126 bfd550c347ef508f
T 127 bf80bff2eddd0315
T 128 bfcd88ca84226ec5
T 129 bf7325cead14543b
T 130 bfa4f1c0512dbb84
T 131 3fc539c5da3ca8c7
T 132 3fd0c6dfd6bed1a7
T 133 3f97f5276a2ebd80
T 134 bfb5b62a9ced7771
T 135 bfd1017e8ffe6028
T 136 bfad70133c9aa556
T 137 3fa8f18941032c49
T 138 3fc3d1495db7fc05
T 139 3fa94fb8f2a5bd72
T 140 bfc849d49ead0283
T 141 bfc4d004a0a4a990
T 142 bf8590c3e52aff6c
T 143 3fcd0fa665d8b60e
T 144 3fd22a6b2493f4e6
T 145 3f7b8912cd847d7e
T 146 bfc25cdfff15729a
T 147 bfcca5458a08907b
T 148 bfaa5318af0243b5
T 149 3fbcb27e96876a21
T 150 3fb4157f0779a0ba
T 151 3facf57cc1654e2c
T 152 bfcc1f4f8b013c1c
T 153 bfb65fd69e36824f
T 154 bf9b854fb01ca317
T 155 3fca465879e7f801
T 156 3fcbe2eac2c3ea50
T 157 3fa37beda0a22308
T 158 bf934fab655c0696
T 159 bfd2396ed4fc7062
T 160 bf6eee593c8e8c34
T 161 3fd24876a43212ea
T 162 bfa5a4262aa217eb
T 163 bfc48acce89ec7e3
T 164 3fbd1795f245ca0b
T 165 bfaba1bc49826016
T 166 bfcb789b79cf6537
T 167 3fbae180341c64a2
T 168 bf896e8b7fae5c8e
T 169 bfccdf600d6ce957
T 170 3fcebc6de7d241e9
T 171 bfa051e5b05f7913
T 172 bfc0cf6c620d7a49
T 173 3fce1239223b437c
T 174 bfada14b85148ddb
T 175 bfa526c2dccd7ac0
T 176 3fa0b7e68e612f49
T 177 bfadeb52b8af011a
T 178 bfc7230f725f3621
T 179 3fc6bc1927ebb1c8
T 180 bf9d4250d8546d74
T 181 bfc9d1b301b9cf39
T 182 3fd1952849d4732d
T 183 bf908a1186957237
T 184 bfb2125b60b7c20a
T 185 3fd168b0ee930fc4
T 186 bfaaca06bf46c8a2
T 187 bfbafe08d40100c4
T 188 3fc7a8eb87610f14
T 189 bfa6f6f667287201
T 190 bfcd7082ca044a6b
T 191 3f97e8b307162eaa
T 192 bfa2f3bc45245571
T 193 bf71de674a550d64
T 194 bfb0ef76a8ee1a25
T 195 3f9bae023a26b299
T 196 3fbf1727010bd05f
T 197 3fa472ec177d4d1f
T 198 bf8ab7c21c15ad4c
T 199 bfbff1f88dbc3e90
T 200 bfb8208018c88602
T 201 3f81393770210936
T 202 3fb206455c73c6ed
T 203 3fb509ca6c7d313b
T 204 bf9ed3a8cf1c8bf9
T 205 bfb3e1b4a4053762
T 206 bf902472a521e2d6
T 207 3fa2b57f2c2b8e6b
T 208 bf53da8a39976c4f
T 209 3fc10eac913f74f1
T 210 bfb214ed62838d55
T 211 bf99ecc579fb7001
T 212 3fac2c7d72f6e098
T 213 bfb690dc1b0026cf
T 214 bfa1bf334f6c25a9
T 215 3fa80bf0cb14ea15
T 216 bf9680a1b0549ef3
T 217 bfa277864d897666
T 218 3fbcfc59ed58fce4
T 219 bfaa2a33241cbb85
T 220 bf9617154a11edb9
T 221 3fbbbead0cd60f46
T 222 bfb87177837a75a4
T 223 bf78b5fe3092d6f8
T 224 bfaae3ba85f4683f
T 225 bf72799c298cc220
T 226 bf8622caec51c8d9
T 227 3fa44290e71918c7
T 228 3fafab23b071f3b6
T 229 3f7db28f8d745d28
T 230 bf9152e6489ab65a
T 231 bfb0b7d0087d613a
T 232 bf6c32ef3f576ba9
T 233 3fb19dfe7825480c
T 234 bf893dbd15748501
T 235 bfa1c47f0f66069e
T 236 3f9f3bff581d94b4
T 237 bf8e1c3bec166f4e
T 238 bfa984657958f9da
T 239 3f96b333d6cb4db8
T 240 bf81a7daa8562ddc
T 241 bf721f7dc1ecf128
T 242 bf8f6e2ef254b62a
T 243 3f7c4191213f23ef
T 244 bf529866934b12a6
T 245 3fa1350de8bb7540
T 246 bf947afec3896313
T 247 bf75ae82d82802f5
T 248 bf897872c93bbc78
T 249 bf721f1d63c2d0ab
T 250 bf6b4c9873a1dd19
T 251 3f90e85a609a8a55
T 252 bf5e61d01419a725
T 253 bf518a85b6b06aa5
T 254 41b37559978daaaa
T 255 41b37553bec36a60
T 256 bf5d7c2890d79d46
T 257 bf5105ee6afd837f
T 258 41b3743568579efc
T 259 41b3742fe6f615ee
T 260 bf8868834431c1f0
T 261 bf71d320f7511391
T 262 bf6a2922c337bb76
T 263 3f90a17504e040fe
T 264 bf601c1d1b1c1052
T 265 bf529a1dc62b1379
T 266 41b372e9553e1b04
T 267 41b372e2c2bea98c
T 268 bf5f4b3a0eb1f44a
T 269 bf521148b07e25bb
T 270 41b371d3f446f91c
T 271 41b371cdc16c8435
T 272 bf7f438388b6f3cf
T 273 bf72cab8dfdff1a4
T 274 bf911dcd6000a1db
T 275 3f790467ad0e0bc9
T 276 bf5076baf706ecb8
T 277 3fa1d7a2016083af
T 278 bf964e79d25b48ae
T 279 bf733245d53e924e
T 280 bf8bbeecd4d226c4
T 281 bf72d22cf56bac4e
T 282 bf6dbce4675a66fc
T 283 3f918f6b470821bb
T 284 bf5adff21ac1f1f6
T 285 bf4f0846eb741c1a
T 286 41b3671ec8b3261a
T 287 41b3671a38e2d934
T 288 bf5a08b9d06299df
T 289 bf4e0fc334132bf3
T 290 41b365d92c6b54f2
T 291 41b365d4e4ce974f
T 292 bf8a94f721c0979d
T 293 bf7273e75b3c6408
T 294 bf6c7d8a36394557
T 295 3f91377651eb273c
T 296 bf5c9939e147021d
T 297 bf5082e96f796c5d
T 298 41b36477d03d67e6
T 299 41b36472a685477f
T 300 bf5bbad7d3f00224
T 301 bf500284dac2e984
T 302 41b36344642d541e
T 303 41b3633f89d56a10
T 304 bfa6ab06413e4617
T 305 bf716743f9f97f4c
T 306 bf8be4486b4ae1c7
T 307 3fa1144e6428bf14
T 308 3fadd4e0fe482eda
T 309 3f82b5b2503602e7
T 310 bf8d354b32c12b68
T 311 bfaf7f1e32677a0f
T 312 bf67c59ae52b9efa
T 313 3fb0986376b63c14
T 314 bf8fcdeea3997af6
T 315 bf9df4d1bc5b3cd5
T 316 3f9d6c2f0c1a5971
T 317 bf92f8459a41279f
T 318 bfa582d9696bd72b
T 319 3f95621e94e5758a
T 320 bf861e6b74edb670
T 321 bf712da8ce655b69
T 322 bf8a7cb17affd67a
T 323 3f81b31041a8d9f8
T 324 bf574bc60c6eea31
T 325 3fa04f71433f7331
T 326 bf914262c190e4cb
T 327 bf7b299d578c7bb2
T 328 bf8577d482a89898
T 329 bf711fbc378bf46a
T 330 bf670269b84cc189
T 331 3f8ff4294a238d05
T 332 bf630f4b34fcb075
T 333 bf56021f86f02368
T 334 41b3470d55ab2762
T 335 41b3470437538ba7
T 336 bf628d489be6da58
T 337 bf556c0017e181a4
T 338 41b3461de1b77dac
T 339 41b346153e88e8f7
T 340 bf84905add79629b
T 341 bf70f297147f9244
T 342 bf660a5191315629
T 343 3f8f9feb60e8009d
T 344 bf64194b0e4130f6
T 345 bf573545d71b34b0
T 346 41b344e968e0f0bd
T 347 41b344df4634eee5
T 348 bf639351b563ffc9
T 349 bf569a92acd14b49
T 350 41b344038c1fcd98
T 351 41b343f9ef431f75
T 352 bf83d36b8a094dab
T 353 bf7197317fe598c3
T 354 bf8cdb382e2dad3a
T 355 3f7fbab1970fceb2
T 356 bf54e188a997bd2b
T 357 3fa0b3a4c85be365
T 358 bf92cd9b1d2ffa0f
T 359 bf7858c318e152ca
T 360 bf876280c7bc69ce
T 361 bf718fc19bac279c
T 362 bf6910508b82f1d3
T 363 3f90629903d51ee1
T 364 bf61126bcbdab4f3
T 365 bf53b6870f1e9d22
T 366 41b33b292aa6dc18
T 367 41b33b21de56f3d2
T 368 bf60981869840745
T 369 bf5329472b0b42dc
T 370 41b33a23f98a9034
T 371 41b33a1d14b7a640
T 372 bf86686abb6b95d7
T 373 bf7153ff523fd04f
T 374 bf680445ebad4e47
T 375 3f902ad784e122bb
T 376 bf620ccf65af948b
T 377 bf54d7a6e719a8b2
T 378 41b338e9a5beba98
T 379 41b338e17e2d29ea
T 380 bf618eaf59cc8bc8
T 381 bf544603e0cd83f7
T 382 41b337f05248f6a0
T 383 41b337e89b833736
T 384 bf96586a1d91c094
T 385 bf753af0747d7a04
T 386 bfb7fc09f468c8dc
T 387 3f90515c94e737cb
T 388 3fc27836940d2170
T 389 3facf5e27371035b
T 390 bf7f8062069d6ada
T 391 bfc2fa345b990956
T 392 bfc115b0ce962424
T 393 3f744eaa32d4d65d
T 394 3fb56a4e7d694f6e
T 395 3fbdcb8cc84e09c7
T 396 bf922c4f959edb51
T 397 bfb79f2e11b80b58
T 398 bf96dc8552e3ceb1
T 399 3f960f0846b2a38d
T 400 bf47688b1efc780b
T 401 3fc44421c326e94a
T 402 bfb99ba71dca46c0
T 403 bf8e910d624c38a0
T 404 3fb0bca6aba089fd
T 405 bfbff5655e42221e
T 406 bf94eca34aaf0098
T 407 3fac91feacb6e474
T 408 bf9fde69bbfb7055
T 409 bf95c5f6e167a894
T 410 3fc1382211c64873
T 411 bfb2871d873acada
T 412 bf8a0b990035718d
T 413 3fc07b6a38c3d68f
T 414 bfc14f06432d09bd
T 415 bf6d22a166e7178e
T 416 bfb32c3e2f6ff777
T 417 bf76955a0439358e
T 418 bf79213a5cc3b2d4
T 419 3face442c2077c4e
T 420 3fb35afa463f1be9
T 421 3f70db6795537eae
T 422 bf98b45a533f28c6
T 423 bfb46f87f432aea9
T 424 bf741b407536622b
T 425 3fb588e616c3df4e
T 426 bf7ca7b0ca0528be
T 427 bfa95658bb925afa
T 428 3fa3170c92b13dc7
T 429 bf811763302d4329
T 430 bfb231bc548e82b5
T 431 3f9bbf76461fa9db
T 432 bf74664018b3f7f3
T 433 bf75d541b62d6bc8
T 434 bf965479b5535743
T 435 3f7052d7207e823c
T 436 bf457c2daee9b8a1
T 437 3fa4bad3d288936e
T 438 bf9d19db16ab73b8
T 439 bf690d12edadfd98
T 440 bf9220aa91c8ed42
T 441 bf75fd1ea81b5972
T 442 bf736dd9e40b25c6
T 443 3f94840a4c728872
T 444 bf517882da055136
T 445 bf442c6938cc1578
T 446 41b297c0c6d39354
T 447 41b297beede87c3a
T 448 bf50cd1f78343ef3
T 449 bf4366824b66b5cd
T 450 41b295edf522a3aa
T 451 41b295ec3fef54c8
T 452 bf91509d0d939afd
T 453 bf755262216e83a7
T 454 bf728edc5e993aa1
T 455 3f93e4bdb048fe45
T 456 bf52d99910b905af
T 457 bf45c41ed9aaf0c1
T 458 41b2941d883085e5
T 459 41b2941b62131408
T 460 bf52276b51cc93c4
T 461 bf44f660a228f479
T 462 41b2926ca1c58f90
T 463 41b2926aa3b66e90
T 464 bf716378b1d5978d
T 465 bf77513d5b4f69b8
T 466 bf9885d7e73f426f
T 467 3f6bd4209ddc9314
T 468 bf425060f259add2
T 469 3fa6239c0eb94ec2
T 470 bf9ff571dc6be9ea
T 471 bf655a89046c05b4
T 472 bf93edcb52a13f15
T 473 bf7788c6470e8419
T 474 bf755c1629caf37a
T 475 3f95f530ef7a91d7
T 476 bf4dbc0896fa0f0b
T 477 bf412acf43826708
T 478 41b28155fe74fe2b
T 479 41b28154a99927b9
T 480 bf4c805d21b2935f
T 481 bf40748ebf21bbd5
T 482 41b27f34f082850c
T 483 41b27f33b779f383
T 484 bf92ff280a0766c1
T 485 bf76b933a3226ad5
T 486 bf745c50b90bb64c
T 487 3f953385e8b9a66e
T 488 bf5023f0dee150b0
T 489 bf42a32785cc317b
T 490 41b27d1f46f1ae0b
T 491 41b27d1db590a017
T 492 bf4efeb89d23a66f
T 493 bf41e51d07554181
T 494 41b27b2963a79dc1
T 495 41b27b27f1c457a5
T 496 bfb000af7ffd5bd2
T 497 bf741f809785b2ac
T 498 bf80ebc512a5bc39
T 499 3fa81d51f1ecff3f
T 500 3fb13f285a5509f6
T 501 3f76b37efcf4ccc1
T 502 bf949ea5cb7d778b
T 503 bfb23594fac9236a
T 504 bf70c82ce1125c83
T 505 3fb3304bcac4ee60
T 506 bf834b6fd25c4095
T 507 bfa525db3e9ce85d
T 508 3fa102a12c21e377
T 509 bf8704462b919616
T 510 bfae5f327ea0734c
T 511 3f98b9934c757ee7
T 512 bf7b3286a5704ff8
T 513 bf739ac0ef61b3b7
T 514 bf92b0257e94653d
T 515 3f75c3684ad98147
T 516 bf4ca5124bbf6dd8
T 517 3fa29d26ff7d0ea8
T 518 bf985ad230d6486b
T 519 bf70b3175c4351f4
T 520 bf8e4d6080a36cf7
T 521 bf73ab6ef1f733f2
T 522 bf703d2a70e7fa94
T 523 3f925a1f90b8d2dc
T 524 bf575abcccc7bb82
T 525 bf4af7a6c2f4c352
T 526 41b251fc6973bb37
T 527 41b251f928c0223c
T 528 bf5693990434e3d1
T 529 bf4a11b460cb72d0
T 530 41b250a0c81fccf4
T 531 41b2509dbe3205b2
T 532 bf8d041bc4354cb4
T 533 bf73378c792b970c
T 534 bf6f196c332a4ace
T 535 3f91ee005ec92eb4
T 536 bf58f38fe53137a7
T 537 bf4ccfb8ace0d4e7
T 538 41b24f359d187d21
T 539 41b24f31e72ef438
T 540 bf58257647b6ddf0
T 541 bf4be1bccf54da16
T 542 41b24def45a5bc7a
T 543 41b24debcc49a02b
T 544 bf77b12bc5a20d7a
T 545 bf749cb9d38d2f34
T 546 bf9466aece6651a7
T 547 3f72f5583e169e8e
T 548 bf48f3f59321496f
T 549 3fa39216cb614394
T 550 bf9a9655318f575d
T 551 bf6d1834696d4acb
T 552 bf908c86b059ca7d
T 553 bf74b7e67c1bef04
T 554 bf71bcb1eccadc8d
T 555 3f93549b3b95ffea
T 556 bf5451d0f1eb5b40
T 557 bf47768a3ac64c74
T 558 41b2413b64c16f44
T 559 41b24138f0a8cb04
T 560 bf53987bf46e89d6
T 561 bf46a089795009fd
T 562 41b23faf63de5370
T 563 41b23fad1bec9f1a
T 564 bf8fa91e0698887d
T 565 bf742b27cd611b02
T 566 bf70f784ee7bf4f6
T 567 3f92d14a25f66d11
T 568 bf55cee5272e0484
T 569 bf492e926f7fd7e5
T 570 41b23e1cfbcec979
T 571 41b23e1a28cbd790
T 572 bf550eb231308d07
T 573 bf4850a3c006e092
T 574 41b23cab68887303
T 575 41b23ca8c6a784cd
T 576 bfbc70e24bbc6e36
T 577 bf70c10be9714fb1
T 578 bfb96ea54cd9447f
T 579 3fb4709c1dbf4eba
T 580 3fcd5bf8119f4c15
T 581 3fad17576c608bd4
T 582 bfa4e865f4a90f37
T 583 bfcdc28d9f217b0f
T 584 bfc1df6fff5156a5
T 585 3f98052354526455
T 586 3fc15716f3dd842f
T 587 3fbebc2bd974b1df
T 588 bfb763a4194f561d
T 589 bfc235fa57a0c093
T 590 bf9a2fbb88ddb80d
T 591 3fbbfc3a45f8f2da
T 592 3fcfca2a8e2f8042
T 593 3f90b7c2a05178db
T 594 bfb1aed82f83892a
T 595 bfc9108f7c9c8b96
T 596 bfbff71f74104d97
T 597 3faba285549213f0
T 598 3fb192c5c895a41c
T 599 3fc195028034739a
T 600 bfbb14c93250a9a3
T 601 bfb393d15b08c171
T 602 bfb0b579e22004c0
T 603 3fb94d549539f2dd
T 604 3fc8668068e410a1
T 605 3fb7a8b8ae351dc8
T 606 bf8298a6899e203c
T 607 bfcfe470f4e54470
T 608 bf5dc934528a9641
T 609 3fcffebe917dd6ee
T 610 bfba474519d1d765
T 611 bfb3c81d72459df5
T 612 3fb97495a282fb60
T 613 bfc0c6bbc87287c4
T 614 bfba744108e84b42
T 615 3fb78543a41e736c
T 616 bf9ee19927c56679
T 617 bfbbcdbd71d7d2b6
T 618 3fcae4d1d515359e
T 619 bfb3d11ec67e5e5c
T 620 bfb0301b5ba8a26b
T 621 3fca4fe3f791a4ad
T 622 bfc1fd521b9a7964
T 623 bf945e4d4e6bad35
T 624 3f9d41c3e0fd7c2e
T 625 bfc22a441a2abc45
T 626 bfb647c890888c79
T 627 3fc3e48b687c76ab
T 628 bfb1c3a7beb8ee3c
T 629 bfb8dd009c7794e8
T 630 3fcec4f61a9b3c7e
T 631 bfa41553dda4b458
T 632 bfa16715ccd971ff
T 633 3fce77256462448b
T 634 bfc043c4b0373244
T 635 bfa9fe380d559566
T 636 3fc4b3c30d91810a
T 637 bfbbe2aed4359efc
T 638 bfbc5980ae344152
T 639 3f94eb917f86122c
T 640 bfb5aeab4aa2c5f7
T 641 bf714aca7e043619
T 642 bf9f5802518611f4
T 643 3fafaacef3ea4fbf
T 644 3fbe16510d9c1c6a
T 645 3f92ec5b50600404
T 646 bf9e91155f25de78
T 647 bfbeea12f5989a6a
T 648 bfa653af94281047
T 649 3f93b466d13d86a2
T 650 3fb1715f387a9763
T 651 3fa377f81f541be6
T 652 bfb1a2428d8f3203
T 653 bfb33d76f873f714
T 654 bf7de0455071db55
T 655 3fb56776e561736e
T 656 bf66b6b913c2b01a
T 657 3fc081c3ce3a68e3
T 658 bfa0bb92da021516
T 659 bfada8dacaace910
T 660 3fab43bf9e65eb14
T 661 bfa4e1dc8d4acc8d
T 662 bfb44dafe0ae8eca
T 663 3fa7454b098824f8
T 664 bf84d2d8163acdab
T 665 bfb520908ea69fa2
T 666 3fbc0ce6f88ccc80
T 667 bf9836766332da36
T 668 bfa945bef340ff1a
T 669 3fbad97a62a47596
T 670 bfa69e9c920cc64f
T 671 bf8c454e50970a7f
T 672 bf99559e977bb13c
T 673 bf71023396f59c1e
T 674 bf9a2b0fa3d8f66e
T 675 3f93169c099cc234
T 676 3fad27a481a3d8dc
T 677 3f918db9abeff321
T 678 bf80526a18514a84
T 679 bfaec8367a0028e3
T 680 bf5a91707a8c5d81
T 681 3fb038047135c25c
T 682 bf9dd6d0ade408ba
T 683 bf90bd710861879f
T 684 3f9cc1528a56f27b
T 685 bfa1cc2fccad633d
T 686 bf980a9b228c9dfd
T 687 3f94e5f18f1d30a4
T 688 bf948cebcb0c38cc
T 689 bf711ba211a47a0b
T 690 bf7d55ebaa3d2e01
T 691 3f9071c8db0e207d
T 692 bf65a4e83d6aca1c
T 693 3fa03e53b61d8a29
T 694 bf831d8f3c6553dd
T 695 bf893c900a9ecf4b
T 696 bf77e1dbf90c1c0c
T 697 bf70e4de1cc15bfa
T 698 bf5998d08aa5f15c
T 699 3f8f865017682216
T 700 bf71c0ce6090a29d
T 701 bf647fe3df025c99
T 702 41b0a66e1284bc2c
T 703 41b0a652bd998c79
T 704 bf715e0826f26fb1
T 705 bf640dd5da7a3cef
T 706 41b0a5cf0b4f0b1c
T 707 41b0a5b4e43203b0
T 708 bf76aa980ccdedc1
T 709 bf7109af9cc586b2
T 710 bf584b33920d26c3
T 711 3f8fcb045061f361
T 712 bf728bc35c75efe9
T 713 bf656a3ea0e4b5f4
T 714 41b0a452d28d8946
T 715 41b0a4350288612e
T 716 bf72256011ef503b
T 717 bf64f4046fc027d5
T 718 41b0a3b36d6e1482
T 719 41b0a396e41ad4ad
T 720 bf92d01954fd3742
T 721 bf70dee62ca50ee0
T 722 bf803f960a3c857e
T 723 3f8e1bad3756c960
T 724 bf63d06961d2a3ba
T 725 3fa004a976a287c5
T 726 bf852ce0cda8094a
T 727 bf871a4eec021cf3
T 728 bf7a6d9d7793dd1d
T 729 bf70af3e3f184580
T 730 bf5c535d4a62e94d
T 731 3f8f223f8b84c6b8
T 732 bf703f9cb37ffac9
T 733 bf62c31b39a1a42c
T 734 41b09d52aa48a268
T 735 41b09d3bd1abc6e2
T 736 bf6fc6ca4d3877cb
T 737 bf62589f92f33657
T 738 41b09cb303f64c73
T 739 41b09c9d2c9e2424
T 740 bf792307fbd72766
T 741 bf70c6ca5ae4ea81
T 742 bf5af10baf06afe7
T 743 3f8f4e30261553fe
T 744 bf70fccdc8fed5a2
T 745 bf639d90eee9c83e
T 746 41b09b5b06742e54
T 747 41b09b4210ac7d62
T 748 bf709d696a565426
T 749 bf632f6ab81a0422
T 750 41b09abc3b93200c
T 751 41b09aa45bef4dbe
T 752 bf94710fe2324eeb
T 753 bf71b3c3d97844a1
T 754 bf9f2636ae480c71
T 755 3f8ecdbb90f212c7
T 756 3fae58022f857f60
T 757 3f94e518bdc3780a
T 758 bf7a56e34077bbd1
T 759 bfb004c87f61c034
T 760 bf556fe35c133d30
T 761 3fb0e155f94bbc7e
T 762 bfa1c26c8846cd2f
T 763 bf8b039a19a48e51
T 764 3f9ded8408dd1003
T 765 bfa52f728ea12033
T 766 bf9365fa0638aa0a
T 767 3f95c01cffce69cc
T 768 bf9870b5f85af099
T 769 bf71ea2772a1e394
T 770 bf778b65214bb0ed
T 771 3f938e9d5dc57980
T 772 bf69bdb15ec7dcbf
T 773 3fa102698fc6f8f9
T 774 bf7eaf0ddca22c49
T 775 bf8e036bd201ea61
T 776 bf7337a310abdbed
T 777 bf71a2ec6d16cdbc
T 778 bf5498d9dc3a64bc
T 779 3f90747b2374747c
T 780 bf751e4d28219e92
T 781 bf6862a8bcc79407
T 782 41b082b26e11fac0
T 783 41b0828c1420d3d8
T 784 bf74ab563c4681e4
T 785 bf67dde8d634587b
T 786 41b0820f1de112d8
T 787 41b081ea6278f156
T 788 bf722448b4bf958d
T 789 bf71e577dcc6e622
T 790 bf5371ba8567b87b
T 791 3f90b2916abbc8e0
T 792 bf760b8b64f5c3a1
T 793 bf69749a98235551
T 794 41b08034398167bc
T 795 41b0800a754aad46
T 796 bf7593aeabb78e61
T 797 bf68ea32ed6b85d4
T 798 41b07f8de1489520
T 799 41b07f65e0008bc8
T 800 bf966c53b86430b7
T 801 bf7173dcf2be8436
T 802 bf7a57f747d1b22a
T 803 3f91f167a3a6bc32
T 804 bf679dd3beb54b98
T 805 3fa0921942516154
T 806 bf812a7429d4cfcf
T 807 bf8b894978ed25b0
T 808 bf7578ea2c7ec52e
T 809 bf71354ba69a9194
T 810 bf570393519b5cb6
T 811 3f900e3258bcfa43
T 812 bf735fb7472448da
T 813 bf665efc9563236e
T 814 41b078c063681eb6
T 815 41b078a02fede26c
T 816 bf72f5712f1892b3
T 817 bf65e445b1367758
T 818 41b0782195de2d18
T 819 41b07802c10a1320
T 820 bf7454145790b196
T 821 bf7168587a6767b0
T 822 bf55c9b72eb5a7c4
T 823 3f903dd3ba81e5e1
T 824 bf743a81bc166daf
T 825 bf675b9fe360574a
T 826 41b0767d9bc57170
T 827 41b0765a85c5882c
T 828 bf73cc0e8d326669
T 829 bf66dc1684dac585
T 830 41b075dd2a9dec68
T 831 41b075bb90f4cead
T 832 bfae19a9e01713cd
T 833 bf70c07c6f3f03b8
T 834 bfa7555c151525db
T 835 3fa5fb198dd2f8b1
T 836 3fbd25ace8e0e71f
T 837 3f9c2ca00e58cb5c
T 838 bf95378c81249fbf
T 839 bfbdf2d126e41095
T 840 bfb09ef613ccf0c6
T 841 3f8b5ad7b289f3d8
T 842 3fb0e5dc96500eca
T 843 3facfc7d8811b199
T 844 bfa87ae0e26a8349
T 845 bfb2a39474552dad
T 846 bf863da58aff46b4
T 847 3fadb6d07a8cb660
T 848 bf5f883bdc24d272
T 849 3fbffb7b299426fd
T 850 bfa8e9b0f514078d
T 851 bfa4965aa74e2552
T 852 3faa69aeab922a08
T 853 bfaf174d319c27b9
T 854 bfac2fa3b9d03b80
T 855 3fa68b2bd25ad05e
T 856 bf8f00f1475b9060
T 857 bfad5463718d2080
T 858 3fbb2c8d2b1b7d54
T 859 bfa2065b805d078d
T 860 bfa18ac81684ebfa
T 861 3fba02bb66dae111
T 862 bfb0d6bd1832c91a
T 863 bf839f8f7f729e6d
T 864 bfa29db2d7b4a2eb
T 865 bf70dff1fa335fc4
T 866 bf91f8352fe338a5
T 867 3f9c0d75bbec929e
T 868 3facecec4d00d1ce
T 869 3f881ba1cadd43f9
T 870 bf87fcae9f211836
T 871 bfae8a37464d2706
T 872 bf6385c427961df1
T 873 3fb0175a0a579e3c
T 874 bf947d8817f5c604
T 875 bf9899f8a72d28d4
T 876 3f9c876869dc326e
T 877 bf98716a747a4c77
T 878 bfa1aa776f708f85
T 879 3f94bbda76ffc252
T 880 bf8c5e684de634d1
T 881 bf70c5c9d0678305
T 882 bf85b41e1546671d
T 883 3f86b35f4ecb6dfe
T 884 bf5de0e9a1f51602
T 885 3f9fd9a3dda1283b
T 886 bf8c48df91ac6914
T 887 bf816b39095d8aa0
T 888 bf819c3dfbef445d
T 889 bf70a96b5b7759f3
T 890 bf62dfeb5a5c422a
T 891 3f8f176182065450
T 892 bf687989ce0a6917
T 893 bf5c42d209016b92
T 894 41b01a72a9a32230
T 895 41b01a661a44b3a2
T 896 bf67e129af776b04
T 897 bf5b92df56b31c38
T 898 41b019c631d8b7e6
T 899 41b019ba3d782055
T 900 bf80d45ab469c4a9
T 901 bf709ac90b8f67b6
T 902 bf6209ae241a5dae
T 903 3f8efc12cb572313
T 904 bf69b15d2958db81
T 905 bf5daae2ba15f2fc
T 906 41b018b65c220246
T 907 41b018a8863e8ae5
T 908 bf691448f9fc24dc
T 909 bf5cf581b1f9dc4d
T 910 41b0180e74d7c23c
T 911 41b0180146a4eace
T 912 bf89ae83ba3b8a50
T 913 bf70f02c240d9516
T 914 bf87bd54cb275e4c
T 915 3f848cebc66806fb
T 916 bf5b0c68fc8d07f1
T 917 3fa0150ffc1081d3
T 918 bf8ef021db3eff8a
T 919 bf7f89b17d9375ea
T 920 bf8340c8fcd7f892
T 921 bf70d9e6a75ce6be
T 922 bf64a2a7ecda6c9d
T 923 3f8f71d94d6b3e3a
T 924 bf66252ef257ca78
T 925 bf5992358825f450
T 926 41b0118c84e4aa93
T 927 41b01182422818c5
T 928 bf6595bb4743d541
T 929 bf58ec90b13ac14e
T 930 41b010d558e76615
T 931 41b010cb99da3087
T 932 bf826b07de4b9368
T 933 bf70be68cc4a06f2
T 934 bf63bd8e019b3638
T 935 3f8f3e8c7c1b0502
T 936 bf674ab066ca758e
T 937 bf5ae51eca9add89
T 938 41b00fce1b1d6f58
T 939 41b00fc2c2960bb8
T 940 bf66b6da81341418
T 941 bf5a3a6a1d2e2497
T 942 41b00f1ce8ec9a06
T 943 41b00f121f19f4a4
T 944 bf9ef6d22bfddad4
T 945 bf70be2ee0f1579c
T 946 bf95c75ba95dce10
T 947 3f97547cb39f9c5d
T 948 3facb30cf494da8d
T 949 3f8d37e4678b1b6a
T 950 bf83f2eba6424def
T 951 bfae4d1d095b71ec
T 952 bf603c690e2b38d8
T 953 3fafee508e2f5bf1
T 954 bf98d57a37a3e193
T 955 bf9475bb0a4c83da
T 956 3f9c4e542c837eca
T 957 bf9d9fdc47acd7ec
T 958 bf9d624057b3cd19
T 959 3f94925ed0f14add
T 960 bf91236b11954450
T 961 bf70bd5f4ac187f0
T 962 bf81ffd6aa453bd6
T 963 3f8b6d9de22981d4
T 964 bf620ceaa340b49d
T 965 3f9fc9a88f8efec6
T 966 bf87750d56057c36
T 967 bf850be042a7667c
T 968 bf7d3fd9873a9f18
T 969 bf70948f163d0973
T 970 bf5f59740123e37c
T 971 3f8ef0746d79a855
T 972 bf6d9866d6c5610f
T 973 bf61163cd166218b
T 974 41aff6085aefeb70
T 975 41aff5e3e78db608
T 976 bf6cebe1ddb93959
T 977 bf60b2a228b499dd
T 978 41aff4ce1b32c00d
T 979 41aff4ab4d46b1be
T 980 bf7bdf7cfd380ce1
T 981 bf709ef1fc9d1d1c
T 982 bf5ddfcb1221ee6b
T 983 3f8f03d6009d8564
T 984 bf6ef9ead4a6c478
T 985 bf61e257033639ab
T 986 41aff26f08b0c89e
T 987 41aff2471eae5544
T 988 bf6e47bf877c26ba
T 989 bf617b7950bd2d50
T 990 41aff138dc033ec0
T 991 41aff112b9728518
T 992 bf8f3c9f5666c730
T 993 bf70b5026d8c46c6
T 994 bf83ca2bf2505827
T 995 3f88fee3f7a3b44d
T 996 bf607319ebc65369
T 997 3f9fb9c73103c0a2
T 998 bf89ca5d0ba25997
T 999 bf832e0a9749f4a6
T 1000 bf80113d3ceb8f63
T 1001 bf70927e0266d089
T 1002 bf61388e76c1d3c0
T 1003 3f8eec9927d5afc1
T 1004 bf6af5f92efe51d5
T 1005 bf5f21b65dfacf5e
T 1006 41afe50bbf37307a
T 1007 41afe4ed8f4532b4
T 1008 bf6a53f1e0cedf39
T 1009 bf5e669e30d974c0
T 1010 41afe3c6b19d9f38
T 1011 41afe3a9e965247b
T 1012 bf7eab973786cff4
T 1013 bf70906ad992a840
T 1014 bf606fa79f05e1f4
T 1015 3f8ee8b9ff9e30ee
T 1016 bf6c41b846b26e31
T 1017 bf605063dd02c8b3
T 1018 41afe190a0034772
T 1019 41afe16f7af03762
T 1020 bf6b9a92a1aa9d34
T 1021 bf5fdfc6803d1ce3
T 1022 41afe0520a6c0a0a
T 1023 41afe0326a2cde3e
END 1024 256 INPUTS_UNCHANGED CANARIES_PASS
