/home/footfalcon/free_falcon_sign/proofs/ft1536/work/B20_001/P02/run/floor_exec_013/source/B20/Fpr/FloorExec.lean:138:60: warning: This simp argument is unused:
  floor_xi1

Hint: Omit it from the simp argument list.
  [apply] simp only [rint_y, rint_e, rint_m0, floor_t, floor_xi0, rint_e2, floorSpec, floor_mask_fold, hmaskF,
    hmaskF_exp] at hS_cc hsafe hneg_t hcall9 hxor7 hadd7 hrfl7 hrint7

Note: This linter can be disabled with `set_option linter.unusedSimpArgs false`
/home/footfalcon/free_falcon_sign/proofs/ft1536/work/B20_001/P02/run/floor_exec_013/source/B20/Fpr/FloorExec.lean:139:15: warning: This simp argument is unused:
  floorSpec

Hint: Omit it from the simp argument list.
  [apply] simp only [rint_y, rint_e, rint_m0, floor_t, floor_xi0, floor_xi1, rint_e2, floor_mask_fold, hmaskF,
    hmaskF_exp] at hS_cc hsafe hneg_t hcall9 hxor7 hadd7 hrfl7 hrint7

Note: This linter can be disabled with `set_option linter.unusedSimpArgs false`
/home/footfalcon/free_falcon_sign/proofs/ft1536/work/B20_001/P02/run/floor_exec_013/source/B20/Fpr/FloorExec.lean:139:26: warning: This simp argument is unused:
  floor_mask_fold

Hint: Omit it from the simp argument list.
  [apply] simp only [rint_y, rint_e, rint_m0, floor_t, floor_xi0, floor_xi1, rint_e2, floorSpec, hmaskF,
    hmaskF_exp] at hS_cc hsafe hneg_t hcall9 hxor7 hadd7 hrfl7 hrint7

Note: This linter can be disabled with `set_option linter.unusedSimpArgs false`
/home/footfalcon/free_falcon_sign/proofs/ft1536/work/B20_001/P02/run/floor_exec_013/source/B20/Fpr/FloorExec.lean:139:43: warning: This simp argument is unused:
  hmaskF

Hint: Omit it from the simp argument list.
  [apply] simp only [rint_y, rint_e, rint_m0, floor_t, floor_xi0, floor_xi1, rint_e2, floorSpec, floor_mask_fold,
    hmaskF_exp] at hS_cc hsafe hneg_t hcall9 hxor7 hadd7 hrfl7 hrint7

Note: This linter can be disabled with `set_option linter.unusedSimpArgs false`
/home/footfalcon/free_falcon_sign/proofs/ft1536/work/B20_001/P02/run/floor_exec_013/source/B20/Fpr/FloorExec.lean:139:51: warning: This simp argument is unused:
  hmaskF_exp

Hint: Omit it from the simp argument list.
  [apply] simp only [rint_y, rint_e, rint_m0, floor_t, floor_xi0, floor_xi1, rint_e2, floorSpec, floor_mask_fold,
    hmaskF] at hS_cc hsafe hneg_t hcall9 hxor7 hadd7 hrfl7 hrint7

Note: This linter can be disabled with `set_option linter.unusedSimpArgs false`
/home/footfalcon/free_falcon_sign/proofs/ft1536/work/B20_001/P02/run/floor_exec_013/source/B20/Fpr/FloorExec.lean:152:60: warning: This simp argument is unused:
  floor_xi1

Hint: Omit it from the simp argument list.
  [apply] simp only [rint_y, rint_e, rint_m0, floor_t, floor_xi0, rint_e2, floorSpec, floor_mask_fold, hmaskF,
    hmaskF_exp] at hS_cc hsafe hneg_t hcall9 hxor7 hadd7 hrfl7 hrint7

Note: This linter can be disabled with `set_option linter.unusedSimpArgs false`
/home/footfalcon/free_falcon_sign/proofs/ft1536/work/B20_001/P02/run/floor_exec_013/source/B20/Fpr/FloorExec.lean:153:15: warning: This simp argument is unused:
  floorSpec

Hint: Omit it from the simp argument list.
  [apply] simp only [rint_y, rint_e, rint_m0, floor_t, floor_xi0, floor_xi1, rint_e2, floor_mask_fold, hmaskF,
    hmaskF_exp] at hS_cc hsafe hneg_t hcall9 hxor7 hadd7 hrfl7 hrint7

Note: This linter can be disabled with `set_option linter.unusedSimpArgs false`
/home/footfalcon/free_falcon_sign/proofs/ft1536/work/B20_001/P02/run/floor_exec_013/source/B20/Fpr/FloorExec.lean:153:26: warning: This simp argument is unused:
  floor_mask_fold

Hint: Omit it from the simp argument list.
  [apply] simp only [rint_y, rint_e, rint_m0, floor_t, floor_xi0, floor_xi1, rint_e2, floorSpec, hmaskF,
    hmaskF_exp] at hS_cc hsafe hneg_t hcall9 hxor7 hadd7 hrfl7 hrint7

Note: This linter can be disabled with `set_option linter.unusedSimpArgs false`
/home/footfalcon/free_falcon_sign/proofs/ft1536/work/B20_001/P02/run/floor_exec_013/source/B20/Fpr/FloorExec.lean:153:43: warning: This simp argument is unused:
  hmaskF

Hint: Omit it from the simp argument list.
  [apply] simp only [rint_y, rint_e, rint_m0, floor_t, floor_xi0, floor_xi1, rint_e2, floorSpec, floor_mask_fold,
    hmaskF_exp] at hS_cc hsafe hneg_t hcall9 hxor7 hadd7 hrfl7 hrint7

Note: This linter can be disabled with `set_option linter.unusedSimpArgs false`
/home/footfalcon/free_falcon_sign/proofs/ft1536/work/B20_001/P02/run/floor_exec_013/source/B20/Fpr/FloorExec.lean:153:51: warning: This simp argument is unused:
  hmaskF_exp

Hint: Omit it from the simp argument list.
  [apply] simp only [rint_y, rint_e, rint_m0, floor_t, floor_xi0, floor_xi1, rint_e2, floorSpec, floor_mask_fold,
    hmaskF] at hS_cc hsafe hneg_t hcall9 hxor7 hadd7 hrfl7 hrint7

Note: This linter can be disabled with `set_option linter.unusedSimpArgs false`
