{
  "checks": {
    "challenge_spec": true,
    "congruence": true,
    "first_norm": true,
    "full_norm": true,
    "not_short": true,
    "payload": true,
    "second_norm": true
  },
  "domain": "GF(18433)[X]/(X^1536-X^768+1)",
  "excess": 40964788672,
  "ext_first_norm": 42658711057,
  "ext_norm": 43058711057,
  "ok": true,
  "payload_sha256": "50468530f25ff63fe5680331d2f2591120a15aae0ba0f63f0b0364fc78289b74",
  "sage_version": "3.14.7 | packaged by conda-forge | (main, Sep  2 2026, 21:08:32) [GCC 15.3.0]",
  "schema": "DAYBREAK_INDEPENDENT_SAGE_V1",
  "second_norm": 400000000
}
