{
  "B": 2093922385,
  "arithmetic": "exact Python integers; coefficients reduced in GF(18433); Phi=X^1536-X^768+1",
  "checks": {
    "c_canonical": true,
    "challenge_spec": true,
    "extractor_congruence": true,
    "extractor_not_short": true,
    "h_canonical": true,
    "machine_first_zero": true,
    "machine_short": true,
    "payload_shape": true,
    "public_key_decodes_to_text_h": true
  },
  "decoded_bytes_after_header": 1930,
  "errors": [],
  "excess": 40964788672,
  "ext_first_norm": 42658711057,
  "ext_norm": 43058711057,
  "machine_norm": 400000000,
  "ok": true,
  "padding_bits": 2,
  "payload_sha256": "50468530f25ff63fe5680331d2f2591120a15aae0ba0f63f0b0364fc78289b74",
  "public_key_sha256": "57c49fb228013b0bfc4907c754d747dca93c1049d2945ccd6cd686e9f95afc6f",
  "s0": -20000,
  "schema": "DAYBREAK_INDEPENDENT_CHECK_V1",
  "second_norm": 400000000,
  "signed_s_residue0": 16866,
  "source_pre_ntt_residue0": 8670,
  "source_pre_ntt_word0": 63969,
  "z1_sha256_i16le": "a3044a08c5d455a2361f702ede37fade220bf350ea50c492170e0aadaf61c300"
}
