{"job": "toolchain", "exit_code": 0, "elapsed_seconds": 0.566126024001278}
{"job": "binding", "exit_code": 0, "elapsed_seconds": 0.16407495699240826}
{"job": "fixtures", "exit_code": 0, "elapsed_seconds": 1.2158879070193507}
{"job": "kernel", "exit_code": 0, "elapsed_seconds": 33.55386048401124}
{"job": "lean_values", "exit_code": 0, "elapsed_seconds": 0.4148187780228909}
{"job": "normal", "exit_code": 0, "elapsed_seconds": 1.0157500990026165}
{"job": "sanitizers", "exit_code": 0, "elapsed_seconds": 1.6679630120052025}
{"job": "semantic_summary", "exit_code": 0, "elapsed_seconds": 0.06393659499008209}
{"job": "assembly_build", "exit_code": 0, "elapsed_seconds": 1.8677963409863878}
{"job": "benchmark_build", "exit_code": 0, "elapsed_seconds": 2.8206796899903566}
{"job": "assembly_review", "exit_code": 0, "elapsed_seconds": 0.11406035500112921}
{"job": "historical_raw", "exit_code": 0, "elapsed_seconds": 0.46502557600615546}
{"job": "confirmatory_raw", "exit_code": 0, "elapsed_seconds": 162.6732540029916}
{"job": "timing_summary", "exit_code": 0, "elapsed_seconds": 1.5174941080040298}
{"job": "evidence_integrity", "exit_code": 0, "elapsed_seconds": 1.266779725003289}
{
  "status": "FRESH_REPLAY_PASS",
  "mode": "PREFREEZE_REHEARSAL",
  "input_manifest": "artifacts/rehearsal_inputs.sha256",
  "input_manifest_sha256": "c50a1738493314720588b0b94fbc47aedf5a5ffc59fd3d8bd8cc0c85cb1b2661",
  "source": "/home/footfalcon/free_falcon_sign/proofs/ft1536/work/FT1536_FPEMU_FLOOR_CT_RUN_001",
  "destination": "/home/footfalcon/free_falcon_sign/proofs/ft1536/work/FT1536_FPEMU_FLOOR_CT_RUN_001/tmp/rehearsal_001",
  "seed_members": 759,
  "cached_binaries_or_olean_used": false,
  "physical_timing_rerun": false,
  "semantic_matches": 235,
  "all_102_states_exact": true,
  "historical_raw_trials": 12,
  "confirmatory_raw_trials": 30,
  "confirmatory_batches": 9771,
  "elapsed_seconds": 210.48360723399674
}
