{
  "status": "PASS_KERNEL_ALL_WORD64_EQUIVALENCE_AND_RANGE_FACTS",
  "modules": 8,
  "checked_theorems": 41,
  "new_theorems": 15,
  "all_final_logs_clean": true,
  "allowed_axioms": [
    "Classical.choice",
    "Quot.sound",
    "propext"
  ],
  "inherited_modules_unchanged": 3,
  "audit_stdout_sha256": "6724257763ae73bb0e41c7a6df3c18c3480c73ae1553eff7e6dd40ee2db2a25f",
  "full_types_terms_sha256": "33f3b50756ea448b4ce1610e79165b3f6e2e6261caf41ac6579a38b813365927",
  "all_word64_equivalence_proved": true,
  "source_definedness_range_facts_proved": true,
  "numeric_center_transport_proved": true,
  "proof_kind": "KERNEL_INTEGER_BIT_MODEL_WITH_EXPLICIT_C99_GCC_LP64_SOURCE_BINDING",
  "C_compiler_verified": false
}
