{
  "status": "PASS_PRESPECIFIED_AB_EXPLORATORY_SHARED_HOST",
  "complete_rounds": 3,
  "plan_sha256": "733401b207afedae6ae32e559a1599b608c9afed1eca452905899c923e59c676",
  "elapsed_seconds": 454.4946966060088,
  "cpu": 11,
  "host_scope": "EXPLORATORY_SHARED_HOST_NOT_EXCLUSIVELY_RESERVED",
  "baseline_signal_reproduced": true,
  "candidate_signal_detected": false,
  "positive_controls_pass": 6,
  "negative_controls_pass": 6,
  "baseline_floor_detections": 9,
  "candidate_floor_no_signal": 9,
  "candidate_floor_min_n": 31946427,
  "candidate_floor_final_t_range": [
    1.3873405478132106,
    3.905811094457479
  ],
  "baseline_floor_final_t_range": [
    115.09394662444132,
    149.9058606779236
  ],
  "storage_bytes": 948531594,
  "max_stream_part_bytes": 33554432,
  "all_raw_complete": true,
  "all_102_states_recalculated": true,
  "physical_timing_rerun": false,
  "interpretation": "No diagnosed control/execution failure; host not reserved, variable frequency/interference cannot be excluded. Qualified one-build evidence, not hardware/backend/Sign CT proof."
}
