/home/footfalcon/free_falcon_sign/proofs/ft1536/work/B20_001/P02/run/le_execution_002/source/B20/Word/LESpec.lean:24:54: warning: This simp argument is unused:
  or_left_comm

Hint: Omit it from the simp argument list.
  [apply] simp only [orWord, BitVec.or_assoc, BitVec.or_comm]

Note: This linter can be disabled with `set_option linter.unusedSimpArgs false`
/home/footfalcon/free_falcon_sign/proofs/ft1536/work/B20_001/P02/run/le_execution_002/source/B20/Word/LESpec.lean:29:80: error: unsolved goals
case «0»
w : U64
⊢ (BitVec.setWidth 8 (w >>> 56) ++
        (BitVec.setWidth 8 (w >>> 48) ++
          (BitVec.setWidth 8 (w >>> 40) ++
            (BitVec.setWidth 8 (w >>> 32) ++
              (BitVec.setWidth 8 (w >>> 24) ++
                (BitVec.setWidth 8 (w >>> 16) ++ (BitVec.setWidth 8 (w >>> 8) ++ BitVec.setWidth 8 w)))))))[0] =
    w[0]

case «1»
w : U64
⊢ (BitVec.setWidth 8 (w >>> 56) ++
        (BitVec.setWidth 8 (w >>> 48) ++
          (BitVec.setWidth 8 (w >>> 40) ++
            (BitVec.setWidth 8 (w >>> 32) ++
              (BitVec.setWidth 8 (w >>> 24) ++
                (BitVec.setWidth 8 (w >>> 16) ++ (BitVec.setWidth 8 (w >>> 8) ++ BitVec.setWidth 8 w)))))))[1] =
    w[1]

case «2»
w : U64
⊢ (BitVec.setWidth 8 (w >>> 56) ++
        (BitVec.setWidth 8 (w >>> 48) ++
          (BitVec.setWidth 8 (w >>> 40) ++
            (BitVec.setWidth 8 (w >>> 32) ++
              (BitVec.setWidth 8 (w >>> 24) ++
                (BitVec.setWidth 8 (w >>> 16) ++ (BitVec.setWidth 8 (w >>> 8) ++ BitVec.setWidth 8 w)))))))[2] =
    w[2]

case «3»
w : U64
⊢ (BitVec.setWidth 8 (w >>> 56) ++
        (BitVec.setWidth 8 (w >>> 48) ++
          (BitVec.setWidth 8 (w >>> 40) ++
            (BitVec.setWidth 8 (w >>> 32) ++
              (BitVec.setWidth 8 (w >>> 24) ++
                (BitVec.setWidth 8 (w >>> 16) ++ (BitVec.setWidth 8 (w >>> 8) ++ BitVec.setWidth 8 w)))))))[3] =
    w[3]

case «4»
w : U64
⊢ (BitVec.setWidth 8 (w >>> 56) ++
        (BitVec.setWidth 8 (w >>> 48) ++
          (BitVec.setWidth 8 (w >>> 40) ++
            (BitVec.setWidth 8 (w >>> 32) ++
              (BitVec.setWidth 8 (w >>> 24) ++
                (BitVec.setWidth 8 (w >>> 16) ++ (BitVec.setWidth 8 (w >>> 8) ++ BitVec.setWidth 8 w)))))))[4] =
    w[4]

case «5»
w : U64
⊢ (BitVec.setWidth 8 (w >>> 56) ++
        (BitVec.setWidth 8 (w >>> 48) ++
          (BitVec.setWidth 8 (w >>> 40) ++
            (BitVec.setWidth 8 (w >>> 32) ++
              (BitVec.setWidth 8 (w >>> 24) ++
                (BitVec.setWidth 8 (w >>> 16) ++ (BitVec.setWidth 8 (w >>> 8) ++ BitVec.setWidth 8 w)))))))[5] =
    w[5]

case «6»
w : U64
⊢ (BitVec.setWidth 8 (w >>> 56) ++
        (BitVec.setWidth 8 (w >>> 48) ++
          (BitVec.setWidth 8 (w >>> 40) ++
            (BitVec.setWidth 8 (w >>> 32) ++
              (BitVec.setWidth 8 (w >>> 24) ++
                (BitVec.setWidth 8 (w >>> 16) ++ (BitVec.setWidth 8 (w >>> 8) ++ BitVec.setWidth 8 w)))))))[6] =
    w[6]

case «7»
w : U64
⊢ (BitVec.setWidth 8 (w >>> 56) ++
        (BitVec.setWidth 8 (w >>> 48) ++
          (BitVec.setWidth 8 (w >>> 40) ++
            (BitVec.setWidth 8 (w >>> 32) ++
              (BitVec.setWidth 8 (w >>> 24) ++
                (BitVec.setWidth 8 (w >>> 16) ++ (BitVec.setWidth 8 (w >>> 8) ++ BitVec.setWidth 8 w)))))))[7] =
    w[7]

case «8»
w : U64
⊢ (BitVec.setWidth 8 (w >>> 56) ++
        (BitVec.setWidth 8 (w >>> 48) ++
          (BitVec.setWidth 8 (w >>> 40) ++
            (BitVec.setWidth 8 (w >>> 32) ++
              (BitVec.setWidth 8 (w >>> 24) ++
                (BitVec.setWidth 8 (w >>> 16) ++ (BitVec.setWidth 8 (w >>> 8) ++ BitVec.setWidth 8 w)))))))[8] =
    w[8]

case «9»
w : U64
⊢ (BitVec.setWidth 8 (w >>> 56) ++
        (BitVec.setWidth 8 (w >>> 48) ++
          (BitVec.setWidth 8 (w >>> 40) ++
            (BitVec.setWidth 8 (w >>> 32) ++
              (BitVec.setWidth 8 (w >>> 24) ++
                (BitVec.setWidth 8 (w >>> 16) ++ (BitVec.setWidth 8 (w >>> 8) ++ BitVec.setWidth 8 w)))))))[9] =
    w[9]

case «10»
w : U64
⊢ (BitVec.setWidth 8 (w >>> 56) ++
        (BitVec.setWidth 8 (w >>> 48) ++
          (BitVec.setWidth 8 (w >>> 40) ++
            (BitVec.setWidth 8 (w >>> 32) ++
              (BitVec.setWidth 8 (w >>> 24) ++
                (BitVec.setWidth 8 (w >>> 16) ++ (BitVec.setWidth 8 (w >>> 8) ++ BitVec.setWidth 8 w)))))))[10] =
    w[10]

case «11»
w : U64
⊢ (BitVec.setWidth 8 (w >>> 56) ++
        (BitVec.setWidth 8 (w >>> 48) ++
          (BitVec.setWidth 8 (w >>> 40) ++
            (BitVec.setWidth 8 (w >>> 32) ++
              (BitVec.setWidth 8 (w >>> 24) ++
                (BitVec.setWidth 8 (w >>> 16) ++ (BitVec.setWidth 8 (w >>> 8) ++ BitVec.setWidth 8 w)))))))[11] =
    w[11]

case «12»
w : U64
⊢ (BitVec.setWidth 8 (w >>> 56) ++
        (BitVec.setWidth 8 (w >>> 48) ++
          (BitVec.setWidth 8 (w >>> 40) ++
            (BitVec.setWidth 8 (w >>> 32) ++
              (BitVec.setWidth 8 (w >>> 24) ++
                (BitVec.setWidth 8 (w >>> 16) ++ (BitVec.setWidth 8 (w >>> 8) ++ BitVec.setWidth 8 w)))))))[12] =
    w[12]

case «13»
w : U64
⊢ (BitVec.setWidth 8 (w >>> 56) ++
        (BitVec.setWidth 8 (w >>> 48) ++
          (BitVec.setWidth 8 (w >>> 40) ++
            (BitVec.setWidth 8 (w >>> 32) ++
              (BitVec.setWidth 8 (w >>> 24) ++
                (BitVec.setWidth 8 (w >>> 16) ++ (BitVec.setWidth 8 (w >>> 8) ++ BitVec.setWidth 8 w)))))))[13] =
    w[13]

case «14»
w : U64
⊢ (BitVec.setWidth 8 (w >>> 56) ++
        (BitVec.setWidth 8 (w >>> 48) ++
          (BitVec.setWidth 8 (w >>> 40) ++
            (BitVec.setWidth 8 (w >>> 32) ++
              (BitVec.setWidth 8 (w >>> 24) ++
                (BitVec.setWidth 8 (w >>> 16) ++ (BitVec.setWidth 8 (w >>> 8) ++ BitVec.setWidth 8 w)))))))[14] =
    w[14]

case «15»
w : U64
⊢ (BitVec.setWidth 8 (w >>> 56) ++
        (BitVec.setWidth 8 (w >>> 48) ++
          (BitVec.setWidth 8 (w >>> 40) ++
            (BitVec.setWidth 8 (w >>> 32) ++
              (BitVec.setWidth 8 (w >>> 24) ++
                (BitVec.setWidth 8 (w >>> 16) ++ (BitVec.setWidth 8 (w >>> 8) ++ BitVec.setWidth 8 w)))))))[15] =
    w[15]

case «16»
w : U64
⊢ (BitVec.setWidth 8 (w >>> 56) ++
        (BitVec.setWidth 8 (w >>> 48) ++
          (BitVec.setWidth 8 (w >>> 40) ++
            (BitVec.setWidth 8 (w >>> 32) ++
              (BitVec.setWidth 8 (w >>> 24) ++
                (BitVec.setWidth 8 (w >>> 16) ++ (BitVec.setWidth 8 (w >>> 8) ++ BitVec.setWidth 8 w)))))))[16] =
    w[16]

case «17»
w : U64
⊢ (BitVec.setWidth 8 (w >>> 56) ++
        (BitVec.setWidth 8 (w >>> 48) ++
          (BitVec.setWidth 8 (w >>> 40) ++
            (BitVec.setWidth 8 (w >>> 32) ++
              (BitVec.setWidth 8 (w >>> 24) ++
                (BitVec.setWidth 8 (w >>> 16) ++ (BitVec.setWidth 8 (w >>> 8) ++ BitVec.setWidth 8 w)))))))[17] =
    w[17]

case «18»
w : U64
⊢ (BitVec.setWidth 8 (w >>> 56) ++
        (BitVec.setWidth 8 (w >>> 48) ++
          (BitVec.setWidth 8 (w >>> 40) ++
            (BitVec.setWidth 8 (w >>> 32) ++
              (BitVec.setWidth 8 (w >>> 24) ++
                (BitVec.setWidth 8 (w >>> 16) ++ (BitVec.setWidth 8 (w >>> 8) ++ BitVec.setWidth 8 w)))))))[18] =
    w[18]

case «19»
w : U64
⊢ (BitVec.setWidth 8 (w >>> 56) ++
        (BitVec.setWidth 8 (w >>> 48) ++
          (BitVec.setWidth 8 (w >>> 40) ++
            (BitVec.setWidth 8 (w >>> 32) ++
              (BitVec.setWidth 8 (w >>> 24) ++
                (BitVec.setWidth 8 (w >>> 16) ++ (BitVec.setWidth 8 (w >>> 8) ++ BitVec.setWidth 8 w)))))))[19] =
    w[19]

case «20»
w : U64
⊢ (BitVec.setWidth 8 (w >>> 56) ++
        (BitVec.setWidth 8 (w >>> 48) ++
          (BitVec.setWidth 8 (w >>> 40) ++
            (BitVec.setWidth 8 (w >>> 32) ++
              (BitVec.setWidth 8 (w >>> 24) ++
                (BitVec.setWidth 8 (w >>> 16) ++ (BitVec.setWidth 8 (w >>> 8) ++ BitVec.setWidth 8 w)))))))[20] =
    w[20]

case «21»
w : U64
⊢ (BitVec.setWidth 8 (w >>> 56) ++
        (BitVec.setWidth 8 (w >>> 48) ++
          (BitVec.setWidth 8 (w >>> 40) ++
            (BitVec.setWidth 8 (w >>> 32) ++
              (BitVec.setWidth 8 (w >>> 24) ++
                (BitVec.setWidth 8 (w >>> 16) ++ (BitVec.setWidth 8 (w >>> 8) ++ BitVec.setWidth 8 w)))))))[21] =
    w[21]

case «22»
w : U64
⊢ (BitVec.setWidth 8 (w >>> 56) ++
        (BitVec.setWidth 8 (w >>> 48) ++
          (BitVec.setWidth 8 (w >>> 40) ++
            (BitVec.setWidth 8 (w >>> 32) ++
              (BitVec.setWidth 8 (w >>> 24) ++
                (BitVec.setWidth 8 (w >>> 16) ++ (BitVec.setWidth 8 (w >>> 8) ++ BitVec.setWidth 8 w)))))))[22] =
    w[22]

case «23»
w : U64
⊢ (BitVec.setWidth 8 (w >>> 56) ++
        (BitVec.setWidth 8 (w >>> 48) ++
          (BitVec.setWidth 8 (w >>> 40) ++
            (BitVec.setWidth 8 (w >>> 32) ++
              (BitVec.setWidth 8 (w >>> 24) ++
                (BitVec.setWidth 8 (w >>> 16) ++ (BitVec.setWidth 8 (w >>> 8) ++ BitVec.setWidth 8 w)))))))[23] =
    w[23]

case «24»
w : U64
⊢ (BitVec.setWidth 8 (w >>> 56) ++
        (BitVec.setWidth 8 (w >>> 48) ++
          (BitVec.setWidth 8 (w >>> 40) ++
            (BitVec.setWidth 8 (w >>> 32) ++
              (BitVec.setWidth 8 (w >>> 24) ++
                (BitVec.setWidth 8 (w >>> 16) ++ (BitVec.setWidth 8 (w >>> 8) ++ BitVec.setWidth 8 w)))))))[24] =
    w[24]

case «25»
w : U64
⊢ (BitVec.setWidth 8 (w >>> 56) ++
        (BitVec.setWidth 8 (w >>> 48) ++
          (BitVec.setWidth 8 (w >>> 40) ++
            (BitVec.setWidth 8 (w >>> 32) ++
              (BitVec.setWidth 8 (w >>> 24) ++
                (BitVec.setWidth 8 (w >>> 16) ++ (BitVec.setWidth 8 (w >>> 8) ++ BitVec.setWidth 8 w)))))))[25] =
    w[25]

case «26»
w : U64
⊢ (BitVec.setWidth 8 (w >>> 56) ++
        (BitVec.setWidth 8 (w >>> 48) ++
          (BitVec.setWidth 8 (w >>> 40) ++
            (BitVec.setWidth 8 (w >>> 32) ++
              (BitVec.setWidth 8 (w >>> 24) ++
                (BitVec.setWidth 8 (w >>> 16) ++ (BitVec.setWidth 8 (w >>> 8) ++ BitVec.setWidth 8 w)))))))[26] =
    w[26]

case «27»
w : U64
⊢ (BitVec.setWidth 8 (w >>> 56) ++
        (BitVec.setWidth 8 (w >>> 48) ++
          (BitVec.setWidth 8 (w >>> 40) ++
            (BitVec.setWidth 8 (w >>> 32) ++
              (BitVec.setWidth 8 (w >>> 24) ++
                (BitVec.setWidth 8 (w >>> 16) ++ (BitVec.setWidth 8 (w >>> 8) ++ BitVec.setWidth 8 w)))))))[27] =
    w[27]

case «28»
w : U64
⊢ (BitVec.setWidth 8 (w >>> 56) ++
        (BitVec.setWidth 8 (w >>> 48) ++
          (BitVec.setWidth 8 (w >>> 40) ++
            (BitVec.setWidth 8 (w >>> 32) ++
              (BitVec.setWidth 8 (w >>> 24) ++
                (BitVec.setWidth 8 (w >>> 16) ++ (BitVec.setWidth 8 (w >>> 8) ++ BitVec.setWidth 8 w)))))))[28] =
    w[28]

case «29»
w : U64
⊢ (BitVec.setWidth 8 (w >>> 56) ++
        (BitVec.setWidth 8 (w >>> 48) ++
          (BitVec.setWidth 8 (w >>> 40) ++
            (BitVec.setWidth 8 (w >>> 32) ++
              (BitVec.setWidth 8 (w >>> 24) ++
                (BitVec.setWidth 8 (w >>> 16) ++ (BitVec.setWidth 8 (w >>> 8) ++ BitVec.setWidth 8 w)))))))[29] =
    w[29]

case «30»
w : U64
⊢ (BitVec.setWidth 8 (w >>> 56) ++
        (BitVec.setWidth 8 (w >>> 48) ++
          (BitVec.setWidth 8 (w >>> 40) ++
            (BitVec.setWidth 8 (w >>> 32) ++
              (BitVec.setWidth 8 (w >>> 24) ++
                (BitVec.setWidth 8 (w >>> 16) ++ (BitVec.setWidth 8 (w >>> 8) ++ BitVec.setWidth 8 w)))))))[30] =
    w[30]

case «31»
w : U64
⊢ (BitVec.setWidth 8 (w >>> 56) ++
        (BitVec.setWidth 8 (w >>> 48) ++
          (BitVec.setWidth 8 (w >>> 40) ++
            (BitVec.setWidth 8 (w >>> 32) ++
              (BitVec.setWidth 8 (w >>> 24) ++
                (BitVec.setWidth 8 (w >>> 16) ++ (BitVec.setWidth 8 (w >>> 8) ++ BitVec.setWidth 8 w)))))))[31] =
    w[31]

case «32»
w : U64
⊢ (BitVec.setWidth 8 (w >>> 56) ++
        (BitVec.setWidth 8 (w >>> 48) ++
          (BitVec.setWidth 8 (w >>> 40) ++
            (BitVec.setWidth 8 (w >>> 32) ++
              (BitVec.setWidth 8 (w >>> 24) ++
                (BitVec.setWidth 8 (w >>> 16) ++ (BitVec.setWidth 8 (w >>> 8) ++ BitVec.setWidth 8 w)))))))[32] =
    w[32]

case «33»
w : U64
⊢ (BitVec.setWidth 8 (w >>> 56) ++
        (BitVec.setWidth 8 (w >>> 48) ++
          (BitVec.setWidth 8 (w >>> 40) ++
            (BitVec.setWidth 8 (w >>> 32) ++
              (BitVec.setWidth 8 (w >>> 24) ++
                (BitVec.setWidth 8 (w >>> 16) ++ (BitVec.setWidth 8 (w >>> 8) ++ BitVec.setWidth 8 w)))))))[33] =
    w[33]

case «34»
w : U64
⊢ (BitVec.setWidth 8 (w >>> 56) ++
        (BitVec.setWidth 8 (w >>> 48) ++
          (BitVec.setWidth 8 (w >>> 40) ++
            (BitVec.setWidth 8 (w >>> 32) ++
              (BitVec.setWidth 8 (w >>> 24) ++
                (BitVec.setWidth 8 (w >>> 16) ++ (BitVec.setWidth 8 (w >>> 8) ++ BitVec.setWidth 8 w)))))))[34] =
    w[34]

case «35»
w : U64
⊢ (BitVec.setWidth 8 (w >>> 56) ++
        (BitVec.setWidth 8 (w >>> 48) ++
          (BitVec.setWidth 8 (w >>> 40) ++
            (BitVec.setWidth 8 (w >>> 32) ++
              (BitVec.setWidth 8 (w >>> 24) ++
                (BitVec.setWidth 8 (w >>> 16) ++ (BitVec.setWidth 8 (w >>> 8) ++ BitVec.setWidth 8 w)))))))[35] =
    w[35]

case «36»
w : U64
⊢ (BitVec.setWidth 8 (w >>> 56) ++
        (BitVec.setWidth 8 (w >>> 48) ++
          (BitVec.setWidth 8 (w >>> 40) ++
            (BitVec.setWidth 8 (w >>> 32) ++
              (BitVec.setWidth 8 (w >>> 24) ++
                (BitVec.setWidth 8 (w >>> 16) ++ (BitVec.setWidth 8 (w >>> 8) ++ BitVec.setWidth 8 w)))))))[36] =
    w[36]

case «37»
w : U64
⊢ (BitVec.setWidth 8 (w >>> 56) ++
        (BitVec.setWidth 8 (w >>> 48) ++
          (BitVec.setWidth 8 (w >>> 40) ++
            (BitVec.setWidth 8 (w >>> 32) ++
              (BitVec.setWidth 8 (w >>> 24) ++
                (BitVec.setWidth 8 (w >>> 16) ++ (BitVec.setWidth 8 (w >>> 8) ++ BitVec.setWidth 8 w)))))))[37] =
    w[37]

case «38»
w : U64
⊢ (BitVec.setWidth 8 (w >>> 56) ++
        (BitVec.setWidth 8 (w >>> 48) ++
          (BitVec.setWidth 8 (w >>> 40) ++
            (BitVec.setWidth 8 (w >>> 32) ++
              (BitVec.setWidth 8 (w >>> 24) ++
                (BitVec.setWidth 8 (w >>> 16) ++ (BitVec.setWidth 8 (w >>> 8) ++ BitVec.setWidth 8 w)))))))[38] =
    w[38]

case «39»
w : U64
⊢ (BitVec.setWidth 8 (w >>> 56) ++
        (BitVec.setWidth 8 (w >>> 48) ++
          (BitVec.setWidth 8 (w >>> 40) ++
            (BitVec.setWidth 8 (w >>> 32) ++
              (BitVec.setWidth 8 (w >>> 24) ++
                (BitVec.setWidth 8 (w >>> 16) ++ (BitVec.setWidth 8 (w >>> 8) ++ BitVec.setWidth 8 w)))))))[39] =
    w[39]

case «40»
w : U64
⊢ (BitVec.setWidth 8 (w >>> 56) ++
        (BitVec.setWidth 8 (w >>> 48) ++
          (BitVec.setWidth 8 (w >>> 40) ++
            (BitVec.setWidth 8 (w >>> 32) ++
              (BitVec.setWidth 8 (w >>> 24) ++
                (BitVec.setWidth 8 (w >>> 16) ++ (BitVec.setWidth 8 (w >>> 8) ++ BitVec.setWidth 8 w)))))))[40] =
    w[40]

case «41»
w : U64
⊢ (BitVec.setWidth 8 (w >>> 56) ++
        (BitVec.setWidth 8 (w >>> 48) ++
          (BitVec.setWidth 8 (w >>> 40) ++
            (BitVec.setWidth 8 (w >>> 32) ++
              (BitVec.setWidth 8 (w >>> 24) ++
                (BitVec.setWidth 8 (w >>> 16) ++ (BitVec.setWidth 8 (w >>> 8) ++ BitVec.setWidth 8 w)))))))[41] =
    w[41]

case «42»
w : U64
⊢ (BitVec.setWidth 8 (w >>> 56) ++
        (BitVec.setWidth 8 (w >>> 48) ++
          (BitVec.setWidth 8 (w >>> 40) ++
            (BitVec.setWidth 8 (w >>> 32) ++
              (BitVec.setWidth 8 (w >>> 24) ++
                (BitVec.setWidth 8 (w >>> 16) ++ (BitVec.setWidth 8 (w >>> 8) ++ BitVec.setWidth 8 w)))))))[42] =
    w[42]

case «43»
w : U64
⊢ (BitVec.setWidth 8 (w >>> 56) ++
        (BitVec.setWidth 8 (w >>> 48) ++
          (BitVec.setWidth 8 (w >>> 40) ++
            (BitVec.setWidth 8 (w >>> 32) ++
              (BitVec.setWidth 8 (w >>> 24) ++
                (BitVec.setWidth 8 (w >>> 16) ++ (BitVec.setWidth 8 (w >>> 8) ++ BitVec.setWidth 8 w)))))))[43] =
    w[43]

case «44»
w : U64
⊢ (BitVec.setWidth 8 (w >>> 56) ++
        (BitVec.setWidth 8 (w >>> 48) ++
          (BitVec.setWidth 8 (w >>> 40) ++
            (BitVec.setWidth 8 (w >>> 32) ++
              (BitVec.setWidth 8 (w >>> 24) ++
                (BitVec.setWidth 8 (w >>> 16) ++ (BitVec.setWidth 8 (w >>> 8) ++ BitVec.setWidth 8 w)))))))[44] =
    w[44]

case «45»
w : U64
⊢ (BitVec.setWidth 8 (w >>> 56) ++
        (BitVec.setWidth 8 (w >>> 48) ++
          (BitVec.setWidth 8 (w >>> 40) ++
            (BitVec.setWidth 8 (w >>> 32) ++
              (BitVec.setWidth 8 (w >>> 24) ++
                (BitVec.setWidth 8 (w >>> 16) ++ (BitVec.setWidth 8 (w >>> 8) ++ BitVec.setWidth 8 w)))))))[45] =
    w[45]

case «46»
w : U64
⊢ (BitVec.setWidth 8 (w >>> 56) ++
        (BitVec.setWidth 8 (w >>> 48) ++
          (BitVec.setWidth 8 (w >>> 40) ++
            (BitVec.setWidth 8 (w >>> 32) ++
              (BitVec.setWidth 8 (w >>> 24) ++
                (BitVec.setWidth 8 (w >>> 16) ++ (BitVec.setWidth 8 (w >>> 8) ++ BitVec.setWidth 8 w)))))))[46] =
    w[46]

case «47»
w : U64
⊢ (BitVec.setWidth 8 (w >>> 56) ++
        (BitVec.setWidth 8 (w >>> 48) ++
          (BitVec.setWidth 8 (w >>> 40) ++
            (BitVec.setWidth 8 (w >>> 32) ++
              (BitVec.setWidth 8 (w >>> 24) ++
                (BitVec.setWidth 8 (w >>> 16) ++ (BitVec.setWidth 8 (w >>> 8) ++ BitVec.setWidth 8 w)))))))[47] =
    w[47]

case «48»
w : U64
⊢ (BitVec.setWidth 8 (w >>> 56) ++
        (BitVec.setWidth 8 (w >>> 48) ++
          (BitVec.setWidth 8 (w >>> 40) ++
            (BitVec.setWidth 8 (w >>> 32) ++
              (BitVec.setWidth 8 (w >>> 24) ++
                (BitVec.setWidth 8 (w >>> 16) ++ (BitVec.setWidth 8 (w >>> 8) ++ BitVec.setWidth 8 w)))))))[48] =
    w[48]

case «49»
w : U64
⊢ (BitVec.setWidth 8 (w >>> 56) ++
        (BitVec.setWidth 8 (w >>> 48) ++
          (BitVec.setWidth 8 (w >>> 40) ++
            (BitVec.setWidth 8 (w >>> 32) ++
              (BitVec.setWidth 8 (w >>> 24) ++
                (BitVec.setWidth 8 (w >>> 16) ++ (BitVec.setWidth 8 (w >>> 8) ++ BitVec.setWidth 8 w)))))))[49] =
    w[49]

case «50»
w : U64
⊢ (BitVec.setWidth 8 (w >>> 56) ++
        (BitVec.setWidth 8 (w >>> 48) ++
          (BitVec.setWidth 8 (w >>> 40) ++
            (BitVec.setWidth 8 (w >>> 32) ++
              (BitVec.setWidth 8 (w >>> 24) ++
                (BitVec.setWidth 8 (w >>> 16) ++ (BitVec.setWidth 8 (w >>> 8) ++ BitVec.setWidth 8 w)))))))[50] =
    w[50]

case «51»
w : U64
⊢ (BitVec.setWidth 8 (w >>> 56) ++
        (BitVec.setWidth 8 (w >>> 48) ++
          (BitVec.setWidth 8 (w >>> 40) ++
            (BitVec.setWidth 8 (w >>> 32) ++
              (BitVec.setWidth 8 (w >>> 24) ++
                (BitVec.setWidth 8 (w >>> 16) ++ (BitVec.setWidth 8 (w >>> 8) ++ BitVec.setWidth 8 w)))))))[51] =
    w[51]

case «52»
w : U64
⊢ (BitVec.setWidth 8 (w >>> 56) ++
        (BitVec.setWidth 8 (w >>> 48) ++
          (BitVec.setWidth 8 (w >>> 40) ++
            (BitVec.setWidth 8 (w >>> 32) ++
              (BitVec.setWidth 8 (w >>> 24) ++
                (BitVec.setWidth 8 (w >>> 16) ++ (BitVec.setWidth 8 (w >>> 8) ++ BitVec.setWidth 8 w)))))))[52] =
    w[52]

case «53»
w : U64
⊢ (BitVec.setWidth 8 (w >>> 56) ++
        (BitVec.setWidth 8 (w >>> 48) ++
          (BitVec.setWidth 8 (w >>> 40) ++
            (BitVec.setWidth 8 (w >>> 32) ++
              (BitVec.setWidth 8 (w >>> 24) ++
                (BitVec.setWidth 8 (w >>> 16) ++ (BitVec.setWidth 8 (w >>> 8) ++ BitVec.setWidth 8 w)))))))[53] =
    w[53]

case «54»
w : U64
⊢ (BitVec.setWidth 8 (w >>> 56) ++
        (BitVec.setWidth 8 (w >>> 48) ++
          (BitVec.setWidth 8 (w >>> 40) ++
            (BitVec.setWidth 8 (w >>> 32) ++
              (BitVec.setWidth 8 (w >>> 24) ++
                (BitVec.setWidth 8 (w >>> 16) ++ (BitVec.setWidth 8 (w >>> 8) ++ BitVec.setWidth 8 w)))))))[54] =
    w[54]

case «55»
w : U64
⊢ (BitVec.setWidth 8 (w >>> 56) ++
        (BitVec.setWidth 8 (w >>> 48) ++
          (BitVec.setWidth 8 (w >>> 40) ++
            (BitVec.setWidth 8 (w >>> 32) ++
              (BitVec.setWidth 8 (w >>> 24) ++
                (BitVec.setWidth 8 (w >>> 16) ++ (BitVec.setWidth 8 (w >>> 8) ++ BitVec.setWidth 8 w)))))))[55] =
    w[55]

case «56»
w : U64
⊢ (BitVec.setWidth 8 (w >>> 56) ++
        (BitVec.setWidth 8 (w >>> 48) ++
          (BitVec.setWidth 8 (w >>> 40) ++
            (BitVec.setWidth 8 (w >>> 32) ++
              (BitVec.setWidth 8 (w >>> 24) ++
                (BitVec.setWidth 8 (w >>> 16) ++ (BitVec.setWidth 8 (w >>> 8) ++ BitVec.setWidth 8 w)))))))[56] =
    w[56]

case «57»
w : U64
⊢ (BitVec.setWidth 8 (w >>> 56) ++
        (BitVec.setWidth 8 (w >>> 48) ++
          (BitVec.setWidth 8 (w >>> 40) ++
            (BitVec.setWidth 8 (w >>> 32) ++
              (BitVec.setWidth 8 (w >>> 24) ++
                (BitVec.setWidth 8 (w >>> 16) ++ (BitVec.setWidth 8 (w >>> 8) ++ BitVec.setWidth 8 w)))))))[57] =
    w[57]

case «58»
w : U64
⊢ (BitVec.setWidth 8 (w >>> 56) ++
        (BitVec.setWidth 8 (w >>> 48) ++
          (BitVec.setWidth 8 (w >>> 40) ++
            (BitVec.setWidth 8 (w >>> 32) ++
              (BitVec.setWidth 8 (w >>> 24) ++
                (BitVec.setWidth 8 (w >>> 16) ++ (BitVec.setWidth 8 (w >>> 8) ++ BitVec.setWidth 8 w)))))))[58] =
    w[58]

case «59»
w : U64
⊢ (BitVec.setWidth 8 (w >>> 56) ++
        (BitVec.setWidth 8 (w >>> 48) ++
          (BitVec.setWidth 8 (w >>> 40) ++
            (BitVec.setWidth 8 (w >>> 32) ++
              (BitVec.setWidth 8 (w >>> 24) ++
                (BitVec.setWidth 8 (w >>> 16) ++ (BitVec.setWidth 8 (w >>> 8) ++ BitVec.setWidth 8 w)))))))[59] =
    w[59]

case «60»
w : U64
⊢ (BitVec.setWidth 8 (w >>> 56) ++
        (BitVec.setWidth 8 (w >>> 48) ++
          (BitVec.setWidth 8 (w >>> 40) ++
            (BitVec.setWidth 8 (w >>> 32) ++
              (BitVec.setWidth 8 (w >>> 24) ++
                (BitVec.setWidth 8 (w >>> 16) ++ (BitVec.setWidth 8 (w >>> 8) ++ BitVec.setWidth 8 w)))))))[60] =
    w[60]

case «61»
w : U64
⊢ (BitVec.setWidth 8 (w >>> 56) ++
        (BitVec.setWidth 8 (w >>> 48) ++
          (BitVec.setWidth 8 (w >>> 40) ++
            (BitVec.setWidth 8 (w >>> 32) ++
              (BitVec.setWidth 8 (w >>> 24) ++
                (BitVec.setWidth 8 (w >>> 16) ++ (BitVec.setWidth 8 (w >>> 8) ++ BitVec.setWidth 8 w)))))))[61] =
    w[61]

case «62»
w : U64
⊢ (BitVec.setWidth 8 (w >>> 56) ++
        (BitVec.setWidth 8 (w >>> 48) ++
          (BitVec.setWidth 8 (w >>> 40) ++
            (BitVec.setWidth 8 (w >>> 32) ++
              (BitVec.setWidth 8 (w >>> 24) ++
                (BitVec.setWidth 8 (w >>> 16) ++ (BitVec.setWidth 8 (w >>> 8) ++ BitVec.setWidth 8 w)))))))[62] =
    w[62]

case «63»
w : U64
⊢ (BitVec.setWidth 8 (w >>> 56) ++
        (BitVec.setWidth 8 (w >>> 48) ++
          (BitVec.setWidth 8 (w >>> 40) ++
            (BitVec.setWidth 8 (w >>> 32) ++
              (BitVec.setWidth 8 (w >>> 24) ++
                (BitVec.setWidth 8 (w >>> 16) ++ (BitVec.setWidth 8 (w >>> 8) ++ BitVec.setWidth 8 w)))))))[63] =
    w[63]
/home/footfalcon/free_falcon_sign/proofs/ft1536/work/B20_001/P02/run/le_execution_002/source/B20/Word/LESpec.lean:30:40: warning: This simp argument is unused:
  BitVec.getElem_append

Hint: Omit it from the simp argument list.
  [apply] simp [join, byteOf]

Note: This linter can be disabled with `set_option linter.unusedSimpArgs false`
