debug    libmamba Loading configuration
trace    libmamba Compute configurable 'create_base'
trace    libmamba Compute configurable 'no_env'
trace    libmamba Compute configurable 'no_rc'
trace    libmamba Compute configurable 'rc_files'
trace    libmamba Compute configurable 'root_prefix'
trace    libmamba Get RC files configuration from locations up to HomeDir
trace    libmamba Configuration not found at '/home/footfalcon/free_falcon_sign/proofs/ft1536/work/FT1536_H3_SCALAR_GAUSSIAN_COMPARISON_RUN_001/tmp/rehearsal_001/cache/home/.mambarc'
trace    libmamba Configuration not found at '/home/footfalcon/free_falcon_sign/proofs/ft1536/work/FT1536_H3_SCALAR_GAUSSIAN_COMPARISON_RUN_001/tmp/rehearsal_001/cache/home/.mamba/mambarc.d'
trace    libmamba Configuration not found at '/home/footfalcon/free_falcon_sign/proofs/ft1536/work/FT1536_H3_SCALAR_GAUSSIAN_COMPARISON_RUN_001/tmp/rehearsal_001/cache/home/.mamba/mambarc'
trace    libmamba Configuration not found at '/home/footfalcon/free_falcon_sign/proofs/ft1536/work/FT1536_H3_SCALAR_GAUSSIAN_COMPARISON_RUN_001/tmp/rehearsal_001/cache/home/.mamba/.mambarc'
trace    libmamba Configuration not found at '/home/footfalcon/free_falcon_sign/proofs/ft1536/work/FT1536_H3_SCALAR_GAUSSIAN_COMPARISON_RUN_001/tmp/rehearsal_001/cache/home/.config/mamba/mambarc.d'
trace    libmamba Configuration not found at '/home/footfalcon/free_falcon_sign/proofs/ft1536/work/FT1536_H3_SCALAR_GAUSSIAN_COMPARISON_RUN_001/tmp/rehearsal_001/cache/home/.config/mamba/mambarc'
trace    libmamba Configuration not found at '/home/footfalcon/free_falcon_sign/proofs/ft1536/work/FT1536_H3_SCALAR_GAUSSIAN_COMPARISON_RUN_001/tmp/rehearsal_001/cache/home/.config/mamba/.mambarc'
trace    libmamba Configuration not found at '/home/footfalcon/free_falcon_sign/proofs/ft1536/work/FT1536_H3_SCALAR_GAUSSIAN_COMPARISON_RUN_001/tmp/rehearsal_001/cache/home/.condarc'
trace    libmamba Configuration not found at '/home/footfalcon/free_falcon_sign/proofs/ft1536/work/FT1536_H3_SCALAR_GAUSSIAN_COMPARISON_RUN_001/tmp/rehearsal_001/cache/home/.conda/condarc.d'
trace    libmamba Configuration not found at '/home/footfalcon/free_falcon_sign/proofs/ft1536/work/FT1536_H3_SCALAR_GAUSSIAN_COMPARISON_RUN_001/tmp/rehearsal_001/cache/home/.conda/condarc'
trace    libmamba Configuration not found at '/home/footfalcon/free_falcon_sign/proofs/ft1536/work/FT1536_H3_SCALAR_GAUSSIAN_COMPARISON_RUN_001/tmp/rehearsal_001/cache/home/.conda/.condarc'
trace    libmamba Configuration not found at '/home/footfalcon/free_falcon_sign/proofs/ft1536/work/FT1536_H3_SCALAR_GAUSSIAN_COMPARISON_RUN_001/tmp/rehearsal_001/cache/home/.config/conda/condarc.d'
trace    libmamba Configuration not found at '/home/footfalcon/free_falcon_sign/proofs/ft1536/work/FT1536_H3_SCALAR_GAUSSIAN_COMPARISON_RUN_001/tmp/rehearsal_001/cache/home/.config/conda/condarc'
trace    libmamba Configuration not found at '/home/footfalcon/free_falcon_sign/proofs/ft1536/work/FT1536_H3_SCALAR_GAUSSIAN_COMPARISON_RUN_001/tmp/rehearsal_001/cache/home/.config/conda/.condarc'
trace    libmamba Configuration not found at '/home/footfalcon/miniforge3/.mambarc'
trace    libmamba Configuration not found at '/home/footfalcon/miniforge3/condarc.d'
trace    libmamba Configuration not found at '/home/footfalcon/miniforge3/condarc'
trace    libmamba Configuration found at '/home/footfalcon/miniforge3/.condarc'
trace    libmamba Configuration not found at '/var/lib/conda/.mambarc'
trace    libmamba Configuration not found at '/var/lib/conda/condarc.d/'
trace    libmamba Configuration not found at '/var/lib/conda/condarc'
trace    libmamba Configuration not found at '/var/lib/conda/.condarc'
trace    libmamba Configuration not found at '/etc/conda/.mambarc'
trace    libmamba Configuration not found at '/etc/conda/condarc.d/'
trace    libmamba Configuration not found at '/etc/conda/condarc'
trace    libmamba Configuration not found at '/etc/conda/.condarc'
trace    libmamba Update configurable 'no_env'
trace    libmamba Compute configurable 'envs_dirs'
trace    libmamba Compute configurable 'file_specs'
trace    libmamba Compute configurable 'spec_file_env_name'
trace    libmamba Compute configurable 'env_name'
trace    libmamba Compute configurable 'use_default_prefix_fallback'
trace    libmamba Compute configurable 'use_root_prefix_fallback'
trace    libmamba Compute configurable 'use_target_prefix_fallback'
trace    libmamba Compute configurable 'target_prefix'
trace    libmamba Get RC files configuration from locations up to TargetPrefix
trace    libmamba Configuration not found at '/home/footfalcon/miniforge3/envs/sage/.mambarc'
trace    libmamba Configuration not found at '/home/footfalcon/miniforge3/envs/sage/condarc.d'
trace    libmamba Configuration not found at '/home/footfalcon/miniforge3/envs/sage/condarc'
trace    libmamba Configuration not found at '/home/footfalcon/miniforge3/envs/sage/.condarc'
trace    libmamba Configuration not found at '/home/footfalcon/free_falcon_sign/proofs/ft1536/work/FT1536_H3_SCALAR_GAUSSIAN_COMPARISON_RUN_001/tmp/rehearsal_001/cache/home/.mambarc'
trace    libmamba Configuration not found at '/home/footfalcon/free_falcon_sign/proofs/ft1536/work/FT1536_H3_SCALAR_GAUSSIAN_COMPARISON_RUN_001/tmp/rehearsal_001/cache/home/.mamba/mambarc.d'
trace    libmamba Configuration not found at '/home/footfalcon/free_falcon_sign/proofs/ft1536/work/FT1536_H3_SCALAR_GAUSSIAN_COMPARISON_RUN_001/tmp/rehearsal_001/cache/home/.mamba/mambarc'
trace    libmamba Configuration not found at '/home/footfalcon/free_falcon_sign/proofs/ft1536/work/FT1536_H3_SCALAR_GAUSSIAN_COMPARISON_RUN_001/tmp/rehearsal_001/cache/home/.mamba/.mambarc'
trace    libmamba Configuration not found at '/home/footfalcon/free_falcon_sign/proofs/ft1536/work/FT1536_H3_SCALAR_GAUSSIAN_COMPARISON_RUN_001/tmp/rehearsal_001/cache/home/.config/mamba/mambarc.d'
trace    libmamba Configuration not found at '/home/footfalcon/free_falcon_sign/proofs/ft1536/work/FT1536_H3_SCALAR_GAUSSIAN_COMPARISON_RUN_001/tmp/rehearsal_001/cache/home/.config/mamba/mambarc'
trace    libmamba Configuration not found at '/home/footfalcon/free_falcon_sign/proofs/ft1536/work/FT1536_H3_SCALAR_GAUSSIAN_COMPARISON_RUN_001/tmp/rehearsal_001/cache/home/.config/mamba/.mambarc'
trace    libmamba Configuration not found at '/home/footfalcon/free_falcon_sign/proofs/ft1536/work/FT1536_H3_SCALAR_GAUSSIAN_COMPARISON_RUN_001/tmp/rehearsal_001/cache/home/.condarc'
trace    libmamba Configuration not found at '/home/footfalcon/free_falcon_sign/proofs/ft1536/work/FT1536_H3_SCALAR_GAUSSIAN_COMPARISON_RUN_001/tmp/rehearsal_001/cache/home/.conda/condarc.d'
trace    libmamba Configuration not found at '/home/footfalcon/free_falcon_sign/proofs/ft1536/work/FT1536_H3_SCALAR_GAUSSIAN_COMPARISON_RUN_001/tmp/rehearsal_001/cache/home/.conda/condarc'
trace    libmamba Configuration not found at '/home/footfalcon/free_falcon_sign/proofs/ft1536/work/FT1536_H3_SCALAR_GAUSSIAN_COMPARISON_RUN_001/tmp/rehearsal_001/cache/home/.conda/.condarc'
trace    libmamba Configuration not found at '/home/footfalcon/free_falcon_sign/proofs/ft1536/work/FT1536_H3_SCALAR_GAUSSIAN_COMPARISON_RUN_001/tmp/rehearsal_001/cache/home/.config/conda/condarc.d'
trace    libmamba Configuration not found at '/home/footfalcon/free_falcon_sign/proofs/ft1536/work/FT1536_H3_SCALAR_GAUSSIAN_COMPARISON_RUN_001/tmp/rehearsal_001/cache/home/.config/conda/condarc'
trace    libmamba Configuration not found at '/home/footfalcon/free_falcon_sign/proofs/ft1536/work/FT1536_H3_SCALAR_GAUSSIAN_COMPARISON_RUN_001/tmp/rehearsal_001/cache/home/.config/conda/.condarc'
trace    libmamba Configuration not found at '/home/footfalcon/miniforge3/.mambarc'
trace    libmamba Configuration not found at '/home/footfalcon/miniforge3/condarc.d'
trace    libmamba Configuration not found at '/home/footfalcon/miniforge3/condarc'
trace    libmamba Configuration found at '/home/footfalcon/miniforge3/.condarc'
trace    libmamba Configuration not found at '/var/lib/conda/.mambarc'
trace    libmamba Configuration not found at '/var/lib/conda/condarc.d/'
trace    libmamba Configuration not found at '/var/lib/conda/condarc'
trace    libmamba Configuration not found at '/var/lib/conda/.condarc'
trace    libmamba Configuration not found at '/etc/conda/.mambarc'
trace    libmamba Configuration not found at '/etc/conda/condarc.d/'
trace    libmamba Configuration not found at '/etc/conda/condarc'
trace    libmamba Configuration not found at '/etc/conda/.condarc'
trace    libmamba Update configurable 'no_env'
trace    libmamba Compute configurable 'relocate_prefix'
trace    libmamba Compute configurable 'target_prefix_checks'
trace    libmamba Compute configurable 'pkgs_dirs'
trace    libmamba Compute configurable 'platform'
trace    libmamba Compute configurable 'spec_file_env_vars'
trace    libmamba Compute configurable 'clone'
trace    libmamba Compute configurable 'specs'
trace    libmamba Compute configurable 'others_pkg_mgrs_specs'
trace    libmamba Compute configurable 'mamba_repodata_parsing'
trace    libmamba Compute configurable 'experimental_matchspec_parsing'
trace    libmamba Compute configurable 'debug'
trace    libmamba Compute configurable 'override_channels_enabled'
trace    libmamba Compute configurable 'override_channels'
trace    libmamba Compute configurable 'channels'
trace    libmamba Compute configurable 'channel_alias'
trace    libmamba Compute configurable 'default_channels'
trace    libmamba Compute configurable 'custom_channels'
trace    libmamba Compute configurable 'custom_multichannels'
trace    libmamba Compute configurable 'mirrored_channels'
trace    libmamba Compute configurable 'repodata_use_zst'
trace    libmamba Compute configurable 'repodata_has_zst'
trace    libmamba Compute configurable 'use_sharded_repodata'
trace    libmamba Compute configurable 'repodata_shards_ttl'
trace    libmamba Compute configurable 'repodata_shards_threads'
trace    libmamba Compute configurable 'cacert_path'
trace    libmamba Compute configurable 'local_repodata_ttl'
trace    libmamba Compute configurable 'offline'
trace    libmamba Compute configurable 'ssl_no_revoke'
trace    libmamba Compute configurable 'ssl_verify'
trace    libmamba Compute configurable 'proxy_servers'
trace    libmamba Compute configurable 'remote_connect_timeout_secs'
trace    libmamba Compute configurable 'remote_backoff_factor'
trace    libmamba Compute configurable 'remote_max_retries'
trace    libmamba Compute configurable 'no_channel_priority'
trace    libmamba Compute configurable 'strict_channel_priority'
trace    libmamba Compute configurable 'channel_priority'
trace    libmamba Compute configurable 'explicit_install'
trace    libmamba Compute configurable 'no_pin'
trace    libmamba Compute configurable 'no_py_pin'
trace    libmamba Compute configurable 'add_pip_as_python_dependency'
trace    libmamba Compute configurable 'prefix_data_interoperability'
trace    libmamba Compute configurable 'pinned_packages'
trace    libmamba Compute configurable 'freeze_installed'
trace    libmamba Compute configurable 'no_deps'
trace    libmamba Compute configurable 'only_deps'
trace    libmamba Compute configurable 'force_reinstall'
trace    libmamba Compute configurable 'allow_uninstall'
trace    libmamba Compute configurable 'allow_downgrade'
trace    libmamba Compute configurable 'order_solver_request'
trace    libmamba Compute configurable 'categories'
trace    libmamba Compute configurable 'retry_clean_cache'
trace    libmamba Compute configurable 'download_threads'
trace    libmamba Compute configurable 'allow_softlinks'
trace    libmamba Compute configurable 'always_copy'
trace    libmamba Compute configurable 'always_softlink'
trace    libmamba Compute configurable 'show_anaconda_channel_warnings'
trace    libmamba Compute configurable 'shortcuts'
trace    libmamba Compute configurable 'safety_checks'
trace    libmamba Compute configurable 'extra_safety_checks'
trace    libmamba Compute configurable 'verify_artifacts'
trace    libmamba Compute configurable 'trusted_channels'
trace    libmamba Compute configurable 'lock_timeout'
trace    libmamba Compute configurable 'use_lockfiles'
trace    libmamba Compute configurable 'compile_pyc'
trace    libmamba Compute configurable 'skip_run_link_scripts'
trace    libmamba Compute configurable 'use_uv'
trace    libmamba Compute configurable 'always_yes'
trace    libmamba Compute configurable 'auto_activate_base'
trace    libmamba Compute configurable 'dry_run'
trace    libmamba Compute configurable 'download_only'
trace    libmamba Compute configurable 'print_config_only'
trace    libmamba Compute configurable 'print_context_only'
trace    libmamba Compute configurable 'json'
trace    libmamba Compute configurable 'verbose'
trace    libmamba Compute configurable 'log_level'
trace    libmamba Compute configurable 'log_backtrace'
trace    libmamba Compute configurable 'log_pattern'
trace    libmamba Compute configurable 'changeps1'
trace    libmamba Compute configurable 'shell_completion'
trace    libmamba Compute configurable 'env_prompt'
trace    libmamba Compute configurable 'show_all_configs'
trace    libmamba Compute configurable 'show_all_rc_configs'
trace    libmamba Compute configurable 'show_config_descriptions'
trace    libmamba Compute configurable 'show_config_groups'
trace    libmamba Compute configurable 'show_config_long_descriptions'
trace    libmamba Compute configurable 'show_config_sources'
trace    libmamba Compute configurable 'show_config_values'
trace    libmamba Compute configurable 'quiet'
trace    libmamba Compute configurable 'override_rc_files'
trace    libmamba Compute configurable 'shell_type'
trace    libmamba Compute configurable 'prefix_or_name'
trace    libmamba Compute configurable 'shell_stack'
trace    libmamba Compute configurable 'list_regex'
trace    libmamba Compute configurable 'full_name'
trace    libmamba Compute configurable 'no_pip'
trace    libmamba Compute configurable 'reverse'
trace    libmamba Compute configurable 'explicit'
trace    libmamba Compute configurable 'md5'
trace    libmamba Compute configurable 'sha256'
trace    libmamba Compute configurable 'canonical'
trace    libmamba Compute configurable 'export'
trace    libmamba Compute configurable 'revisions'
trace    libmamba Compute configurable 'clean_all'
trace    libmamba Compute configurable 'clean_index_cache'
trace    libmamba Compute configurable 'clean_packages'
trace    libmamba Compute configurable 'clean_tarballs'
trace    libmamba Compute configurable 'clean_locks'
trace    libmamba Compute configurable 'clean_trash'
trace    libmamba Compute configurable 'clean_force_pkgs_dirs'
trace    libmamba Compute configurable 'config_set_system_path'
trace    libmamba Compute configurable 'config_set_env_path'
trace    libmamba Compute configurable 'config_set_file_path'
trace    libmamba Compute configurable 'config_set_sequence_spec'
trace    libmamba Compute configurable 'remove_key'
trace    libmamba Compute configurable 'remove'
trace    libmamba Compute configurable 'set_value'
trace    libmamba Compute configurable 'get_value'
trace    libmamba Compute configurable 'print_licenses'
trace    libmamba Compute configurable 'base'
trace    libmamba Compute configurable 'environments'
trace    libmamba Compute configurable 'constructor_prefix'
trace    libmamba Compute configurable 'constructor_extract_conda_pkgs'
trace    libmamba Compute configurable 'constructor_extract_tarball'
debug    libmamba 136 configurables computed
debug    libmamba Currently running processes: [{"command":["exec","sage","--version"],"name":"honest_sage","pid":"8","prefix":"/home/footfalcon/miniforge3/envs/sage"}]
debug    libmamba Remaining args to run as command: exec sage --version
debug    libmamba Running wrapped script: exec sage --version
debug    libmamba Locking directory '/home/footfalcon/free_falcon_sign/proofs/ft1536/work/FT1536_H3_SCALAR_GAUSSIAN_COMPARISON_RUN_001/tmp/rehearsal_001/cache/mamba/proc'
trace    libmamba Lockfile created at '/home/footfalcon/free_falcon_sign/proofs/ft1536/work/FT1536_H3_SCALAR_GAUSSIAN_COMPARISON_RUN_001/tmp/rehearsal_001/cache/mamba/proc/proc.lock'
debug    libmamba Successfully locked
debug    libmamba Unlocking '/home/footfalcon/free_falcon_sign/proofs/ft1536/work/FT1536_H3_SCALAR_GAUSSIAN_COMPARISON_RUN_001/tmp/rehearsal_001/cache/mamba/proc'
trace    libmamba Removing file '/home/footfalcon/free_falcon_sign/proofs/ft1536/work/FT1536_H3_SCALAR_GAUSSIAN_COMPARISON_RUN_001/tmp/rehearsal_001/cache/mamba/proc/proc.lock'
debug    libmamba Locking directory '/home/footfalcon/free_falcon_sign/proofs/ft1536/work/FT1536_H3_SCALAR_GAUSSIAN_COMPARISON_RUN_001/tmp/rehearsal_001/cache/mamba/proc'
trace    libmamba Lockfile created at '/home/footfalcon/free_falcon_sign/proofs/ft1536/work/FT1536_H3_SCALAR_GAUSSIAN_COMPARISON_RUN_001/tmp/rehearsal_001/cache/mamba/proc/proc.lock'
debug    libmamba Successfully locked
debug    libmamba Unlocking '/home/footfalcon/free_falcon_sign/proofs/ft1536/work/FT1536_H3_SCALAR_GAUSSIAN_COMPARISON_RUN_001/tmp/rehearsal_001/cache/mamba/proc'
trace    libmamba Removing file '/home/footfalcon/free_falcon_sign/proofs/ft1536/work/FT1536_H3_SCALAR_GAUSSIAN_COMPARISON_RUN_001/tmp/rehearsal_001/cache/mamba/proc/proc.lock'
