3ff0000000000000 0000000000000000
3ff0000000000000 0000000000000000
3ff0000000000000 0000000000000000
3ff0000000000000 0000000000000000
3ff0000000000000 0000000000000000
3ff0000000000000 0000000000000000
3ff0000000000000 0000000000000000
3ff0000000000000 0000000000000000
3ff0000000000000 0000000000000000
3ff0000000000000 0000000000000000
3ff0000000000000 0000000000000000
3ff0000000000000 0000000000000000
3ff0000000000000 0000000000000000
3ff0000000000000 0000000000000000
3ff0000000000000 0000000000000000
3ff0000000000000 0000000000000000
3ff0000000000000 0000000000000000
3ff0000000000000 0000000000000000
3ff0000000000000 0000000000000000
3ff0000000000000 0000000000000000
3ff0000000000000 0000000000000000
3ff0000000000000 0000000000000000
3ff0000000000000 0000000000000000
3ff0000000000000 0000000000000000
3ff0000000000000 0000000000000000
3ff0000000000000 0000000000000000
3ff0000000000000 0000000000000000
3ff0000000000000 0000000000000000
3ff0000000000000 0000000000000000
3ff0000000000000 0000000000000000
3ff0000000000000 0000000000000000
3ff0000000000000 0000000000000000
3ff0000000000000 0000000000000000
3ff0000000000000 0000000000000000
3ff0000000000000 0000000000000000
3ff0000000000000 0000000000000000
3ff0000000000000 0000000000000000
3ff0000000000000 0000000000000000
3ff0000000000000 0000000000000000
3ff0000000000000 0000000000000000
3ff0000000000000 0000000000000000
3ff0000000000000 0000000000000000
3ff0000000000000 0000000000000000
3ff0000000000000 0000000000000000
3ff0000000000000 0000000000000000
3ff0000000000000 0000000000000000
3ff0000000000000 0000000000000000
3ff0000000000000 0000000000000000
3ff0000000000000 0000000000000000
3ff0000000000000 0000000000000000
3ff0000000000000 0000000000000000
3ff0000000000000 0000000000000000
3ff0000000000000 0000000000000000
3ff0000000000000 0000000000000000
3ff0000000000000 0000000000000000
3fefffffffffffff 0000000000000000
3fefffffffffffff 0000000000000000
3fefffffffffffff 0000000000000000
3fefffffffffffff 0000000000000000
3fefffffffffffff 0000000000000000
3fefffffffffffff 0000000000000000
3fefffffffffffff 0000000000000000
3fefffffffffffff 0000000000000000
3feffffffffffffe 0000000000000000
3feffffffffffffe 0000000000000000
3feffffffffffffe 0000000000000000
3feffffffffffffe 0000000000000000
3feffffffffffffe 0000000000000000
3feffffffffffffd 0000000000000000
3feffffffffffffd 0000000000000000
3feffffffffffffc 0000000000000000
3feffffffffffffc 0000000000000000
3fef000000000000 0000000000000000
3fef000000000000 0000000000000000
3fee800000000000 0000000000000000
3fee800000000000 0000000000000000
3fee000000000000 0000000000000000
3fee000000000000 0000000000000000
3fee000000000000 0000000000000000
3fee000000000000 0000000000000000
3fed000000000000 0000000000000000
3fed000000000000 0000000000000000
3fec000000000000 0000000000000000
3fec000000000000 0000000000000000
3fec000000000000 0000000000000000
3fec000000000000 0000000000000000
3fea000000000000 0000000000000000
3fea000000000000 0000000000000000
3fe8000000000000 0000000000000000
3fe8000000000000 0000000000000000
3fe8000000000000 0000000000000000
3fe8000000000000 0000000000000000
3fe4000000000000 0000000000000000
3fe4000000000000 0000000000000000
3fe0000000000001 0000000000000000
3fe0000000000000 0000000000000000
3fe0000000000000 0000000000000000
3fdffffffffffffe 0000000000000000
3fd0000000000002 0000000000000000
3fd0000000000000 0000000000000000
3cb0000000000000 0000000000000000
3ca0000000000000 0000000000000000
3ff0000000000000 0000000000000000
3feffffffffffffe 0000000000000000
3fe0000000000002 0000000000000000
3fe0000000000000 0000000000000000
3cc0000000000000 0000000000000000
3cb0000000000000 0000000000000000
3ff0000000000000 0000000000000000
3feffffffffffffc 0000000000000000
3cc0000000000000 0000000000000000
3ff0000000000000 0000000000000000
3cd0000000000000 0000000000000000
3cc0000000000000 0000000000000000
3ff0000000000000 0000000000000000
3fefffffc0000000 0000000000000000
3e80000000000000 0000000000000000
3ff0000000000000 0000000000000000
3e90000000000000 0000000000000000
3e80000000000000 0000000000000000
3ff0000000000000 0000000000000000
3fefffff80000000 0000000000000000
3e90000000000000 0000000000000000
3ff0000000000000 0000000000000000
3e90000000000000 0000000000000000
0000000000000000 0000000000000000
0000000000000000 0000000000000000
0000000000000000 0000000000000000
0000000000000000 0000000000000000
0000000000000000 0000000000000000
0000000000000000 0000000000000000
0000000000000000 0000000000000000
0000000000000000 0000000000000000
0000000000000000 0000000000000000
0000000000000000 0000000000000000
0000000000000000 0000000000000000
0000000000000000 0000000000000000
0000000000000000 0000000000000000
0000000000000000 0000000000000000
0000000000000000 0000000000000000
0000000000000000 0000000000000000
0000000000000000 0000000000000000
0000000000000000 0000000000000000
0000000000000000 0000000000000000
0000000000000000 0000000000000000
0000000000000000 0000000000000000
0000000000000000 0000000000000000
0000000000000000 0000000000000000
0000000000000000 0000000000000000
0000000000000000 0000000000000000
0000000000000000 0000000000000000
0000000000000000 0000000000000000
0000000000000000 0000000000000000
0000000000000000 0000000000000000
0000000000000000 0000000000000000
0000000000000000 0000000000000000
0000000000000000 0000000000000000
0000000000000000 0000000000000000
0000000000000000 0000000000000000
0000000000000000 0000000000000000
0000000000000000 0000000000000000
0000000000000000 0000000000000000
0000000000000000 0000000000000000
0000000000000000 0000000000000000
0000000000000000 0000000000000000
0000000000000000 0000000000000000
0000000000000000 0000000000000000
0000000000000000 0000000000000000
0000000000000000 0000000000000000
0000000000000000 0000000000000000
0000000000000000 0000000000000000
0000000000000000 0000000000000000
0000000000000000 0000000000000000
0000000000000000 0000000000000000
0000000000000000 0000000000000000
0000000000000000 0000000000000000
0000000000000000 0000000000000000
0000000000000000 0000000000000000
0000000000000000 0000000000000000
0000000000000000 0000000000000000
3ca0000000000000 0000000000000000
3ca0000000000000 0000000000000000
3ca0000000000000 0000000000000000
3ca0000000000000 0000000000000000
3ca0000000000000 0000000000000000
3ca0000000000000 0000000000000000
3ca0000000000000 0000000000000000
3ca0000000000000 0000000000000000
3cb0000000000000 0000000000000000
3cb0000000000000 0000000000000000
3cb0000000000000 0000000000000000
3cb0000000000000 0000000000000000
3cb0000000000000 0000000000000000
3cb8000000000000 0000000000000000
3cb8000000000000 0000000000000000
3cc0000000000000 0000000000000000
3cc0000000000000 0000000000000000
3fa0000000000000 0000000000000000
3fa0000000000000 0000000000000000
3fa8000000000000 0000000000000000
3fa8000000000000 0000000000000000
3fb0000000000000 0000000000000000
3fb0000000000000 0000000000000000
3fb0000000000000 0000000000000000
3fb0000000000000 0000000000000000
3fb8000000000000 0000000000000000
3fb8000000000000 0000000000000000
3fc0000000000000 0000000000000000
3fc0000000000000 0000000000000000
3fc0000000000000 0000000000000000
3fc0000000000000 0000000000000000
3fc8000000000000 0000000000000000
3fc8000000000000 0000000000000000
3fd0000000000000 0000000000000000
3fd0000000000000 0000000000000000
3fd0000000000000 0000000000000000
3fd0000000000000 0000000000000000
3fd8000000000000 0000000000000000
3fd8000000000000 0000000000000000
3fdffffffffffffe 0000000000000000
3fe0000000000000 0000000000000000
3fe0000000000000 0000000000000000
3fe0000000000001 0000000000000000
3fe7ffffffffffff 0000000000000000
3fe8000000000000 0000000000000000
3feffffffffffffe 0000000000000000
3fefffffffffffff 0000000000000000
3ff0000000000000 0000000000000000
3cb0000000000000 0000000000000000
3fdffffffffffffc 0000000000000000
3fe0000000000000 0000000000000000
3feffffffffffffc 0000000000000000
3feffffffffffffe 0000000000000000
3ff0000000000000 0000000000000000
3cc0000000000000 0000000000000000
3feffffffffffffc 0000000000000000
3ff0000000000000 0000000000000000
3feffffffffffff8 0000000000000000
3feffffffffffffc 0000000000000000
3ff0000000000000 0000000000000000
3e80000000000000 0000000000000000
3fefffffc0000000 0000000000000000
3ff0000000000000 0000000000000000
3fefffff80000000 0000000000000000
3fefffffc0000000 0000000000000000
3ff0000000000000 0000000000000000
3e90000000000000 0000000000000000
3fefffff80000000 0000000000000000
3ff0000000000000 0000000000000000
3ff0000000000000 0000000000000000
