0000000000000000 0000000000000000
0000000000000000 0000000000000000
0000000000000000 0000000000000000
0000000000000000 0000000000000000
0000000000000000 0000000000000000
0000000000000000 0050000000000000
0000000000000000 00205397829cbc15
005b000000000000 0000000000000000
0200000000400000 0000000000000000
0240000000000000 0000000000000000
3f95555555555555 4015555555555555
3fc4e81b4e81b4e8 3fe5c4ca037ba571
4022000000000000 3f8948b0fcd6e9e0
41c5555555aaaaaa 3de5555555000000
4205555555555555 3da5555555555555
3fb0000000000000 4030000000000000
3fdf5c28f5c28f5c 40005397829cbc15
403b000000000000 3fa2f684bda12f68
41e0000000400000 3dffffffff800000
4220000000000000 3dc0000000000000
41a0000000400000 4220000000400000
41cf5c28f6400000 41f0539782de0a73
422b0000006c0000 4192f684bded097b
43d0000000800000 3ff0000000000000
4410000000400000 3fb0000000400000
45f0000000000000 4670000000000000
461f5c28f5c28f5c 46405397829cbc15
467b000000000000 45e2f684bda12f68
4820000000400000 443fffffff800000
4860000000000000 4400000000000000
