S 7 S 0 S 64 A 0
S 6 S 128 S 160 S 0
S 5 S 192 S 208 S 128
S 4 S 224 S 232 S 192
S 3 S 240 S 244 S 224
S 2 S 248 S 250 S 240
N 1 252
V 0 4073384198dd8808 c014bb599ff08bba bf91423f2924c1cd 4073366485b54fb4
V 1 bd823ffff4360000 c007f06667526fc9 bf83edc07a6cff2c bd823ffff4360000
B 252 4073384198dd8808 4073366485b54fb4
N 2 248
V 0 4072d87fff403e5f c027287762ced4f2 bfa3a9446fbb33ee 4072d0dff9714eb4
V 1 40739803327ad1b2 3f74b49bbd3d6ecf 3ef0e8658d1fbc89 4073980331342f95
V 2 bd77fffff4f80000 c008d21c700f5c2d bf8512a3c11b7df6 bd77ffeff4f80000
V 3 bd887fffedf00000 bf935188f103eca4 bf0f8ce5eee8ece4 bd887fffedf00000
S 2 S 248 S 250 S 252
N 1 256
V 0 407334719552bf24 c0158ea986b76f31 bf91f5b8c9609e86 4073326d5cdb2b00
V 1 bd823ffbf4360000 c008e466f85c2189 bf84bcfdeacde2ab bd823ffbf4360000
B 256 407334719552bf24 4073326d5cdb2b00
N 3 240
V 0 407218b332737072 bfac8db81f472b06 bf293ee2b5673295 407218b326fe0c1d
V 1 4073984ccc0d0c4c c008fabd3dc7937a bf84658c52b91849 40737b187e9c0df7
V 2 407397b3328070f2 402d36832cfb66cb 3fa7db387ff1e685 40737a51005b70d1
V 3 4073985332753272 4032fa2db3c7264f 3faefdbc6eb38c54 40737b1fe89211b6
V 4 3d8000000a080000 bf7e12be0a58c786 befa96d7192f713c 3d8000000a080000
V 5 bd93ffffff800000 4037b79bbc7f8e26 3fb35db31049ef6d bd940007ff800000
V 6 bd9afffff6000000 40330917f3770b02 3faf1715c109702e bd9afffff6000000
V 7 3d64000040800000 c02d1f9f7c2bbb15 bfa7c7c511738644 3d64000040800000
S 3 S 240 S 244 S 248
S 2 S 248 S 250 S 240
N 1 264
V 0 4073224f23a1e727 c0132441b0b1916d bf9001a0e44de299 407320b69f4331df
V 1 bd824003f4360000 c0061a5435368ca9 bf827b88a82cc885 bd824003f4360000
B 264 4073224f23a1e727 407320b69f4331df
N 2 260
V 0 4072c9e5d2cd0d0a c025651f380b6cab bfa2383169c3fdaf 4072c35ea67e6bf2
V 1 40737ab87476c144 3f7ac6975905c90d 3ef5fe3c03125957 40737ab87251521e
V 2 bd78000ff4f80000 c006ee5c929ed233 bf83871127b842f0 bd78000ff4f80000
V 3 bd887fffedf00000 bf98fb6bb074d2a1 bf1485148a26cd4a bd887fffedf00000
S 2 S 248 S 250 S 252
N 1 268
V 0 40731f0b8c67df08 c013d92a5d59f5b7 bf909bbd2a21781d 40731d5404abc381
V 1 bd824003f4360000 c006eb397a5ccae9 bf832d7c37b0007d bd824003f4360000
B 268 40731f0b8c67df08 40731d5404abc381
N 4 224
V 0 407217cccc184a4c bf9fee74f7020b20 bf1c3cd8f10620c4 407217ccc88ebeef
V 1 4072199998ce9699 bf741781364c82e9 bef1c2be9970acc9 407219998470b01b
V 2 4075170ccc1bcdcc 403fa3676c108649 3fb800a1017ce0cc 4074a9e00e1e62e9
V 3 4072198ccbfe4acc 3fae12d4d486d260 3f2a95ab9537e024 4072198cb5e4c8e1
V 4 4075179998e89819 c04580a569540a88 bfc04faf733bd34e 4074aa97ba3420ce
V 5 407217cccc1849cc 3f8c4e7472fd75be 3f09083202ef3483 407217ccc88ebe6f
V 6 4072199998ce9919 3f98afbfb6ade5b5 3f15d284b369b2b1 407219998470b29b
V 7 4075170ccc1bcbcc c046b80b7ba40acf bfc13c5a9ea80a44 4074a9e00e1e604d
V 8 3d90000008080000 bf60be41f99711dd bedd9cdbef67eb82 3d90000008080000
V 9 3be0000000000000 3fb328ab7acd2642 3f30ef9ea8b2f348 3be0000000000000
V 10 bd6ffffff8000000 404209ccd3312282 3fbb5e9b3f530e82 bd6ffffff8000000
V 11 bda2000000000000 bfaa5fb1a37b1e18 bf275069a16702cb bda2000000000000
V 12 bd9e000000000000 c035352ea0154e41 bfb01670b5219c11 bd9dff8000000000
V 13 bd97ffffec000000 bf9cb32dae087be2 bf196144718c5ee2 bd97ffffec040000
V 14 3d9f000010000000 3fb22e584f9f757e 3f3012568dcea5b6 3d9f000010000000
V 15 bd99ffffffe00000 402ed91ff1d0ea64 3fa7672b5e224a30 bd99ffffffe00000
S 4 S 224 S 232 S 240
S 3 S 240 S 244 S 224
S 2 S 248 S 250 S 240
N 1 284
V 0 40730f5624ca919f c011c820af40d063 bf8ddaa4c385baaa 40730df43d1440c9
V 1 bd823fdff4370000 c0048858227abfe9 bf813c7b7af067f3 bd823fdff4370000
B 284 40730f5624ca919f 40730df43d1440c9
N 2 280
V 0 4072bd34c440a6b5 c023dcd42546c021 bfa0f594b40defb9 4072b7909a16b60b
V 1 4073617785547c89 3f71ed5dc015913c 3eed999d8d5549de 40736177845cefbd
V 2 bd77fffff4f80000 c00549e728f381b3 bf822d4ad7bf8603 bd78000ff4f80000
V 3 bd887fbfedf20000 bf90b9efdd7701f3 bf0b9e02eefca9e7 bd887fbfedf30000
S 2 S 248 S 250 S 252
N 1 288
V 0 40730c840f39d2e4 c012647672358544 bf8ee5b0831c3324 40730b09359b4606
V 1 bd823fe3f4378000 c0053cdd48c73ba9 bf81d6a94f0b513e bd823fe7f4378000
B 288 40730c840f39d2e4 40730b09359b4606
N 3 272
V 0 407218b3267fb785 bfac8cad2751dc20 bf293df6bbc9f2a2 407218b31b0b296a
V 1 407361b6620195e5 c0056abb37af2761 bf81ae1cbd297c4e 40734c0210d1ac26
V 2 4073613241616f9e 402910c308b9dd1f 3fa4b1b9bee51d98 40734b538105dc08
V 3 407361bcc9478974 4030454462389509 3faadcfffe251ddf 40734c095817f10b
V 4 3d8000000a080000 bf7e11a4dd1fda11 befa95de90929346 3d8000000a000000
V 5 bd93ffffff800000 403455af53a5e3d7 3fb0c9678bdf00a8 bd93ffffff800000
V 6 bd9affbff6020000 4030553e515378bf 3faaf8216094ec76 bd9affbff6020000
V 7 3d64000040800000 c028f83e668e0228 bfa49ce85d5cf6d3 3d64000040800000
S 3 S 240 S 244 S 248
S 2 S 248 S 250 S 240
N 1 296
V 0 4072ff04813ea8a9 c0109922daa0499b bf8bf5e2b29a3349 4072fdcf1bf533bd
V 1 bd823fdff4390000 c0032a7ad40f7da9 bf80249b6da95e09 bd823fdff4390000
B 296 4072ff04813ea8a9 4072fdcf1bf533bd
N 2 292
V 0 4072b25a95ee6ac8 c0228d64fe5dcd81 bf9fc0be2d9431c0 4072ad6bd0e584af
V 1 40734bae6c8ee68a 3f778826ddc5d69b 3ef3833f19833e5e 40734bae6ae27d5d
V 2 bd77fffff5000000 c003e262bc94f7c6 bf81042e206791c5 bd77fffff5000000
V 3 bd887fbfedf20000 bf95f49c342a245c bf1234a0e02bc512 bd887fbfedf20000
S 2 S 248 S 250 S 252
N 1 300
V 0 4072fc8d1de40106 c01121d5928865fc bf8cdfe8cd93a09b 4072fb43539dada2
V 1 bd823fdff4390000 c003c8533f9f1b29 bf80abb88b38432e bd823fdff4390000
B 300 4072fc8d1de40106 4072fb43539dada2
N 5 192
V 0 4072174ccc1bc8cc c057ed1e6926393d bfd529289a13e018 40701c75a0d6cf50
V 1 4072184ccc14cbcc 40090b7974518419 3f8625313852014a 40701e5cc4634b77
V 2 40721acccbe7c6cc 405066e5b931ab51 3fccfd8afe9265fb 40701e068ff34dd2
V 3 4072186665b56666 c05175b005fe9ca6 bfcee041d4bd1f68 40701e683e00395b
V 4 407816cccc1bcbcc bfca3b9c9f367d6c bf416c85966703e5 407816cc42614043
V 5 4072174ccc1bcfcc 4043c277b057927a 3fc179cb508d23c0 40701c75a0d6d911
V 6 4072184ccc14cbcc c040da13a8e0fdf1 bfbdcd3cd15c0a7c 40701e5cc4634cc9
V 7 40721acccbe7c9cc c05674b564961eab bfd3d86a66a4d686 40701e068ff3507d
V 8 4072186665b56466 40574c05cb64da61 3fd4996e0f53b4d2 40701e683e003723
V 9 407816cccc1bcbcc 3faa28bf1a8f3934 3f215ffdd004acc2 407816cc42614042
V 10 4072174ccc1bc8cc c049486c0b40d31c bfc65c51c8d1927d 40701c75a0d6cf50
V 11 4072184ccc14cacc 4054502cab551523 3fd1f6211f7f1f4b 40701e5cc4634da9
V 12 40721acccbe7cfcc 405380d45897448b 3fd13c6880cf74a4 40701e068ff359cc
V 13 4072186665b56266 c04bde2fd53efcfc bfc8a418e10a537d 40701e683e0034eb
V 14 407816cccc1bcbcc bfa2c3faba43d760 bf18ed9fc36dfadf 407816cc42614043
V 15 4072174ccc1bcbcc 40579e8b85ca5c52 3fd4e3aaa79fc764 40701c75a0d6d1fb
V 16 3db0000000040000 c00910800581f01b bf862adc73c307a3 3db0000000040000
V 17 bd9ffffff0000000 c057e85244aa9902 bfd523bf459e8e10 bd9ffffff0000000
V 18 bda0000000000000 4051831df90b371d 3fcef3e6982750ba bda0000000000000
V 19 3da0000002000000 40505a51bb7edba9 3fcceb250b27a8a7 3da0000002000000
V 20 bd80000000000000 bfb7c59bb5e56477 bf2f942503799633 bd80000000000000
V 21 3be0000000000000 c055ce234befe8f6 bfd348efe5e23171 3be0000000000000
V 22 3670000000000000 c056631d1143e7e5 bfd3cb99786b4339 3ce0000000000000
V 23 bdb2000000000000 4040e752469b72eb 3fbde0883cb3416e bdb2000000000000
V 24 bda8000000000000 4035ba75cc86a1b6 3fb3365d98605be6 bda8000000000000
V 25 bd88000000000000 bfcc0c31e145bd99 bf42a119473cbee8 bd88000000800000
V 26 bda0000004000000 c05454402b5555c1 bfd1faba2dada09a bda0010004000000
V 27 bd8fffffa0000000 c049435a4392a3e8 bfc65699e77f3fc9 bd9001ffd0000000
V 28 3d8c000040000000 404bf39f3c34c662 3fc8b3c62679d4e4 3d8bf80040000000
V 29 3da8000000000000 405371df83ff66d9 3fd131783f1476c1 3da8000000000000
V 30 bd70000000000000 bfcc6a518bae08ef bf42df9daa041a6a bd70000000000000
V 31 bda7ffffffe00000 c02f324f18c255bc bfab973a0645020f bda7ffffffe00000
S 5 S 192 S 208 S 224
S 4 S 224 S 232 S 192
S 3 S 240 S 244 S 224
S 2 S 248 S 250 S 240
N 1 332
V 0 40719c69e01838de c01b9d99054c2d9c bf9916e56c066bea 407198ce0fc7d397
V 1 bd8240bff43e0000 c00fe344b02b786a bf8cf8858c97a3a1 bd8240b7f43e0000
B 332 40719c69e01838de 407198ce0fc7d397
N 2 328
V 0 40711cdccd578b12 c02ecb76d9baf572 bfaccad8f7df62f0 40710e038bfe1a5b
V 1 40721bf6f2d8e6aa bf464fbb5dab5dff bec3b6782ca125f8 40721bf6f2d27d3b
V 2 bd77fefff4f80000 c01080bc5b06b650 bf8edc0cf27edbec bd77fefff4f80000
V 3 bd8881ffee000000 3f64d11e4e61695b 3ee2646b88b663dc bd8881ffee000000
S 2 S 248 S 250 S 252
N 1 336
V 0 407194fd3f684bcb c01d39187e821d47 bf9a97f681e4b435 407190f10daafa20
V 1 bd8240bff43e0000 c010df366d4630b4 bf8eb5289013924f bd8240bff43e0000
B 336 407194fd3f684bcb 407190f10daafa20
N 3 320
V 0 40701dd04ccb687d bf998e180343b4c2 bf195ed1dc76fd7f 40701dd04a37d445
V 1 40721be94de3ada6 c010a2038087d3e2 bf8d643a0b181677 4071e3de38340e4f
V 2 40721c01b966e517 40336d4be9318b49 3fb12a007ef13005 4071e3c570ca2cf8
V 3 40721bec2c4ae83e 4039460875bf486a 3fb6548039ebcebf 4071e3e1c0fa3cca
V 4 3d8000000a080000 bf6aea438f914e2b beeab879553d872e 3d8000000a0a0000
V 5 bd93ff7fff800000 403f95b4cb846b4d 3fbbe805a2f6c704 bd93ff7fff800000
V 6 bd9b00fff6100000 40395153833252fb 3fb65e5ff3b7c990 bd9b00fff6100000
V 7 3d63f80040800000 c03364a1873d24ba bfb1226ce756b43a 3d63f80040800000
S 3 S 240 S 244 S 248
S 2 S 248 S 250 S 240
N 1 344
V 0 407172556d0c1316 c01892699fc459af bf9688d5102d31a4 40716f73234d1eec
V 1 bd8240bff43d8000 c00c5f8af588784a bf8a054613a63b65 bd8240bff43d8000
B 344 407172556d0c1316 40716f73234d1eec
N 2 340
V 0 407100d74135f14a c02b69537dd85a5c bfa9cb4435f3cd24 4070f4ffff0281a5
V 1 4071e3d398e234e1 3f4d4fe0479b62ea 3eca3724eb642379 4071e3d398d70113
V 2 bd77fefff4f60000 c00d6125c1c41688 bf8ba55c11f2beba bd77fefff4f60000
V 3 bd8881ffee000000 bf6b59363444524b bee8759533dfe7eb bd8881ffee001000
S 2 S 248 S 250 S 252
N 1 348
V 0 40716c69cbecc15c c019da8e525ff493 bf97bdd2d941f465 407169376357d28d
V 1 bd8240bff43d8800 c00dda733a8ff32a bf8b6a10f3768d84 bd8240bff43d8800
B 348 40716c69cbecc15c 407169376357d28d
N 4 304
V 0 40701d69329d0d64 bfae6188a534817c bf2e2a1609a6c8c4 40701d69243b9b7a
V 1 40701e3766f9c396 3f498de54f4053f2 3ec95dfd3e124121 40701e376665c5a2
V 2 407419a0f19c0caa 40450a6dda7457b5 3fc0bfae4d1b71c2 40734ef94e476c46
V 3 40701e31aa2b4ea3 bf8033fb80fbe838 bf0015a105c2a19a 40701e31a9b80b10
V 4 40741a9a4030bbb2 c04c97e217b5a059 bfc6c1a33c507cfa 4073505f50c0e3f3
V 5 40701d69329d0e7c 3f9aee97a11cc631 3f1abd70757f51d5 40701d69243b9c92
V 6 40701e3766f9c75c bf6f65ee717e3404 beef2b11c3895e6d 40701e376665c968
V 7 407419a0f19c091f c04e37ce9c3cbaa4 bfc80dd271933ed4 40734ef94e47672f
V 8 3d90000008080000 bf6fdc43924a98f3 beefa21dc0697cd6 3d900000080a0000
V 9 3be0000000000000 bf885e20ad9ca190 bf083072157dbb07 3be0000000000000
V 10 bd6ffffff8000000 4047fe0b952f08e3 3fc31929b99209a6 bd6ffffff8000000
V 11 bda1ff8000000000 3f7c6b5dae79c29e 3efc36209f7f54ac bda1ff8000000000
V 12 bd9e000000200000 c03c3388a7f744dc bfb671c5ea97b9a8 bd9e010000200000
V 13 bd9801ffec000000 bfab4e6cd1a8ce59 bf2b1c96bf0dc76e bd9801ffec000000
V 14 3d9efe0010000000 bf871fbedf222439 bf06f46525a38209 3d9efe000fff8000
V 15 bd99ffffffe00000 403483e7c28c767e 3fb054990bde5a62 bd99ff7fffe00000
S 4 S 224 S 232 S 240
S 3 S 240 S 244 S 224
S 2 S 248 S 250 S 240
N 1 364
V 0 4071507895895132 c016248178c11310 bf947634eba35c65 40714e1c7b82c59e
V 1 bd8240dff43da000 c009916d3846caca bf87a08f640c5af1 bd8240dff43da000
B 364 4071507895895132 40714e1c7b82c59e
N 2 360
V 0 4070ea32e0a8361c c028ad783b127dda bfa757ca157e2f54 4070e08d40bf03dc
V 1 4071b6be4a6a6c47 bf63a3575af52159 bee1bcf035224cb7 4071b6be4a192be2
V 2 bd77fefff4f60000 c00a730b27166887 bf8904d4ee9145fe bd77fefff4f60000
V 3 bd88823fee004000 3f825292be7c606d 3f008cc0cc3b0720 bd88823fee004000
S 2 S 248 S 250 S 252
N 1 368
V 0 40714ba5c56c17df c0172fd9aeed15f8 bf95733b91972a17 4071490e9f179fe1
V 1 bd8240dff43da000 c00ac6212b45062a bf88c4bab6471f50 bd8240dff43da000
B 368 40714ba5c56c17df 4071490e9f179fe1
N 3 352
V 0 40701dd04550b08e bf998fcdea6d0372 bf196084a554bde5 40701dd042bcc405
V 1 4071b6957bffbbab c00aa71d50f49945 bf88132f3731affb 407191cdc90fd359
V 2 4071b6e43a7e4042 402f28d5fdfa4cb6 3fac24d4559d42e8 407191eacd6c8d95
V 3 4071b6985a56984c 40343fd166c31d30 3fb24a6dc0028f7f 407191d131a049f9
V 4 3d8000000a0a0000 bf6aec10c4db66f3 beeaba4341bfd833 3d8000000a0a0000
V 5 bd93ff7fff800000 40394e5667a23c65 3fb6dbc112a6ee47 bd93ff7fff800000
V 6 bd9b017ff6100000 40344dceb6a22461 3fb256c21d6435c3 bd9b01bff6100000
V 7 3d63fa00407e0000 c02f135deadb03a4 bfac11e8681c74dc 3d63fa00407e0000
S 3 S 240 S 244 S 248
S 2 S 248 S 250 S 240
N 1 376
V 0 407134d682b65bbb c01424344d5bed30 bf92baaf80fb602d 407132df88533dfe
V 1 bd8240fff43da000 c00741df3404086a bf85a06d0e4ff30c bd8240fbf43da000
B 376 407134d682b65bbb 407132df88533dfe
N 2 372
V 0 4070d7cf05e64baf c026750a84748484 bfa5554c4bd0f114 4070cfc91a0d703a
V 1 407191ddff866bc7 bf4a830fbac2e839 bec824a9dd859767 407191ddff7d16f4
V 2 bd77fefff4f60000 c00811cdbcd225db bf86dd66ce8a6706 bd77fefff4f60000
V 3 bd88827fee004000 3f68bc6a1d347729 3ee686a3372fe40d bd88827fee004000
S 2 S 248 S 250 S 252
N 1 380
V 0 407130d38cc54397 c015028c3bff2d08 bf938dffb4ea171b 40712eafc25fd406
V 1 bd8240fff43da000 c008429cadf4dcaa bf86946df8711681 bd8240fbf43da000
B 380 407130d38cc54397 40712eafc25fd406
N 6 128
V 0 40683666648e5a66 c067f8c745bfc3cd bfefae8f1b0f5b19 400e403a4bc88080
V 1 4078136665f06466 3f74f1680e22cf61 3eebd60a869b8acd 407813655c1cbfa2
V 2 40683acccaf4c0cc 4060af689e380968 3fe609392ab9daf1 400e40413a374800
V 3 4078133332af3733 bfcb97ef843b1aa2 bf42569ea66d826f 407813323db0d026
V 4 40781a6665886066 bfbd5c1c9d6de60a bf337d4d835380e6 40781a663b0c7394
V 5 40683666648e5a66 405312712bcba1c1 3fd934c9ea1fcc83 400e403a4bc88100
V 6 4078136665f06866 bfbd66b7e2ddcf41 bf338a04a0adc90e 407813655c1cc3a1
V 7 40683acccaf4c8cc c066502a7112d148 bfed7805be28a407 400e40413a3f33c0
V 8 4078133332af3333 3fd2c46a368929f2 3f48f1ee3559ab58 407813323db0cc24
V 9 40781a6665886466 3f9b05b3519b000a 3f11f0119b26dd02 40781a663b0c7793
V 10 40683666648e6e66 c059fbd3d8ff6de8 bfe12ba1cde4fd01 400e403a4bd46300
V 11 4078136665f06866 3fd0cf1758a712e4 3f4657654906e7f9 407813655c1cc3a1
V 12 40683acccaf4c4cc 4063ba5f14236a75 3fea0dfea0383141 400e40413a3351c0
V 13 4078133332af3533 bfc5da798fad8cb4 bf3d0c0fe6ac7a14 407813323db0ce25
V 14 40781a6665886466 bf96ea05a61da3c6 bf0e6be62e304117 40781a663b0c7793
V 15 40683666648e5e66 4067967407edb3d7 3fef2c9c00b190c0 400e403a4bcc7680
V 16 4078136665f06666 bfd3de7279d3fc41 bf4a68952a5e81e1 407813655c1cc1a0
V 17 40683acccaf4c4cc c035ef9ab4198f7e bfbcf87e89257772 400e40413a3b3dc0
V 18 4078133332af3133 3fc7df2a0970c34e 3f3fbad5c8a45c7d 407813323db0ca26
V 19 40781a6665886666 3fb910aeaff5acdc 3f30a37c5c0ba403 40781a663b0c7994
V 20 40683666648e5a66 c064f4d11f190f7a bfebb24f7777a3f0 400e403a4bd46240
V 21 4078136665f06466 3fc36e3639690030 3f39d36814a4f724 407813655c1cbfa2
V 22 40683acccaf4c8cc 404a5a17da178387 3fd166c312ab5ff9 400e40413a3747c0
V 23 4078133332af3133 bfd276432f9487f4 bf488a0d466a0474 407813323db0ca23
V 24 40781a6665886666 bfbe774b50910b21 bf34394888c990e7 40781a663b0c7994
V 25 40683666648e7266 404d560aa00b4813 3fd362c0d93206d9 400e403a4bd85940
V 26 4078136665f06466 bfc246b0cf85a857 bf384a9e5daefd81 407813655c1cbfa1
V 27 40683acccaf4c0cc c065576861563a2a bfec2f7d3bcad928 400e40413a335180
V 28 4078133332af3533 3fcd47f00ffe3307 3f4375b954ae9c31 407813323db0ce25
V 29 40781a6665886266 3fb4b3dcd2e289fd 3f2b7c3fe4f4b97b 40781a663b0c7593
V 30 40683666648e5e66 c02f5923e65a20e9 bfb4b7237de950ec 400e403a4bcc76c0
V 31 4078136665f06866 3fd3eede8dc8f3f4 3f4a7e68f5837761 407813655c1cc39f
V 32 3dc0000000040000 c0091afe2e8fb298 bf90970ecb94636a 3dc0000000040000
V 33 0000000000000000 bfd3ff4f234a53ec bf4a9442bde1a39a 3b90000000000000
V 34 bdb0000000000000 40613d873e6ed8ce 3fe6c4eb7a78a5a2 bdb0000000000000
V 35 3c20000000000000 3fcab4786f58ab77 3f41bf72dda72038 3c20000000000000
V 36 0000000000000000 bfa974b5523db883 bf20e5e2690da50e bba0000000000000
V 37 bdb0000000000000 c065ff36d736ae42 bfed1263b6a278ce bdb0000000000000
V 38 3c00000000000000 bfd299aede12f6a8 bf48b8ed46a4647d 3c00000000000000
V 39 3db0000000000000 4051a290d5fbbb31 3fd74a5c01f2cbb1 3db0000000000000
V 40 b692000000000000 3fb0369ddcaad0fb 3f258cea491fc884 b692000000000000
V 41 bd90000000000000 bfbf475d7b19c60e bf34c3676119a3b7 bd8fffffffc00000
V 42 36a0000000000000 c06426560b1455f7 bfeaa16b3fda58dd 36a0000000000000
V 43 3bf0000000000000 bfc5acf6bda3b9d7 bf3ccf549905d8d6 3bf0000000000000
V 44 0000000000000000 405b4ed3815147e7 3fe2085ee68ea7bc 0000000000000000
V 45 3680000000000000 3fcf93370e2fc8cd 3f44fc05c109e653 bbd0000000000000
V 46 bd90000000000000 bfbf7ba9c275b97c bf34e61eb5f25483 bd90000000100000
V 47 bdc0000000000000 c0412aef8046baee bfc6b07c1bff3c13 bdc0000000000000
V 48 bda0000000000000 bfa2493066397e53 bf184df07774a956 bd9fffffffc00000
V 49 bdb0000000000000 4067d5c19a2c28d9 3fef7a8d5c0d02be bdb0000000000000
V 50 bd98000000000000 3fce140319daf05d 3f43fd5985c81566 bd98000000000000
V 51 36a0000000000000 bfb3e4a42bba4874 bf2a6922fb2db692 bbb0000000000000
V 52 bdb0000000000000 c0574ad7c26e8827 bfdec8ae258ab102 bdaff80000000000
V 53 bc10000000000000 bfd17b56768b9579 bf473c55b7163ba5 bc10000000000000
V 54 bd9fffffc0000000 406711e99d9f3681 3fee77e71195c3d9 bd9fffffc0000000
V 55 3c20000000000000 3fb5169ffb9b3739 3f2c07be0d5e6f45 3c20000000000000
V 56 bd6ffffe00000000 bfa393e9b98f8611 bf19fdf59d608b05 bd6ffffe00000000
V 57 3da0000000000000 c066d3614084f780 bfee2acb583a8866 3da0000000000000
V 58 3da0000000000000 bfd1ca5142663b3b bf47a54f4174770b 3da0000000000000
V 59 3db0000000000000 4055ec9b71ffde52 3fdcf48938f64f53 3db0000000000000
V 60 bc20000000000000 3fc8d7d45d4129ab 3f4082ad9189481b bc20800000000000
V 61 bd7fffff80000000 bfb8669ec8c3f8e1 bf3032989a4c9fd0 bd7fffff80000000
V 62 bda0000000000000 c067e51239f3db06 bfef94836a171ea7 bd9ffe0000000000
V 63 bdafffffffc00000 bf9a26954d137011 bf116101ebc3d298 bdafffffffc00000
S 6 S 128 S 160 S 192
S 5 S 192 S 208 S 128
S 4 S 224 S 232 S 192
S 3 S 240 S 244 S 224
S 2 S 248 S 250 S 240
N 1 444
V 0 406ccabde9818d92 c024a542e99dab70 bfa6f227066c13e9 406cb700c836a10e
V 1 bd823edff4560000 c017d6e4e7854513 bf9a7ee3119493bd bd823edff4560000
B 444 406ccabde9818d92 406cb700c836a10e
N 2 440
V 0 406b4d4f9b09396c c0370d83c7aabad0 bfbb050550189f0d 406af9dc776d406c
V 1 406e482c37f9e1b8 3f7dd3ee1c7b30fe 3eff8529895ff9e1 406e482c311f7bf1
V 2 bd77fffff5380000 c018b53976589790 bf9cf5a3f7c8c420 bd77ff7ff5380000
V 3 bd887dbfee100000 bf9bd46b77e2d60c bf1d68a18144ba1d bd887dbfee100000
S 2 S 248 S 250 S 252
N 1 448
V 0 406ca10454465e2e c026e76ae57ae894 bfa999d3fbc1e601 406c8895ccab0e20
V 1 bd823ebff4560000 c01a727dcd91dedb bf9d8fb5733cc143 bd823ebff4560000
B 448 406ca10454465e2e 406c8895ccab0e20
N 3 432
V 0 4068519947c3b57e bfac90db3b4afe26 bf32cb5685b45ccd 4068519925a0d3f0
V 1 406e4905ee4ebd5a c018e4b3378fcafb bf9a4d85dbf30235 406d1cc65c9b759c
V 2 406e4745ba0a073c 403d0ef09fd3f787 3fbeb5e8a312b9fc 406d1a443d549e31
V 3 406e4912b5e9bc34 4042e997c6e2f059 3fc3fbb0fbb2c838 406d1cd8aa863d13
V 4 3d8000000a040000 bf7e160be42d7c8d bf03cb65b5029141 3d8000000a040000
V 5 bd93ffffff9e0000 4047a2aecec387f4 3fc8f945e4ae69be bd93ffffff9e0000
V 6 bd9afdfff6000000 4042ef4ec156fcf6 3fc402eb629b1c59 bd9afefff6000000
V 7 3d6402003f800000 c03d062b7574af97 bfbeaad0e905c5f3 3d6402003f800000
S 3 S 240 S 244 S 248
S 2 S 248 S 250 S 240
N 1 456
V 0 406be95f1a85c934 c020929f8bf992aa bfa3001149a8cd2b 406bdc405046eabc
V 1 bd823f5ff4560000 c01322f5967a4994 bf95f08a98eaf02e bd823f5ff4560000
B 456 406be95f1a85c934 406bdc405046eabc
N 2 452
V 0 406ab72fc11e24c6 c032857244de18d7 bfb62f51e8b22ca2 406a8023339b8cac
V 1 406d1b8e73ed6da2 3f855dca7928adea 3f077d4fa430adc4 406d1b8e654b4e32
V 2 bd77fffff5380000 c013d9ddece64142 bf97c713a81e9c07 bd77fffff5380000
V 3 bd887ebfee100000 bfa3ef6267f1f973 bf25ea7ee21d977e bd887ebfee180000
S 2 S 248 S 250 S 252
N 1 460
V 0 406bcdd8cc736d6f c0221003386c5847 bfa4c9d252df0392 406bbe3390099fde
V 1 bd823f5ff45a0000 c014db598d7e0ee4 bf98011c38b2957f bd823f5ff45a0000
B 460 406bcdd8cc736d6f 406bbe3390099fde
N 4 416
V 0 40684fcc486cc7ac 3f697a48e5f97d73 3ef0c4709902eec7 40684fcc4851f739
V 1 40685366471aa34f bf7d505f63019dab bf0347ea0dcf1ca6 40685365c611ddb0
V 2 40721f5f925c6c08 404f78ceb539fac8 3fcbc92d4b6270af 4070287f893885b6
V 3 4068534cb7e4a2a4 3fb5a960648c0af1 3f3c7eee766c10a0 4068534c2f64b615
V 4 40721f5f95d39ef6 c055679f0d2bcf5e bfd2e5d616034fdf 4070287f8f5812dc
V 5 40684fcc486cd08c bf5695d85b8de988 beddba48eb944ebf 40684fcc48520019
V 6 40685366471aa845 3fa202419e4d70f9 3f27b0af7f0bb03f 40685365c611e29c
V 7 40721f5f925c6811 c0569974fe0acfd1 bfd3f3da16520939 4070287f89387eb5
V 8 3d900000080c0000 3f2ab7e3c2be3b9e 3eb19576314a84b3 3d900000080c0000
V 9 3bdf800000000000 3fbbf3e99c0c5479 3f4262b7fc63a6b1 3bdf800000000000
V 10 bd6ffffff7c00000 4051f1839a6f17cb 3fcfaf0615607a96 bd6ffffff7c00000
V 11 bda2000000220000 bfb2ff2a29a9dd9f bf38fd7bb43b3f2f bda2000000220000
V 12 bd9e000000000000 c0451c80175092b6 bfc2a3837f3c7c6c bd9dfe0000000000
V 13 bd97fbffec000000 3f66e63607d73df1 3eee2410c5bb5e97 bd97fbffec000000
V 14 3d9f000010000000 3fba86b0472ca86d 3f41727f3296cbc9 3d9f000010000000
V 15 bd99ff8000200000 403eaf97922f55c5 3fbb1787408ab8fb bd99ff8000200000
S 4 S 224 S 232 S 240
S 3 S 240 S 244 S 224
S 2 S 248 S 250 S 240
N 1 476
V 0 406b5195b1f7d388 c01bae825360c450 bfa0366c8410db58 406b483c239f469e
V 1 bd823e5ff4560000 c00ff6cbbd2dc327 bf92b87f27c32e7b bd823e4ff4560000
B 476 406b5195b1f7d388 406b483c239f469e
N 2 472
V 0 406a51df540e659a c02eed1bc169d31d bfb2ccddaa8c9b01 406a2aecb15234f5
V 1 406c514c0fe14176 3f7dcf964462e787 3f00d8006462f87c 406c514c088f4a86
V 2 bd77fffff5380000 c01092c3ff5947e6 bf94266a02edc80d bd77fffff5380000
V 3 bd887cbfee100000 bf9bd05e1a86b2f8 bf1f6e4ded5fc988 bd887cbfee100000
S 2 S 248 S 250 S 252
N 1 480
V 0 406b3e1c5cf0bfbe c01dca2f1c354023 bfa17ef8ef430980 406b33409f0751c9
V 1 bd823e5ff4560000 c01132fab9e8af3b bf9433df31145b5a bd823e4ff4560000
B 480 406b3e1c5cf0bfbe 406b33409f0751c9
N 3 464
V 0 406851990731ea74 bfac8cdc9e987dbb bf32c8b5e94907cf 40685198e51893ed
V 1 406c5225a0eae0c0 c010b046bec8588d bf92db479ebb67bd 406bc1d7f532697a
V 2 406c5065b38112e8 40337de469519f49 3fb6077b150fc200 406bbf9092e05e69
V 3 406c52326c417003 40395b87d77fcdc1 3fbca6c85c0f4403 406bc1e89ddd588f
V 4 3d8000000a040000 bf7e11d6db174b5c bf03c8a14cb9f639 3d8000000a040000
V 5 bd93ffffff9e0000 403fb0ca4804dedf 3fc1e75a90761f48 bd93ffffff9e0000
V 6 bd9afcfff6000000 403966f444208244 3fbcb583b3585d9a bd9afcfff6000000
V 7 3d6402003f800000 c03375206bf3ebd2 bfb5fc2d3b06c98d 3d6402003f800000
S 3 S 240 S 244 S 248
S 2 S 248 S 250 S 240
N 1 488
V 0 406ae53a82c22d18 c017c330261badad bf9c45bccb3b60f9 406ade3afc5be7e5
V 1 bd823e5ff4560000 c00b7042b395d1e7 bf9052b5ad98ee09 bd823e67f4560000
B 488 406ae53a82c22d18 406ade3afc5be7e5
N 2 484
V 0 406a09b86d257eb4 c02a9205794abbd6 bfb053c154e91da7 4069eca8f7b9e4ee
V 1 406bc0bc985edb7c 3f8369ae606644f1 3f0662359243ae4f 406bc0bc8bb37c86
V 2 bd77fffff5380000 c00c7a62718804c7 bf917fd91ea1318c bd77ffdff5380000
V 3 bd887cbfee100000 bfa21cc690cb2eda bf24e25ba7c82ff9 bd887cbfee100000
S 2 S 248 S 250 S 252
N 1 492
V 0 406ad6b2c1b6b0ba c01955dba05710d2 bf9e3526b01ecf8f 406aceb9e622dddb
V 1 bd823e57f4560000 c00d41393f997ee7 bf9170bca467ef87 bd823e57f4560000
B 492 406ad6b2c1b6b0ba 406aceb9e622dddb
N 5 384
V 0 40684fe5d0b450a3 c067d3a068513c49 bfef5c6ea6da95e1 401df4f26df53320
V 1 40684fb2c0253eb6 4018f595fcd432f6 3fa06d2cf20b29f0 401df4f89bc49940
V 2 406856e6afa40496 406050adcede02a0 3fe5733ca28c456e 401df5081737cbe0
V 3 40684fe5de914208 c061664874b4fc4f bfe6e6cd88703541 401df4f93a172400
V 4 407816cc3c5ea1dc bfca3e7e74f6509a bf416e7010ae34a8 407816cbb285cdd5
V 5 40684fe5d0b46c67 4053ad6a25fbc348 3fd9e654af96c0fe 401df4f26e00dac0
V 6 40684fb2c02534c8 c050cb5943f7b1dc bfd61b0ea61586fa 401df4f89bc0b660
V 7 406856e6afa41080 c066564a120a5952 bfed5e0ccdeff180 401df508173badc0
V 8 40684fe5de91381c 40673777c9ae6fb2 3fee8ee4ad5aaa61 401df4f93a134220
V 9 407816cc3c5ea1dd 3faa2b9eddb23d28 3f2161e6e99200f5 407816cbb285cdd5
V 10 40684fe5d0b46866 c0592d7c01b7e976 bfe091d3fd263368 401df4f26e00d9c0
V 11 40684fb2c02538b2 40643e6bd91b4b38 3feaa568dd823d31 401df4f89bc498a0
V 12 406856e6afa42a46 40636668f414f73c 3fe98186a45b19ad 401df50817475580
V 13 40684fe5de912644 c05bc599667b9441 bfe246e33537b0a5 401df4f93a0b7ce0
V 14 407816cc3c5ea1dc bfa2c60a88be5872 bf18f05d7c20cec3 407816cbb285cdd6
V 15 40684fe5d0b45c8c 406785613c59d594 3feef571486df70d 401df4f26df91560
V 16 3db0000000060000 c018f5cb90f7b6e2 bfa06d2db4475626 3db0004000060000
V 17 bd9ffffff0000000 c067d36d430c0889 bfef5c6d3406c91e bd9ffffff0000000
V 18 bda0000000080000 40616b650c242d4f 3fe6e6ef156a8903 bda0000000080000
V 19 3da0000002000000 40604be42da84530 3fe5731d36179f00 3d9ff00004000000
V 20 bd7fffffffc00000 bfb7c83853ef6c40 bf2f979df1964f4e bd7ffffffdc00000
V 21 3be0000000000000 c065b6e7cfde8d1b bfec94b9d8732896 3be0000000000000
V 22 bbc0000000000000 c0664f8c380b2b55 bfed5de08edaa61d bbc0000000000000
V 23 bdb2000000020000 4050d06c65017857 3fd61b2ff4823559 bdb2000000020000
V 24 bda7fffffff00000 4045a74a16611cbd 3fcc802be8b2848d bda7fbfffff00000
V 25 bd88000000400000 bfcc0f46c20dc759 bf42a325afdb9f37 bd88000000c00000
V 26 bd9ff80008000000 c0643e974de57e1b bfeaa56a189582bf bd9fe80008000000
V 27 bd8fffffa0000000 c0592d45f60a6805 bfe091d339390a1c bd8fdfffa0000000
V 28 3d8c000040000000 405bcdc213f59508 3fe246fdfbc38df2 3d8c000040000000
V 29 3da8000000000000 406360b7948f0757 3fe9816146d8f6cc 3da7f80000000000
V 30 bd70000002000000 bfcc6d70c3d19345 bf42e1b0f27962e1 bd70000002000000
V 31 bda7ff7fffe00000 c03f111216fb8d03 bfc471fbc13e9b22 bda8037fffe00000
S 5 S 192 S 208 S 224
S 4 S 224 S 232 S 192
S 3 S 240 S 244 S 224
S 2 S 248 S 250 S 240
N 1 524
V 0 405396897d6384f8 c03474d3bf17df07 bfd0b5927631e595 4051ceca1b15eb6c
V 1 bd823ebff44e0000 c0279ef794a249b5 bfc34b5098644de4 bd823dbff44e0000
B 524 405396897d6384f8 4051ceca1b15eb6c
N 2 520
V 0 404b5d973075e5c1 c046d0ec2bd448c7 bfeaae17e4227b6a 402be8480ae963bc
V 1 40597e47628c170f 3ec00742293a776e 3e541e8b87cd7ce2 40597e47628c16e9
V 2 bd78077ff4f80000 c02874482b8ec2f4 bfcc9878d287f496 bd78077ff4f80000
V 3 bd8879bfee200000 bedde8cc620c3a18 be72c5885c2ff127 bd8879bfee200000
S 2 S 248 S 250 S 252
N 1 528
V 0 404cfb5063e94360 c0430e88394bdf5b bfe50a9b9c058c5f 40388c59d3e36158
V 1 bd823ebff44e0000 c036013e612eeb1e bfd84beb4285b718 bd823ebff44e0000
B 528 404cfb5063e94360 40388c59d3e36158
N 3 512
V 0 401df4fb16c22f10 bef616c99e278378 bec79870aedaec7c 401df4fb16c125f2
V 1 40597e477f09c2d0 c028aa4ce06b62b0 bfbef5eac1f2762f 402cdb61e0cb80b8
V 2 40597e47439530a8 404cc252819696bc 3fe20cb70768047b 402cdb57d5405b60
V 3 40597e478182fd76 4052bd61962ad557 3fe785d490b54725 402cdb622a418c68
V 4 3d7ff10014080000 bec743bd3c6747e5 be98d9ea9f64627e 3d7ff10014080000
V 5 bd93ffffff7e0000 40576b3beb41ddec 3fed656a235bc460 bd93ffffff7e0000
V 6 bd9af3fff6100000 4052bd61f2709f48 3fe785d53dac824a bd9afbfff6100000
V 7 3d63d2003f800000 c04cc251f3fb4d12 bfe20cb682af5bd6 3d63d2003f800000
S 3 S 240 S 244 S 248
S 2 S 248 S 250 S 240
N 1 536
V 0 402963265aeb7ede bff809b92af85bef bfbe4c996fa6ce36 4028e9c2db33ed44
V 1 bd8242bff44e0000 bfebc1b526abbdd2 bfb17e46549a8787 bd8242bff44e0000
B 536 402963265aeb7ede 4028e9c2db33ed44
N 2 532
V 0 4025eaefb61609d8 c00acfa8ff25efd2 bfd3927df55d750c 4023b88192309cdc
V 1 402cdb5cffc0f3e4 3ee5649e6fe0c928 3ea7b922d1f3f58b 402cdb5cffc00722
V 2 bd78077ff4f80000 bfecbc72e2981750 bfb4fa3aaab6b76c bd7807bff4f80000
V 3 bd8881bfee200000 bf03f5c1b8feac66 bec62250a1d740f6 bd8881bfee200008
S 2 S 248 S 250 S 252
N 1 540
V 0 402849ef48f851ff bfffa609eeaa784f bfc4d9224fbba983 40276dff07fa865b
V 1 bd8242cff44e0004 bff245b6db1edf5c bfb812caa22895e0 bd8242dff44e0004
B 540 402849ef48f851ff 40276dff07fa865b
N 4 496
V 0 401df4f584dce630 bee8a9b170201c1b beba584d3fa0753a 401df4f584dc949f
V 1 401df500a8a777f0 bebf1bc87bf33356 be909d7116b312c2 401df500a8a59ff1
V 2 40688e9f7c3dd140 405f26162c339aea 3fe44b7426a2341f 402d62c58b9c7fa0
V 3 401df500597e3210 3ef747ce58602ef9 3ec8de3e5e26c972 401df500597c31f6
V 4 40688e9f976e1ade c0652f5c5a31a4dc bfeb9b18951e9530 402d62cc15fb3c30
V 5 401df4f584e2b930 3ed5dcc56750aef0 3ea75a7be66eb20c 401df4f584e267a0
V 6 401df500a8a96930 3ee31c9b7689151e 3eb46a43cf316c93 401df500a8a7912a
V 7 40688e9f7c3db22c c0665e0e7b21a3a5 bfed2588e01c89a3 402d62c58b950570
V 8 3d900080080c0000 bea9dd3c2370eddf be7ba0d1911eac3c 3d900080080c0000
V 9 bcfffff820000000 3efda9f5fa9a108f 3ecfafd739272a50 bcfffff820000000
V 10 bd6ffffff5c00000 4061c259ff7d7fef 3fe724478fc3953b bd6ffffff5c00000
V 11 bda2000000220000 bef46a9b505e179b bec5cf0aee0233db bda2000000220004
V 12 bd9dfc0000200000 c054e502d736950f bfdb3a3650263d2b bd9dfc0000200000
V 13 bd97ebffec000000 bee62a9116f10916 beb7ad95e1ed3f00 bd97ebffec000000
V 14 3d9ef80010000000 3efc2694d39dc553 3ece120b1a9aa898 3d9ef80010000008
V 15 bd9a038000200000 404e5eefe92d3454 3fd3c9b30eaac937 bd9a038000200000
S 4 S 224 S 232 S 240
S 3 S 240 S 244 S 224
S 2 S 248 S 250 S 240
N 1 556
V 0 40246199b0ee1e1d bfe8f45125889e96 bfb3970dc3ffaf3c 402438dcbc2aaa3f
V 1 bd823ebff44e0000 bfdcd097d2734169 bfa69ee2a265b718 bd823ebff44e0000
B 556 40246199b0ee1e1d 402438dcbc2aaa3f
N 2 552
V 0 4022949033c6ecb9 bffbd53b69de14ae bfc7f7b8dd2b7440 4021e1d121f97e07
V 1 40262ea32e154f81 bea014855a6f8361 be67327dca3477d5 40262ea32e154ed3
V 2 bd78077ff4f80008 bfddd4ccfcbb8d71 bfa9b03f45708eb1 bd78077ff4f80008
V 3 bd8879bfee1ffffc 3ebe017a216a1a82 3e85a4a5d7f291f8 bd8879bfee1ffffc
S 2 S 248 S 250 S 252
N 1 560
V 0 4024083a2807666d bfedcab547af9b0e bfb7cb940025a9d6 4023cd26e2a99502
V 1 bd823ebff44e0000 bfe13348306f58c4 bfab79f2d3b8cddc bd823ebff44e0000
B 560 4024083a2807666d 4023cd26e2a99502
N 3 544
V 0 401df4fb16c11a48 bef616c697f9af8e bec7986d73e189d9 401df4fb16c0112a
V 1 40262ea2dc2d4c4e bfde16a7ccbd4450 bfa5b3ecce33e709 4023d7c0f216a0ea
V 2 40262ea36c363800 40018a9c70038354 3fc94e2711babb02 4023d7bdaf5b10c9
V 3 40262ea2eff46702 4006dc3407b8a9df 3fd07d319606c838 4023d7c114d10a11
V 4 3d7ff10014080000 bec743ba0d05cb53 be98d9e738680afd 3d7ff10014080008
V 5 bd93ffffff7e0004 400c916f432abb36 3fd49b2e173267f9 bd93ffffff7e0004
V 6 bd9af3fff6100000 4006dc473ef677f1 3fd07d3f15e85ede bd9af3fff6100000
V 7 3d63d2003f800020 c0018a8db15895e5 bfc94e125a256b84 3d63d1003f800020
S 3 S 240 S 244 S 248
S 2 S 248 S 250 S 240
N 1 568
V 0 4022a06f5068b116 bfe0d9ad2047209f bfacf2bdba77516c 40228c1c43a6e50e
V 1 bd823ecff44dffff bfd375011ad5f092 bfa0b697e8086333 bd823ecff44dffff
B 568 4022a06f5068b116 40228c1c43a6e50e
N 2 564
V 0 4021691f3ebb54c0 bff2cb53ef8d4336 bfc14581f154e4d5 40211224f5179a00
V 1 4023d7bf62160d6d 3ecc210cbf8bc289 3e96ae7d42014c9e 4023d7bf6215e839
V 2 bd78077ff4f80004 bfd424c4032df04f bfa282f5220e66df bd780787f4f80004
V 3 bd8879dfee1ffffc beea3ead88caf5cb beb52988aac46bb5 bd8879dfee1ffffa
S 2 S 248 S 250 S 252
N 1 572
V 0 402274f22b96c11c bfe334467dfbdfd6 bfb0a5dc76c50962 40225a4db353b879
V 1 bd823ed1f44dfffe bfd62cd367f29cf2 bfa3392c646e76e0 bd823ed1f44dfffe
B 572 402274f22b96c11c 40225a4db353b879
N 7 0
V 0 3ffe66657a5a6666 bfeccc8c3a82e28b bfde5094874aaa46 3ff794356e955c4c
V 1 407817ffff140000 c0090cf75e058ecb bf80a2ace7bf89f7 4015ebe88197a300
V 2 40780e66664a6a66 4070d3a767db95b6 3fe6621bcf3a0279 3ffff55b48416400
V 3 4078186665965e66 40710d519f6d5746 3fe6a566cef29ebb 40165192a85ad380
V 4 40781c66657a5e66 c0760a86f30668ba bfed40c0e9695dfb 4015ebec2c073740
V 5 3ffe66657a626666 3fd67a2819f38c5b 3fc7a902822a4431 3ff794356e97939d
V 6 407817ffff140000 4061f25fec74cc07 3fd7d5ff3cf3d483 4015ebe88197a2c0
V 7 40780e66664a6e66 c0763de0d65dd13f bfed9615ffb0d224 3ffff55b48515c00
V 8 4078186665966266 c0776bf64d7dc98a bfef1afe083e0111 40165192a85ecc00
V 9 40781c66657a5e66 405372e6da5f7e4c 3fc9cffdaf6d973b 4015ebec2c073780
V 10 3ffe66657a5a6666 bfdf9ba197f64c58 bfd0a2c157e37b47 3ff794356e955c4d
V 11 407817ffff140000 c073ff9594c3a3de bfea8f8d3a2538dc 4015ebe88197a2c0
V 12 40780e66664a6a66 4073d7212df39972 3fea64566fed3776 3ffff55b48416400
V 13 4078186665966666 406ae74314c7fecb 3fe1dd587d0771b1 40165192a862c480
V 14 40781c66657a5e66 c051e982a92aab32 bfc7c5e1ec758c00 4015ebec2c073740
V 15 3ffe66657a6a6666 3fec4aa75cdd0462 3fddc7d97ed282c5 3ff794356ea8f359
V 16 407817ffff140000 4077c965834bacd6 3fef979a6b305e2e 4015ebe88197a280
V 17 40780e66664a6666 c0446066c9fa3d21 bfbb1af05b147e3d 3ffff55b48316f00
V 18 4078186665966266 c06e0bd42e655ce9 bfe3f39a0fc6dcb5 40165192a85ecc00
V 19 40781c66657a6666 4072a0f72adbca72 3fe8b95d2578a231 4015ebec2c0f2880
V 20 3ffe66657a666666 bfe94992b08b90fb bfda9e4a600ee779 3ff794356ea0437b
V 21 407817ffff140800 c066e5d84682622e bfde6961a830a9b1 4015ebe8819f9440
V 22 40780e66664a6a66 405b1b9673ac0378 3fd20792f505c06d 3ffff55b48416400
V 23 4078186665966666 4076f24434ee6f04 3fee795f8cdd356e 40165192a862c440
V 24 40781c66657a6666 c076d9c347e6af49 bfee53cbe2f79ed4 4015ebec2c0f28c0
V 25 3ffe66657a5e6666 3fd12bb76bafbcc8 3fc2131276f37cc4 3ff794356e9e0c2a
V 26 407817ffff140000 4066351a6cbfb25f 3fdd7ea49834170f 4015ebe88197a2c0
V 27 40780e66664a6a66 c075409ed4de9f05 bfec4532ca47e3d9 3ffff55b48416400
V 28 4078186665965e66 c0725daaa357aa91 bfe864175c771a31 40165192a85ad380
V 29 40781c66657a6a66 406eace27c6e78c1 3fe45b2b1c7465ff 4015ebec2c132140
V 30 3ffe66657a5e6666 bfb4b4de7c01a903 bfa5cbdd61a8a4ea 3ff794356e9e0c2a
V 31 407817ffff140000 c077d337d5d8946c bfefa4a5cddf6435 4015ebe88197a2c0
V 32 40780e66664a6666 4077f45485295059 3fefdd524d1ced0d 3ffff55b48316f00
V 33 4078186665966666 4035e7f998eba792 3fad17b8f2fb0ba9 40165192a862c480
V 34 40781c66657a5e66 c06fdc96fbd20839 bfe524b4f4b1debc 4015ebec2c0736c0
V 35 3ffe66657a666666 3fe57f345e68faec 3fd6a0d97ed5f16c 3ff794356ea0437b
V 36 407817ffff13f800 40758a6c926796c2 3fec9bf4cf7ea6cc 4015ebe8818fb180
V 37 40780e66664a6a66 c064df1b761cdc37 bfdbc37c1fef6cdf 3ffff55b48416600
V 38 4078186665966666 c05f7ef5ef62452e bfd4ea0b5906ed10 40165192a862c480
V 39 40781c66657a6666 40769adb36bd9b67 3fee004e97ce0d54 4015ebec2c0f28c0
V 40 3ffe66657a666666 bfebe0f219bbfe30 bfdd5893f16ecb71 3ff794356ea7d7b0
V 41 407817ffff13f400 c058023e1bdce62b bfcfe31a615427dc 4015ebe8818bb8c0
V 42 40780e66664a6a66 4068553bb0be916c 3fe02f1c97f27b31 3ffff55b48416600
V 43 4078186665965e66 40749df77888db2b 3feb6173b04a2e85 40165192a85ad340
V 44 40781c66657a6666 c0731c5876c2e38a bfe95d1d1abfbdfa 4015ebec2c0f2900
V 45 3ffe66657a626666 3fe15844f34b8646 3fd241f84a7a751f 3ff794356ea6bc08
V 46 407817ffff140000 404a87e818502aba 3fc19e51bf238dbd 4015ebe88197a340
V 47 40780e66664a6266 c077c31682def5c7 bfef9bd19748bd85 3ffff55b48217800
V 48 4078186665966a66 c077a1c485cd5ad6 bfef627302cdde37 40165192a866bcc0
V 49 40781c66657a6266 404da64cf8ba01a4 3fc3aceaf6ee9f6e 4015ebec2c0b2fc0
V 50 3ffe66657a6a6666 bfe0f75fb27d42ee bfd1dbf97c69d541 3ff794356ea8f359
V 51 407817ffff140800 c07354860c87721d bfe9ac5bb5fb08c0 4015ebe8819f9400
V 52 40780e66664a6666 40747a8054d378c5 3feb3da83f7a0ea9 3ffff55b48316e00
V 53 4078186665966266 4068ee0ca8bc4d20 3fe08dde9b887d37 40165192a85ecbc0
V 54 40781c66657a6266 c0568194a4dc0a37 bfcddec2dcc5e198 4015ebec2c0b3000
V 55 3ffe66657a5e6666 3febfe41fec73eaf 3fdd776ec88cdf21 3ff794356ea5a060
V 56 407817ffff140000 407674f1bc8ab6c3 3fedd36ee2fb422f 4015ebe88197a2c0
V 57 40780e66664a6a66 c060891d56364277 bfd5fef48afd886b 3ffff55b48416500
V 58 4078186665965e66 c0641999f229f8b7 bfdab1a9b51eac48 40165192a85ad340
V 59 40781c66657a6666 4075b94251246671 3fecd4e508f06662 4015ebec2c0f2880
V 60 3ffe66657a5e6666 bfe52e30c8e0e7be bfd64b925822563d 3ff794356e9e0c2a
V 61 407817ffff140000 c070359cadf431ae bfe587499f24cfc2 4015ebe88197a2c0
V 62 40780e66664a6666 402f6624010dacec 3fa4e23aee814fc4 3ffff55b48317000
V 63 4078186665966a66 4077e67a35498b50 3fefbdb327516b9e 40165192a866bd00
V 64 3dc0000000080000 bf7e28afaa6602f4 bf6fbf0ab75735ec 3dc0000000080000
V 65 3dc0000000000000 4077ebcb898fd1ae 3fefc54a19344c9f 3dc0000000000000
V 66 0000000000000000 40711ab8831e9633 3fe6c0a490752bb9 0000000000000000
V 67 0000000000000000 c070c6783322e00d bfe6474f3ce9269c bd20000000000000
V 68 b680000000000000 c062aef57f74c97e bfd8cbef9c27dd41 b680000000000000
V 69 bdc0000000000000 bfea84436a3ca56b bfdbe98b2d952dbd bdc0000000000000
V 70 0000000000000000 40762cd26583e191 3fed73a4e3988567 0000000000000000
V 71 3c30000000000000 4062002dc75573d3 3fd7f1df1d9e341d 3c30000000000000
V 72 0000000000000000 c0536f00899bf820 bfc9cf18d6913e50 0000000000000000
V 73 0000000000000000 c07770a97d9154f6 bfef1c11d7c57712 3d10000000000000
V 74 bdc0000000000000 bfe8138f6c0d0430 bfd957f60e1a2408 bdc0000100000000
V 75 0000000000000000 406a4114c252de3c 3fe16f4938ff061d 0000000000000000
V 76 3c10000000000000 406afc6812a58d0a 3fe1f2d5d07daaf1 bd1ffff000000000
V 77 b6b0000000000000 c073c7957e6e1f4d bfea44bd2d663370 b6b0000000000000
V 78 36a0000000000000 c0778439844876ae bfef36087cddad1f 36a0000000000000
V 79 3dc0000000000000 bfc58c9d8a34cd9f bfb6aef75c82e36a 3dc0000000000000
V 80 b670000000000000 404450c6823e79b4 3fbafb62a165e456 b670000000000000
V 81 b6a0000000000000 4077dbb14b32bba7 3fefbc8c547a4007 b6a0000000000000
V 82 0000000000000000 c0729d3af232698c bfe8b881f2da0bd6 0000000000000000
V 83 bda0000000000000 c06e11dbac22c114 bfe3f44af8ac96b4 bda0000000000000
V 84 0000000000000000 bfdb912e5e75879b bfcd049d7a98ce8a 0000000000000000
V 85 36b0000000000000 407501166664b58b 3febe58da69c9d6b 36b0000000000000
V 86 0000000000000000 4077044d0acb9fe0 3fee9e07e7a83494 0000000000000000
V 87 3c00000000000000 c05b065907515615 bfd1f1fccd0153ee 3d10000800000000
V 88 0000000000000000 c05c8b9912bfcfb4 bfd2f15106f1ecdf 0000000000000000
V 89 0000000000000000 bfeb7d94385972f8 bfdceffb36f0273c 0000000000000000
V 90 0000000000000000 407530529b00e7e3 3fec2449db3ab4a6 0000000000000000
V 91 3690000000000000 4066462f3c432162 3fdda1229113f133 3690000000000000
V 92 0000000000000000 c06ea6bbe91f252f bfe45a76a37cd712 0000000000000000
V 93 bda0000000000000 c072615a1ab30e40 bfe864efa2916e0c bd9fe00000000000
V 94 bdd0000000000000 bfecaef588d21aaf bfde316f299ac4b4 bdd0000000000000
V 95 36b0000000000000 40413303c0f8a10b 3fb6d7d7d501ca0f 36b0000000000000
V 96 bdc0000000000000 4035f931249b82a7 3fad3ab7e4bd8985 bdc0000000000000
V 97 3db0000000000000 c077e18f9cedcc5b bfefb72baa2fb595 3db0010000000000
V 98 0000000000000000 c071de5cf25883fc bfe7b7167a817c5c 0000000000000000
V 99 bdc0000000000000 bfe32a686b410bb4 bfd42ca46bd4edcd bdc0000000000000
V 100 bd90000000000000 4064cf1a03cd8e15 3fdba32a3145efd7 bd90000000000000
V 101 bda0000000000000 40759afe19eb436c 3fecbd69b013aed0 bda0000000000000
V 102 36b0000000000000 c0769652e5639501 bfedff449c0c3c6c 36b0000000000000
V 103 0000000000000000 c05f8547e6623a65 bfd4eac4cb1ecf90 0000000000000000
V 104 bdc0000000000000 bfcce792a1510467 bfbe6d070f455d20 bdc0000000000000
V 105 0000000000000000 4077281956d5c6d8 3feec16069e1a466 0000000000000000
V 106 bc20000000000000 4074ae2ba621bfc0 3feb82636ec657ee bc20000000000000
V 107 0000000000000000 c068422adb2d9424 bfe01bbc1bf3fe4e 3d20000000000000
V 108 bdafffffc0000000 c06cd5aa09c40efd bfe32277825c121a bdafffffc0000000
V 109 0000000000000000 bfe6fdc12c752fcf bfd83388b4cb3cb2 bc80000000000000
V 110 0000000000000000 4077b0dd994a2030 3fef7705c7d06ce1 0000000000000000
V 111 3c30000000000000 404a9c5039ba1578 3fc1b2ec43794c6d 3d00008000000000
V 112 bd80000000000000 c04da05b0bf25953 bfc3ac3c86d40abf bd80000000000000
V 113 3c40000000000000 c077a68281e6a3d2 bfef63894bf07803 3c40000000000000
V 114 0000000000000000 bfe7459e00e64e8f bfd87f2dcc949ec5 0000000000000000
V 115 3db0000000000000 406c2f65bee39fee 3fe2b78c4906bfda 3db0080000000000
V 116 0000000000000000 406901a4952fef34 3fe0a1c862c4e614 3d20000000000000
V 117 3db0000000000000 c0746a74a3521078 bfeb1d0acb6ffdeb 3db0000000000000
V 118 0000000000000000 c07744b9146ae10f bfeee1c0f8101f65 0000000000000000
V 119 3dc0000000000000 bfcb137db7f01c79 bfbc804f4e10c258 3dc0000000000000
V 120 3680000000000000 40607c6f1b10aa19 3fd5e55976221001 3680000000000000
V 121 bc30000000000000 40768637a6d6f0b8 3fedf65003e9d78f bc30000000000000
V 122 3c30000000000000 c075b4e73bc6bc54 bfecd3e56bb33aee bd1fffc000000000
V 123 bd90000000000000 c0641da27eb5f54b bfdab29666ee44f3 bd90000000000000
V 124 0000000000000000 bfe383cb05ff6b2e bfd48abb626fafd1 0000000000000000
V 125 bdb0000000000000 407197c9705ed18b 3fe75daee7d1b43d bdb0000000000000
V 126 0000000000000000 4077f942fab40463 3fefe3e1a4e57d7c bce0000000000000
V 127 bdbfffffffc00000 c02f4d89d2f59cb3 bfa4c939f8ce1f24 bdbfff7fffc00000
S 7 S 0 S 64 S 128
S 6 S 128 S 160 S 0
S 5 S 192 S 208 S 128
S 4 S 224 S 232 S 192
S 3 S 240 S 244 S 224
S 2 S 248 S 250 S 240
N 1 700
V 0 400fd56b4c235855 bf8143dbc38387ac bf615af3c9b033aa 400fd55ecff9d58e
V 1 bd823da074360000 bf73ef9ce94efb2a bf540a47875f29f3 bd823da073f60000
B 700 400fd56b4c235855 400fd55ecff9d58e
N 2 696
V 0 400fc17baf3a1429 bfbef61bf71ea61f bf9f330fe7510d64 400fb9650540be7c
V 1 400fe95ae90c9c81 3f9dab4520cfb517 3f7dc052d6c501da 400fe2ebc95effc0
V 2 bd780000f4f80000 bfa09796d1e30cbd bf80b840f1f7cee2 bd780000f4f80000
V 3 bd887b406df00000 bfbbae7bc11498c6 bf9bc2206c3ec8d3 bd887b406df00000
S 2 S 248 S 250 S 252
N 1 704
V 0 400fce28674fdf1e bf81fb41ba1e1f20 bf62176f80a3265a 400fce1ad94f94bf
V 1 bd823da074360000 bf74c3620f2b712a bf54e3ebcf46c953 bd823da073f60000
B 704 400fce28674fdf1e 400fce1ad94f94bf
N 3 688
V 0 400ec10dfcd9196c bfcc69bb3b764a87 bfad9065c5be8125 400ea6597ba32009
V 1 401060f4b0cd8773 bf74d11f26a9f588 bf5455e4cb4ef201 40106093a1b48490
V 2 400f04172ba5429a 3fc3ff1e144589ca 3fa4a1872c8772fd 400ee14d6bb625ea
V 3 4010674f5339fb34 3f9a974252fc4b73 3f79efca172784ea 4010670ad726b1d6
V 4 3d7ff3fe14100000 bf9decd6d71f21f8 bf7f23300158b44d 3d7ff3fe54100000
V 5 bd93fcffff800000 3fa3c3d655d0b993 3f834ed609f9901c bd93fcffff800000
V 6 bd9afd4076000000 3fca0f5d228ced79 3faae30575b40084 bd9afd4076000000
V 7 3d64100040800000 bf946764c32d1f2f bf73e6e3bd8e855b 3d64100040800000
S 3 S 240 S 244 S 248
S 2 S 248 S 250 S 240
N 1 712
V 0 400fc5b8f643ecb0 bf7f20741f7b09ab bf5f598c057d18fa 400fc5aecc159b13
V 1 bd823da06c360000 bf71f896bde2eaaa bf52198d3c12baa9 bd823da06c360000
B 712 400fc5b8f643ecb0 400fc5aecc159b13
N 2 708
V 0 400fb3c05f861494 bfc0438e67fa2034 bfa06aac65c3221d 400faacf0565dafa
V 1 400fd7b18d01c4cb 3f9fe2a6e141318d 3f800581999f6d91 400fd03f06def443
V 2 bd780000d4f80000 bfa16e7c75584460 bf8198696c0576e3 bd780000d4f80000
V 3 bd887b406df00000 bfbdbfdb9e16a23d bf9de583cdb83899 bd887b406df00000
S 2 S 248 S 250 S 252
N 1 716
V 0 400fbd870622679e bf8035ff08b066ee bf6057f235a8de58 400fbd7bfc110b45
V 1 bd823da06c360000 bf72b800bc9773aa bf52df347120ef43 bd823da06c360000
B 716 400fbd870622679e 400fbd7bfc110b45
N 4 672
V 0 400cf6860cc04f1f 3f895bb13e912250 3f6c0466e6c29009 400cf66fc09d7a0c
V 1 401045caf678f1dd bf9d287911558239 bf7cab6a29c0ebdc 40101614cd825459
V 2 401088d3aff996a4 3fd5226bba57db67 3fb4738729061da6 40104ab012856776
V 3 40103915b1a17842 3fd58bd929edc7c7 3fb540083ca02e66 40100675bf639db9
V 4 401088d425460c04 bfdcbf7ac0be0b60 bfbbd19478fbf968 40104ab0a5f74d71
V 5 400cf6860cbe6d2c bf767ab9bb04b772 bf58d62866958145 400cf66fc09b9b30
V 6 401045caf67b6f96 3fc1e9be867bb6a6 3fa19cea673abcff 40101614cd840ed5
V 7 401088d3aff886d1 bfde5a435cdf9e24 bfbd5f1684786bf8 40104ab012841179
V 8 3d8ff80010100000 3f4a97cecfcae30c 3f2d61aa354ccc91 3d8ff80010100000
V 9 bce007f000000000 3fdbcddd961c91f6 3fbb569d453e132d bce007f000000000
V 10 bd6feffff8000000 3fd819670c668f79 3fb751f9b83ee867 bd6feffff8000000
V 11 bda1fe0000000000 bfd2e544e5a1606d bfb2a2c7b99153a4 bda1fe0000000000
V 12 bd9dff8000000000 bfcc5a9659f49173 bfab6ff2fd4ce73f bd9dff8000000000
V 13 bd97fb00ec000000 3f86cab6e79d75de 3f692e88c83dbf10 bd97fb00ebc00000
V 14 3d9f080010000000 3fda62955d26c474 3fb9f16b277bb81b 3d9f07ff90000000
V 15 bd9a03ffffe00000 3fc49b4c3e7672dc 3fa3f0c5da373f85 bd9a03ffffe00000
S 4 S 224 S 232 S 240
S 3 S 240 S 244 S 224
S 2 S 248 S 250 S 240
N 1 732
V 0 400f8247f981d47a bf7d8b63cdbae666 bf5e014551e7fa55 400f823ebd8e85bd
V 1 bd823da094260000 bf710eb9a4d4012a bf5152c8a41a8b99 bd823da093e60000
B 732 400f8247f981d47a 400f823ebd8e85bd
N 2 728
V 0 400f71393fdd0b48 bfbb09690f558e8a bf9b842e84da123d 400f6afe84846ffa
V 1 400f9356b3269dac 3f9a95ab62e3b340 3f7af127d39bfbf8 400f8e1e2ba3d0ad
V 2 bd780000f4f80000 bf9cfa586584c243 bf7d7dee63a5c82a bd780000f4f80000
V 3 bd887b40add00000 bfb8cdc6ac6b4f2e bf9923223de7477e bd887b40add00000
S 2 S 248 S 250 S 252
N 1 736
V 0 400f7c8e58142054 bf7e6afff0a95dd9 bf5ee9fb9b25f48e 400f7c848c80b9aa
V 1 bd823da094260000 bf718fd38fbb28aa bf51d923df038d4d bd823da094260000
B 736 400f7c8e58142054 400f7c848c80b9aa
N 3 720
V 0 400e914cadd1115f bfc975916d33ca4c bfaaa6fcb1ef6e72 400e7bba36866ae7
V 1 40102892e8f48298 bf71cfa02ee46167 bf51a2e6fe259ab2 4010284ae371c570
V 2 400ec5e886451b09 3fc1a24cbcadc58f 3fa25648db5bf5ce 400eaaa43335954b
V 3 4010306270041027 3f94de26d1883c51 3f749fc894b9c734 40103037b377d06d
V 4 3d7ff3fe14100000 bf9ad06ed3d9392b bf7c121b388ffd91 3d7ff3fe14100000
V 5 bd93fcffff800000 3fa0e9397747407d 3f80bec2cfc0497e bd93fcffff800000
V 6 bd9afd4075e00000 3fc6fb266518164c 3fa7e5b5f69f020e bd9afd4035e00000
V 7 3d640ffe40800000 bf90032d57ce027b bf6fa6a4093d0f55 3d640ffe40800000
S 3 S 240 S 244 S 248
S 2 S 248 S 250 S 240
N 1 744
V 0 400f75d8e5e3cafb bf7b2d7aed6bdd77 bf5ba4d38509ab30 400f75d1126fa491
V 1 bd823da074260000 bf6f61ce5db5cc55 bf4feb9d75f5fbe4 bd823da074460000
B 744 400f75d8e5e3cafb 400f75d1126fa491
N 2 740
V 0 400f6627feb4fae4 bfbc4e1b94eb0af1 bf9cd8cad743db7a 400f5f51b908f5ce
V 1 400f8589cd129b12 3f9c53cc97ed0333 3f7cc1d9df276b33 400f7f99b5085fba
V 2 bd780000f4f80000 bf9e565ad8d02fef bf7eeaff201ba06f bd780000f4f80000
V 3 bd887b406dd00000 bfba6e055081a45c bf9ad4b35747196c bd887b406dd00000
S 2 S 248 S 250 S 252
N 1 748
V 0 400f6f75b708aac4 bf7bf4d2058b7ffa bf5c755d23b1d15b 400f6f6d6d733ef0
V 1 bd823da074260000 bf7023fdffbfc52a bf506e34eead0aa9 bd823da074260000
B 748 400f6f75b708aac4 400f6f6d6d733ef0
N 5 640
V 0 400d0fefabd4134a bfc3ece161d052de bfa5f0805c3d96bc 400d0242b7ede844
V 1 400cdd1c6dac8af4 3f718bdd87941dfc 3f5373f1b934400b 400cd36183331383
V 2 4012039d2c68bf55 3fe6746023f1165e 3fc3f1a9b3111016 40111406ef0c19cc
V 3 400d0ff1811248cb bfbd19b86106a7fc bfa00561eff101da 400d0244b64491f2
V 4 401289af8a047cb0 bfea1a8c85b829e8 bfc687b4c2f2b7d6 4011d878b65bddd7
V 5 400d0fefabdd6130 3fb0749807fe8908 3f921e6c35c7f53b 400d0242b7f7587b
V 6 400cdd1c6daf53c5 bfa79cddb5db0d50 bf8a2db1065cbd8e 400cd36183365b2c
V 7 4012039d2c6b46a2 bfeebe1936c78ecb bfcb4e292e7d17b7 40111406ef0e1a5e
V 8 400d0ff1810f33f0 3fc36a2df9835bef 3fa560955ec4f280 400d0244b6418f91
V 9 401289af8a047e10 3fca07c6c8056324 3fa67780ed83fcb2 4011d878b65b1b52
V 10 400d0fefabd06db6 bfb50e1b9ae9c276 bf972ef71eb4a6c7 400d0242b7e9f0e6
V 11 400cdd1c6dac6ca1 3fbc76765db22ae6 3f9f8e329b012418 400cd3618333d15b
V 12 4012039d2c6eef56 3feab348e266fe7f 3fc7b70c17390f8a 40111406ef12b739
V 13 400d0ff1810fdfac bfb7395914146c27 bf9992534f50d5c9 400d0244b642a18b
V 14 401289af8a047df0 bfc2ac53f9e84e5a bfa01de65876410e 4011d878b65ca419
V 15 400d0fefabd91f65 3fc3ab7217dd0482 3fa5a873c5b12abb 400d0242b7f2b79a
V 16 3daffc0000080000 bf74df8980646b53 bf56fbafdfba2c20 3daffc0000080000
V 17 bd9ffffff0000000 bfc0bfe256ad6ef7 bfa291cc7a9a5380 bd9ffffff0000000
V 18 bd9ffc0200000000 3fe7f97a655921ae 3fc54b42c2df3915 bd9ffbfe00000000
V 19 3d9ff80004000000 3fbb416ca68980c0 3f9e02ba5a087d6f 3d9ff7ffe4000000
V 20 bd80000000000000 bfd7a7a5a4ac0a54 bfb46aa094c08a9d bd80000000000000
V 21 3cf0000800000000 bfc228b2473e5727 bfa3fe9bc7f9a001 3cf0008800000000
V 22 3670000000000000 bfbf5e6973b1335b bfa1637de6806c20 3c10000000000000
V 23 bdb1fe0000000000 3fd72430ce8d49fc 3fb48dd20ce1b94c bdb1fe0000000000
V 24 bda7ff8000000000 3fa21b888a89e1a0 3f83f01c2862ba3a bda7ff8008000000
V 25 bd88000000000000 bfebe8d83cdbdf6c bfc816b6a43d8f46 bd88000400000000
V 26 bd9ff80008000000 bfc0edffce5dd409 bfa2a419acd275e8 bd9ff80028000000
V 27 bd8ffc03a0000000 bfb1b303729f09ad bf939f589b6d3e11 bd8ffc03a0000000
V 28 3d8c100040000000 3fe3221883277a39 3fc0fe736f920646 3d8c100840000000
V 29 3da8040000000000 3fc0345c9ac10fa1 3fa1d7b17aa857e9 3da8040000000000
V 30 bd70200000000000 bfec46814603aba8 bfc8678d36e49037 bd70200000000000
V 31 bda7ffffffe00000 bf99fad7f3ef0f86 bf7c9b2463e6f58e bda7ffffffe00000
S 5 S 192 S 208 S 224
S 4 S 224 S 232 S 192
S 3 S 240 S 244 S 224
S 2 S 248 S 250 S 240
N 1 780
V 0 400f314fb6ca8fda bf87cdb86f3c1d69 bf686b72a82b359a 400f31377e80925b
V 1 bd823d9fb8360000 bf7b7c6c1aadfd2a bf5c328cdbff5ae1 bd823d9fb8360000
B 780 400f314fb6ca8fda 400f31377e80925b
N 2 776
V 0 400f15d34aafecac bfb9d18a1208cdc8 bf9a9409bb57fbf5 400f1014554d0fe3
V 1 400f4ccc22e53308 3f96134140bb3191 3f7691a485128457 400f492a74f9db6c
V 2 bd77fffeecf80000 bf9bac1539be8d20 bf7c7c8bc4730368 bd77fffeecf80000
V 3 bd887b3ff9f00000 bfb498b14e2389de bf950e9d2e26c48e bd887b3ff1f00000
S 2 S 248 S 250 S 252
N 1 784
V 0 400f2c9f652375a8 bf88b819e86178ce bf695fb597addbd6 400f2c8542ca09b2
V 1 bd823d9fb4360000 bf7c8b0fd67093aa bf5d4c995d46421b bd823d9fb4360000
B 784 400f2c9f652375a8 400f2c8542ca09b2
N 3 768
V 0 400e3ffdb3df7054 bfc524062869bac0 bfa65d1f7c3ad68e 400e30f5dbcb4546
V 1 400feba8e1806904 bf7cb35e814e2225 bf5cc5a85f57821b 400fea2e36980cb8
V 2 400ea2369785621d 3fc0b7c35ea356f5 3fa176a75a221329 400e89982edecf64
V 3 400ff761ae4503f2 3fa37b18bc68d736 3f8380594e443063 400ff633e334daff
V 4 3d7ff401f4100000 bf96440d475fe4c0 bf778dd05d60fef6 3d7ff40214100000
V 5 bd93fcfff3800000 3fab4019e7d16e73 3f8b517731d5ef9b bd93fcfff3800000
V 6 bd9afd4102000000 3fc5c97ef6284e45 3fa6c244f4c58f6f bd9afd4102000000
V 7 3d64100840800000 bf9de577b8ae2a18 bf7ded872bb49d8f 3d64100840800000
S 3 S 240 S 244 S 248
S 2 S 248 S 250 S 240
N 1 792
V 0 400f26bc091dbf18 bf85caef7593e7b3 bf6662edde79656f 400f26a7b542ee2a
V 1 bd823d9fb4360000 bf7929ffec20e8aa bf59d981cb20fc01 bd823d9fb4360000
B 792 400f26bc091dbf18 400f26a7b542ee2a
N 2 788
V 0 400f0d920931a8ff bfbaa2f98b64c4ec bf9b72ecfed7c51c 400f0772c12cc3f5
V 1 400f3fe60909d532 3f979785f67cb8f4 3f78288cddcf346d 400f3bbe8232c89c
V 2 bd77fffedcf80000 bf9c8c8e1e126369 bf7d6b6fb3ad4c52 bd77fffedcf80000
V 3 bd887b3ff9f00000 bfb602f3b2bb5c43 bf968a4392213a4c bd887b3ff9f00000
S 2 S 248 S 250 S 252
N 1 796
V 0 400f2198a1afc648 bf86a51149b2aadd bf6746d7f484931a 400f2182ab51ffc4
V 1 bd823d9fb4360000 bf7a25e0830d22aa bf5ae0ae0cee7402 bd823d9fb4360000
B 796 400f2198a1afc648 400f2182ab51ffc4
N 4 752
V 0 400cead21d907de4 3f8763c15730bf9d 3f69e214c44cdf27 400ceabf1d936551
V 1 400f95294a2e62c5 bf958bfcee2fb814 bf75d4e091bb5b1e 400f5f7725279f48
V 2 40102ccd092bc50a 3fd19fb9a9b472b2 3fb16ee94136756d 401000a154f6a908
V 3 400f7db7b0a947f4 3fd008100f18bf40 3fb04a631151ccb7 400f43f71578ef26
V 4 40102ccd88bdf18d bfd7f907a6914e13 bfb7b6a0cdc548fa 401000a1f03f5a5a
V 5 400cead21d8ee120 bf74bbff6577cad4 bf56f1db9a8c6dc2 400ceabf1d91cc5c
V 6 400f95294a3407fe 3fba7969e3650984 3f9ad2f8b6853056 400f5f77252c11a4
V 7 40102ccd092afff3 bfd94f9645a3df5d bfb9097b5a95ac5b 401000a154f5902c
V 8 3d8ff80010100000 3f488754d0d4a9c8 3f2b24bda002a50a 3d8ff80010100000
V 9 bcdff0e000000000 3fd48bdb6d20df45 3fb4d15c9e5140b9 bcdff1e000000000
V 10 bd6fefff78000000 3fd418a2faf9d0af 3fb3e0f98eceb4b8 bd6fefff78000000
V 11 bda1fdfffc000000 bfcc1e55349b9728 bfac92a996639f69 bda1fdfffc000000
V 12 bd9dff8108000000 bfc7a4e57cbd57eb bfa76367ae1b8ccf bd9dff8008000000
V 13 bd97fb00fc000000 3f8505c6f7e3780f 3f674380b06d749b bd97fb00fc000000
V 14 3d9f080210000000 3fd37f6778554605 3fb3c15c882eceed 3d9f080290000000
V 15 bd9a03ffffe00000 3fc12f0bfb78d71e 3fa0ff73aaac2376 bd9a04007fe00000
S 4 S 224 S 232 S 240
S 3 S 240 S 244 S 224
S 2 S 248 S 250 S 240
N 1 812
V 0 400efb8599e91f1c bf847e08e4689c52 bf652a51b10458bf 400efb73877f0728
V 1 bd823d9f7c360000 bf77a99960d876aa bf58708936b85fd2 bd823d9f7c360000
B 812 400efb8599e91f1c 400efb73877f0728
N 2 808
V 0 400ee3dc00885174 bfb7081dd2e08522 bf97dbf8eb196b9c 400edf420e2fca49
V 1 400f132f3349ecc3 3f9457245f46a69f 3f74f226ea422718 400f10142f0d27cb
V 2 bd77fffefcf80000 bf98af70494b6c8c bf7992814918a9ef bd77fffefcf80000
V 3 bd887b3f79f00000 bfb2fa5467479b29 bf938af4b852b563 bd887b3f79f00000
S 2 S 248 S 250 S 252
N 1 816
V 0 400ef7ab1e9e790a bf8523d92ca18e78 bf65d84b8d934830 400ef797e0bb42aa
V 1 bd823d9f7c360000 bf7869106eb9902a bf59396d1b417b8e bd823d9f7c360000
B 816 400ef7ab1e9e790a 400ef797e0bb42aa
N 3 800
V 0 400e251b215d824c bfc37ab8805e4665 bfa4ad97bcaf9cc2 400e184ce8467a6e
V 1 400fa29cdfb3209b bf78b53e9370dae4 bf58fe2eb6cee297 400fa181b3efbb2b
V 2 400e76017f084088 3fbe13cbb3f8c871 3f9f98d3eb00f5f4 400e61f8a39a8950
V 3 400fb05ce78b98fe 3fa00b8a074d4991 3f8033dca4914c2c 400faf8e6258a6b1
V 4 3d7ff401d4100000 bf94841d27d5f89a bf75c7514feeac28 3d7ff401d4100000
V 5 bd93fcfff3800000 3fa775a00c1abd25 3f87bae0ab271a75 bd93fcfff3800000
V 6 bd9afd4082000000 3fc39948d9a0557d 3fa496c8669dcebb bd9afd40c2000000
V 7 3d64100840800000 bf989fa6bd127ec1 bf78dd886131b9fb 3d64100830800000
S 3 S 240 S 244 S 248
S 2 S 248 S 250 S 240
N 1 824
V 0 400ef2d5688a5966 bf82fdf4bf31f244 bf63a32239f828a3 400ef2c5de660e22
V 1 bd823d9f9d360000 bf75ee1a6f49692a bf56acd5803234e8 bd823d9f9d360000
B 824 400ef2d5688a5966 400ef2c5de660e22
N 2 820
V 0 400edce74e1b1acc bfb7bcedcb3b2dac bf989cd2e796db73 400ed802e702b323
V 1 400f08c382f99800 3f9595a4057a24c5 3f76419867cdd41b 400f054317483a50
V 2 bd77fffefcf80000 bf99713b954ad5ca bf7a6133e09a946a bd77fffefcf80000
V 3 bd887b3fbbf00000 bfb4237e332750dd bf94c3edc6fea48b bd887b3fc3f00000
S 2 S 248 S 250 S 252
N 1 828
V 0 400eeea2ff2576ba bf839819cd3ac291 bf6445439ffeaf25 400eee9272837643
V 1 bd823d9fa1360000 bf76a01822ce65aa bf57680bce8a9db7 bd823d9fa1760000
B 828 400eeea2ff2576ba 400eee9272837643
N 6 576
V 0 400bd0f5dd3cfa13 c000064e8c77f278 bfe26f5229178c89 40029508a75a0d08
V 1 400e4ee97a6b2c80 3f9e026351a689af 3f7faf345aca9af0 400788a7f966c86c
V 2 400bd0f987ad1c27 3ff64a9f38abc6b7 3fd9a4ec27dad504 400295094feed146
V 3 400de93f53abf9c0 bff405bdf16d429e bfd56bb43a934325 40076c05958592bd
V 4 40161ebf6a3301c0 3fa750df31f4af83 3f80dd6d47274f21 40161e4aa263275c
V 5 400bd0f5dd3cf9d3 3fe97f9e72a2c53f 3fcd556a81dbc91b 40029508a75a0cfc
V 6 400e4ee97a731d80 bfe510899535b844 bfc63d89eebca4ed 400788a7f968fd86
V 7 400bd0f987b17416 bffdcf7aef66ee17 bfe125a4d3c9ede9 400295094ff99ba6
V 8 400de93f53a3fe40 3ffb3c5f0f0429ec 3fdd234b7b549ec9 40076c0595746cbe
V 9 40161ebf6a36fa40 bf8575a5b73e428f bf5f0b5f104c756d 40161e4aa2673230
V 10 400bd0f5dd47a51f bff15e9b36509428 bfd3fb67c362876f 40029508a7623fcf
V 11 400e4ee97a731d40 3ff815ec1fe4744c 3fd96e17b694d84a 400788a7f968fd75
V 12 400bd0f987b6abca 3ffa5b51dfb3afe1 3fde5225522a298b 400295094ff44366
V 13 400de93f53a7fbc0 bfefb6f0a041efde bfd0f6f7bb5379de 40076c05957cfef8
V 14 40161ebf6a36fa60 3f823276b3488693 3f5a5327ac30e7a3 40161e4aa2674490
V 15 400bd0f5dd3f25ca 3fff892835c91bf0 3fe223b4e886b54c 40029508a75f722a
V 16 400e4ee97a6f2040 bffc7865b6ec56cb bfde0f38d805d52c 400788a7f960565c
V 17 400bd0f987af479f bfcd4e793fceb5e4 bfb0db7061b3d2e7 400295094ff43660
V 18 400de93f53a00b00 3ff152640915874a 3fd288124eda2d7e 40076c05957abbc4
V 19 40161ebf6a38f6a0 bfa3e7c45d42f717 bf7ccbc760a8c730 40161e4aa269257b
V 20 400bd0f5dd35aeac bffc04889fb922e3 bfe01daa456a72fd 40029508a76363a4
V 21 400e4ee97a6b2cc0 3febd7931e2c90b3 3fcd656c2e71a30c 400788a7f966c970
V 22 400bd0f987b8d802 3fe19a67f0dcd558 3fc440305b7921af 400295094ff9a8a4
V 23 400de93f53a00140 bffacaf4026d0481 bfdca9f4bc9c6204 40076c05956bd9b9
V 24 40161ebf6a38f640 3fa831c266261d63 3f818017e5d96a1f 40161e4aa26912dc
V 25 400bd0f5dd49d0d6 3fe39c4de1a4c5ab 3fc68f6426e24186 40029508a767a4f2
V 26 400e4ee97a6b2740 bfea301eefebc659 bfcba65514f5d129 400788a7f95f3b33
V 27 400bd0f987b49818 bffc8323673b574b bfe0667ae5b3778f 400295094ff841c7
V 28 400de93f53a7fc00 3ff53f363f4a7120 3fd6bb10c3dfac4c 40076c05957cff82
V 29 40161ebf6a34fde0 bfa070da0e340435 bf77c8b99be56a13 40161e4aa2653ee6
V 30 400bd0f5dd3f25ca bfc4f4a308b1e0da bfa81b83854f3256 40029508a75f722a
V 31 400e4ee97a731900 3ffc8fedc2a04238 3fde281123f5f32d 400788a7f9617174
V 32 3dc0000000040000 bfa0c84f209feb71 bf834e809ee78449 3dc0000000040000
V 33 bd10000000000000 bffca77c4352af93 bfde40f04134c98a bd10000000000000
V 34 bdb0000000000000 3ff7087e9465b242 3fda7f5a4522b68c bdb0000000000000
V 35 3c20000000000000 3ff360b03b3db9fc 3fd4bb1fae4ca88d 3c90200000000000
V 36 3d00000000000000 3f943733b61c8778 3f6d3eb175135338 3d00000000000000
V 37 bdb0000100000000 bffd68b2188ce57c bfe0ea87dad5414a bdb0000100000000
V 38 bd0ffff000000000 bffaa70a868d9c8d bfdc23e3f972c081 bd100ff800000000
V 39 3db0000000000000 3fe78f7b21a83865 3fcb1aa446aa91e3 3db0000000000000
V 40 b692000000000000 3fd7878d2e5e2e13 3fb92c368d9640a6 3c80000000000000
V 41 bd90000000000000 3fa8d6ff5ec10b6f 3f81f79d3211ca5a bd90000000000000
V 42 36a0000000000000 bffaf07a44b7d8f5 bfdefdc0e5aafb53 3ca0000000000000
V 43 3d00000800000000 bfef0f23d179605f bfd0657a95a7f569 3d00200800000000
V 44 0000000000000000 3ff23de3644f08d6 3fd4fc427261c695 0000000000000000
V 45 3680000000000000 3ff6e95a524b22dd 3fd882f768bee635 bc90000000000000
V 46 bd8fe00000000000 3fa9008793beadf8 3f8215a7b93cc402 bd8fe00000000000
V 47 bdc0000000000000 bfd6f3d7e23c0098 bfba679be977d354 bdc0000000000000
V 48 bd9ffe0000000000 bfca33b368799b6b bfabaa1cb55b9e0f bd9ffe0000000000
V 49 bdb0000000000000 3fffd7f9938826e2 3fe251089510ce26 bdb0000000000000
V 50 bd98000000000000 3ff5d34ae8550ae3 3fd7597cd1f8e363 bd98000000000000
V 51 36a0000000000000 3f9f9893a0fa71f7 3f76daa8e499f160 3be0000000000000
V 52 bdb0000000000000 bfef2411b11c78f0 bfd1e98f7fc0235b bdb0000000000000
V 53 3d0fffe000000000 bff90cbc40c70cfe bfda72aea96b3b64 3d0fffe000000000
V 54 bda00001e0000000 3ffed253a9f7812d 3fe1ba887122c534 bda00001e0000000
V 55 3cf0008000000000 3fde9ab6d6b8357d 3fc05eee2308ee1d 3cefc10000000000
V 56 bd6ffffe00000000 3f8f185b63996a0c 3f667dea571bea86 bd6ffffe00000000
V 57 3da0080000000000 bffe845a2bc87fca bfe18db0dc8b5826 3da0080000000000
V 58 3da0080000000000 bff97de7dfcaf19b bfdaea2b6cba7da2 3da0080800000000
V 59 3db0000000000000 3fed4a7830595193 3fd0d922c3c0be5e 3daffff800000000
V 60 bc20000000000000 3ff206d3df42e67b 3fd3491c011b687b bc90200000000000
V 61 bd801fffc0000000 3fa360b699af5618 3f7c086753ce3798 bd801fffbc000000
V 62 bda0000000000000 bffff244156e820e bfe2602a680280a4 bda0000000000000
V 63 bdafffffffc00000 bfc2bc5a1e12f265 bfa3c8134f7a529a bdafffffffc00000
S 6 S 128 S 160 S 192
S 5 S 192 S 208 S 128
S 4 S 224 S 232 S 192
S 3 S 240 S 244 S 224
S 2 S 248 S 250 S 240
N 1 892
V 0 4009620d6b16832e bf91272c30682064 bf759fe32836d989 400961cf98e45f0a
V 1 bd823d9f73f60000 bf83ce7d481b2bd8 bf68f84ac5fe44a5 bd823d9f72f60000
B 892 4009620d6b16832e 400961cf98e45f0a
N 2 888
V 0 40093a70708657a6 bfc8ac1ab583a183 bfaf4b75bad8dd16 400920940d237ca9
V 1 400989aa65a6aeb7 3fa58c87a72eb8af 3f8b0078248c9e00 400978b353cb43d2
V 2 bd77fff6f4f80000 bfaa7194895b91db bf90c55412c83a96 bd77fff6f4f80000
V 3 bd887b436d700000 bfc41afe12075c19 bfa9316bf24e78a6 bd887b432d700000
S 2 S 248 S 250 S 252
N 1 896
V 0 40094ca3b077603e bf931439fd9dd4ae bf7821d4bc1de019 40094c56f3fbb498
V 1 bd823d9f53f60000 bf8607d1a9f731d8 bf6bdd8b768129e3 bd823d9f55f60000
B 896 40094ca3b077603e 40094c56f3fbb498
N 3 880
V 0 4007a1c1d77705cb bfd4a2f9852cbde4 bfbbf1b26121e314 4007586c7baee696
V 1 400ad31f0995a982 bf84aea48328a606 bf68ac245573ecd1 400acf7710840b0a
V 2 40083ca1753a285c 3fcf3c2430968af1 3fb49eab66c37cd4 4007d002acff4c60
V 3 400ad6b356133512 3faeb7a038dd12eb 3f924fefe238a0ff 400ad335a313d58e
V 4 3d7ff3fe14100000 bfa5bc226e8f8eed bf8d6e6a99358789 3d7ff3fd14100000
V 5 bd93fcfaff800000 3fb3a319b66d501a 3f976cfb8db9bae7 bd93fcfaff800000
V 6 bd9afd4175c00000 3fd45a631cb4d266 3fbadf4bcb95fc31 bd9afd4175c00000
V 7 3d640ff042800000 bfa791f8ebf761ef bf8c1a5c793aad15 3d640ff042800000
S 3 S 240 S 244 S 248
S 2 S 248 S 250 S 240
N 1 904
V 0 400932c6f71184e4 bf8ab3b444733f2b bf70f46a01c16b87 400932a13cef4b87
V 1 bd823d9f93f60000 bf7ed530f816e2b1 bf6393e0e4794fd3 bd823d9f93f60000
B 904 400932c6f71184e4 400932a13cef4b87
N 2 900
V 0 400913f1c61978d0 bfcac68770bf06e5 bfb1154525989a8a 4008f54dcb7d1e53
V 1 4009519c280990f7 3fa8f33b71562f4f 3f8f88b7ac1d2d71 40093aab8fa66d0f
V 2 bd77fff774f80000 bfacb2a97fff6369 bf924f41bbccffcc bd77fff6f4f80000
V 3 bd887b436d700000 bfc7475e67ca5411 bfad6bf2ac1e953b bd887b436d700000
S 2 S 248 S 250 S 252
N 1 908
V 0 400917fcad91c5b1 bf8e09569dd11a3f bf7326cd0ceadc0a 400917ccbda9cef6
V 1 bd823d9f73f60000 bf8157710a591698 bf661d4455833dae bd823d9f73f60000
B 908 400917fcad91c5b1 400917ccbda9cef6
N 4 864
V 0 400507afe18d4e5e 3f6c9209c2240fa2 3f55bca4c9653296 400507ad71d9e135
V 1 400a3bd3cd60bd38 bfa5aa1b30351746 bf8a6d2b12e620cd 4009366b34b7ff9a
V 2 400b7192dec38399 3fe0d767fcc2aeba 3fc3a335f2d89366 4009f533669eb560
V 3 400a34ab3467cf6a 3fdf4c71f15da4bb 3fc31c0663fe567e 40092c255b99c1d7
V 4 400b719308e864dd bfe6e8927fca8528 bfcab63de44c6a40 4009f533a6a61a79
V 5 400507afe18bebdc bf5953b7139bd433 bf4344eb82627112 400507ad71d87a94
V 6 400a3bd3cd6451e9 3fca9e6b5e760ea3 3fb03c21acdb4772 4009366b34b81d20
V 7 400b7192dec2183c bfe82fe544266bfa bfcc33e8e8eac788 4009f533669b76e8
V 8 3d8ff80810100000 3f2df632a30c5ae7 3f16cb9db206dc49 3d8ff80810100000
V 9 bce027f000000000 3fe4a893aa0a29d7 3fc9330859220e74 bce027f000000000
V 10 bd6fef8ff8000000 3fe334376fc3d704 3fc6646f6893c151 bd6fefaff8000000
V 11 bda1fe0200000000 bfdb72b9cb04d342 bfc0c230d4ee30db bda1fe0200000000
V 12 bd9dff7fff800000 bfd6982c89891fb0 bfba587ecbc45300 bd9dff83ff800000
V 13 bd97fb02ec000000 3f69add63ae5156b 3f53897c6eb35e69 bd97fb02ec000000
V 14 3d9f080010000000 3fe39aa876ae5cc1 3fc7e9c8cba53a17 3d9f080210000000
V 15 bd9a0403ff600000 3fd06bbb0b7fabd1 3fb325a883f1320d bd9a0405ff600000
S 4 S 224 S 232 S 240
S 3 S 240 S 244 S 224
S 2 S 248 S 250 S 240
N 1 924
V 0 400870fe23939024 bf85c3d29a718aea bf6c7ef0042f5d3c 400870e44c00203d
V 1 bd823da173f60000 bf7921c96104f0b1 bf6073bbf25a9af4 bd823da173f60000
B 924 400870fe23939024 400870e44c00203d
N 2 920
V 0 400857dc5a329602 bfc2e275dc2a6604 bfa8d3116f98573a 40084828adee33e7
V 1 40088a1fecf48a45 3fa1520c30bdfd46 3f86961346a45aa5 40087eb7eeec3095
V 2 bd77fffaf4f80000 bfa43d8f1ca06508 bf8a9b576aa89fff bd77fffaf4f80000
V 3 bd887b456d700000 bfc02905d2e96ff0 bfa512bfec0d9ec5 bd887b458d700000
S 2 S 248 S 250 S 252
N 1 928
V 0 400863704e6d323e bf879fff931c373c bf6eff902e25798d 40086351cadbd16d
V 1 bd823da183f60000 bf7b47a07f092631 bf61e5997c4835e3 bd823da183f60000
B 928 400863704e6d323e 40086351cadbd16d
N 3 912
V 0 40071f0c5348f068 bfd09652db561a27 bfb6f4f051fbb88c 4006ee9fe14073d5
V 1 400990ac611c3b9c bf7a3e30507dab54 bf606c985380d429 40098f2115a27d1a
V 2 40077e708c3f4a86 3fc7ffbd0851ebb9 3fb0580e58d2b0f7 40073c49e80b46cc
V 3 400995cf4da9ca04 3fa2eb7104166af7 3f87a9ce2954c0ed 4009946ba6913f07
V 4 3d7ff3fe14100000 bfa178501bb45dcf bf882db595e0917f 3d7ff3fe94100000
V 5 bd93fcfcff800000 3fa8eab6b5cadcbf 3f8f30447a50134a bd93fcfcff800000
V 6 bd9afd4375c00000 3fcf46acffc48bab 3fb54cc49b6a0a5e bd9afd43f5c00000
V 7 3d640ff042800000 bf9d0901b76b2bbd bf82285148270301 3d640ff022800000
S 3 S 240 S 244 S 248
S 2 S 248 S 250 S 240
N 1 936
V 0 4008539da15fddb1 bf81f5db709352b5 bf67a02a2da1e4b8 4008538bf33c4a74
V 1 bd823da1a5f60000 bf74bd25ee700831 bf5b47d1b0d20e29 bd823da1a6360000
B 936 4008539da15fddb1 4008538bf33c4a74
N 2 932
V 0 40083ee07b717878 bfc44cb7a17051e2 bfaacac3c49398b2 40082ca923419b90
V 1 4008685ac74e42ea 3fa36a6ad8e06191 3f89748a8092a650 400859f1c99702e4
V 2 bd77fffab4f80000 bfa5c1d3279fba26 bf8cb733adbf1d49 bd77fffab4f80000
V 3 bd887b45f1700000 bfc21d766926f1da bfa7c003faffc2fc bd887b4611700000
S 2 S 248 S 250 S 252
N 1 940
V 0 4008434d766c4f3a bf839bc3bbea3e5b bf69dc7f4981ea85 400843385559ea40
V 1 bd823da1b5f60000 bf76a4532abe7931 bf5ddcb1134197b8 bd823da1b5f60000
B 940 4008434d766c4f3a 400843385559ea40
N 5 832
V 0 40050ed850606aba bfd3cbc64ad5cd50 bfbe150ed3461e6e 4004c453a1127c4e
V 1 4005008772ba3202 3f8444ec7d5db121 3f6ee22743e5986c 4004b9266d188afc
V 2 400f68cef6102dda 3ff18986b063baca 3fd1ddf15cb723ce 400a2bc0940fbdfc
V 3 40050ed8a4b14c96 bfcce98562ebb984 bfb5f7b947ee656d 4004c4540a60c21f
V 4 4010ea26b690b448 bff2f597fcab369a bfd1ef23352b97f7 400ea0a7c874575a
V 5 40050ed850659ea2 3fc05940d353745d 3fa8d7f7782d2d9c 4004c453a11876f3
V 6 4005008772b8a12f bfbb46ec410837f0 bfa4c7cc7276bbc3 4004b9266d189278
V 7 400f68cef616fda5 bff8029bb9143b96 bfd8762ee2dde9a2 400a2bc094168870
V 8 40050ed8a4aa465e 3fd34a05da2d6b48 3fbd4fe2389ee6a1 4004c4540a5a0516
V 9 4010ea26b69341ae 3fd2e7f588fbaee4 3fb1e23d802567eb 400ea0a7c87aab78
V 10 40050ed85065168a bfc4eb1ff6b54dd0 bfafc9b81f860aaf 4004c453a1185199
V 11 4005008772b2c12e 3fd07098b6947b09 3fb90c77e7eb19be 4004b9266d153763
V 12 400f68cef61ce555 3ff4da6920baf0ef 3fd53ec9f87d3428 400a2bc0941f4bc5
V 13 40050ed8a4abbe7d bfc712e1c8684c54 bfb1881657ce4ae0 4004c4540a5c1d6f
V 14 4010ea26b691df54 bfcb1ffcf300be4e bfa9a87ea20b8746 400ea0a7c87abc76
V 15 40050ed8506071cf 3fd38ac3b8bb95a1 3fbdb2448d7994d9 4004c453a113c696
V 16 3daffc0000080000 bf84bcdb3c9f1e82 bf6f8368b7d5e5f6 3daffc0000080000
V 17 bd9ffff7f0000000 bfd35949cc54c109 bfbd7b2004e0c40b bd9ffff800000000
V 18 bd9ffc0200000000 3ff2b96b13489baa 3fd3138c8e643560 bd9ffc1200000000
V 19 3d9ff7f804000000 3fcb1447ec43a60d 3fb493312c76ff1b 3d9ff7f804000000
V 20 bd7ffff000000000 bfe12e44f6b1dd46 bfc0406f48b271f9 bd7fffd000000000
V 21 3cf0600800000000 bfd20a867d7c1c29 bfbb6a5f6efd88e0 3cf0600800000000
V 22 bc80000000000000 bfd21e4b95901479 bfbb9b2ed53465d2 bc80000000000000
V 23 bdb1fe0000000000 3fe212d6cef44a46 3fc269d672a57f10 bdb1fe0200000000
V 24 bda7ff8000000000 3fb1fd8ab1bdef1c 3f9b56a41f23063c bda7ff8000000000
V 25 bd87fffffe000000 bff4455cf794fac1 bfd32cc01910a89f bd87fffffe000000
V 26 bd9ff80008000000 bfd0d1dee27cdcdd bfb98f422e35648b bd9ff80108000000
V 27 bd8ffc0ba0000000 bfc47225a20b775a bfaf270ee3f91d49 bd8ffc0da0000000
V 28 3d8c100040000000 3fede2e6e672d9de 3fce72c318301830 3d8c100040000000
V 29 3da8040000000000 3fd01985a9783574 3fb8771e58c124d0 3da8040000000000
V 30 bd70201ffc000000 bff48963b2b05e51 bfd36d1922547f42 bd70201ffc000000
V 31 bda7ffffffe00000 bfa9cfad9aca8b15 bf939c8ed6abb82e bda7ffffffe00000
S 5 S 192 S 208 S 224
S 4 S 224 S 232 S 192
S 3 S 240 S 244 S 224
S 2 S 248 S 250 S 240
N 1 972
V 0 40079eef70063966 bf9f2dda82aae12e bf851ea6cc62f23c 40079e13f07c92c7
V 1 bd823da1b5f60000 bf92005346d5886b bf7863103f1d5a53 bd823da1b1f60000
B 972 40079eef70063966 40079e13f07c92c7
N 2 968
V 0 400756ee22eaee14 bfc30ca021f45405 bfaa1e27f75190d0 400746442908000f
V 1 4007e6f0bd2184b9 3f968f318e80af23 3f7e33cb3b8f0cdf 4007e1f9550faa34
V 2 bd77fffefcf80000 bfa46ac060dae392 bf8bfe3355e251fa bd77fffefcf80000
V 3 bd887b43ed700000 bfb50c543736c997 bf9c2ddca54d26e0 bd887b43ed700000
S 2 S 248 S 250 S 252
N 1 976
V 0 4007941ebf0bd522 bfa0db1933c47da0 bf86e04af27c8d22 4007931dae814c84
V 1 bd823da1b5f60000 bf9376a580f7f86b bf7a6a43b01e8266 bd823da1b9f60000
B 976 4007941ebf0bd522 4007931dae814c84
N 3 960
V 0 40061b63ab26e1da bfc59ab0e18ad616 bfaf45b553d25e42 400605e911b76ba5
V 1 400892789aaefa4d bf92cc0ceea04b4f bf787aabfa2cfcff 400885489bcf27db
V 2 4007389d78408e62 3fc81e1342625dec 3fb09e1aad071584 4006f5064b13688e
V 3 4008954402027b10 3fbc491ab72dc631 3fa268e7b0ee4ced 40088856ad32167e
V 4 3d7ff3ee04100000 bf96c108c1cca222 bf8077e2cf58c308 3d7ff3ee04100000
V 5 bd93fcfaff800000 3fc1d8e4e1542f20 3fa73e0322d54c54 bd93fcfb07800000
V 6 bd9afd41f5c00000 3fcf6e362496e28c 3fb5a80e791f6603 bd9afd41f5c00000
V 7 3d640ff042800000 bfb5b44b77bd063c bf9c40adafb9f9c2 3d640ff042800000
S 3 S 240 S 244 S 248
S 2 S 248 S 250 S 240
N 1 984
V 0 40078223a97304a3 bf9a372fedb165f2 bf81d7b1d63dffc5 40078187be88f939
V 1 bd823da1b9f60000 bf8e456957e2d916 bf749a51cad20582 bd823da1b9f60000
B 984 40078223a97304a3 40078187be88f939
N 2 980
V 0 40074598d6c349c0 bfc34cb25adbc9d9 bfaa89b5cc020b8c 400734714a48984e
V 1 4007beae7c22bf86 3f9a18a97845064e 3f8195a1f5c7ceaa 4007b7fde14b7c1e
V 2 bd77ffff0cf80000 bfa4af6c3a29a494 bf8c717a01a45584 bd77ffff0cf80000
V 3 bd887b43ed700000 bfb859247a9c59da bfa068149844269b bd887b43ed700000
S 2 S 248 S 250 S 252
N 1 988
V 0 4007763795ca0a36 bf9c7b32121c1a4c bf836c4dcf650b06 4007757f3001d740
V 1 bd823da1b9f60000 bf907192e05f2dcb bf766d85a4a543a0 bd823da1b9f60000
B 988 4007763795ca0a36 4007757f3001d740
N 4 944
V 0 4004bebd071583a5 3f664e2769a8fe83 3f51340e667fd78e 4004bebb85b5c2af
V 1 4007780a4f38400e bf969ebc884b6919 bf7ed7b4749fea17 400728671a324530
V 2 4009b27db4c66726 3fda019f50a96ee7 3fc0314519a22370 4008c0544c90836b
V 3 4007727380978d74 3fd06211d5ebaff0 3fb65bf6f74fcb74 4007217236547367
V 4 4009b27de96a5847 bfe1b000182fb27e bfc6069582c18a32 4008c054975523b2
V 5 4004bebd0716c47e bf53c5e945c7b11a bf3e802ce576f0a1 4004bebb85b70110
V 6 4007780a4f3db49a 3fbbcafe36433f8b 3fa2f2ab1f88b958 400728671a3578f7
V 7 4009b27db4c74186 bfe2acb9d1a5d244 bfc7414bd8b8409f 4008c0544c8f456d
V 8 3d8ff80800100000 3f2764363bba3a8c 3f120a8365c3d2aa 3d8ff80800110000
V 9 bce067f000000000 3fd591d90bc4c1d3 3fbd6912d84950bc bce067f000000000
V 10 bd6fef6ff8000000 3fdda79033eac5c2 3fc276c641265de6 bd6fef5ff8000000
V 11 bda1fe0400000000 bfccbc3365a75f67 bfb39bc8468c00bf bda1fe0480000000
V 12 bd9dff7fff800000 bfd171ece3379a03 bfb5b948a9fc10ce bd9dff7dff800000
V 13 bd97fb03ec000000 3f640c4530136e77 3f4eecb4e812011f bd97fb03ec000000
V 14 3d9f080010000000 3fd47805fc6f59d8 3fbbe8cde219d9fa 3d9f080010000000
V 15 bd9a0403ff600000 3fc95b59dbaccd31 3faf937cb29c1982 bd9a0403ff600000
S 4 S 224 S 232 S 240
S 3 S 240 S 244 S 224
S 2 S 248 S 250 S 240
N 1 1004
V 0 4007261694d3bc3b bf9674ce2e669e0f bf7f0aee52c90d2e 400725a265c125ac
V 1 bd823da0f5f5e000 bf89ee261043af16 bf71ec29a8464f68 bd823da0f5f5e000
B 1004 4007261694d3bc3b 400725a265c125ac
N 2 1000
V 0 4006f23a48b33fac bfbebf72669d5e33 bfa570a097432cfa 4006e730084cd82a
V 1 400759f2e0f438ca 3f93fbaa304a68be 3f7b625a28af42c0 400755f5c0935b6d
V 2 bd77fffdfcf78000 bfa07a4bb0f72953 bf86fab169bbf043 bd77fffdfcf78000
V 3 bd887b42ed700000 bfb2a4faf0d4721c bf998cbf64def611 bd887b42e5700000
S 2 S 248 S 250 S 252
N 1 1008
V 0 40071e92e47019cc bf97fba05e68ceda bf8098fb3c1e1eaa 40071e0e34c89cda
V 1 bd823da0f1f5e000 bf8bb16e11a63856 bf732a4d148517c0 bd823da0f3f5e000
B 1008 40071e92e47019cc 40071e0e34c89cda
N 3 992
V 0 4005f3914ff403f0 bfc323167cad4f59 bfabe5b6000cd182 4005e2984e51e9ac
V 1 4007f0e341727b69 bf8b13995ee67fe3 bf721875dfd0c05c 4007e9ddd59218ea
V 2 4006bf880e861261 3fc382c1736f3241 3fab7227d74b7c54 4006926052cccea5
V 3 4007f45db3625f32 3fb43a1408423fde 3f9b0533d1780d43 4007ed950959f82b
V 4 3d7ff3ee04110000 bf9427d134106716 bf7d61caeb960928 3d7ff3ee04110000
V 5 bd93fcfa7f800000 3fb9b5571e0e646d 3fa12e60f9d605fa bd93fcfa7b800000
V 6 bd9afd40f5c00000 3fc96d4ad54d92cf 3fb1e255076d492b bd9afd40f5c00000
V 7 3d640ff042800000 bfaf0a8ef1a48d32 bf94bbc18f5a006f 3d640ff042800000
S 3 S 240 S 244 S 248
S 2 S 248 S 250 S 240
N 1 1016
V 0 4007131ae002b25a bf936e5d8e929e82 bf7af278fbf3adbf 400712c39b2cbbc2
V 1 bd823da0f3f5e000 bf866fe7085deed6 bf6f1dab8664d075 bd823da0f3f5e000
B 1016 4007131ae002b25a 400712c39b2cbbc2
N 2 1012
V 0 4006e63b11f2014b bfbf593ed9d9bf5e bfa5e75201137fa1 4006dabb48cb1edf
V 1 40073ffaae136368 3f9677439ebb0979 3f7eebbefb7ef52c 40073aea6b0184bb
V 2 bd77fffdf4f78000 bfa0ccb752dea07a bf8779e866a04cc0 bd77fffdf4f78000
V 3 bd887b42ed700000 bfb4f600a3964a35 bf9cd97dd8ad237f bd887b42ed700000
S 2 S 248 S 250 S 252
N 1 1020
V 0 40070ad2d9e651cd bf94d31097a1a9b4 bf7ceb862b56b9e0 40070a6e7a272ebb
V 1 bd823da0f3f5e000 bf880bc88d9ede96 bf70b26d37bc06fc bd823da0f3f5e000
B 1020 40070ad2d9e651cd 40070a6e7a272ebb
T 0 bfde5094874aaa46
T 1 bf80a2ace7bf89f7
T 2 3fe6621bcf3a0279
T 3 3fe6a566cef29ebb
T 4 bfed40c0e9695dfb
T 5 3fc7a902822a4431
T 6 3fd7d5ff3cf3d483
T 7 bfed9615ffb0d224
T 8 bfef1afe083e0111
T 9 3fc9cffdaf6d973b
T 10 bfd0a2c157e37b47
T 11 bfea8f8d3a2538dc
T 12 3fea64566fed3776
T 13 3fe1dd587d0771b1
T 14 bfc7c5e1ec758c00
T 15 3fddc7d97ed282c5
T 16 3fef979a6b305e2e
T 17 bfbb1af05b147e3d
T 18 bfe3f39a0fc6dcb5
T 19 3fe8b95d2578a231
T 20 bfda9e4a600ee779
T 21 bfde6961a830a9b1
T 22 3fd20792f505c06d
T 23 3fee795f8cdd356e
T 24 bfee53cbe2f79ed4
T 25 3fc2131276f37cc4
T 26 3fdd7ea49834170f
T 27 bfec4532ca47e3d9
T 28 bfe864175c771a31
T 29 3fe45b2b1c7465ff
T 30 bfa5cbdd61a8a4ea
T 31 bfefa4a5cddf6435
T 32 3fefdd524d1ced0d
T 33 3fad17b8f2fb0ba9
T 34 bfe524b4f4b1debc
T 35 3fd6a0d97ed5f16c
T 36 3fec9bf4cf7ea6cc
T 37 bfdbc37c1fef6cdf
T 38 bfd4ea0b5906ed10
T 39 3fee004e97ce0d54
T 40 bfdd5893f16ecb71
T 41 bfcfe31a615427dc
T 42 3fe02f1c97f27b31
T 43 3feb6173b04a2e85
T 44 bfe95d1d1abfbdfa
T 45 3fd241f84a7a751f
T 46 3fc19e51bf238dbd
T 47 bfef9bd19748bd85
T 48 bfef627302cdde37
T 49 3fc3aceaf6ee9f6e
T 50 bfd1dbf97c69d541
T 51 bfe9ac5bb5fb08c0
T 52 3feb3da83f7a0ea9
T 53 3fe08dde9b887d37
T 54 bfcddec2dcc5e198
T 55 3fdd776ec88cdf21
T 56 3fedd36ee2fb422f
T 57 bfd5fef48afd886b
T 58 bfdab1a9b51eac48
T 59 3fecd4e508f06662
T 60 bfd64b925822563d
T 61 bfe587499f24cfc2
T 62 3fa4e23aee814fc4
T 63 3fefbdb327516b9e
T 64 bf6fbf0ab75735ec
T 65 3fefc54a19344c9f
T 66 3fe6c0a490752bb9
T 67 bfe6474f3ce9269c
T 68 bfd8cbef9c27dd41
T 69 bfdbe98b2d952dbd
T 70 3fed73a4e3988567
T 71 3fd7f1df1d9e341d
T 72 bfc9cf18d6913e50
T 73 bfef1c11d7c57712
T 74 bfd957f60e1a2408
T 75 3fe16f4938ff061d
T 76 3fe1f2d5d07daaf1
T 77 bfea44bd2d663370
T 78 bfef36087cddad1f
T 79 bfb6aef75c82e36a
T 80 3fbafb62a165e456
T 81 3fefbc8c547a4007
T 82 bfe8b881f2da0bd6
T 83 bfe3f44af8ac96b4
T 84 bfcd049d7a98ce8a
T 85 3febe58da69c9d6b
T 86 3fee9e07e7a83494
T 87 bfd1f1fccd0153ee
T 88 bfd2f15106f1ecdf
T 89 bfdceffb36f0273c
T 90 3fec2449db3ab4a6
T 91 3fdda1229113f133
T 92 bfe45a76a37cd712
T 93 bfe864efa2916e0c
T 94 bfde316f299ac4b4
T 95 3fb6d7d7d501ca0f
T 96 3fad3ab7e4bd8985
T 97 bfefb72baa2fb595
T 98 bfe7b7167a817c5c
T 99 bfd42ca46bd4edcd
T 100 3fdba32a3145efd7
T 101 3fecbd69b013aed0
T 102 bfedff449c0c3c6c
T 103 bfd4eac4cb1ecf90
T 104 bfbe6d070f455d20
T 105 3feec16069e1a466
T 106 3feb82636ec657ee
T 107 bfe01bbc1bf3fe4e
T 108 bfe32277825c121a
T 109 bfd83388b4cb3cb2
T 110 3fef7705c7d06ce1
T 111 3fc1b2ec43794c6d
T 112 bfc3ac3c86d40abf
T 113 bfef63894bf07803
T 114 bfd87f2dcc949ec5
T 115 3fe2b78c4906bfda
T 116 3fe0a1c862c4e614
T 117 bfeb1d0acb6ffdeb
T 118 bfeee1c0f8101f65
T 119 bfbc804f4e10c258
T 120 3fd5e55976221001
T 121 3fedf65003e9d78f
T 122 bfecd3e56bb33aee
T 123 bfdab29666ee44f3
T 124 bfd48abb626fafd1
T 125 3fe75daee7d1b43d
T 126 3fefe3e1a4e57d7c
T 127 bfa4c939f8ce1f24
T 128 bfefae8f1b0f5b19
T 129 3eebd60a869b8acd
T 130 3fe609392ab9daf1
T 131 bf42569ea66d826f
T 132 bf337d4d835380e6
T 133 3fd934c9ea1fcc83
T 134 bf338a04a0adc90e
T 135 bfed7805be28a407
T 136 3f48f1ee3559ab58
T 137 3f11f0119b26dd02
T 138 bfe12ba1cde4fd01
T 139 3f4657654906e7f9
T 140 3fea0dfea0383141
T 141 bf3d0c0fe6ac7a14
T 142 bf0e6be62e304117
T 143 3fef2c9c00b190c0
T 144 bf4a68952a5e81e1
T 145 bfbcf87e89257772
T 146 3f3fbad5c8a45c7d
T 147 3f30a37c5c0ba403
T 148 bfebb24f7777a3f0
T 149 3f39d36814a4f724
T 150 3fd166c312ab5ff9
T 151 bf488a0d466a0474
T 152 bf34394888c990e7
T 153 3fd362c0d93206d9
T 154 bf384a9e5daefd81
T 155 bfec2f7d3bcad928
T 156 3f4375b954ae9c31
T 157 3f2b7c3fe4f4b97b
T 158 bfb4b7237de950ec
T 159 3f4a7e68f5837761
T 160 bf90970ecb94636a
T 161 bf4a9442bde1a39a
T 162 3fe6c4eb7a78a5a2
T 163 3f41bf72dda72038
T 164 bf20e5e2690da50e
T 165 bfed1263b6a278ce
T 166 bf48b8ed46a4647d
T 167 3fd74a5c01f2cbb1
T 168 3f258cea491fc884
T 169 bf34c3676119a3b7
T 170 bfeaa16b3fda58dd
T 171 bf3ccf549905d8d6
T 172 3fe2085ee68ea7bc
T 173 3f44fc05c109e653
T 174 bf34e61eb5f25483
T 175 bfc6b07c1bff3c13
T 176 bf184df07774a956
T 177 3fef7a8d5c0d02be
T 178 3f43fd5985c81566
T 179 bf2a6922fb2db692
T 180 bfdec8ae258ab102
T 181 bf473c55b7163ba5
T 182 3fee77e71195c3d9
T 183 3f2c07be0d5e6f45
T 184 bf19fdf59d608b05
T 185 bfee2acb583a8866
T 186 bf47a54f4174770b
T 187 3fdcf48938f64f53
T 188 3f4082ad9189481b
T 189 bf3032989a4c9fd0
T 190 bfef94836a171ea7
T 191 bf116101ebc3d298
T 192 bfd529289a13e018
T 193 3f8625313852014a
T 194 3fccfd8afe9265fb
T 195 bfcee041d4bd1f68
T 196 bf416c85966703e5
T 197 3fc179cb508d23c0
T 198 bfbdcd3cd15c0a7c
T 199 bfd3d86a66a4d686
T 200 3fd4996e0f53b4d2
T 201 3f215ffdd004acc2
T 202 bfc65c51c8d1927d
T 203 3fd1f6211f7f1f4b
T 204 3fd13c6880cf74a4
T 205 bfc8a418e10a537d
T 206 bf18ed9fc36dfadf
T 207 3fd4e3aaa79fc764
T 208 bf862adc73c307a3
T 209 bfd523bf459e8e10
T 210 3fcef3e6982750ba
T 211 3fcceb250b27a8a7
T 212 bf2f942503799633
T 213 bfd348efe5e23171
T 214 bfd3cb99786b4339
T 215 3fbde0883cb3416e
T 216 3fb3365d98605be6
T 217 bf42a119473cbee8
T 218 bfd1faba2dada09a
T 219 bfc65699e77f3fc9
T 220 3fc8b3c62679d4e4
T 221 3fd131783f1476c1
T 222 bf42df9daa041a6a
T 223 bfab973a0645020f
T 224 bf1c3cd8f10620c4
T 225 bef1c2be9970acc9
T 226 3fb800a1017ce0cc
T 227 3f2a95ab9537e024
T 228 bfc04faf733bd34e
T 229 3f09083202ef3483
T 230 3f15d284b369b2b1
T 231 bfc13c5a9ea80a44
T 232 bedd9cdbef67eb82
T 233 3f30ef9ea8b2f348
T 234 3fbb5e9b3f530e82
T 235 bf275069a16702cb
T 236 bfb01670b5219c11
T 237 bf196144718c5ee2
T 238 3f3012568dcea5b6
T 239 3fa7672b5e224a30
T 240 bf293ee2b5673295
T 241 bf84658c52b91849
T 242 3fa7db387ff1e685
T 243 3faefdbc6eb38c54
T 244 befa96d7192f713c
T 245 3fb35db31049ef6d
T 246 3faf1715c109702e
T 247 bfa7c7c511738644
T 248 bfa3a9446fbb33ee
T 249 3ef0e8658d1fbc89
T 250 bf8512a3c11b7df6
T 251 bf0f8ce5eee8ece4
T 252 bf91423f2924c1cd
T 253 bf83edc07a6cff2c
T 254 4073384198dd8808
T 255 4073366485b54fb4
T 256 bf91f5b8c9609e86
T 257 bf84bcfdeacde2ab
T 258 407334719552bf24
T 259 4073326d5cdb2b00
T 260 bfa2383169c3fdaf
T 261 3ef5fe3c03125957
T 262 bf83871127b842f0
T 263 bf1485148a26cd4a
T 264 bf9001a0e44de299
T 265 bf827b88a82cc885
T 266 4073224f23a1e727
T 267 407320b69f4331df
T 268 bf909bbd2a21781d
T 269 bf832d7c37b0007d
T 270 40731f0b8c67df08
T 271 40731d5404abc381
T 272 bf293df6bbc9f2a2
T 273 bf81ae1cbd297c4e
T 274 3fa4b1b9bee51d98
T 275 3faadcfffe251ddf
T 276 befa95de90929346
T 277 3fb0c9678bdf00a8
T 278 3faaf8216094ec76
T 279 bfa49ce85d5cf6d3
T 280 bfa0f594b40defb9
T 281 3eed999d8d5549de
T 282 bf822d4ad7bf8603
T 283 bf0b9e02eefca9e7
T 284 bf8ddaa4c385baaa
T 285 bf813c7b7af067f3
T 286 40730f5624ca919f
T 287 40730df43d1440c9
T 288 bf8ee5b0831c3324
T 289 bf81d6a94f0b513e
T 290 40730c840f39d2e4
T 291 40730b09359b4606
T 292 bf9fc0be2d9431c0
T 293 3ef3833f19833e5e
T 294 bf81042e206791c5
T 295 bf1234a0e02bc512
T 296 bf8bf5e2b29a3349
T 297 bf80249b6da95e09
T 298 4072ff04813ea8a9
T 299 4072fdcf1bf533bd
T 300 bf8cdfe8cd93a09b
T 301 bf80abb88b38432e
T 302 4072fc8d1de40106
T 303 4072fb43539dada2
T 304 bf2e2a1609a6c8c4
T 305 3ec95dfd3e124121
T 306 3fc0bfae4d1b71c2
T 307 bf0015a105c2a19a
T 308 bfc6c1a33c507cfa
T 309 3f1abd70757f51d5
T 310 beef2b11c3895e6d
T 311 bfc80dd271933ed4
T 312 beefa21dc0697cd6
T 313 bf083072157dbb07
T 314 3fc31929b99209a6
T 315 3efc36209f7f54ac
T 316 bfb671c5ea97b9a8
T 317 bf2b1c96bf0dc76e
T 318 bf06f46525a38209
T 319 3fb054990bde5a62
T 320 bf195ed1dc76fd7f
T 321 bf8d643a0b181677
T 322 3fb12a007ef13005
T 323 3fb6548039ebcebf
T 324 beeab879553d872e
T 325 3fbbe805a2f6c704
T 326 3fb65e5ff3b7c990
T 327 bfb1226ce756b43a
T 328 bfaccad8f7df62f0
T 329 bec3b6782ca125f8
T 330 bf8edc0cf27edbec
T 331 3ee2646b88b663dc
T 332 bf9916e56c066bea
T 333 bf8cf8858c97a3a1
T 334 40719c69e01838de
T 335 407198ce0fc7d397
T 336 bf9a97f681e4b435
T 337 bf8eb5289013924f
T 338 407194fd3f684bcb
T 339 407190f10daafa20
T 340 bfa9cb4435f3cd24
T 341 3eca3724eb642379
T 342 bf8ba55c11f2beba
T 343 bee8759533dfe7eb
T 344 bf9688d5102d31a4
T 345 bf8a054613a63b65
T 346 407172556d0c1316
T 347 40716f73234d1eec
T 348 bf97bdd2d941f465
T 349 bf8b6a10f3768d84
T 350 40716c69cbecc15c
T 351 407169376357d28d
T 352 bf196084a554bde5
T 353 bf88132f3731affb
T 354 3fac24d4559d42e8
T 355 3fb24a6dc0028f7f
T 356 beeaba4341bfd833
T 357 3fb6dbc112a6ee47
T 358 3fb256c21d6435c3
T 359 bfac11e8681c74dc
T 360 bfa757ca157e2f54
T 361 bee1bcf035224cb7
T 362 bf8904d4ee9145fe
T 363 3f008cc0cc3b0720
T 364 bf947634eba35c65
T 365 bf87a08f640c5af1
T 366 4071507895895132
T 367 40714e1c7b82c59e
T 368 bf95733b91972a17
T 369 bf88c4bab6471f50
T 370 40714ba5c56c17df
T 371 4071490e9f179fe1
T 372 bfa5554c4bd0f114
T 373 bec824a9dd859767
T 374 bf86dd66ce8a6706
T 375 3ee686a3372fe40d
T 376 bf92baaf80fb602d
T 377 bf85a06d0e4ff30c
T 378 407134d682b65bbb
T 379 407132df88533dfe
T 380 bf938dffb4ea171b
T 381 bf86946df8711681
T 382 407130d38cc54397
T 383 40712eafc25fd406
T 384 bfef5c6ea6da95e1
T 385 3fa06d2cf20b29f0
T 386 3fe5733ca28c456e
T 387 bfe6e6cd88703541
T 388 bf416e7010ae34a8
T 389 3fd9e654af96c0fe
T 390 bfd61b0ea61586fa
T 391 bfed5e0ccdeff180
T 392 3fee8ee4ad5aaa61
T 393 3f2161e6e99200f5
T 394 bfe091d3fd263368
T 395 3feaa568dd823d31
T 396 3fe98186a45b19ad
T 397 bfe246e33537b0a5
T 398 bf18f05d7c20cec3
T 399 3feef571486df70d
T 400 bfa06d2db4475626
T 401 bfef5c6d3406c91e
T 402 3fe6e6ef156a8903
T 403 3fe5731d36179f00
T 404 bf2f979df1964f4e
T 405 bfec94b9d8732896
T 406 bfed5de08edaa61d
T 407 3fd61b2ff4823559
T 408 3fcc802be8b2848d
T 409 bf42a325afdb9f37
T 410 bfeaa56a189582bf
T 411 bfe091d339390a1c
T 412 3fe246fdfbc38df2
T 413 3fe9816146d8f6cc
T 414 bf42e1b0f27962e1
T 415 bfc471fbc13e9b22
T 416 3ef0c4709902eec7
T 417 bf0347ea0dcf1ca6
T 418 3fcbc92d4b6270af
T 419 3f3c7eee766c10a0
T 420 bfd2e5d616034fdf
T 421 beddba48eb944ebf
T 422 3f27b0af7f0bb03f
T 423 bfd3f3da16520939
T 424 3eb19576314a84b3
T 425 3f4262b7fc63a6b1
T 426 3fcfaf0615607a96
T 427 bf38fd7bb43b3f2f
T 428 bfc2a3837f3c7c6c
T 429 3eee2410c5bb5e97
T 430 3f41727f3296cbc9
T 431 3fbb1787408ab8fb
T 432 bf32cb5685b45ccd
T 433 bf9a4d85dbf30235
T 434 3fbeb5e8a312b9fc
T 435 3fc3fbb0fbb2c838
T 436 bf03cb65b5029141
T 437 3fc8f945e4ae69be
T 438 3fc402eb629b1c59
T 439 bfbeaad0e905c5f3
T 440 bfbb050550189f0d
T 441 3eff8529895ff9e1
T 442 bf9cf5a3f7c8c420
T 443 bf1d68a18144ba1d
T 444 bfa6f227066c13e9
T 445 bf9a7ee3119493bd
T 446 406ccabde9818d92
T 447 406cb700c836a10e
T 448 bfa999d3fbc1e601
T 449 bf9d8fb5733cc143
T 450 406ca10454465e2e
T 451 406c8895ccab0e20
T 452 bfb62f51e8b22ca2
T 453 3f077d4fa430adc4
T 454 bf97c713a81e9c07
T 455 bf25ea7ee21d977e
T 456 bfa3001149a8cd2b
T 457 bf95f08a98eaf02e
T 458 406be95f1a85c934
T 459 406bdc405046eabc
T 460 bfa4c9d252df0392
T 461 bf98011c38b2957f
T 462 406bcdd8cc736d6f
T 463 406bbe3390099fde
T 464 bf32c8b5e94907cf
T 465 bf92db479ebb67bd
T 466 3fb6077b150fc200
T 467 3fbca6c85c0f4403
T 468 bf03c8a14cb9f639
T 469 3fc1e75a90761f48
T 470 3fbcb583b3585d9a
T 471 bfb5fc2d3b06c98d
T 472 bfb2ccddaa8c9b01
T 473 3f00d8006462f87c
T 474 bf94266a02edc80d
T 475 bf1f6e4ded5fc988
T 476 bfa0366c8410db58
T 477 bf92b87f27c32e7b
T 478 406b5195b1f7d388
T 479 406b483c239f469e
T 480 bfa17ef8ef430980
T 481 bf9433df31145b5a
T 482 406b3e1c5cf0bfbe
T 483 406b33409f0751c9
T 484 bfb053c154e91da7
T 485 3f0662359243ae4f
T 486 bf917fd91ea1318c
T 487 bf24e25ba7c82ff9
T 488 bf9c45bccb3b60f9
T 489 bf9052b5ad98ee09
T 490 406ae53a82c22d18
T 491 406ade3afc5be7e5
T 492 bf9e3526b01ecf8f
T 493 bf9170bca467ef87
T 494 406ad6b2c1b6b0ba
T 495 406aceb9e622dddb
T 496 beba584d3fa0753a
T 497 be909d7116b312c2
T 498 3fe44b7426a2341f
T 499 3ec8de3e5e26c972
T 500 bfeb9b18951e9530
T 501 3ea75a7be66eb20c
T 502 3eb46a43cf316c93
T 503 bfed2588e01c89a3
T 504 be7ba0d1911eac3c
T 505 3ecfafd739272a50
T 506 3fe724478fc3953b
T 507 bec5cf0aee0233db
T 508 bfdb3a3650263d2b
T 509 beb7ad95e1ed3f00
T 510 3ece120b1a9aa898
T 511 3fd3c9b30eaac937
T 512 bec79870aedaec7c
T 513 bfbef5eac1f2762f
T 514 3fe20cb70768047b
T 515 3fe785d490b54725
T 516 be98d9ea9f64627e
T 517 3fed656a235bc460
T 518 3fe785d53dac824a
T 519 bfe20cb682af5bd6
T 520 bfeaae17e4227b6a
T 521 3e541e8b87cd7ce2
T 522 bfcc9878d287f496
T 523 be72c5885c2ff127
T 524 bfd0b5927631e595
T 525 bfc34b5098644de4
T 526 405396897d6384f8
T 527 4051ceca1b15eb6c
T 528 bfe50a9b9c058c5f
T 529 bfd84beb4285b718
T 530 404cfb5063e94360
T 531 40388c59d3e36158
T 532 bfd3927df55d750c
T 533 3ea7b922d1f3f58b
T 534 bfb4fa3aaab6b76c
T 535 bec62250a1d740f6
T 536 bfbe4c996fa6ce36
T 537 bfb17e46549a8787
T 538 402963265aeb7ede
T 539 4028e9c2db33ed44
T 540 bfc4d9224fbba983
T 541 bfb812caa22895e0
T 542 402849ef48f851ff
T 543 40276dff07fa865b
T 544 bec7986d73e189d9
T 545 bfa5b3ecce33e709
T 546 3fc94e2711babb02
T 547 3fd07d319606c838
T 548 be98d9e738680afd
T 549 3fd49b2e173267f9
T 550 3fd07d3f15e85ede
T 551 bfc94e125a256b84
T 552 bfc7f7b8dd2b7440
T 553 be67327dca3477d5
T 554 bfa9b03f45708eb1
T 555 3e85a4a5d7f291f8
T 556 bfb3970dc3ffaf3c
T 557 bfa69ee2a265b718
T 558 40246199b0ee1e1d
T 559 402438dcbc2aaa3f
T 560 bfb7cb940025a9d6
T 561 bfab79f2d3b8cddc
T 562 4024083a2807666d
T 563 4023cd26e2a99502
T 564 bfc14581f154e4d5
T 565 3e96ae7d42014c9e
T 566 bfa282f5220e66df
T 567 beb52988aac46bb5
T 568 bfacf2bdba77516c
T 569 bfa0b697e8086333
T 570 4022a06f5068b116
T 571 40228c1c43a6e50e
T 572 bfb0a5dc76c50962
T 573 bfa3392c646e76e0
T 574 402274f22b96c11c
T 575 40225a4db353b879
T 576 bfe26f5229178c89
T 577 3f7faf345aca9af0
T 578 3fd9a4ec27dad504
T 579 bfd56bb43a934325
T 580 3f80dd6d47274f21
T 581 3fcd556a81dbc91b
T 582 bfc63d89eebca4ed
T 583 bfe125a4d3c9ede9
T 584 3fdd234b7b549ec9
T 585 bf5f0b5f104c756d
T 586 bfd3fb67c362876f
T 587 3fd96e17b694d84a
T 588 3fde5225522a298b
T 589 bfd0f6f7bb5379de
T 590 3f5a5327ac30e7a3
T 591 3fe223b4e886b54c
T 592 bfde0f38d805d52c
T 593 bfb0db7061b3d2e7
T 594 3fd288124eda2d7e
T 595 bf7ccbc760a8c730
T 596 bfe01daa456a72fd
T 597 3fcd656c2e71a30c
T 598 3fc440305b7921af
T 599 bfdca9f4bc9c6204
T 600 3f818017e5d96a1f
T 601 3fc68f6426e24186
T 602 bfcba65514f5d129
T 603 bfe0667ae5b3778f
T 604 3fd6bb10c3dfac4c
T 605 bf77c8b99be56a13
T 606 bfa81b83854f3256
T 607 3fde281123f5f32d
T 608 bf834e809ee78449
T 609 bfde40f04134c98a
T 610 3fda7f5a4522b68c
T 611 3fd4bb1fae4ca88d
T 612 3f6d3eb175135338
T 613 bfe0ea87dad5414a
T 614 bfdc23e3f972c081
T 615 3fcb1aa446aa91e3
T 616 3fb92c368d9640a6
T 617 3f81f79d3211ca5a
T 618 bfdefdc0e5aafb53
T 619 bfd0657a95a7f569
T 620 3fd4fc427261c695
T 621 3fd882f768bee635
T 622 3f8215a7b93cc402
T 623 bfba679be977d354
T 624 bfabaa1cb55b9e0f
T 625 3fe251089510ce26
T 626 3fd7597cd1f8e363
T 627 3f76daa8e499f160
T 628 bfd1e98f7fc0235b
T 629 bfda72aea96b3b64
T 630 3fe1ba887122c534
T 631 3fc05eee2308ee1d
T 632 3f667dea571bea86
T 633 bfe18db0dc8b5826
T 634 bfdaea2b6cba7da2
T 635 3fd0d922c3c0be5e
T 636 3fd3491c011b687b
T 637 3f7c086753ce3798
T 638 bfe2602a680280a4
T 639 bfa3c8134f7a529a
T 640 bfa5f0805c3d96bc
T 641 3f5373f1b934400b
T 642 3fc3f1a9b3111016
T 643 bfa00561eff101da
T 644 bfc687b4c2f2b7d6
T 645 3f921e6c35c7f53b
T 646 bf8a2db1065cbd8e
T 647 bfcb4e292e7d17b7
T 648 3fa560955ec4f280
T 649 3fa67780ed83fcb2
T 650 bf972ef71eb4a6c7
T 651 3f9f8e329b012418
T 652 3fc7b70c17390f8a
T 653 bf9992534f50d5c9
T 654 bfa01de65876410e
T 655 3fa5a873c5b12abb
T 656 bf56fbafdfba2c20
T 657 bfa291cc7a9a5380
T 658 3fc54b42c2df3915
T 659 3f9e02ba5a087d6f
T 660 bfb46aa094c08a9d
T 661 bfa3fe9bc7f9a001
T 662 bfa1637de6806c20
T 663 3fb48dd20ce1b94c
T 664 3f83f01c2862ba3a
T 665 bfc816b6a43d8f46
T 666 bfa2a419acd275e8
T 667 bf939f589b6d3e11
T 668 3fc0fe736f920646
T 669 3fa1d7b17aa857e9
T 670 bfc8678d36e49037
T 671 bf7c9b2463e6f58e
T 672 3f6c0466e6c29009
T 673 bf7cab6a29c0ebdc
T 674 3fb4738729061da6
T 675 3fb540083ca02e66
T 676 bfbbd19478fbf968
T 677 bf58d62866958145
T 678 3fa19cea673abcff
T 679 bfbd5f1684786bf8
T 680 3f2d61aa354ccc91
T 681 3fbb569d453e132d
T 682 3fb751f9b83ee867
T 683 bfb2a2c7b99153a4
T 684 bfab6ff2fd4ce73f
T 685 3f692e88c83dbf10
T 686 3fb9f16b277bb81b
T 687 3fa3f0c5da373f85
T 688 bfad9065c5be8125
T 689 bf5455e4cb4ef201
T 690 3fa4a1872c8772fd
T 691 3f79efca172784ea
T 692 bf7f23300158b44d
T 693 3f834ed609f9901c
T 694 3faae30575b40084
T 695 bf73e6e3bd8e855b
T 696 bf9f330fe7510d64
T 697 3f7dc052d6c501da
T 698 bf80b840f1f7cee2
T 699 bf9bc2206c3ec8d3
T 700 bf615af3c9b033aa
T 701 bf540a47875f29f3
T 702 400fd56b4c235855
T 703 400fd55ecff9d58e
T 704 bf62176f80a3265a
T 705 bf54e3ebcf46c953
T 706 400fce28674fdf1e
T 707 400fce1ad94f94bf
T 708 bfa06aac65c3221d
T 709 3f800581999f6d91
T 710 bf8198696c0576e3
T 711 bf9de583cdb83899
T 712 bf5f598c057d18fa
T 713 bf52198d3c12baa9
T 714 400fc5b8f643ecb0
T 715 400fc5aecc159b13
T 716 bf6057f235a8de58
T 717 bf52df347120ef43
T 718 400fbd870622679e
T 719 400fbd7bfc110b45
T 720 bfaaa6fcb1ef6e72
T 721 bf51a2e6fe259ab2
T 722 3fa25648db5bf5ce
T 723 3f749fc894b9c734
T 724 bf7c121b388ffd91
T 725 3f80bec2cfc0497e
T 726 3fa7e5b5f69f020e
T 727 bf6fa6a4093d0f55
T 728 bf9b842e84da123d
T 729 3f7af127d39bfbf8
T 730 bf7d7dee63a5c82a
T 731 bf9923223de7477e
T 732 bf5e014551e7fa55
T 733 bf5152c8a41a8b99
T 734 400f8247f981d47a
T 735 400f823ebd8e85bd
T 736 bf5ee9fb9b25f48e
T 737 bf51d923df038d4d
T 738 400f7c8e58142054
T 739 400f7c848c80b9aa
T 740 bf9cd8cad743db7a
T 741 3f7cc1d9df276b33
T 742 bf7eeaff201ba06f
T 743 bf9ad4b35747196c
T 744 bf5ba4d38509ab30
T 745 bf4feb9d75f5fbe4
T 746 400f75d8e5e3cafb
T 747 400f75d1126fa491
T 748 bf5c755d23b1d15b
T 749 bf506e34eead0aa9
T 750 400f6f75b708aac4
T 751 400f6f6d6d733ef0
T 752 3f69e214c44cdf27
T 753 bf75d4e091bb5b1e
T 754 3fb16ee94136756d
T 755 3fb04a631151ccb7
T 756 bfb7b6a0cdc548fa
T 757 bf56f1db9a8c6dc2
T 758 3f9ad2f8b6853056
T 759 bfb9097b5a95ac5b
T 760 3f2b24bda002a50a
T 761 3fb4d15c9e5140b9
T 762 3fb3e0f98eceb4b8
T 763 bfac92a996639f69
T 764 bfa76367ae1b8ccf
T 765 3f674380b06d749b
T 766 3fb3c15c882eceed
T 767 3fa0ff73aaac2376
T 768 bfa65d1f7c3ad68e
T 769 bf5cc5a85f57821b
T 770 3fa176a75a221329
T 771 3f8380594e443063
T 772 bf778dd05d60fef6
T 773 3f8b517731d5ef9b
T 774 3fa6c244f4c58f6f
T 775 bf7ded872bb49d8f
T 776 bf9a9409bb57fbf5
T 777 3f7691a485128457
T 778 bf7c7c8bc4730368
T 779 bf950e9d2e26c48e
T 780 bf686b72a82b359a
T 781 bf5c328cdbff5ae1
T 782 400f314fb6ca8fda
T 783 400f31377e80925b
T 784 bf695fb597addbd6
T 785 bf5d4c995d46421b
T 786 400f2c9f652375a8
T 787 400f2c8542ca09b2
T 788 bf9b72ecfed7c51c
T 789 3f78288cddcf346d
T 790 bf7d6b6fb3ad4c52
T 791 bf968a4392213a4c
T 792 bf6662edde79656f
T 793 bf59d981cb20fc01
T 794 400f26bc091dbf18
T 795 400f26a7b542ee2a
T 796 bf6746d7f484931a
T 797 bf5ae0ae0cee7402
T 798 400f2198a1afc648
T 799 400f2182ab51ffc4
T 800 bfa4ad97bcaf9cc2
T 801 bf58fe2eb6cee297
T 802 3f9f98d3eb00f5f4
T 803 3f8033dca4914c2c
T 804 bf75c7514feeac28
T 805 3f87bae0ab271a75
T 806 3fa496c8669dcebb
T 807 bf78dd886131b9fb
T 808 bf97dbf8eb196b9c
T 809 3f74f226ea422718
T 810 bf7992814918a9ef
T 811 bf938af4b852b563
T 812 bf652a51b10458bf
T 813 bf58708936b85fd2
T 814 400efb8599e91f1c
T 815 400efb73877f0728
T 816 bf65d84b8d934830
T 817 bf59396d1b417b8e
T 818 400ef7ab1e9e790a
T 819 400ef797e0bb42aa
T 820 bf989cd2e796db73
T 821 3f76419867cdd41b
T 822 bf7a6133e09a946a
T 823 bf94c3edc6fea48b
T 824 bf63a32239f828a3
T 825 bf56acd5803234e8
T 826 400ef2d5688a5966
T 827 400ef2c5de660e22
T 828 bf6445439ffeaf25
T 829 bf57680bce8a9db7
T 830 400eeea2ff2576ba
T 831 400eee9272837643
T 832 bfbe150ed3461e6e
T 833 3f6ee22743e5986c
T 834 3fd1ddf15cb723ce
T 835 bfb5f7b947ee656d
T 836 bfd1ef23352b97f7
T 837 3fa8d7f7782d2d9c
T 838 bfa4c7cc7276bbc3
T 839 bfd8762ee2dde9a2
T 840 3fbd4fe2389ee6a1
T 841 3fb1e23d802567eb
T 842 bfafc9b81f860aaf
T 843 3fb90c77e7eb19be
T 844 3fd53ec9f87d3428
T 845 bfb1881657ce4ae0
T 846 bfa9a87ea20b8746
T 847 3fbdb2448d7994d9
T 848 bf6f8368b7d5e5f6
T 849 bfbd7b2004e0c40b
T 850 3fd3138c8e643560
T 851 3fb493312c76ff1b
T 852 bfc0406f48b271f9
T 853 bfbb6a5f6efd88e0
T 854 bfbb9b2ed53465d2
T 855 3fc269d672a57f10
T 856 3f9b56a41f23063c
T 857 bfd32cc01910a89f
T 858 bfb98f422e35648b
T 859 bfaf270ee3f91d49
T 860 3fce72c318301830
T 861 3fb8771e58c124d0
T 862 bfd36d1922547f42
T 863 bf939c8ed6abb82e
T 864 3f55bca4c9653296
T 865 bf8a6d2b12e620cd
T 866 3fc3a335f2d89366
T 867 3fc31c0663fe567e
T 868 bfcab63de44c6a40
T 869 bf4344eb82627112
T 870 3fb03c21acdb4772
T 871 bfcc33e8e8eac788
T 872 3f16cb9db206dc49
T 873 3fc9330859220e74
T 874 3fc6646f6893c151
T 875 bfc0c230d4ee30db
T 876 bfba587ecbc45300
T 877 3f53897c6eb35e69
T 878 3fc7e9c8cba53a17
T 879 3fb325a883f1320d
T 880 bfbbf1b26121e314
T 881 bf68ac245573ecd1
T 882 3fb49eab66c37cd4
T 883 3f924fefe238a0ff
T 884 bf8d6e6a99358789
T 885 3f976cfb8db9bae7
T 886 3fbadf4bcb95fc31
T 887 bf8c1a5c793aad15
T 888 bfaf4b75bad8dd16
T 889 3f8b0078248c9e00
T 890 bf90c55412c83a96
T 891 bfa9316bf24e78a6
T 892 bf759fe32836d989
T 893 bf68f84ac5fe44a5
T 894 4009620d6b16832e
T 895 400961cf98e45f0a
T 896 bf7821d4bc1de019
T 897 bf6bdd8b768129e3
T 898 40094ca3b077603e
T 899 40094c56f3fbb498
T 900 bfb1154525989a8a
T 901 3f8f88b7ac1d2d71
T 902 bf924f41bbccffcc
T 903 bfad6bf2ac1e953b
T 904 bf70f46a01c16b87
T 905 bf6393e0e4794fd3
T 906 400932c6f71184e4
T 907 400932a13cef4b87
T 908 bf7326cd0ceadc0a
T 909 bf661d4455833dae
T 910 400917fcad91c5b1
T 911 400917ccbda9cef6
T 912 bfb6f4f051fbb88c
T 913 bf606c985380d429
T 914 3fb0580e58d2b0f7
T 915 3f87a9ce2954c0ed
T 916 bf882db595e0917f
T 917 3f8f30447a50134a
T 918 3fb54cc49b6a0a5e
T 919 bf82285148270301
T 920 bfa8d3116f98573a
T 921 3f86961346a45aa5
T 922 bf8a9b576aa89fff
T 923 bfa512bfec0d9ec5
T 924 bf6c7ef0042f5d3c
T 925 bf6073bbf25a9af4
T 926 400870fe23939024
T 927 400870e44c00203d
T 928 bf6eff902e25798d
T 929 bf61e5997c4835e3
T 930 400863704e6d323e
T 931 40086351cadbd16d
T 932 bfaacac3c49398b2
T 933 3f89748a8092a650
T 934 bf8cb733adbf1d49
T 935 bfa7c003faffc2fc
T 936 bf67a02a2da1e4b8
T 937 bf5b47d1b0d20e29
T 938 4008539da15fddb1
T 939 4008538bf33c4a74
T 940 bf69dc7f4981ea85
T 941 bf5ddcb1134197b8
T 942 4008434d766c4f3a
T 943 400843385559ea40
T 944 3f51340e667fd78e
T 945 bf7ed7b4749fea17
T 946 3fc0314519a22370
T 947 3fb65bf6f74fcb74
T 948 bfc6069582c18a32
T 949 bf3e802ce576f0a1
T 950 3fa2f2ab1f88b958
T 951 bfc7414bd8b8409f
T 952 3f120a8365c3d2aa
T 953 3fbd6912d84950bc
T 954 3fc276c641265de6
T 955 bfb39bc8468c00bf
T 956 bfb5b948a9fc10ce
T 957 3f4eecb4e812011f
T 958 3fbbe8cde219d9fa
T 959 3faf937cb29c1982
T 960 bfaf45b553d25e42
T 961 bf787aabfa2cfcff
T 962 3fb09e1aad071584
T 963 3fa268e7b0ee4ced
T 964 bf8077e2cf58c308
T 965 3fa73e0322d54c54
T 966 3fb5a80e791f6603
T 967 bf9c40adafb9f9c2
T 968 bfaa1e27f75190d0
T 969 3f7e33cb3b8f0cdf
T 970 bf8bfe3355e251fa
T 971 bf9c2ddca54d26e0
T 972 bf851ea6cc62f23c
T 973 bf7863103f1d5a53
T 974 40079eef70063966
T 975 40079e13f07c92c7
T 976 bf86e04af27c8d22
T 977 bf7a6a43b01e8266
T 978 4007941ebf0bd522
T 979 4007931dae814c84
T 980 bfaa89b5cc020b8c
T 981 3f8195a1f5c7ceaa
T 982 bf8c717a01a45584
T 983 bfa068149844269b
T 984 bf81d7b1d63dffc5
T 985 bf749a51cad20582
T 986 40078223a97304a3
T 987 40078187be88f939
T 988 bf836c4dcf650b06
T 989 bf766d85a4a543a0
T 990 4007763795ca0a36
T 991 4007757f3001d740
T 992 bfabe5b6000cd182
T 993 bf721875dfd0c05c
T 994 3fab7227d74b7c54
T 995 3f9b0533d1780d43
T 996 bf7d61caeb960928
T 997 3fa12e60f9d605fa
T 998 3fb1e255076d492b
T 999 bf94bbc18f5a006f
T 1000 bfa570a097432cfa
T 1001 3f7b625a28af42c0
T 1002 bf86fab169bbf043
T 1003 bf998cbf64def611
T 1004 bf7f0aee52c90d2e
T 1005 bf71ec29a8464f68
T 1006 4007261694d3bc3b
T 1007 400725a265c125ac
T 1008 bf8098fb3c1e1eaa
T 1009 bf732a4d148517c0
T 1010 40071e92e47019cc
T 1011 40071e0e34c89cda
T 1012 bfa5e75201137fa1
T 1013 3f7eebbefb7ef52c
T 1014 bf8779e866a04cc0
T 1015 bf9cd97dd8ad237f
T 1016 bf7af278fbf3adbf
T 1017 bf6f1dab8664d075
T 1018 4007131ae002b25a
T 1019 400712c39b2cbbc2
T 1020 bf7ceb862b56b9e0
T 1021 bf70b26d37bc06fc
T 1022 40070ad2d9e651cd
T 1023 40070a6e7a272ebb
END 1024 256 INPUTS_UNCHANGED CANARIES_PASS
