/home/footfalcon/free_falcon_sign/proofs/ft1536/work/B20_001/P02/run/fpr_spec_031/source/B20/Fpr/Spec.lean:160:24: error: omega could not prove the goal:
a possible counterexample may satisfy the constraints
  b ≥ 2147484734
  0 ≤ a ≤ 2047
where
 a := (BitVec.setWidth 32 (x >>> 52) &&& 2047#32).toInt
 b := (↑(x.toNat >>> 52 % 4294967296 &&& 2047)).bmod 4294967296
/home/footfalcon/free_falcon_sign/proofs/ft1536/work/B20_001/P02/run/fpr_spec_031/source/B20/Fpr/Spec.lean:162:2: error: `simp` made no progress
/home/footfalcon/free_falcon_sign/proofs/ft1536/work/B20_001/P02/run/fpr_spec_031/source/B20/Fpr/Spec.lean:171:10: warning: This simp argument is unused:
  BitVec.toNat_ofNat

Hint: Omit it from the simp argument list.
  [apply] simp [hc32]

Note: This linter can be disabled with `set_option linter.unusedSimpArgs false`
/home/footfalcon/free_falcon_sign/proofs/ft1536/work/B20_001/P02/run/fpr_spec_031/source/B20/Fpr/Spec.lean:171:30: warning: This simp argument is unused:
  hc32

Hint: Omit it from the simp argument list.
  [apply] simp [BitVec.toNat_ofNat]

Note: This linter can be disabled with `set_option linter.unusedSimpArgs false`
/home/footfalcon/free_falcon_sign/proofs/ft1536/work/B20_001/P02/run/fpr_spec_031/source/B20/Fpr/Spec.lean:183:10: warning: This simp argument is unused:
  BitVec.toNat_ofNat

Hint: Omit it from the simp argument list.
  [apply] simp [hc32]

Note: This linter can be disabled with `set_option linter.unusedSimpArgs false`
/home/footfalcon/free_falcon_sign/proofs/ft1536/work/B20_001/P02/run/fpr_spec_031/source/B20/Fpr/Spec.lean:183:30: warning: This simp argument is unused:
  hc32

Hint: Omit it from the simp argument list.
  [apply] simp [BitVec.toNat_ofNat]

Note: This linter can be disabled with `set_option linter.unusedSimpArgs false`
