forward_canonical : ∀ (s : Mem), CanonMem s → CanonMem (forwardMem s)
inverse_canonical : ∀ (s : Mem), CanonMem s → CanonMem (inverseMem s)
liftForward_agrees : ∀ (v : Vec), CanonVec v → liftForward v = forwardC v
'FT1536Global.addQ_source' depends on axioms: [propext, Classical.choice, Quot.sound]
'FT1536Global.subQ_source' depends on axioms: [propext, Classical.choice, Quot.sound]
'FT1536Global.mmQ_source' depends on axioms: [propext, Classical.choice, Quot.sound]
'FT1536Global.forwardRootOp_range' depends on axioms: [propext, Classical.choice, Quot.sound]
'FT1536Global.forwardBinaryOp_range' depends on axioms: [propext, Classical.choice, Quot.sound]
'FT1536Global.forwardCubicOp_range' depends on axioms: [propext, Classical.choice, Quot.sound]
'FT1536Global.inverseCubicOp_range' depends on axioms: [propext, Classical.choice, Quot.sound]
'FT1536Global.inverseBinaryOp_range' depends on axioms: [propext, Classical.choice, Quot.sound]
'FT1536Global.inverseRootOp_range' depends on axioms: [propext, Classical.choice, Quot.sound]
'FT1536Global.forwardMiddle_canonical' depends on axioms: [propext, Classical.choice, Quot.sound]
'FT1536Global.inverseMiddle_canonical' depends on axioms: [propext, Classical.choice, Quot.sound]
'FT1536Global.scale_canonical' depends on axioms: [propext, Classical.choice, Quot.sound]
'FT1536Global.forward_canonical' depends on axioms: [propext, Classical.choice, Quot.sound]
'FT1536Global.inverse_canonical' depends on axioms: [propext, Classical.choice, Quot.sound]
'FT1536Global.forwardC_canonical' depends on axioms: [propext, Classical.choice, Quot.sound]
'FT1536Global.inverseC_canonical' depends on axioms: [propext, Classical.choice, Quot.sound]
'FT1536Global.canonical_fixed' depends on axioms: [propext, Quot.sound]
'FT1536Global.liftForward_agrees' depends on axioms: [propext, Quot.sound]
'FT1536Global.liftInverse_agrees' depends on axioms: [propext, Quot.sound]
