{"job": "toolchain", "exit_code": 0, "elapsed_seconds": 1.6174451319966465}
{"job": "binding", "exit_code": 0, "elapsed_seconds": 0.36467626999365166}
{"job": "source_checks", "exit_code": 0, "elapsed_seconds": 0.11405780701898038}
{"job": "numeric", "exit_code": 0, "elapsed_seconds": 2.168126347998623}
{"job": "kernel", "exit_code": 0, "elapsed_seconds": 25.31536148599116}
{"job": "audit", "exit_code": 0, "elapsed_seconds": 1.3168766140006483}
{"job": "fixtures", "exit_code": 0, "elapsed_seconds": 13.140403358003823}
{"job": "normal", "exit_code": 0, "elapsed_seconds": 0.8156785390165169}
{"job": "sanitizers", "exit_code": 0, "elapsed_seconds": 1.1661864109919406}
{"job": "oracle", "exit_code": 0, "elapsed_seconds": 3.2706131559971254}
{"job": "mutations", "exit_code": 0, "elapsed_seconds": 5.2746526390255895}
{"job": "ledger", "exit_code": 0, "elapsed_seconds": 0.06408862199168652}
{"job": "certificate", "exit_code": 0, "elapsed_seconds": 0.06435882599907927}
{
  "status": "FRESH_REPLAY_PASS",
  "mode": "PREFREEZE_REHEARSAL",
  "input_manifest": "artifacts/rehearsal_inputs.sha256",
  "input_manifest_sha256": "f5b50b4d21043f515859ed18863a4abbc1d90168a2979eea9d67062503c1352c",
  "source": "/home/footfalcon/free_falcon_sign/proofs/ft1536/work/FT1536_H3_INITIAL_TARGETS_RUN_001",
  "destination": "/home/footfalcon/free_falcon_sign/proofs/ft1536/work/FT1536_H3_INITIAL_TARGETS_RUN_001/tmp/rehearsal_001",
  "seed_members": 285,
  "cached_olean_or_binaries_used": false,
  "source_changed": false,
  "semantic_matches": 219,
  "elapsed_seconds": 54.780957148002926
}
