0000000000000000 0000000000000000 0000000000000000 0000000000000000 0000000000000000 0000000000000000
0000000000000000 0000000000000000 0000000000000000 0000000000000000 0000000000000000 0000000000000000
0000000000000000 0000000000000000 0000000000000000 0000000000000000 0000000000000000 0000000000000000
0000000000000000 0000000000000000 0000000000000000 0000000000000000 0000000000000000 0000000000000000
0000000000000000 0000000000000000 0000000000000000 0000000000000000 0000000000000000 0000000000000000
0000000000000000 0000000000000000 0000000000000000 0000000000000000 0000000000000000 0000000000000000
0000000000000000 0000000000000000 3ff0000000000000 3ff0000000000000 3ff0000000000000 3ff0000000000000
0000000000000000 0000000000000000 3ff0000000000000 3ff0000000000000 3ff0000000000000 3ff0000000000000
0000000000000000 0000000000000000 4022000000000000 4022000000000000 4022000000000000 4022000000000000
0000000000000000 0000000000000000 4022000000000000 4022000000000000 4022000000000000 4022000000000000
0000000000000000 0000000000000000 0000000000000000 0000000000000000 0000000000000000 0000000000000000
0000000000000000 0000000000000000 0000000000000000 0000000000000000 0000000000000000 0000000000000000
0000000000000000 0000000000000000 4142000000000000 4142000000000000 4142000000000000 4142000000000000
0000000000000000 0000000000000000 4142000000000000 4142000000000000 4142000000000000 4142000000000000
0000000000000000 0000000000000000 0000000000000000 0000000000000000 0000000000000000 0000000000000000
0000000000000000 0000000000000000 0000000000000000 0000000000000000 0000000000000000 0000000000000000
0000000000000000 0000000000000000 0000000000000000 0000000000000000 0000000000000000 0000000000000000
0000000000000000 0000000000000000 0000000000000000 0000000000000000 0000000000000000 0000000000000000
0000000000000000 0000000000000000 0000000000000000 0000000000000000 0000000000000000 0000000000000000
0000000000000000 0000000000000000 0000000000000000 0000000000000000 0000000000000000 0000000000000000
0000000000000000 0000000000000000 3ff0000000000000 3ff0000000000000 3ff0000000000000 3ff0000000000000
0000000000000000 0000000000000000 3ff0000000000000 3ff0000000000000 3ff0000000000000 3ff0000000000000
0000000000000000 0000000000000000 4022000000000000 4022000000000000 4022000000000000 4022000000000000
0000000000000000 0000000000000000 4022000000000000 4022000000000000 4022000000000000 4022000000000000
0000000000000000 0000000000000000 0000000000000000 0000000000000000 0000000000000000 0000000000000000
0000000000000000 0000000000000000 0000000000000000 0000000000000000 0000000000000000 0000000000000000
0000000000000000 0000000000000000 4142000000000000 4142000000000000 4142000000000000 4142000000000000
0000000000000000 0000000000000000 4142000000000000 4142000000000000 4142000000000000 4142000000000000
0000000000000000 0000000000000000 0000000000000000 0000000000000000 0000000000000000 0000000000000000
0000000000000000 0000000000000000 0000000000000000 0000000000000000 0000000000000000 0000000000000000
0000000000000000 0000000000000000 0000000000000000 0000000000000000 0000000000000000 0000000000000000
0000000000000000 0000000000000000 0000000000000000 0000000000000000 0000000000000000 0000000000000000
0000000000000000 0000000000000000 0000000000000000 0000000000000000 0000000000000000 0000000000000000
0000000000000000 0000000000000000 0000000000000000 0000000000000000 0000000000000000 0000000000000000
0000000000000000 0000000000000000 3ff0000000000000 3ff0000000000000 3ff0000000000000 3ff0000000000000
0000000000000000 0000000000000000 3ff0000000000000 3ff0000000000000 3ff0000000000000 3ff0000000000000
0000000000000000 0000000000000000 4022000000000000 4022000000000000 4022000000000000 4022000000000000
0000000000000000 0000000000000000 4022000000000000 4022000000000000 4022000000000000 4022000000000000
0000000000000000 0000000000000000 0000000000000000 0000000000000000 0000000000000000 0000000000000000
0000000000000000 0000000000000000 0000000000000000 0000000000000000 0000000000000000 0000000000000000
0000000000000000 0000000000000000 4142000000000000 4142000000000000 4142000000000000 4142000000000000
0000000000000000 0000000000000000 4142000000000000 4142000000000000 4142000000000000 4142000000000000
0000000000000000 0000000000000000 0000000000000000 0000000000000000 0000000000000000 0000000000000000
0000000000000000 0000000000000000 0000000000000000 0000000000000000 0000000000000000 0000000000000000
0000000000000000 0000000000000000 0000000000000000 0000000000000000 0000000000000000 0000000000000000
0000000000000000 0000000000000000 0000000000000000 0000000000000000 0000000000000000 0000000000000000
0000000000000000 0000000000000000 0000000000000000 0000000000000000 0000000000000000 0000000000000000
0000000000000000 0000000000000000 0000000000000000 0000000000000000 0000000000000000 0000000000000000
0000000000000000 0000000000000000 3ff0000000000000 3ff0000000000000 3ff0000000000000 3ff0000000000000
0000000000000000 0000000000000000 3ff0000000000000 3ff0000000000000 3ff0000000000000 3ff0000000000000
0000000000000000 0000000000000000 4022000000000000 4022000000000000 4022000000000000 4022000000000000
0000000000000000 0000000000000000 4022000000000000 4022000000000000 4022000000000000 4022000000000000
0000000000000000 0000000000000000 0000000000000000 0000000000000000 0000000000000000 0000000000000000
0000000000000000 0000000000000000 0000000000000000 0000000000000000 0000000000000000 0000000000000000
0000000000000000 0000000000000000 4142000000000000 4142000000000000 4142000000000000 4142000000000000
0000000000000000 0000000000000000 4142000000000000 4142000000000000 4142000000000000 4142000000000000
0000000000000000 0000000000000000 0000000000000000 0000000000000000 0000000000000000 0000000000000000
0000000000000000 0000000000000000 0000000000000000 0000000000000000 0000000000000000 0000000000000000
0000000000000000 0000000000000000 0000000000000000 0000000000000000 0000000000000000 0000000000000000
0000000000000000 0000000000000000 0000000000000000 0000000000000000 0000000000000000 0000000000000000
0000000000000000 0000000000000000 0000000000000000 0000000000000000 0000000000000000 0000000000000000
0000000000000000 0000000000000000 0000000000000000 0000000000000000 0000000000000000 0000000000000000
0000000000000000 0000000000000000 3ff0000000000000 3ff0000000000000 3ff0000000000000 3ff0000000000000
0000000000000000 0000000000000000 3ff0000000000000 3ff0000000000000 3ff0000000000000 3ff0000000000000
0000000000000000 0000000000000000 4022000000000000 4022000000000000 4022000000000000 4022000000000000
0000000000000000 0000000000000000 4022000000000000 4022000000000000 4022000000000000 4022000000000000
0000000000000000 0000000000000000 0000000000000000 0000000000000000 0000000000000000 0000000000000000
0000000000000000 0000000000000000 0000000000000000 0000000000000000 0000000000000000 0000000000000000
0000000000000000 0000000000000000 4142000000000000 4142000000000000 4142000000000000 4142000000000000
0000000000000000 0000000000000000 4142000000000000 4142000000000000 4142000000000000 4142000000000000
0000000000000000 0000000000000000 0000000000000000 0000000000000000 0000000000000000 0000000000000000
0000000000000000 0000000000000000 0000000000000000 0000000000000000 0000000000000000 0000000000000000
0000000000000000 0000000000000000 0000000000000000 0000000000000000 0000000000000000 0000000000000000
0000000000000000 0000000000000000 0000000000000000 0000000000000000 0000000000000000 0000000000000000
0000000000000000 0000000000000000 0000000000000000 0000000000000000 0000000000000000 0000000000000000
0000000000000000 0000000000000000 0000000000000000 0000000000000000 0000000000000000 0000000000000000
0000000000000000 0000000000000000 3ff0000000000000 3ff0000000000000 3ff0000000000000 3ff0000000000000
0000000000000000 0000000000000000 3ff0000000000000 3ff0000000000000 3ff0000000000000 3ff0000000000000
0000000000000000 0000000000000000 4022000000000000 4022000000000000 4022000000000000 4022000000000000
0000000000000000 0000000000000000 4022000000000000 4022000000000000 4022000000000000 4022000000000000
0000000000000000 0000000000000000 0000000000000000 0000000000000000 0000000000000000 0000000000000000
0000000000000000 0000000000000000 0000000000000000 0000000000000000 0000000000000000 0000000000000000
0000000000000000 0000000000000000 4142000000000000 4142000000000000 4142000000000000 4142000000000000
0000000000000000 0000000000000000 4142000000000000 4142000000000000 4142000000000000 4142000000000000
3ff0000000000000 3ff0000000000000 0000000000000000 0000000000000000 3ff0000000000000 3ff0000000000000
3ff0000000000000 3ff0000000000000 0000000000000000 0000000000000000 3ff0000000000000 3ff0000000000000
3ff0000000000000 3ff0000000000000 0000000000000000 0000000000000000 3ff0000000000000 3ff0000000000000
3ff0000000000000 3ff0000000000000 0000000000000000 0000000000000000 3ff0000000000000 3ff0000000000000
3ff0000000000000 3ff0000000000000 0000000000000000 0000000000000000 3ff0000000000000 3ff0000000000000
3ff0000000000000 3ff0000000000000 0000000000000000 0000000000000000 3ff0000000000000 3ff0000000000000
3ff0000000000000 3ff0000000000000 3ff0000000000000 3ff0000000000000 4000000000000000 4000000000000000
3ff0000000000000 3ff0000000000000 3ff0000000000000 3ff0000000000000 4000000000000000 4000000000000000
3ff0000000000000 3ff0000000000000 4022000000000000 4022000000000000 4024000000000000 4024000000000000
3ff0000000000000 3ff0000000000000 4022000000000000 4022000000000000 4024000000000000 4024000000000000
3ff0000000000000 3ff0000000000000 0000000000000000 0000000000000000 3ff0000000000000 3ff0000000000000
3ff0000000000000 3ff0000000000000 0000000000000000 0000000000000000 3ff0000000000000 3ff0000000000000
3ff0000000000000 3ff0000000000000 4142000000000000 4142000000000000 4142000080000000 4142000080000000
3ff0000000000000 3ff0000000000000 4142000000000000 4142000000000000 4142000080000000 4142000080000000
3ff0000000000000 3ff0000000000000 0000000000000000 0000000000000000 3ff0000000000000 3ff0000000000000
3ff0000000000000 3ff0000000000000 0000000000000000 0000000000000000 3ff0000000000000 3ff0000000000000
3ff0000000000000 3ff0000000000000 0000000000000000 0000000000000000 3ff0000000000000 3ff0000000000000
3ff0000000000000 3ff0000000000000 0000000000000000 0000000000000000 3ff0000000000000 3ff0000000000000
3ff0000000000000 3ff0000000000000 0000000000000000 0000000000000000 3ff0000000000000 3ff0000000000000
3ff0000000000000 3ff0000000000000 0000000000000000 0000000000000000 3ff0000000000000 3ff0000000000000
3ff0000000000000 3ff0000000000000 3ff0000000000000 3ff0000000000000 4000000000000000 4000000000000000
3ff0000000000000 3ff0000000000000 3ff0000000000000 3ff0000000000000 4000000000000000 4000000000000000
3ff0000000000000 3ff0000000000000 4022000000000000 4022000000000000 4024000000000000 4024000000000000
3ff0000000000000 3ff0000000000000 4022000000000000 4022000000000000 4024000000000000 4024000000000000
3ff0000000000000 3ff0000000000000 0000000000000000 0000000000000000 3ff0000000000000 3ff0000000000000
3ff0000000000000 3ff0000000000000 0000000000000000 0000000000000000 3ff0000000000000 3ff0000000000000
3ff0000000000000 3ff0000000000000 4142000000000000 4142000000000000 4142000080000000 4142000080000000
3ff0000000000000 3ff0000000000000 4142000000000000 4142000000000000 4142000080000000 4142000080000000
4022000000000000 4022000000000000 0000000000000000 0000000000000000 4022000000000000 4022000000000000
4022000000000000 4022000000000000 0000000000000000 0000000000000000 4022000000000000 4022000000000000
4022000000000000 4022000000000000 0000000000000000 0000000000000000 4022000000000000 4022000000000000
4022000000000000 4022000000000000 0000000000000000 0000000000000000 4022000000000000 4022000000000000
4022000000000000 4022000000000000 0000000000000000 0000000000000000 4022000000000000 4022000000000000
4022000000000000 4022000000000000 0000000000000000 0000000000000000 4022000000000000 4022000000000000
4022000000000000 4022000000000000 3ff0000000000000 3ff0000000000000 4024000000000000 4024000000000000
4022000000000000 4022000000000000 3ff0000000000000 3ff0000000000000 4024000000000000 4024000000000000
4022000000000000 4022000000000000 4022000000000000 4022000000000000 4032000000000000 4032000000000000
4022000000000000 4022000000000000 4022000000000000 4022000000000000 4032000000000000 4032000000000000
4022000000000000 4022000000000000 0000000000000000 0000000000000000 4022000000000000 4022000000000000
4022000000000000 4022000000000000 0000000000000000 0000000000000000 4022000000000000 4022000000000000
4022000000000000 4022000000000000 4142000000000000 4142000000000000 4142000480000000 4142000480000000
4022000000000000 4022000000000000 4142000000000000 4142000000000000 4142000480000000 4142000480000000
4022000000000000 4022000000000000 0000000000000000 0000000000000000 4022000000000000 4022000000000000
4022000000000000 4022000000000000 0000000000000000 0000000000000000 4022000000000000 4022000000000000
4022000000000000 4022000000000000 0000000000000000 0000000000000000 4022000000000000 4022000000000000
4022000000000000 4022000000000000 0000000000000000 0000000000000000 4022000000000000 4022000000000000
4022000000000000 4022000000000000 0000000000000000 0000000000000000 4022000000000000 4022000000000000
4022000000000000 4022000000000000 0000000000000000 0000000000000000 4022000000000000 4022000000000000
4022000000000000 4022000000000000 3ff0000000000000 3ff0000000000000 4024000000000000 4024000000000000
4022000000000000 4022000000000000 3ff0000000000000 3ff0000000000000 4024000000000000 4024000000000000
4022000000000000 4022000000000000 4022000000000000 4022000000000000 4032000000000000 4032000000000000
4022000000000000 4022000000000000 4022000000000000 4022000000000000 4032000000000000 4032000000000000
4022000000000000 4022000000000000 0000000000000000 0000000000000000 4022000000000000 4022000000000000
4022000000000000 4022000000000000 0000000000000000 0000000000000000 4022000000000000 4022000000000000
4022000000000000 4022000000000000 4142000000000000 4142000000000000 4142000480000000 4142000480000000
4022000000000000 4022000000000000 4142000000000000 4142000000000000 4142000480000000 4142000480000000
0000000000000000 0000000000000000 0000000000000000 0000000000000000 0000000000000000 0000000000000000
0000000000000000 0000000000000000 0000000000000000 0000000000000000 0000000000000000 0000000000000000
0000000000000000 0000000000000000 0000000000000000 0000000000000000 0000000000000000 0000000000000000
0000000000000000 0000000000000000 0000000000000000 0000000000000000 0000000000000000 0000000000000000
0000000000000000 0000000000000000 0000000000000000 0000000000000000 0000000000000000 0000000000000000
0000000000000000 0000000000000000 0000000000000000 0000000000000000 0000000000000000 0000000000000000
0000000000000000 0000000000000000 3ff0000000000000 3ff0000000000000 3ff0000000000000 3ff0000000000000
0000000000000000 0000000000000000 3ff0000000000000 3ff0000000000000 3ff0000000000000 3ff0000000000000
0000000000000000 0000000000000000 4022000000000000 4022000000000000 4022000000000000 4022000000000000
0000000000000000 0000000000000000 4022000000000000 4022000000000000 4022000000000000 4022000000000000
0000000000000000 0000000000000000 0000000000000000 0000000000000000 0000000000000000 0000000000000000
0000000000000000 0000000000000000 0000000000000000 0000000000000000 0000000000000000 0000000000000000
0000000000000000 0000000000000000 4142000000000000 4142000000000000 4142000000000000 4142000000000000
0000000000000000 0000000000000000 4142000000000000 4142000000000000 4142000000000000 4142000000000000
0000000000000000 0000000000000000 0000000000000000 0000000000000000 0000000000000000 0000000000000000
0000000000000000 0000000000000000 0000000000000000 0000000000000000 0000000000000000 0000000000000000
0000000000000000 0000000000000000 0000000000000000 0000000000000000 0000000000000000 0000000000000000
0000000000000000 0000000000000000 0000000000000000 0000000000000000 0000000000000000 0000000000000000
0000000000000000 0000000000000000 0000000000000000 0000000000000000 0000000000000000 0000000000000000
0000000000000000 0000000000000000 0000000000000000 0000000000000000 0000000000000000 0000000000000000
0000000000000000 0000000000000000 3ff0000000000000 3ff0000000000000 3ff0000000000000 3ff0000000000000
0000000000000000 0000000000000000 3ff0000000000000 3ff0000000000000 3ff0000000000000 3ff0000000000000
0000000000000000 0000000000000000 4022000000000000 4022000000000000 4022000000000000 4022000000000000
0000000000000000 0000000000000000 4022000000000000 4022000000000000 4022000000000000 4022000000000000
0000000000000000 0000000000000000 0000000000000000 0000000000000000 0000000000000000 0000000000000000
0000000000000000 0000000000000000 0000000000000000 0000000000000000 0000000000000000 0000000000000000
0000000000000000 0000000000000000 4142000000000000 4142000000000000 4142000000000000 4142000000000000
0000000000000000 0000000000000000 4142000000000000 4142000000000000 4142000000000000 4142000000000000
4142000000000000 4142000000000000 0000000000000000 0000000000000000 4142000000000000 4142000000000000
4142000000000000 4142000000000000 0000000000000000 0000000000000000 4142000000000000 4142000000000000
4142000000000000 4142000000000000 0000000000000000 0000000000000000 4142000000000000 4142000000000000
4142000000000000 4142000000000000 0000000000000000 0000000000000000 4142000000000000 4142000000000000
4142000000000000 4142000000000000 0000000000000000 0000000000000000 4142000000000000 4142000000000000
4142000000000000 4142000000000000 0000000000000000 0000000000000000 4142000000000000 4142000000000000
4142000000000000 4142000000000000 3ff0000000000000 3ff0000000000000 4142000080000000 4142000080000000
4142000000000000 4142000000000000 3ff0000000000000 3ff0000000000000 4142000080000000 4142000080000000
4142000000000000 4142000000000000 4022000000000000 4022000000000000 4142000480000000 4142000480000000
4142000000000000 4142000000000000 4022000000000000 4022000000000000 4142000480000000 4142000480000000
4142000000000000 4142000000000000 0000000000000000 0000000000000000 4142000000000000 4142000000000000
4142000000000000 4142000000000000 0000000000000000 0000000000000000 4142000000000000 4142000000000000
4142000000000000 4142000000000000 4142000000000000 4142000000000000 4152000000000000 4152000000000000
4142000000000000 4142000000000000 4142000000000000 4142000000000000 4152000000000000 4152000000000000
4142000000000000 4142000000000000 0000000000000000 0000000000000000 4142000000000000 4142000000000000
4142000000000000 4142000000000000 0000000000000000 0000000000000000 4142000000000000 4142000000000000
4142000000000000 4142000000000000 0000000000000000 0000000000000000 4142000000000000 4142000000000000
4142000000000000 4142000000000000 0000000000000000 0000000000000000 4142000000000000 4142000000000000
4142000000000000 4142000000000000 0000000000000000 0000000000000000 4142000000000000 4142000000000000
4142000000000000 4142000000000000 0000000000000000 0000000000000000 4142000000000000 4142000000000000
4142000000000000 4142000000000000 3ff0000000000000 3ff0000000000000 4142000080000000 4142000080000000
4142000000000000 4142000000000000 3ff0000000000000 3ff0000000000000 4142000080000000 4142000080000000
4142000000000000 4142000000000000 4022000000000000 4022000000000000 4142000480000000 4142000480000000
4142000000000000 4142000000000000 4022000000000000 4022000000000000 4142000480000000 4142000480000000
4142000000000000 4142000000000000 0000000000000000 0000000000000000 4142000000000000 4142000000000000
4142000000000000 4142000000000000 0000000000000000 0000000000000000 4142000000000000 4142000000000000
4142000000000000 4142000000000000 4142000000000000 4142000000000000 4152000000000000 4152000000000000
4142000000000000 4142000000000000 4142000000000000 4142000000000000 4152000000000000 4152000000000000
