kernel 0 25.092
normal 0 3.51
sanitizers 0 6.176
model_values 0 0.371
numeric 0 1.513
emitted 0 1.7
oracle 0 1.52
binding 0 0.064
ledger 0 0.048
toolchain 0 1.417
{
  "status": "FRESH_REPLAY_PASS",
  "mode": "rehearsal",
  "expected_outputs_sha256": null,
  "local_proof_kind": "MIXED_KERNEL_AND_UNIVERSAL_ANALYTICAL_SOURCE_PROOF",
  "full_root_theorem_kernelized": false,
  "no_carried_olean_binary_cache": true,
  "originals_required": false,
  "asan_ubsan_replayed": true,
  "H3_range_proved": false,
  "global_reachability_proved": false,
  "full_internal_tree_proved": false,
  "sampler_law_proved": false,
  "semantic_manifest_sha256": "1964516eab731ba96243be8544930d2cff6198a677d24e90d55b52c9637bf60b",
  "matched_files": 131
}
