formal/RootDiv.lean:11:23: warning: This simp argument is unused:
  Prod.fst

Hint: Omit it from the simp argument list.
  [apply] simp only

Note: This linter can be disabled with `set_option linter.unusedSimpArgs false`
formal/RootDiv.lean:17:15: warning: This simp argument is unused:
  Prod.fst

Hint: Omit it from the simp argument list.
  [apply] simp only [Prod.snd, Nat.mul_add, Nat.add_mul, Nat.mul_assoc, Nat.one_mul]

Note: This linter can be disabled with `set_option linter.unusedSimpArgs false`
formal/RootDiv.lean:17:24: warning: This simp argument is unused:
  Prod.snd

Hint: Omit it from the simp argument list.
  [apply] simp only [Prod.fst, Nat.mul_add, Nat.add_mul, Nat.mul_assoc, Nat.one_mul]

Note: This linter can be disabled with `set_option linter.unusedSimpArgs false`
formal/RootDiv.lean:19:15: warning: This simp argument is unused:
  Prod.fst

Hint: Omit it from the simp argument list.
  [apply] simp only [Prod.snd, Nat.mul_add, Nat.mul_assoc]

Note: This linter can be disabled with `set_option linter.unusedSimpArgs false`
formal/RootDiv.lean:19:24: warning: This simp argument is unused:
  Prod.snd

Hint: Omit it from the simp argument list.
  [apply] simp only [Prod.fst, Nat.mul_add, Nat.mul_assoc]

Note: This linter can be disabled with `set_option linter.unusedSimpArgs false`
RootDiv 0 0.375
RootFrame 0 0.308
RootBounds 0 0.325
formal/RootModel.lean:24:11: error(lean.unknownIdentifier): Unknown constant `IO.getArgs`
RootModel 1 0.287
