{
  "status": "H3_ROOT_LDL_PROVED_FOR_PINNED_MODEL",
  "rows": 11,
  "constants": {
    "fft_component_error_fg": "1/67108864",
    "fft_component_error_FG": "1/32768",
    "gram_error_A": "1/1024",
    "gram_error_C_norm": "1",
    "gram_error_J": "1024",
    "fft_component_abs_fg": "103079215105/67108864",
    "fft_component_abs_FG": "103028883457/32768",
    "source_g10_norm_upper": "34359738368",
    "source_g11_real_lower": "1/8",
    "source_g11_real_upper": "35184372088832",
    "source_g00_real_lower": "1/2",
    "source_g00_real_upper": "8388608",
    "source_L_norm_upper": "33554432",
    "L_error_norm_upper": "16384",
    "source_D_real_lower": "32",
    "source_D_real_upper": "2147483648",
    "source_D_error_norm_upper": "4194304",
    "source_D_imag_abs_upper": "32"
  },
  "H3_range_proved": false,
  "global_reachability_proved": false,
  "full_internal_tree_proved": false,
  "sampler_law_proved": false,
  "security_reduction_proved": false,
  "baseline_source_integrated": true,
  "source_changed": false,
  "new_source_patch_integrated": false,
  "protocol_wrapper_integrated": false,
  "owner_accepted": false
}
