formal/RootDiv.lean:11:23: warning: This simp argument is unused:
  Prod.fst

Hint: Omit it from the simp argument list.
  [apply] simp only

Note: This linter can be disabled with `set_option linter.unusedSimpArgs false`
formal/RootDiv.lean:17:15: warning: This simp argument is unused:
  Prod.fst

Hint: Omit it from the simp argument list.
  [apply] simp only [Prod.snd, Nat.mul_add, Nat.add_mul, Nat.mul_assoc, Nat.one_mul]

Note: This linter can be disabled with `set_option linter.unusedSimpArgs false`
formal/RootDiv.lean:17:24: warning: This simp argument is unused:
  Prod.snd

Hint: Omit it from the simp argument list.
  [apply] simp only [Prod.fst, Nat.mul_add, Nat.add_mul, Nat.mul_assoc, Nat.one_mul]

Note: This linter can be disabled with `set_option linter.unusedSimpArgs false`
formal/RootDiv.lean:19:15: warning: This simp argument is unused:
  Prod.fst

Hint: Omit it from the simp argument list.
  [apply] simp only [Prod.snd, Nat.mul_add, Nat.mul_assoc]

Note: This linter can be disabled with `set_option linter.unusedSimpArgs false`
formal/RootDiv.lean:19:24: warning: This simp argument is unused:
  Prod.snd

Hint: Omit it from the simp argument list.
  [apply] simp only [Prod.fst, Nat.mul_add, Nat.mul_assoc]

Note: This linter can be disabled with `set_option linter.unusedSimpArgs false`
