{
  "status": "PASS_QQ_RBF_ORACLE_CONTROLS",
  "branches": [
    {
      "branch": 0,
      "all_frequencies": 256,
      "projected_H_pivots_checked": true,
      "split_and_independent_reference_checked": true,
      "max_real_D11_round_error": "3290580701201523/12895213354242062241759232",
      "max_real_D22_round_error": "375155767933966960437078255953350693/951498631901890513381499086629680666179010560",
      "max_imag_observed": "1/8589934592"
    },
    {
      "branch": 1,
      "all_frequencies": 256,
      "projected_H_pivots_checked": true,
      "split_and_independent_reference_checked": true,
      "max_real_D11_round_error": "8196863206062919/100745554626525433692160",
      "max_real_D22_round_error": "829363235452234245834327510425/7120342497210344410191549239759208448",
      "max_imag_observed": "3190049736054101/562949953421312"
    }
  ],
  "frequency_cases": 512,
  "output_complex_values": 4096,
  "host_double_used": false,
  "scope": "Public synthetic envelope instances, not emitted/P_key witnesses. Universal proof is analytic plus exact parameter certificate.",
  "inputs": {
    "checks/branch0_normal.txt": "f4daf338896ee629de42f78aaefe56aaf7fe92235e55376cae49e9493c88f105",
    "checks/branch1_normal.txt": "c09a44880a126d82e2d3872e72a3f2f7f573559d1f2cb9c20e7eedb1b96b7fea"
  }
}
