/home/footfalcon/free_falcon_sign/proofs/ft1536/work/B20_001/P02/run/fpr_spec_008/source/B20/Fpr/Spec.lean:35:34: error: unsolved goals
x : BitVec 64
⊢ ((declareMany
          { types := fun x => if x = ['x'] then some Ty.u64 else none,
            values := update (fun x => none) ['x'] (Val.u64 x) }
          Ty.u32 [['t']]).bind
      fun __do_lift =>
      ((__do_lift.values ['x']).bind fun __do_lift_1 =>
            (match
                  match __do_lift_1 with
                  | Val.u64 x =>
                    match
                      match
                        match __do_lift_1 with
                        | Val.u64 bits => Ty.u64
                        | Val.i64 bits => Ty.i64
                        | Val.i32 bits => Ty.i32
                        | Val.u32 bits => Ty.u32,
                        Ty.u64 with
                      | Ty.u64, x => Ty.u64
                      | x, Ty.u64 => Ty.u64
                      | Ty.i64, x => Ty.i64
                      | x, Ty.i64 => Ty.i64
                      | Ty.u32, x => Ty.u32
                      | x, Ty.u32 => Ty.u32
                      | Ty.i32, Ty.i32 => Ty.i32 with
                    | Ty.u64 => Val.u64 x
                    | Ty.i64 => Val.i64 x
                    | Ty.i32 => Val.i32 (BitVec.setWidth 32 x)
                    | Ty.u32 => Val.u32 (BitVec.setWidth 32 x)
                  | Val.i64 x =>
                    match
                      match
                        match __do_lift_1 with
                        | Val.u64 bits => Ty.u64
                        | Val.i64 bits => Ty.i64
                        | Val.i32 bits => Ty.i32
                        | Val.u32 bits => Ty.u32,
                        Ty.u64 with
                      | Ty.u64, x => Ty.u64
                      | x, Ty.u64 => Ty.u64
                      | Ty.i64, x => Ty.i64
                      | x, Ty.i64 => Ty.i64
                      | Ty.u32, x => Ty.u32
                      | x, Ty.u32 => Ty.u32
                      | Ty.i32, Ty.i32 => Ty.i32 with
                    | Ty.u64 => Val.u64 x
                    | Ty.i64 => Val.i64 x
                    | Ty.i32 => Val.i32 (BitVec.setWidth 32 x)
                    | Ty.u32 => Val.u32 (BitVec.setWidth 32 x)
                  | Val.i32 x =>
                    match
                      match
                        match __do_lift_1 with
                        | Val.u64 bits => Ty.u64
                        | Val.i64 bits => Ty.i64
                        | Val.i32 bits => Ty.i32
                        | Val.u32 bits => Ty.u32,
                        Ty.u64 with
                      | Ty.u64, x => Ty.u64
                      | x, Ty.u64 => Ty.u64
                      | Ty.i64, x => Ty.i64
                      | x, Ty.i64 => Ty.i64
                      | Ty.u32, x => Ty.u32
                      | x, Ty.u32 => Ty.u32
                      | Ty.i32, Ty.i32 => Ty.i32 with
                    | Ty.u64 => Val.u64 (BitVec.signExtend 64 x)
                    | Ty.i64 => Val.i64 (BitVec.signExtend 64 x)
                    | Ty.i32 => Val.i32 x
                    | Ty.u32 => Val.u32 x
                  | Val.u32 x =>
                    match
                      match
                        match __do_lift_1 with
                        | Val.u64 bits => Ty.u64
                        | Val.i64 bits => Ty.i64
                        | Val.i32 bits => Ty.i32
                        | Val.u32 bits => Ty.u32,
                        Ty.u64 with
                      | Ty.u64, x => Ty.u64
                      | x, Ty.u64 => Ty.u64
                      | Ty.i64, x => Ty.i64
                      | x, Ty.i64 => Ty.i64
                      | Ty.u32, x => Ty.u32
                      | x, Ty.u32 => Ty.u32
                      | Ty.i32, Ty.i32 => Ty.i32 with
                    | Ty.u64 => Val.u64 (BitVec.setWidth 64 x)
                    | Ty.i64 => Val.i64 (BitVec.setWidth 64 x)
                    | Ty.i32 => Val.i32 x
                    | Ty.u32 => Val.u32 x,
                  match
                    match
                      match __do_lift_1 with
                      | Val.u64 bits => Ty.u64
                      | Val.i64 bits => Ty.i64
                      | Val.i32 bits => Ty.i32
                      | Val.u32 bits => Ty.u32,
                      Ty.u64 with
                    | Ty.u64, x => Ty.u64
                    | x, Ty.u64 => Ty.u64
                    | Ty.i64, x => Ty.i64
                    | x, Ty.i64 => Ty.i64
                    | Ty.u32, x => Ty.u32
                    | x, Ty.u32 => Ty.u32
                    | Ty.i32, Ty.i32 => Ty.i32 with
                  | Ty.u64 => Val.u64 4503599627370496#64
                  | Ty.i64 => Val.i64 4503599627370496#64
                  | Ty.i32 => Val.i32 0#32
                  | Ty.u32 => Val.u32 0#32 with
                | Val.u64 a, Val.u64 b => some (Val.u64 (a - b))
                | Val.i64 a, Val.i64 b => Option.map Val.i64 (C.signedBitsOp BinOp.sub a b)
                | Val.i32 a, Val.i32 b => Option.map Val.i32 (C.signedBitsOp BinOp.sub a b)
                | Val.u32 a, Val.u32 b => some (Val.u32 (a - b))
                | x, x_1 => none).bind
              fun __do_lift_2 =>
              (__do_lift.types ['x']).bind fun ty =>
                some
                  { types := __do_lift.types,
                    values :=
                      update __do_lift.values ['x']
                        (match __do_lift_2 with
                        | Val.u64 x =>
                          match ty with
                          | Ty.u64 => Val.u64 x
                          | Ty.i64 => Val.i64 x
                          | Ty.i32 => Val.i32 (BitVec.setWidth 32 x)
                          | Ty.u32 => Val.u32 (BitVec.setWidth 32 x)
                        | Val.i64 x =>
                          match ty with
                          | Ty.u64 => Val.u64 x
                          | Ty.i64 => Val.i64 x
                          | Ty.i32 => Val.i32 (BitVec.setWidth 32 x)
                          | Ty.u32 => Val.u32 (BitVec.setWidth 32 x)
                        | Val.i32 x =>
                          match ty with
                          | Ty.u64 => Val.u64 (BitVec.signExtend 64 x)
                          | Ty.i64 => Val.i64 (BitVec.signExtend 64 x)
                          | Ty.i32 => Val.i32 x
                          | Ty.u32 => Val.u32 x
                        | Val.u32 x =>
                          match ty with
                          | Ty.u64 => Val.u64 (BitVec.setWidth 64 x)
                          | Ty.i64 => Val.i64 (BitVec.setWidth 64 x)
                          | Ty.i32 => Val.i32 x
                          | Ty.u32 => Val.u32 x) }).bind
        fun __do_lift =>
        ((((((__do_lift.values ['x']).bind fun a =>
                              Option.map (C.cast Ty.u32)
                                (match a with
                                | Val.u64 x => some (Val.u64 (x >>> 52))
                                | Val.i64 x => some (Val.i64 (x.sshiftRight 52))
                                | Val.i32 x => none
                                | Val.u32 x => none)).bind
                          fun __do_lift =>
                          match
                            match __do_lift with
                            | Val.u64 x =>
                              match
                                match
                                  match __do_lift with
                                  | Val.u64 bits => Ty.u64
                                  | Val.i64 bits => Ty.i64
                                  | Val.i32 bits => Ty.i32
                                  | Val.u32 bits => Ty.u32,
                                  Ty.i32 with
                                | Ty.u64, x => Ty.u64
                                | x, Ty.u64 => Ty.u64
                                | Ty.i64, x => Ty.i64
                                | x, Ty.i64 => Ty.i64
                                | Ty.u32, x => Ty.u32
                                | x, Ty.u32 => Ty.u32
                                | Ty.i32, Ty.i32 => Ty.i32 with
                              | Ty.u64 => Val.u64 x
                              | Ty.i64 => Val.i64 x
                              | Ty.i32 => Val.i32 (BitVec.setWidth 32 x)
                              | Ty.u32 => Val.u32 (BitVec.setWidth 32 x)
                            | Val.i64 x =>
                              match
                                match
                                  match __do_lift with
                                  | Val.u64 bits => Ty.u64
                                  | Val.i64 bits => Ty.i64
                                  | Val.i32 bits => Ty.i32
                                  | Val.u32 bits => Ty.u32,
                                  Ty.i32 with
                                | Ty.u64, x => Ty.u64
                                | x, Ty.u64 => Ty.u64
                                | Ty.i64, x => Ty.i64
                                | x, Ty.i64 => Ty.i64
                                | Ty.u32, x => Ty.u32
                                | x, Ty.u32 => Ty.u32
                                | Ty.i32, Ty.i32 => Ty.i32 with
                              | Ty.u64 => Val.u64 x
                              | Ty.i64 => Val.i64 x
                              | Ty.i32 => Val.i32 (BitVec.setWidth 32 x)
                              | Ty.u32 => Val.u32 (BitVec.setWidth 32 x)
                            | Val.i32 x =>
                              match
                                match
                                  match __do_lift with
                                  | Val.u64 bits => Ty.u64
                                  | Val.i64 bits => Ty.i64
                                  | Val.i32 bits => Ty.i32
                                  | Val.u32 bits => Ty.u32,
                                  Ty.i32 with
                                | Ty.u64, x => Ty.u64
                                | x, Ty.u64 => Ty.u64
                                | Ty.i64, x => Ty.i64
                                | x, Ty.i64 => Ty.i64
                                | Ty.u32, x => Ty.u32
                                | x, Ty.u32 => Ty.u32
                                | Ty.i32, Ty.i32 => Ty.i32 with
                              | Ty.u64 => Val.u64 (BitVec.signExtend 64 x)
                              | Ty.i64 => Val.i64 (BitVec.signExtend 64 x)
                              | Ty.i32 => Val.i32 x
                              | Ty.u32 => Val.u32 x
                            | Val.u32 x =>
                              match
                                match
                                  match __do_lift with
                                  | Val.u64 bits => Ty.u64
                                  | Val.i64 bits => Ty.i64
                                  | Val.i32 bits => Ty.i32
                                  | Val.u32 bits => Ty.u32,
                                  Ty.i32 with
                                | Ty.u64, x => Ty.u64
                                | x, Ty.u64 => Ty.u64
                                | Ty.i64, x => Ty.i64
                                | x, Ty.i64 => Ty.i64
                                | Ty.u32, x => Ty.u32
                                | x, Ty.u32 => Ty.u32
                                | Ty.i32, Ty.i32 => Ty.i32 with
                              | Ty.u64 => Val.u64 (BitVec.setWidth 64 x)
                              | Ty.i64 => Val.i64 (BitVec.setWidth 64 x)
                              | Ty.i32 => Val.i32 x
                              | Ty.u32 => Val.u32 x,
                            match
                              match
                                match __do_lift with
                                | Val.u64 bits => Ty.u64
                                | Val.i64 bits => Ty.i64
                                | Val.i32 bits => Ty.i32
                                | Val.u32 bits => Ty.u32,
                                Ty.i32 with
                              | Ty.u64, x => Ty.u64
                              | x, Ty.u64 => Ty.u64
                              | Ty.i64, x => Ty.i64
                              | x, Ty.i64 => Ty.i64
                              | Ty.u32, x => Ty.u32
                              | x, Ty.u32 => Ty.u32
                              | Ty.i32, Ty.i32 => Ty.i32 with
                            | Ty.u64 => Val.u64 2047#64
                            | Ty.i64 => Val.i64 2047#64
                            | Ty.i32 => Val.i32 2047#32
                            | Ty.u32 => Val.u32 2047#32 with
                          | Val.u64 a, Val.u64 b => some (Val.u64 (a &&& b))
                          | Val.i64 a, Val.i64 b => Option.map Val.i64 (C.signedBitsOp BinOp.band a b)
                          | Val.i32 a, Val.i32 b => Option.map Val.i32 (C.signedBitsOp BinOp.band a b)
                          | Val.u32 a, Val.u32 b => some (Val.u32 (a &&& b))
                          | x, x_1 => none).bind
                      fun __do_lift =>
                      match
                        match __do_lift with
                        | Val.u64 x =>
                          match
                            match
                              match __do_lift with
                              | Val.u64 bits => Ty.u64
                              | Val.i64 bits => Ty.i64
                              | Val.i32 bits => Ty.i32
                              | Val.u32 bits => Ty.u32,
                              Ty.i32 with
                            | Ty.u64, x => Ty.u64
                            | x, Ty.u64 => Ty.u64
                            | Ty.i64, x => Ty.i64
                            | x, Ty.i64 => Ty.i64
                            | Ty.u32, x => Ty.u32
                            | x, Ty.u32 => Ty.u32
                            | Ty.i32, Ty.i32 => Ty.i32 with
                          | Ty.u64 => Val.u64 x
                          | Ty.i64 => Val.i64 x
                          | Ty.i32 => Val.i32 (BitVec.setWidth 32 x)
                          | Ty.u32 => Val.u32 (BitVec.setWidth 32 x)
                        | Val.i64 x =>
                          match
                            match
                              match __do_lift with
                              | Val.u64 bits => Ty.u64
                              | Val.i64 bits => Ty.i64
                              | Val.i32 bits => Ty.i32
                              | Val.u32 bits => Ty.u32,
                              Ty.i32 with
                            | Ty.u64, x => Ty.u64
                            | x, Ty.u64 => Ty.u64
                            | Ty.i64, x => Ty.i64
                            | x, Ty.i64 => Ty.i64
                            | Ty.u32, x => Ty.u32
                            | x, Ty.u32 => Ty.u32
                            | Ty.i32, Ty.i32 => Ty.i32 with
                          | Ty.u64 => Val.u64 x
                          | Ty.i64 => Val.i64 x
                          | Ty.i32 => Val.i32 (BitVec.setWidth 32 x)
                          | Ty.u32 => Val.u32 (BitVec.setWidth 32 x)
                        | Val.i32 x =>
                          match
                            match
                              match __do_lift with
                              | Val.u64 bits => Ty.u64
                              | Val.i64 bits => Ty.i64
                              | Val.i32 bits => Ty.i32
                              | Val.u32 bits => Ty.u32,
                              Ty.i32 with
                            | Ty.u64, x => Ty.u64
                            | x, Ty.u64 => Ty.u64
                            | Ty.i64, x => Ty.i64
                            | x, Ty.i64 => Ty.i64
                            | Ty.u32, x => Ty.u32
                            | x, Ty.u32 => Ty.u32
                            | Ty.i32, Ty.i32 => Ty.i32 with
                          | Ty.u64 => Val.u64 (BitVec.signExtend 64 x)
                          | Ty.i64 => Val.i64 (BitVec.signExtend 64 x)
                          | Ty.i32 => Val.i32 x
                          | Ty.u32 => Val.u32 x
                        | Val.u32 x =>
                          match
                            match
                              match __do_lift with
                              | Val.u64 bits => Ty.u64
                              | Val.i64 bits => Ty.i64
                              | Val.i32 bits => Ty.i32
                              | Val.u32 bits => Ty.u32,
                              Ty.i32 with
                            | Ty.u64, x => Ty.u64
                            | x, Ty.u64 => Ty.u64
                            | Ty.i64, x => Ty.i64
                            | x, Ty.i64 => Ty.i64
                            | Ty.u32, x => Ty.u32
                            | x, Ty.u32 => Ty.u32
                            | Ty.i32, Ty.i32 => Ty.i32 with
                          | Ty.u64 => Val.u64 (BitVec.setWidth 64 x)
                          | Ty.i64 => Val.i64 (BitVec.setWidth 64 x)
                          | Ty.i32 => Val.i32 x
                          | Ty.u32 => Val.u32 x,
                        match
                          match
                            match __do_lift with
                            | Val.u64 bits => Ty.u64
                            | Val.i64 bits => Ty.i64
                            | Val.i32 bits => Ty.i32
                            | Val.u32 bits => Ty.u32,
                            Ty.i32 with
                          | Ty.u64, x => Ty.u64
                          | x, Ty.u64 => Ty.u64
                          | Ty.i64, x => Ty.i64
                          | x, Ty.i64 => Ty.i64
                          | Ty.u32, x => Ty.u32
                          | x, Ty.u32 => Ty.u32
                          | Ty.i32, Ty.i32 => Ty.i32 with
                        | Ty.u64 => Val.u64 1#64
                        | Ty.i64 => Val.i64 1#64
                        | Ty.i32 => Val.i32 1#32
                        | Ty.u32 => Val.u32 1#32 with
                      | Val.u64 a, Val.u64 b => some (Val.u64 (a + b))
                      | Val.i64 a, Val.i64 b => Option.map Val.i64 (C.signedBitsOp BinOp.add a b)
                      | Val.i32 a, Val.i32 b => Option.map Val.i32 (C.signedBitsOp BinOp.add a b)
                      | Val.u32 a, Val.u32 b => some (Val.u32 (a + b))
                      | x, x_1 => none).bind
                  fun __do_lift =>
                  match __do_lift with
                  | Val.u64 x => some (Val.u64 (x >>> 11))
                  | Val.i64 x => some (Val.i64 (x.sshiftRight 11))
                  | Val.i32 x => some (Val.i32 (x.sshiftRight 11))
                  | Val.u32 x => some (Val.u32 (x >>> 11))).bind
              fun __do_lift_1 =>
              (__do_lift.types ['t']).bind fun ty =>
                some
                  { types := __do_lift.types,
                    values :=
                      update __do_lift.values ['t']
                        (match __do_lift_1 with
                        | Val.u64 x =>
                          match ty with
                          | Ty.u64 => Val.u64 x
                          | Ty.i64 => Val.i64 x
                          | Ty.i32 => Val.i32 (BitVec.setWidth 32 x)
                          | Ty.u32 => Val.u32 (BitVec.setWidth 32 x)
                        | Val.i64 x =>
                          match ty with
                          | Ty.u64 => Val.u64 x
                          | Ty.i64 => Val.i64 x
                          | Ty.i32 => Val.i32 (BitVec.setWidth 32 x)
                          | Ty.u32 => Val.u32 (BitVec.setWidth 32 x)
                        | Val.i32 x =>
                          match ty with
                          | Ty.u64 => Val.u64 (BitVec.signExtend 64 x)
                          | Ty.i64 => Val.i64 (BitVec.signExtend 64 x)
                          | Ty.i32 => Val.i32 x
                          | Ty.u32 => Val.u32 x
                        | Val.u32 x =>
                          match ty with
                          | Ty.u64 => Val.u64 (BitVec.setWidth 64 x)
                          | Ty.i64 => Val.i64 (BitVec.setWidth 64 x)
                          | Ty.i32 => Val.i32 x
                          | Ty.u32 => Val.u32 x) }).bind
          fun __do_lift =>
          ((__do_lift.values ['x']).bind fun __do_lift_1 =>
                ((Option.map (C.cast Ty.u64) (__do_lift.values ['t'])).bind fun __do_lift =>
                      match
                        match __do_lift with
                        | Val.u64 x =>
                          match
                            match
                              match __do_lift with
                              | Val.u64 bits => Ty.u64
                              | Val.i64 bits => Ty.i64
                              | Val.i32 bits => Ty.i32
                              | Val.u32 bits => Ty.u32,
                              Ty.i32 with
                            | Ty.u64, x => Ty.u64
                            | x, Ty.u64 => Ty.u64
                            | Ty.i64, x => Ty.i64
                            | x, Ty.i64 => Ty.i64
                            | Ty.u32, x => Ty.u32
                            | x, Ty.u32 => Ty.u32
                            | Ty.i32, Ty.i32 => Ty.i32 with
                          | Ty.u64 => Val.u64 x
                          | Ty.i64 => Val.i64 x
                          | Ty.i32 => Val.i32 (BitVec.setWidth 32 x)
                          | Ty.u32 => Val.u32 (BitVec.setWidth 32 x)
                        | Val.i64 x =>
                          match
                            match
                              match __do_lift with
                              | Val.u64 bits => Ty.u64
                              | Val.i64 bits => Ty.i64
                              | Val.i32 bits => Ty.i32
                              | Val.u32 bits => Ty.u32,
                              Ty.i32 with
                            | Ty.u64, x => Ty.u64
                            | x, Ty.u64 => Ty.u64
                            | Ty.i64, x => Ty.i64
                            | x, Ty.i64 => Ty.i64
                            | Ty.u32, x => Ty.u32
                            | x, Ty.u32 => Ty.u32
                            | Ty.i32, Ty.i32 => Ty.i32 with
                          | Ty.u64 => Val.u64 x
                          | Ty.i64 => Val.i64 x
                          | Ty.i32 => Val.i32 (BitVec.setWidth 32 x)
                          | Ty.u32 => Val.u32 (BitVec.setWidth 32 x)
                        | Val.i32 x =>
                          match
                            match
                              match __do_lift with
                              | Val.u64 bits => Ty.u64
                              | Val.i64 bits => Ty.i64
                              | Val.i32 bits => Ty.i32
                              | Val.u32 bits => Ty.u32,
                              Ty.i32 with
                            | Ty.u64, x => Ty.u64
                            | x, Ty.u64 => Ty.u64
                            | Ty.i64, x => Ty.i64
                            | x, Ty.i64 => Ty.i64
                            | Ty.u32, x => Ty.u32
                            | x, Ty.u32 => Ty.u32
                            | Ty.i32, Ty.i32 => Ty.i32 with
                          | Ty.u64 => Val.u64 (BitVec.signExtend 64 x)
                          | Ty.i64 => Val.i64 (BitVec.signExtend 64 x)
                          | Ty.i32 => Val.i32 x
                          | Ty.u32 => Val.u32 x
                        | Val.u32 x =>
                          match
                            match
                              match __do_lift with
                              | Val.u64 bits => Ty.u64
                              | Val.i64 bits => Ty.i64
                              | Val.i32 bits => Ty.i32
                              | Val.u32 bits => Ty.u32,
                              Ty.i32 with
                            | Ty.u64, x => Ty.u64
                            | x, Ty.u64 => Ty.u64
                            | Ty.i64, x => Ty.i64
                            | x, Ty.i64 => Ty.i64
                            | Ty.u32, x => Ty.u32
                            | x, Ty.u32 => Ty.u32
                            | Ty.i32, Ty.i32 => Ty.i32 with
                          | Ty.u64 => Val.u64 (BitVec.setWidth 64 x)
                          | Ty.i64 => Val.i64 (BitVec.setWidth 64 x)
                          | Ty.i32 => Val.i32 x
                          | Ty.u32 => Val.u32 x,
                        match
                          match
                            match __do_lift with
                            | Val.u64 bits => Ty.u64
                            | Val.i64 bits => Ty.i64
                            | Val.i32 bits => Ty.i32
                            | Val.u32 bits => Ty.u32,
                            Ty.i32 with
                          | Ty.u64, x => Ty.u64
                          | x, Ty.u64 => Ty.u64
                          | Ty.i64, x => Ty.i64
                          | x, Ty.i64 => Ty.i64
                          | Ty.u32, x => Ty.u32
                          | x, Ty.u32 => Ty.u32
                          | Ty.i32, Ty.i32 => Ty.i32 with
                        | Ty.u64 => Val.u64 1#64
                        | Ty.i64 => Val.i64 1#64
                        | Ty.i32 => Val.i32 1#32
                        | Ty.u32 => Val.u32 1#32 with
                      | Val.u64 a, Val.u64 b => some (Val.u64 (a - b))
                      | Val.i64 a, Val.i64 b => Option.map Val.i64 (C.signedBitsOp BinOp.sub a b)
                      | Val.i32 a, Val.i32 b => Option.map Val.i32 (C.signedBitsOp BinOp.sub a b)
                      | Val.u32 a, Val.u32 b => some (Val.u32 (a - b))
                      | x, x_1 => none).bind
                  fun __do_lift_2 =>
                  (match
                        match __do_lift_1 with
                        | Val.u64 x =>
                          match
                            match
                              match __do_lift_1 with
                              | Val.u64 bits => Ty.u64
                              | Val.i64 bits => Ty.i64
                              | Val.i32 bits => Ty.i32
                              | Val.u32 bits => Ty.u32,
                              match __do_lift_2 with
                              | Val.u64 bits => Ty.u64
                              | Val.i64 bits => Ty.i64
                              | Val.i32 bits => Ty.i32
                              | Val.u32 bits => Ty.u32 with
                            | Ty.u64, x => Ty.u64
                            | x, Ty.u64 => Ty.u64
                            | Ty.i64, x => Ty.i64
                            | x, Ty.i64 => Ty.i64
                            | Ty.u32, x => Ty.u32
                            | x, Ty.u32 => Ty.u32
                            | Ty.i32, Ty.i32 => Ty.i32 with
                          | Ty.u64 => Val.u64 x
                          | Ty.i64 => Val.i64 x
                          | Ty.i32 => Val.i32 (BitVec.setWidth 32 x)
                          | Ty.u32 => Val.u32 (BitVec.setWidth 32 x)
                        | Val.i64 x =>
                          match
                            match
                              match __do_lift_1 with
                              | Val.u64 bits => Ty.u64
                              | Val.i64 bits => Ty.i64
                              | Val.i32 bits => Ty.i32
                              | Val.u32 bits => Ty.u32,
                              match __do_lift_2 with
                              | Val.u64 bits => Ty.u64
                              | Val.i64 bits => Ty.i64
                              | Val.i32 bits => Ty.i32
                              | Val.u32 bits => Ty.u32 with
                            | Ty.u64, x => Ty.u64
                            | x, Ty.u64 => Ty.u64
                            | Ty.i64, x => Ty.i64
                            | x, Ty.i64 => Ty.i64
                            | Ty.u32, x => Ty.u32
                            | x, Ty.u32 => Ty.u32
                            | Ty.i32, Ty.i32 => Ty.i32 with
                          | Ty.u64 => Val.u64 x
                          | Ty.i64 => Val.i64 x
                          | Ty.i32 => Val.i32 (BitVec.setWidth 32 x)
                          | Ty.u32 => Val.u32 (BitVec.setWidth 32 x)
                        | Val.i32 x =>
                          match
                            match
                              match __do_lift_1 with
                              | Val.u64 bits => Ty.u64
                              | Val.i64 bits => Ty.i64
                              | Val.i32 bits => Ty.i32
                              | Val.u32 bits => Ty.u32,
                              match __do_lift_2 with
                              | Val.u64 bits => Ty.u64
                              | Val.i64 bits => Ty.i64
                              | Val.i32 bits => Ty.i32
                              | Val.u32 bits => Ty.u32 with
                            | Ty.u64, x => Ty.u64
                            | x, Ty.u64 => Ty.u64
                            | Ty.i64, x => Ty.i64
                            | x, Ty.i64 => Ty.i64
                            | Ty.u32, x => Ty.u32
                            | x, Ty.u32 => Ty.u32
                            | Ty.i32, Ty.i32 => Ty.i32 with
                          | Ty.u64 => Val.u64 (BitVec.signExtend 64 x)
                          | Ty.i64 => Val.i64 (BitVec.signExtend 64 x)
                          | Ty.i32 => Val.i32 x
                          | Ty.u32 => Val.u32 x
                        | Val.u32 x =>
                          match
                            match
                              match __do_lift_1 with
                              | Val.u64 bits => Ty.u64
                              | Val.i64 bits => Ty.i64
                              | Val.i32 bits => Ty.i32
                              | Val.u32 bits => Ty.u32,
                              match __do_lift_2 with
                              | Val.u64 bits => Ty.u64
                              | Val.i64 bits => Ty.i64
                              | Val.i32 bits => Ty.i32
                              | Val.u32 bits => Ty.u32 with
                            | Ty.u64, x => Ty.u64
                            | x, Ty.u64 => Ty.u64
                            | Ty.i64, x => Ty.i64
                            | x, Ty.i64 => Ty.i64
                            | Ty.u32, x => Ty.u32
                            | x, Ty.u32 => Ty.u32
                            | Ty.i32, Ty.i32 => Ty.i32 with
                          | Ty.u64 => Val.u64 (BitVec.setWidth 64 x)
                          | Ty.i64 => Val.i64 (BitVec.setWidth 64 x)
                          | Ty.i32 => Val.i32 x
                          | Ty.u32 => Val.u32 x,
                        match __do_lift_2 with
                        | Val.u64 x =>
                          match
                            match
                              match __do_lift_1 with
                              | Val.u64 bits => Ty.u64
                              | Val.i64 bits => Ty.i64
                              | Val.i32 bits => Ty.i32
                              | Val.u32 bits => Ty.u32,
                              match __do_lift_2 with
                              | Val.u64 bits => Ty.u64
                              | Val.i64 bits => Ty.i64
                              | Val.i32 bits => Ty.i32
                              | Val.u32 bits => Ty.u32 with
                            | Ty.u64, x => Ty.u64
                            | x, Ty.u64 => Ty.u64
                            | Ty.i64, x => Ty.i64
                            | x, Ty.i64 => Ty.i64
                            | Ty.u32, x => Ty.u32
                            | x, Ty.u32 => Ty.u32
                            | Ty.i32, Ty.i32 => Ty.i32 with
                          | Ty.u64 => Val.u64 x
                          | Ty.i64 => Val.i64 x
                          | Ty.i32 => Val.i32 (BitVec.setWidth 32 x)
                          | Ty.u32 => Val.u32 (BitVec.setWidth 32 x)
                        | Val.i64 x =>
                          match
                            match
                              match __do_lift_1 with
                              | Val.u64 bits => Ty.u64
                              | Val.i64 bits => Ty.i64
                              | Val.i32 bits => Ty.i32
                              | Val.u32 bits => Ty.u32,
                              match __do_lift_2 with
                              | Val.u64 bits => Ty.u64
                              | Val.i64 bits => Ty.i64
                              | Val.i32 bits => Ty.i32
                              | Val.u32 bits => Ty.u32 with
                            | Ty.u64, x => Ty.u64
                            | x, Ty.u64 => Ty.u64
                            | Ty.i64, x => Ty.i64
                            | x, Ty.i64 => Ty.i64
                            | Ty.u32, x => Ty.u32
                            | x, Ty.u32 => Ty.u32
                            | Ty.i32, Ty.i32 => Ty.i32 with
                          | Ty.u64 => Val.u64 x
                          | Ty.i64 => Val.i64 x
                          | Ty.i32 => Val.i32 (BitVec.setWidth 32 x)
                          | Ty.u32 => Val.u32 (BitVec.setWidth 32 x)
                        | Val.i32 x =>
                          match
                            match
                              match __do_lift_1 with
                              | Val.u64 bits => Ty.u64
                              | Val.i64 bits => Ty.i64
                              | Val.i32 bits => Ty.i32
                              | Val.u32 bits => Ty.u32,
                              match __do_lift_2 with
                              | Val.u64 bits => Ty.u64
                              | Val.i64 bits => Ty.i64
                              | Val.i32 bits => Ty.i32
                              | Val.u32 bits => Ty.u32 with
                            | Ty.u64, x => Ty.u64
                            | x, Ty.u64 => Ty.u64
                            | Ty.i64, x => Ty.i64
                            | x, Ty.i64 => Ty.i64
                            | Ty.u32, x => Ty.u32
                            | x, Ty.u32 => Ty.u32
                            | Ty.i32, Ty.i32 => Ty.i32 with
                          | Ty.u64 => Val.u64 (BitVec.signExtend 64 x)
                          | Ty.i64 => Val.i64 (BitVec.signExtend 64 x)
                          | Ty.i32 => Val.i32 x
                          | Ty.u32 => Val.u32 x
                        | Val.u32 x =>
                          match
                            match
                              match __do_lift_1 with
                              | Val.u64 bits => Ty.u64
                              | Val.i64 bits => Ty.i64
                              | Val.i32 bits => Ty.i32
                              | Val.u32 bits => Ty.u32,
                              match __do_lift_2 with
                              | Val.u64 bits => Ty.u64
                              | Val.i64 bits => Ty.i64
                              | Val.i32 bits => Ty.i32
                              | Val.u32 bits => Ty.u32 with
                            | Ty.u64, x => Ty.u64
                            | x, Ty.u64 => Ty.u64
                            | Ty.i64, x => Ty.i64
                            | x, Ty.i64 => Ty.i64
                            | Ty.u32, x => Ty.u32
                            | x, Ty.u32 => Ty.u32
                            | Ty.i32, Ty.i32 => Ty.i32 with
                          | Ty.u64 => Val.u64 (BitVec.setWidth 64 x)
                          | Ty.i64 => Val.i64 (BitVec.setWidth 64 x)
                          | Ty.i32 => Val.i32 x
                          | Ty.u32 => Val.u32 x with
                      | Val.u64 a, Val.u64 b => some (Val.u64 (a &&& b))
                      | Val.i64 a, Val.i64 b => Option.map Val.i64 (C.signedBitsOp BinOp.band a b)
                      | Val.i32 a, Val.i32 b => Option.map Val.i32 (C.signedBitsOp BinOp.band a b)
                      | Val.u32 a, Val.u32 b => some (Val.u32 (a &&& b))
                      | x, x_1 => none).bind
                    fun __do_lift_3 =>
                    (__do_lift.types ['x']).bind fun ty =>
                      some
                        { types := __do_lift.types,
                          values :=
                            update __do_lift.values ['x']
                              (match __do_lift_3 with
                              | Val.u64 x =>
                                match ty with
                                | Ty.u64 => Val.u64 x
                                | Ty.i64 => Val.i64 x
                                | Ty.i32 => Val.i32 (BitVec.setWidth 32 x)
                                | Ty.u32 => Val.u32 (BitVec.setWidth 32 x)
                              | Val.i64 x =>
                                match ty with
                                | Ty.u64 => Val.u64 x
                                | Ty.i64 => Val.i64 x
                                | Ty.i32 => Val.i32 (BitVec.setWidth 32 x)
                                | Ty.u32 => Val.u32 (BitVec.setWidth 32 x)
                              | Val.i32 x =>
                                match ty with
                                | Ty.u64 => Val.u64 (BitVec.signExtend 64 x)
                                | Ty.i64 => Val.i64 (BitVec.signExtend 64 x)
                                | Ty.i32 => Val.i32 x
                                | Ty.u32 => Val.u32 x
                              | Val.u32 x =>
                                match ty with
                                | Ty.u64 => Val.u64 (BitVec.setWidth 64 x)
                                | Ty.i64 => Val.i64 (BitVec.setWidth 64 x)
                                | Ty.i32 => Val.i32 x
                                | Ty.u32 => Val.u32 x) }).bind
            fun __do_lift => Option.map (C.cast Ty.u64) (__do_lift.values ['x'])) =
    some
      (Val.u64
        (x - 4503599627370496#64 &&&
          BitVec.setWidth 64 ((BitVec.setWidth 32 (x >>> 52) &&& 2047#32) + 1#32) >>> 11 - 1#64))
/home/footfalcon/free_falcon_sign/proofs/ft1536/work/B20_001/P02/run/fpr_spec_008/source/B20/Fpr/Spec.lean:38:63: warning: This simp argument is unused:
  update

Hint: Omit it from the simp argument list.
  [apply] simp [B20.C.Scalar.execute, Parsed.halfProgram, bindArgs, emptyState, declareOne, assign, evalBody,
    B20.C.Scalar.step, B20.C.Scalar.evalExpr, halfSpec, bin, shift, bitsOp, commonTy, Val.ty, B20.C.cast, literalValue]

Note: This linter can be disabled with `set_option linter.unusedSimpArgs false`
