/home/footfalcon/free_falcon_sign/proofs/ft1536/work/B20_001/P02/run/fpr_spec_070/source/B20/Fpr/Spec.lean:505:2: error: unsolved goals
case pos
x : BitVec 64
hdom : rintDomain x
hy : ↑0 ≤ (BitVec.setWidth 32 (x >>> 52) &&& 2047#32).toInt ∧ (BitVec.setWidth 32 (x >>> 52) &&& 2047#32).toInt ≤ 2047
he :
  (1085#32 - (BitVec.setWidth 32 (x >>> 52) &&& 2047#32)).toInt =
      ↑1085 - (BitVec.setWidth 32 (x >>> 52) &&& 2047#32).toInt ∧
    -↑962 ≤ (1085#32 - (BitVec.setWidth 32 (x >>> 52) &&& 2047#32)).toInt ∧
      (1085#32 - (BitVec.setWidth 32 (x >>> 52) &&& 2047#32)).toInt ≤ 1085
hen : ↑(rint_e x).toNat = (rint_e x).toInt ∧ 13 ≤ (rint_e x).toNat ∧ (rint_e x).toNat ≤ 1085
hy_f : 0 ≤ (rint_y x).toInt ∧ (rint_y x).toInt ≤ 2047
he_f : (rint_e x).toInt = 1085 - (rint_y x).toInt ∧ -962 ≤ (rint_e x).toInt ∧ (rint_e x).toInt ≤ 1085
h64 : (64#32).toInt = 64
hS2 :
  C.signedBitsOp BinOp.sub (1085#32) (BitVec.setWidth 32 (x >>> 52) &&& 2047#32) =
    bitsOp BinOp.sub (1085#32) (BitVec.setWidth 32 (x >>> 52) &&& 2047#32)
hS3 :
  C.signedBitsOp BinOp.sub (1085#32 - (BitVec.setWidth 32 (x >>> 52) &&& 2047#32)) 64#32 =
    bitsOp BinOp.sub (1085#32 - (BitVec.setWidth 32 (x >>> 52) &&& 2047#32)) 64#32
hs : (BitVec.setWidth 32 (x >>> 63)).toNat ≤ 1
hs_f : (rint_s x).toNat ≤ 1
hs01 : rint_s x = 0#32 ∨ rint_s x = 1#32
hs64 : (BitVec.signExtend 64 (rint_s x)).toNat ≤ 1
hnegd : BitVec.signExtend 64 (rint_s x) ≠ 9223372036854775808
hneg_eq : neg (Val.i64 (BitVec.signExtend 64 (rint_s x))) = some (Val.i64 (-BitVec.signExtend 64 (rint_s x)))
hf :
  (BitVec.setWidth 32
          (((x <<< 10 ||| BitVec.setWidth 64 1#32 <<< 62) &&& BitVec.setWidth 64 1#32 <<< 63 - 1 &&&
                -BitVec.setWidth 64
                    (BitVec.setWidth 32 (1085#32 - (BitVec.setWidth 32 (x >>> 52) &&& 2047#32) - 64#32) >>> 31)) <<<
              (63#32 - (1085#32 - (BitVec.setWidth 32 (x >>> 52) &&& 2047#32) &&& 63#32)).toNat >>>
            61) |||
        (BitVec.setWidth 32
                (((x <<< 10 ||| BitVec.setWidth 64 1#32 <<< 62) &&& BitVec.setWidth 64 1#32 <<< 63 - 1 &&&
                    -BitVec.setWidth 64
                        (BitVec.setWidth 32 (1085#32 - (BitVec.setWidth 32 (x >>> 52) &&& 2047#32) - 64#32) >>> 31)) <<<
                  (63#32 - (1085#32 - (BitVec.setWidth 32 (x >>> 52) &&& 2047#32) &&& 63#32)).toNat) |||
              BitVec.setWidth 32
                  (((x <<< 10 ||| BitVec.setWidth 64 1#32 <<< 62) &&& BitVec.setWidth 64 1#32 <<< 63 - 1 &&&
                        -BitVec.setWidth 64
                            (BitVec.setWidth 32 (1085#32 - (BitVec.setWidth 32 (x >>> 52) &&& 2047#32) - 64#32) >>>
                              31)) <<<
                      (63#32 - (1085#32 - (BitVec.setWidth 32 (x >>> 52) &&& 2047#32) &&& 63#32)).toNat >>>
                    32) &&&
                536870911#32 |||
            -(BitVec.setWidth 32
                  (((x <<< 10 ||| BitVec.setWidth 64 1#32 <<< 62) &&& BitVec.setWidth 64 1#32 <<< 63 - 1 &&&
                      -BitVec.setWidth 64
                          (BitVec.setWidth 32 (1085#32 - (BitVec.setWidth 32 (x >>> 52) &&& 2047#32) - 64#32) >>>
                            31)) <<<
                    (63#32 - (1085#32 - (BitVec.setWidth 32 (x >>> 52) &&& 2047#32) &&& 63#32)).toNat) |||
                BitVec.setWidth 32
                    (((x <<< 10 ||| BitVec.setWidth 64 1#32 <<< 62) &&& BitVec.setWidth 64 1#32 <<< 63 - 1 &&&
                          -BitVec.setWidth 64
                              (BitVec.setWidth 32 (1085#32 - (BitVec.setWidth 32 (x >>> 52) &&& 2047#32) - 64#32) >>>
                                31)) <<<
                        (63#32 - (1085#32 - (BitVec.setWidth 32 (x >>> 52) &&& 2047#32) &&& 63#32)).toNat >>>
                      32) &&&
                  536870911#32)) >>>
          31).toNat <
    32
hcase : (rint_e x).toNat < 64
hmask :
  -BitVec.setWidth 64 (BitVec.setWidth 32 (1085#32 - (BitVec.setWidth 32 (x >>> 52) &&& 2047#32) - 64#32) >>> 31) =
    BitVec.allOnes 64
he2eq :
  (1085#32 - (BitVec.setWidth 32 (x >>> 52) &&& 2047#32) &&& 63#32).toNat =
    (1085#32 - (BitVec.setWidth 32 (x >>> 52) &&& 2047#32)).toNat
he2int : 0 ≤ (rint_e2 x).toInt ∧ (rint_e2 x).toInt ≤ 63
hm2 : (rint_m2 x).toNat < 2 ^ 63 - 1
hcount : (63#32 - rint_e2 x).toNat < 64
hsafe :
  C.signedBitsOp BinOp.sub (63#32) (rint_e2 x) = bitsOp BinOp.sub (63#32) (rint_e2 x) ∧
    (63#32 - rint_e2 x).toInt = 63 - (rint_e2 x).toInt
hcall5 :
  shiftCalls "fpr_ulsh".toList
      [Val.u64
          ((x <<< 10 ||| BitVec.setWidth 64 1#32 <<< 62) &&& BitVec.setWidth 64 1#32 <<< 63 - 1 &&&
            -BitVec.setWidth 64
                (BitVec.setWidth 32 (1085#32 - (BitVec.setWidth 32 (x >>> 52) &&& 2047#32) - 64#32) >>> 31)),
        Val.i32 (63#32 - (1085#32 - (BitVec.setWidth 32 (x >>> 52) &&& 2047#32) &&& 63#32))] =
    some
      (Val.u64
        (((x <<< 10 ||| BitVec.setWidth 64 1#32 <<< 62) &&& BitVec.setWidth 64 1#32 <<< 63 - 1 &&&
            -BitVec.setWidth 64
                (BitVec.setWidth 32 (1085#32 - (BitVec.setWidth 32 (x >>> 52) &&& 2047#32) - 64#32) >>> 31)) <<<
          (63#32 - (1085#32 - (BitVec.setWidth 32 (x >>> 52) &&& 2047#32) &&& 63#32)).toNat))
hcall8 :
  shiftCalls "fpr_ursh".toList
      [Val.u64
          ((x <<< 10 ||| BitVec.setWidth 64 1#32 <<< 62) &&& BitVec.setWidth 64 1#32 <<< 63 - 1 &&&
            -BitVec.setWidth 64
                (BitVec.setWidth 32 (1085#32 - (BitVec.setWidth 32 (x >>> 52) &&& 2047#32) - 64#32) >>> 31)),
        Val.i32 (1085#32 - (BitVec.setWidth 32 (x >>> 52) &&& 2047#32) &&& 63#32)] =
    some
      (Val.u64
        (((x <<< 10 ||| BitVec.setWidth 64 1#32 <<< 62) &&& BitVec.setWidth 64 1#32 <<< 63 - 1 &&&
            -BitVec.setWidth 64
                (BitVec.setWidth 32 (1085#32 - (BitVec.setWidth 32 (x >>> 52) &&& 2047#32) - 64#32) >>> 31)) >>>
          (1085#32 - (BitVec.setWidth 32 (x >>> 52) &&& 2047#32) &&& 63#32).toNat))
hcond :
  C.signedBitsOp BinOp.xor (rint_m2 x) (-BitVec.signExtend 64 (rint_s x)) =
      bitsOp BinOp.xor (rint_m2 x) (-BitVec.signExtend 64 (rint_s x)) ∧
    ∃ r,
      C.signedBitsOp BinOp.add (rint_m2 x ^^^ -BitVec.signExtend 64 (rint_s x)) (BitVec.signExtend 64 (rint_s x)) =
          bitsOp BinOp.add (rint_m2 x ^^^ -BitVec.signExtend 64 (rint_s x)) (BitVec.signExtend 64 (rint_s x)) ∧
        r = (rint_m2 x ^^^ -BitVec.signExtend 64 (rint_s x)) + BitVec.signExtend 64 (rint_s x) ∧
          r.toInt = if (BitVec.signExtend 64 (rint_s x)).toNat = 0 then (rint_m2 x).toInt else -(rint_m2 x).toInt
⊢ execute shiftCalls Parsed.rintProgram [Val.u64 x] = some (Val.i64 (rintSpec x))
/home/footfalcon/free_falcon_sign/proofs/ft1536/work/B20_001/P02/run/fpr_spec_070/source/B20/Fpr/Spec.lean:472:34: error: unsolved goals
case neg
x : BitVec 64
hdom : rintDomain x
hy : ↑0 ≤ (BitVec.setWidth 32 (x >>> 52) &&& 2047#32).toInt ∧ (BitVec.setWidth 32 (x >>> 52) &&& 2047#32).toInt ≤ 2047
he :
  (1085#32 - (BitVec.setWidth 32 (x >>> 52) &&& 2047#32)).toInt =
      ↑1085 - (BitVec.setWidth 32 (x >>> 52) &&& 2047#32).toInt ∧
    -↑962 ≤ (1085#32 - (BitVec.setWidth 32 (x >>> 52) &&& 2047#32)).toInt ∧
      (1085#32 - (BitVec.setWidth 32 (x >>> 52) &&& 2047#32)).toInt ≤ 1085
hen : ↑(rint_e x).toNat = (rint_e x).toInt ∧ 13 ≤ (rint_e x).toNat ∧ (rint_e x).toNat ≤ 1085
hy_f : 0 ≤ (rint_y x).toInt ∧ (rint_y x).toInt ≤ 2047
he_f : (rint_e x).toInt = 1085 - (rint_y x).toInt ∧ -962 ≤ (rint_e x).toInt ∧ (rint_e x).toInt ≤ 1085
h64 : (64#32).toInt = 64
hS2 : C.signedBitsOp BinOp.sub (1085#32) (rint_y x) = bitsOp BinOp.sub (1085#32) (rint_y x)
hS3 : C.signedBitsOp BinOp.sub (rint_e x) 64#32 = bitsOp BinOp.sub (rint_e x) 64#32
hs : (BitVec.setWidth 32 (x >>> 63)).toNat ≤ 1
hs_f : (rint_s x).toNat ≤ 1
hs01 : rint_s x = 0#32 ∨ rint_s x = 1#32
hs64 : (BitVec.signExtend 64 (rint_s x)).toNat ≤ 1
hnegd : BitVec.signExtend 64 (rint_s x) ≠ 9223372036854775808
hneg_eq : neg (Val.i64 (BitVec.signExtend 64 (rint_s x))) = some (Val.i64 (-BitVec.signExtend 64 (rint_s x)))
hf : (BitVec.setWidth 32 (rint_d x >>> 61) ||| (rint_dd x ||| -rint_dd x) >>> 31).toNat < 32
hcase : ¬(rint_e x).toNat < 64
⊢ execute shiftCalls Parsed.rintProgram [Val.u64 x] = some (Val.i64 (rintSpec x))
/home/footfalcon/free_falcon_sign/proofs/ft1536/work/B20_001/P02/run/fpr_spec_070/source/B20/Fpr/Spec.lean:525:15: warning: This simp argument is unused:
  rint_f

Hint: Omit it from the simp argument list.
  [apply] simp only [rint_y, rint_e, rint_m0, rint_mask, rint_m1, rint_e2, rint_d, rint_dd, rint_m2,
    rint_s] at hS2 hS3 hmask he2eq hcall5 hcall8 hf

Note: This linter can be disabled with `set_option linter.unusedSimpArgs false`
/home/footfalcon/free_falcon_sign/proofs/ft1536/work/B20_001/P02/run/fpr_spec_070/source/B20/Fpr/Spec.lean:525:23: warning: This simp argument is unused:
  rint_m2

Hint: Omit it from the simp argument list.
  [apply] simp only [rint_y, rint_e, rint_m0, rint_mask, rint_m1, rint_e2, rint_d, rint_dd, rint_f,
    rint_s] at hS2 hS3 hmask he2eq hcall5 hcall8 hf

Note: This linter can be disabled with `set_option linter.unusedSimpArgs false`
/home/footfalcon/free_falcon_sign/proofs/ft1536/work/B20_001/P02/run/fpr_spec_070/source/B20/Fpr/Spec.lean:525:32: warning: This simp argument is unused:
  rint_s

Hint: Omit it from the simp argument list.
  [apply] simp only [rint_y, rint_e, rint_m0, rint_mask, rint_m1, rint_e2, rint_d, rint_dd, rint_f,
    rint_m2] at hS2 hS3 hmask he2eq hcall5 hcall8 hf

Note: This linter can be disabled with `set_option linter.unusedSimpArgs false`
/home/footfalcon/free_falcon_sign/proofs/ft1536/work/B20_001/P02/run/fpr_spec_070/source/B20/Fpr/Spec.lean:526:6: error: unexpected identifier; expected command
