{
  "status": "H3_SCALAR_KERNEL_PROVED_FOR_PINNED_IID_BUFFER_MODEL",
  "game": "IID_BUFFER",
  "a_min": "1/256",
  "E_N_max": 256,
  "real_prng_to_iid_bridge_proved": false,
  "checks": {
    "kernel_modules": 32,
    "kernel_theorems": 208,
    "new_theorems": 37,
    "cdf": 2383,
    "getter_start_pointers": 4096,
    "primitive": 16528,
    "berexp": 204,
    "pmf_examples": 54,
    "iteration_atoms": 21114,
    "sampler_traces": 13,
    "native_invocations_each_build": 32,
    "normal_ASan_UBSan": true,
    "LSan": false,
    "meaningful_mutations": 13,
    "noop": 1,
    "small_trunc_native_cases": 4449,
    "independent_QQ": true
  }
}
