Traceback (most recent call last):
  File "/home/footfalcon/miniforge3/envs/sage/bin/sage", line 5, in <module>
    from sage.cli.__main__ import main
  File "/home/footfalcon/miniforge3/envs/sage/lib/python3.14/site-packages/sage/cli/__main__.py", line 9, in <module>
    sys.exit(main())
             ~~~~^^
  File "/home/footfalcon/miniforge3/envs/sage/lib/python3.14/site-packages/sage/cli/__init__.py", line 56, in main
    return RunFileCmd(options).run()
           ~~~~~~~~~~~~~~~~~~~~~~~^^
  File "/home/footfalcon/miniforge3/envs/sage/lib/python3.14/site-packages/sage/cli/run_file_cmd.py", line 50, in run
    eval(compile(open(input_file, 'rb').read(), input_file, 'exec'), sage_globals())
    ~~~~^^^^^^^^^^^^^^^^^^^^^^^^^^^^^^^^^^^^^^^^^^^^^^^^^^^^^^^^^^^^^^^^^^^^^^^^^^^^
  File "scripts/rational_oracle.py", line 13, in <module>
    beta=QQ(0) if e>=64 else QQ(min(z,ZZ(2)**55),ZZ(2)**(e+55));w=QQ(count,2*R)*beta
                             ~~^^^^^^^^^^^^^^^^^^^^^^^^^^^^^^^^
  File "sage/structure/parent.pyx", line 901, in sage.structure.parent.Parent.__call__
    return mor._call_with_args(x, args, kwds)
  File "sage/categories/map.pyx", line 856, in sage.categories.map.Map._call_with_args
    raise NotImplementedError("_call_with_args not overridden "
NotImplementedError: _call_with_args not overridden to accept arguments for <class 'sage.rings.rational.Z_to_Q'>
