ENTRY 0 0000000000000000 3fd2000000000000
G 8 0 0 0 0 0 8 0 0000000000000000
G 8 0 8 0 8 0 16 0 0000000000000000
G 1 0 16 0 16 0 17 0 0000000000000000
IT 29 0 0 0000000000000000 3fc7333333333333 40630dcccccccccd
G 8 0 17 0 17 0 25 0 0000000000000000
G 8 0 25 0 25 0 33 0 0000000000000000
BE 40630dcccccccccd 219 3fe4397cacbd3e00 4408cb86cd86946c 004408cb86cd8694 63 1 0
G 8 0 33 0 33 0 41 0 0000000000000000
G 8 0 41 0 41 0 49 0 0000000000000000
G 1 0 49 0 49 0 50 0 0000000000000000
IT 29 0 0 0000000000000000 3fc7333333333333 40630dcccccccccd
G 8 0 50 0 50 0 58 0 0000000000000000
G 8 0 58 0 58 0 66 0 0000000000000000
BE 40630dcccccccccd 219 3fe4397cacbd3e00 4408cb86cd86946c 004408cb86cd8694 63 1 0
G 8 0 66 0 66 0 74 0 0000000000000000
G 8 0 74 0 74 0 82 0 0000000000000000
G 1 0 82 0 82 0 83 0 0000000000000000
IT 29 0 0 0000000000000000 3fc7333333333333 40630dcccccccccd
G 8 0 83 0 83 0 91 0 0000000000000000
G 8 0 91 0 91 0 99 0 0000000000000000
BE 40630dcccccccccd 219 3fe4397cacbd3e00 4408cb86cd86946c 004408cb86cd8694 63 1 0
G 8 0 99 0 99 0 107 0 ffffffffffffffff
G 8 0 107 0 107 0 115 0 ffffffffffffffff
G 1 0 115 0 115 0 116 0 0000000000000000
IT 0 0 0 0000000000000000 3fc7333333333333 0000000000000000
G 8 0 116 0 116 0 124 0 0000000000000000
G 8 0 124 0 124 0 132 0 0000000000000000
BE 0000000000000000 0 0000000000000000 8000000000000000 0080000000000000 0 0 1
RESULT NORMAL_RETURN 0 0 132 0 0 132
