/*
 * Encoding/decoding of keys and signatures.
 *
 * ==========================(LICENSE BEGIN)============================
 *
 * Copyright (c) 2017  Falcon Project
 *
 * Permission is hereby granted, free of charge, to any person obtaining
 * a copy of this software and associated documentation files (the
 * "Software"), to deal in the Software without restriction, including
 * without limitation the rights to use, copy, modify, merge, publish,
 * distribute, sublicense, and/or sell copies of the Software, and to
 * permit persons to whom the Software is furnished to do so, subject to
 * the following conditions:
 *
 * The above copyright notice and this permission notice shall be
 * included in all copies or substantial portions of the Software.
 *
 * THE SOFTWARE IS PROVIDED "AS IS", WITHOUT WARRANTY OF ANY KIND,
 * EXPRESS OR IMPLIED, INCLUDING BUT NOT LIMITED TO THE WARRANTIES OF
 * MERCHANTABILITY, FITNESS FOR A PARTICULAR PURPOSE AND NONINFRINGEMENT.
 * IN NO EVENT SHALL THE AUTHORS OR COPYRIGHT HOLDERS BE LIABLE FOR ANY
 * CLAIM, DAMAGES OR OTHER LIABILITY, WHETHER IN AN ACTION OF CONTRACT,
 * TORT OR OTHERWISE, ARISING FROM, OUT OF OR IN CONNECTION WITH THE
 * SOFTWARE OR THE USE OR OTHER DEALINGS IN THE SOFTWARE.
 *
 * ===========================(LICENSE END)=============================
 *
 * @author   Thomas Pornin <thomas.pornin@nccgroup.trust>
 */

#include "internal.h"

/*
 * Encoding rules
 * ==============
 *
 * In this description we number bits left-to-right, starting at 0. In
 * an octet (a "byte"), there are eight bits, the most significant being
 * leftmost (i.e. bit 0 here).
 *
 *
 * Ring elements, q = 12289
 * ------------------------
 *
 * A point coordinate is an integer between 0 and 12288 (inclusive), which
 * is encoded as a 14-bit sequence, again numbered 0 to 13, 0 being most
 * significant.
 *
 * An arbitrary point (e.g. public key H) is a sequence of values modulo
 * q. These are encoded in due order as sequences of 14 bits. These are
 * then concatenated, then split over bytes in left-to-right order. For
 * instance, if the first two coordinates are 11911 (10111010000111 in
 * binary) and 3446 (00110101110110 in binary), then the bit sequence
 * will be:
 *
 *   10111010000111 00110101110110 ...
 *
 * which gets resplit into eight-bit chunks as:
 *
 *   10111010 00011100 11010111 0110...
 *
 * so the three first bytes of the encoding will have values 186, 28
 * and 215, in that order.
 *
 * If the total bit length is not a multiple of 8, then extra padding
 * bits are added to complete the final bytes. These padding bits MUST
 * have value 0.
 *
 *
 * Ring elements, q = 18433
 * ------------------------
 *
 * For the ternary case, modulus q is 18433. Encoding is similar to
 * the case q = 12289, except that each value uses 15 bits instead
 * of 14.
 *
 * Also, array length is 1.5*2^logn in that case.
 *
 *
 * Small vectors
 * -------------
 *
 * "Small vectors" are private keys and signatures. They consist in
 * _signed_ integers with values close to 0. They are encoded into bytes
 * with a static code that approximates Huffman codes.
 */

/* see falcon-internal.h */
size_t
falcon_encode_12289(void *out, size_t max_out_len,
	const uint16_t *x, unsigned logn)
{
	unsigned char *buf;
	size_t n, u;
	uint32_t acc;
	int acc_len;

	n = (size_t)1 << logn;
	buf = out;
	u = 0;
	acc = 0;
	acc_len = 0;
	while (n > 0) {
		acc = (acc << 14) | (*x ++);
		n --;
		acc_len += 14;
		while (acc_len >= 8) {
			acc_len -= 8;
			if (out != NULL) {
				if (u >= max_out_len) {
					return 0;
				}
				buf[u] = (unsigned char)(acc >> acc_len);
			}
			u ++;
			acc &= (1U << acc_len) - 1U;
		}
	}
	if (acc_len > 0) {
		if (out != NULL) {
			if (u >= max_out_len) {
				return 0;
			}
			buf[u] = (unsigned char)(acc << (8 - acc_len));
		}
		u ++;
	}
	return u;
}

/* see falcon-internal.h */
size_t
falcon_decode_12289(uint16_t *x, unsigned logn, const void *data, size_t len)
{
	const unsigned char *buf;
	size_t n, u;
	uint32_t acc;
	int acc_len;

	n = (size_t)1 << logn;
	buf = data;
	u = 0;
	acc = 0;
	acc_len = 0;
	while (n > 0) {
		if (u >= len) {
			return 0;
		}
		acc = (acc << 8) | buf[u ++];
}

/* see falcon-internal.h */
size_t
falcon_encode_small(void *out, size_t max_out_len,
	int comp, unsigned q, const int16_t *x, unsigned logn)
{
	switch (comp) {
	case FALCON_COMP_NONE:
		return compress_none(out, max_out_len, q, x, logn);
	case FALCON_COMP_STATIC:
		return compress_static(out, max_out_len, q, x, logn);
	default:
		return 0;
	}
}

/*
 * Decoding of a small vector, no compression.
 */
static size_t
uncompress_none(int16_t *x, unsigned logn,
	unsigned q, const void *data, size_t len)
{
	size_t n, u;
	const unsigned char *buf;
	uint32_t hq, tq;

	if (q == 12289) {
		n = (size_t)1 << logn;
	} else {
		n = (size_t)3 << (logn - 1);
	}
	if (len < (n << 1)) {
		return 0;
	}

	/*
	 * hq = floor(q/2)
	 * tq = ceil(3q/2)
	 * (Remember that q is odd).
	 */
	hq = q >> 1;
	tq = hq + q + 1;

	buf = data;
	for (u = 0; u < n; u ++) {
		uint32_t w;
		long y;

		/*
		 * Decode the value as a 32-bit signed value (held in an
		 * unsigned integer).
		 */
		w = ((uint32_t)buf[(u << 1) + 0] << 8)
			| (uint32_t)buf[(u << 1) + 1];
		w |= -(w & 0x8000);

		/*
		 * Add q. The result must be greater than q/2, and lower
		 * than 3q/2.
		 */
		w += q;
		if (!(((hq - w) & (w - tq)) >> 31)) {
			return 0;
		}

		/*
		 * Assemble the signed value in a 'long'. Thanks to the
		 * verifications above, we know that the result will fit
		 * in an int16_t, so the cast is valid.
		 */
		y = (long)w - (long)q;
		x[u] = (int16_t)y;
	}
	return n << 1;
}

/*
 * Decoding of a small vector, compressed with fixed (sort-of) Huffman codes.
 */
static size_t
uncompress_static(int16_t *x, unsigned logn,
	unsigned q, const void *data, size_t len)
{
	const unsigned char *buf;
	size_t n, u, v;
	unsigned db, mask;
	unsigned db_len, j;

	if (q == 12289) {
		n = (size_t)1 << logn;
		j = 7;
	} else {
		n = (size_t)3 << (logn - 1);
		j = 8;
	}
	mask = (1U << j) - 1U;
	buf = data;
	u = 0;
	v = 0;
	db = 0;
	db_len = 0;
	for (;;) {
		unsigned sign;
		unsigned lo;
		unsigned ne;

		/*
		 * Read next byte(s) for the sign bit and the low j bits
		 * of the absolute value of the next integer.
		 */
		while (db_len <= j) {
			if (v >= len) {
				return 0;
			}
			db = (db << 8) + buf[v ++];
			db_len += 8;
		}
		sign = (db >> (db_len - 1)) & 1;
		db_len -= j + 1;
		lo = (db >> db_len) & mask;

		/*
		 * Read subsequent bits until next '1' (inclusive).
		 */
		for (ne = 0;; ne ++) {
			unsigned bit;

			if (db_len == 0) {
				if (v >= len) {
					return 0;
				}
				db = buf[v ++];
				db_len = 8;
			}
			db_len --;
			bit = (db >> db_len) & 1;
			if (bit) {
				break;
			}
		}

		/*
		 * Write value.
		 */
		if (ne > 255) {
			return 0;
		}
		lo += (ne << j);
		if (sign) {
			x[u] = -(int16_t)lo;
		} else {
			x[u] = (int16_t)lo;
		}
		if (++ u >= n) {
			/*
			 * Check that the remaining bits are all zero.
			 */
			if ((db & ((1U << db_len) - 1U)) != 0) {
				return 0;
			}
			return v;
		}
	}
}

/* see falcon-internal.h */
size_t
falcon_decode_small(int16_t *x, unsigned logn,
	int comp, unsigned q, const void *data, size_t len)
{
	switch (comp) {
	case FALCON_COMP_NONE:
		return uncompress_none(x, logn, q, data, len);
	case FALCON_COMP_STATIC:
		return uncompress_static(x, logn, q, data, len);
	default:
		return 0;
	}
}

/* see falcon-internal.h */
void
falcon_hash_to_point(shake_context *sc, unsigned q, uint16_t *x, unsigned logn)
{
	/*
	 * TODO: make a constant-time version of this process, in case
	 * the signed data is confidential. We could generate twice as
	 * many values as necessary, then move proper values into place
	 * with logn passes that perform conditional swaps.
	 */

	size_t n;
	uint32_t lim;

	if (q == 12289) {
		n = (size_t)1 << logn;
	} else {
		n = (size_t)3 << (logn - 1);
	}
	lim = (uint32_t)65536 - ((uint32_t)65536 % q);
	while (n > 0) {
		unsigned char buf[2];
		uint32_t w;

		shake_extract(sc, buf, sizeof buf);
		w = (buf[0] << 8) | buf[1];
		if (w < lim) {
			*x ++ = (uint16_t)(w % q);
			n --;
		}
	}
}

/* see falcon-internal.h */
int
falcon_is_short(const int16_t *s1, const int16_t *s2,
	unsigned logn, unsigned ter)
{
	if (ter) {
		/*
		 * In the ternary case, we must compute the norm in
		 * the FFT embedding. Fortunately, this can be done
		 * without computing the FFT.
		 */
		size_t n, hn, u;
		int64_t s;

		n = (size_t)3 << (logn - 1);
		hn = n >> 1;
		s = 0;
		for (u = 0; u < n; u ++) {
			int32_t z;

			z = s1[u];
			s += z * z;
			z = s2[u];
			s += z * z;
		}
		for (u = 0; u < hn; u ++) {
			s += (int32_t)s1[u] * (int32_t)s1[u + hn];
			s += (int32_t)s2[u] * (int32_t)s2[u + hn];
		}

		/*
		 * If the norm is v, then we computed (v^2)/N (in s).
		 */

		/*
		 * Candidate ternary verification bounds in the normalized-canonical

	/*
	 * Corrective factor: all values have been (cumulatively)
	 * multiplied by n. Inverses of n modulo q have been precomputed.
	 */
	ni = logn <= 9 ? INVNQt[logn] : mq_div_18433(Rt, (uint32_t)n);
	for (u = 0; u < n; u ++) {
		a[u] = mq_montymul(a[u], ni, Qt, Q0It);
	}
}

static void
mq_NTT(uint16_t *a, unsigned logn, int ternary)
{
	if (ternary) {
		mq_NTT_ternary(a, logn);
	} else {
		mq_NTT_binary(a, logn);
	}
}

static void
mq_iNTT(uint16_t *a, unsigned logn, int ternary)
{
	if (ternary) {
		mq_iNTT_ternary(a, logn);
	} else {
		mq_iNTT_binary(a, logn);
	}
}

/*
 * Convert a polynomial (mod q) to Montgomery representation.
 */
static void
mq_poly_tomonty(uint16_t *f, unsigned logn, int ternary)
{
	size_t u, n;

	if (ternary) {
		n = (size_t)3 << (logn - 1);
		for (u = 0; u < n; u ++) {
			f[u] = (uint16_t)mq_montymul(f[u], R2t, Qt, Q0It);
		}
	} else {
		n = (size_t)1 << logn;
		for (u = 0; u < n; u ++) {
			f[u] = (uint16_t)mq_montymul(f[u], R2b, Qb, Q0Ib);
		}
	}
}

/*
 * Multiply two polynomials together (NTT representation, and using
 * a Montgomery multiplication). Result f*g is written over f.
 */
static void
mq_poly_montymul_ntt(uint16_t *f, const uint16_t *g, unsigned logn, int ternary)
{
	size_t u, n;

	if (ternary) {
		n = (size_t)3 << (logn - 1);
		for (u = 0; u < n; u ++) {
			f[u] = (uint16_t)mq_montymul(f[u], g[u], Qt, Q0It);
		}
	} else {
		n = (size_t)1 << logn;
		for (u = 0; u < n; u ++) {
			f[u] = (uint16_t)mq_montymul(f[u], g[u], Qb, Q0Ib);
		}
	}
}

/*
 * Subtract polynomial g from polynomial f.
 */
static void
mq_poly_sub(uint16_t *f, const uint16_t *g, unsigned logn, int ternary)
{
	size_t u, n;

	if (ternary) {
		n = (size_t)3 << (logn - 1);
		for (u = 0; u < n; u ++) {
			f[u] = (uint16_t)mq_sub(f[u], g[u], Qt);
		}
	} else {
		n = (size_t)1 << logn;
		for (u = 0; u < n; u ++) {
			f[u] = (uint16_t)mq_sub(f[u], g[u], Qb);
		}
	}
}

/* ===================================================================== */

/*
 * Falcon verification context: it contains the decoded public key,
 * and the running hash context.
 */
struct falcon_vrfy_ {
	shake_context sc;
	uint16_t h[3072];
	unsigned logn;
	int ternary;
};

/* see falcon.h */
falcon_vrfy *
falcon_vrfy_new(void)
{
	falcon_vrfy *fv;

	fv = malloc(sizeof *fv);
	if (fv == NULL) {
		return NULL;
	}
	fv->logn = 0;
	fv->ternary = 0;
	return fv;
}

/* see falcon.h */
void
falcon_vrfy_free(falcon_vrfy *fv)
{
	if (fv != NULL) {
		free(fv);
	}
}

/* see falcon.h */
int
falcon_vrfy_set_public_key(falcon_vrfy *fv,
	const void *pkey, size_t len)
{
	const unsigned char *buf;
	unsigned fb;

	buf = pkey;

	/*
	 * Read first byte: it defines the modulus and degree:
	 *   t 000 dddd
	 *   ^ ^^^ ^^^^
	 *   |  |    |
	 *   |  |    +----- degree log, over four bits (1 to 10 only)
	 *   |  |
	 *   |  |
	 *   |  |
	 *   |  +---------- reserved, must be 0
	 *   |
	 *   +------------- 1 for ternary, 0 for binary
	 */
	if (pkey == NULL || len <= 1) {
		goto bad_pkey;
	}
	fb = *buf ++;
	len --;
	fv->logn = fb & 0x0F;
	if ((fb >> 7) != 0) {
		fv->ternary = 1;
		if (fv->logn < 2 || fv->logn > 10) {
			goto bad_pkey;
		}
	} else {
		fv->ternary = 0;
		if (fv->logn < 1 || fv->logn > 10) {
			goto bad_pkey;
		}
	}
	if (((fb >> 4) & 0x07) != 0) {
		goto bad_pkey;
	}

	/*
	 * Decode public vector.
	 */
	if (fv->ternary) {
		if (falcon_decode_18433(fv->h, fv->logn, buf, len) != len) {
			goto bad_pkey;
		}
	} else {
		if (falcon_decode_12289(fv->h, fv->logn, buf, len) != len) {
			goto bad_pkey;
		}
	}

	/*
	 * We apply NTT and Montgomery representation immediately, since
	 * it will be used for signature verification.
	 * (Conceptually this could be part of the public key encoding,
	 * but it would require making both NTT and Montgomery
	 * representations part of the specification.)
	 */
	mq_NTT(fv->h, fv->logn, fv->ternary);
	mq_poly_tomonty(fv->h, fv->logn, fv->ternary);
	return 1;

bad_pkey:
	fv->logn = 0;
	return 0;
}

/* see falcon.h */
void
falcon_vrfy_start(falcon_vrfy *fv, const void *r, size_t rlen)
{
	/*
	 * We use SHAKE-256, which has an internal capacity of 512 bits.
	 */
	shake_init(&fv->sc, 512);
	shake_inject(&fv->sc, r, rlen);
}

/* see falcon.h */
void
falcon_vrfy_update(falcon_vrfy *fv, const void *data, size_t len)
{
	shake_inject(&fv->sc, data, len);
}

/* see internal.h */
int
falcon_vrfy_verify_raw(const uint16_t *c0, const int16_t *s2,
	const uint16_t *h, unsigned logn, int ternary)
{
	uint16_t x[3072];
	size_t u, n;
	uint32_t q;

	if (ternary) {
		n = (size_t)3 << (logn - 1);
		q = Qt;
	} else {
		n = (size_t)1 << logn;
		q = Qb;
	}

	/*
	 * Reduce s2 elements modulo q ([0..q-1] range).
	 */
	for (u = 0; u < n; u ++) {
		uint32_t w;

		w = (uint32_t)s2[u];
		w += q & -(w >> 31);
		x[u] = (uint16_t)w;
	}

	/*
	 * Compute s1 = s2*h - c0 mod phi mod q (in x[]).
	 */
	mq_NTT(x, logn, ternary);
	mq_poly_montymul_ntt(x, h, logn, ternary);
	mq_iNTT(x, logn, ternary);
	mq_poly_sub(x, c0, logn, ternary);

	/*
	 * Normalize s1 elements into the [-q/2..q/2] range.
	 */
	for (u = 0; u < n; u ++) {
		int32_t w;

		w = (int32_t)x[u];
		w -= (int32_t)(q & -(((q >> 1) - (uint32_t)w) >> 31));
		((int16_t *)x)[u] = (int16_t)w;
	}

	/*
	 * Signature is valid if and only if the aggregate (s1,s2) vector
	 * is short enough.
	 */
	return falcon_is_short((int16_t *)x, s2, logn, ternary);
}

/* see falcon.h */
int
falcon_vrfy_verify(falcon_vrfy *fv, const void *sig, size_t len)
{
	const unsigned char *sig_buf;
	unsigned q;
	int fb;
	uint16_t c0[3072];
	int16_t s2[3072];

	/*
	 * Public key must have been set.
	 */
	if (fv->logn == 0) {
		return -2;
	}

	/*
	 * Signature cannot be too short.
	 */
	if (len <= 2) {
		return -1;
	}

	/*
	 * Read first byte: it defines the modulus and degree:
	 *   t cc 0 dddd
	 *   ^ ^^ ^ ^^^^
	 *   |  | |   |
	 *   |  | |   +----- degree log, over four bits (1 to 10 only)
	 *   |  | |
	 *   |  | +--------- reserved, must be 0
	 *   |  |
	 *   |  +----------- compression type
	 *   |
	 *   +-------------- 1 for ternary, 0 for binary
	 *
	 * Compression is:
	 *   00   uncompressed, 16 bits per integer (signed)
	 *   01   compressed with static codes
	 * Other compression values are reserved.
	 */
	sig_buf = sig;
	fb = *sig_buf ++;
	len --;

	/* Check reserved bit. */
	if ((fb & 0x10) != 0) {
		return -1;
	}

	/* Check degree. */
	if ((fb & 0x0F) != fv->logn) {
		return -1;
	}
	if ((fb >> 7) != fv->ternary) {
		return -1;
	}
	q = fv->ternary ? Qt : Qb;

	/* Decode value. */
	if (falcon_decode_small(s2, fv->logn,
		(fb >> 5) & 0x03, q, sig_buf, len) != len)
	{
		return -1;
	}

	/*
	 * Hash the message into a vector, then verify the signature.
	 */
	shake_flip(&fv->sc);
	falcon_hash_to_point(&fv->sc, q, c0, fv->logn);
	return (int)falcon_vrfy_verify_raw(
		c0, s2, fv->h, fv->logn, fv->ternary);
}

/* see internal.h */
int
falcon_compute_public(uint16_t *h,
	const int16_t *f, const int16_t *g, unsigned logn, int ternary)
{
	size_t u, n;
	uint16_t t[TERNARY_N_MAX];
	uint32_t q;

	n = MKN(logn, ternary);
	q = ternary ? Qt : Qb;
	for (u = 0; u < n; u ++) {
		t[u] = mq_conv_small(f[u], q);
		h[u] = mq_conv_small(g[u], q);
	}
	mq_NTT(h, logn, ternary);
	mq_NTT(t, logn, ternary);
	for (u = 0; u < n; u ++) {
		if (t[u] == 0) {
			return 0;
		}
		h[u] = ternary
			? mq_div_18433(h[u], t[u])
			: mq_div_12289(h[u], t[u]);
	}
	mq_iNTT(h, logn, ternary);
	return 1;
}
