{"fresh_cwd": "/home/footfalcon/Dokumenty/FT1536_LV_STATIC_RUN_001/tmp/replay_001", "argv": ["python3", "-B", "resume_001/build.py", "base-shared"]}
{"argv": ["/usr/bin/gcc", "-W", "-Wall", "-O", "-DFPR_IMPL=\"fpr-emulated.h\"", "-DSAMPLER_CODF=0", "-DSAMPLER_CDF=0", "-DCT_BEREXP=1", "-DFT_TERNARY_ADAPTIVE_CDF=1", "-DFT1536_CANDIDATE_PROFILE=1", "-DCLEANSE=1", "-DTRUE_TERNARY_SECRET=1", "-DTRUE_TERNARY_SECRET_MODE=1", "-DTERNARY_KEYGEN_BOUND_SCALE_NUM=1250", "-DTERNARY_KEYGEN_BOUND_SCALE_DEN=100", "-DTERNARY_KEYGEN_MAX_ATTEMPTS=3000000", "-DSIGN_MAX_ATTEMPTS=16", "-std=c99", "-shared", "-fPIC", "-Ireference", "scripts/harness.c", "reference/falcon-enc.c", "reference/shake.c", "-o", "/home/footfalcon/Dokumenty/FT1536_LV_STATIC_RUN_001/tmp/replay_001/bin/resume_001/base-shared.so", "-lm"]}
{
  "mode": "base-shared",
  "argv": [
    "/usr/bin/gcc",
    "-W",
    "-Wall",
    "-O",
    "-DFPR_IMPL=\"fpr-emulated.h\"",
    "-DSAMPLER_CODF=0",
    "-DSAMPLER_CDF=0",
    "-DCT_BEREXP=1",
    "-DFT_TERNARY_ADAPTIVE_CDF=1",
    "-DFT1536_CANDIDATE_PROFILE=1",
    "-DCLEANSE=1",
    "-DTRUE_TERNARY_SECRET=1",
    "-DTRUE_TERNARY_SECRET_MODE=1",
    "-DTERNARY_KEYGEN_BOUND_SCALE_NUM=1250",
    "-DTERNARY_KEYGEN_BOUND_SCALE_DEN=100",
    "-DTERNARY_KEYGEN_MAX_ATTEMPTS=3000000",
    "-DSIGN_MAX_ATTEMPTS=16",
    "-std=c99",
    "-shared",
    "-fPIC",
    "-Ireference",
    "scripts/harness.c",
    "reference/falcon-enc.c",
    "reference/shake.c",
    "-o",
    "/home/footfalcon/Dokumenty/FT1536_LV_STATIC_RUN_001/tmp/replay_001/bin/resume_001/base-shared.so",
    "-lm"
  ],
  "cwd": "/home/footfalcon/Dokumenty/FT1536_LV_STATIC_RUN_001/tmp/replay_001",
  "exit_code": 0,
  "sources": {
    "scripts/harness.c": "d9addfa1ddea67a2fa689b0963755758426cd3ae04df4115b39ff6877af4bd79",
    "reference/falcon-enc.c": "0f7085fa975d41ebbeb96d5db4cb68482c344ef2d602ca8853e20a4d4f04fb05",
    "reference/shake.c": "c3e7864bf4139264f8c287053214bf869e242757bf555235da81454e40ea316a"
  },
  "binary": "bin/resume_001/base-shared.so",
  "binary_sha256": "78cb5ffc3e8d7d668676961e80556e3060fbf9cc747b1e00744f6036d2f0675a"
}
{"fresh_cwd": "/home/footfalcon/Dokumenty/FT1536_LV_STATIC_RUN_001/tmp/replay_001", "argv": ["python3", "-B", "resume_001/build.py", "observed-shared"]}
{"argv": ["/usr/bin/gcc", "-W", "-Wall", "-O", "-DFPR_IMPL=\"fpr-emulated.h\"", "-DSAMPLER_CODF=0", "-DSAMPLER_CDF=0", "-DCT_BEREXP=1", "-DFT_TERNARY_ADAPTIVE_CDF=1", "-DFT1536_CANDIDATE_PROFILE=1", "-DCLEANSE=1", "-DTRUE_TERNARY_SECRET=1", "-DTRUE_TERNARY_SECRET_MODE=1", "-DTERNARY_KEYGEN_BOUND_SCALE_NUM=1250", "-DTERNARY_KEYGEN_BOUND_SCALE_DEN=100", "-DTERNARY_KEYGEN_MAX_ATTEMPTS=3000000", "-DSIGN_MAX_ATTEMPTS=16", "-std=c99", "-shared", "-fPIC", "-Ireference", "resume_001/harness_observed.c", "reference/falcon-enc.c", "reference/shake.c", "-o", "/home/footfalcon/Dokumenty/FT1536_LV_STATIC_RUN_001/tmp/replay_001/bin/resume_001/observed-shared.so", "-lm"]}
{
  "mode": "observed-shared",
  "argv": [
    "/usr/bin/gcc",
    "-W",
    "-Wall",
    "-O",
    "-DFPR_IMPL=\"fpr-emulated.h\"",
    "-DSAMPLER_CODF=0",
    "-DSAMPLER_CDF=0",
    "-DCT_BEREXP=1",
    "-DFT_TERNARY_ADAPTIVE_CDF=1",
    "-DFT1536_CANDIDATE_PROFILE=1",
    "-DCLEANSE=1",
    "-DTRUE_TERNARY_SECRET=1",
    "-DTRUE_TERNARY_SECRET_MODE=1",
    "-DTERNARY_KEYGEN_BOUND_SCALE_NUM=1250",
    "-DTERNARY_KEYGEN_BOUND_SCALE_DEN=100",
    "-DTERNARY_KEYGEN_MAX_ATTEMPTS=3000000",
    "-DSIGN_MAX_ATTEMPTS=16",
    "-std=c99",
    "-shared",
    "-fPIC",
    "-Ireference",
    "resume_001/harness_observed.c",
    "reference/falcon-enc.c",
    "reference/shake.c",
    "-o",
    "/home/footfalcon/Dokumenty/FT1536_LV_STATIC_RUN_001/tmp/replay_001/bin/resume_001/observed-shared.so",
    "-lm"
  ],
  "cwd": "/home/footfalcon/Dokumenty/FT1536_LV_STATIC_RUN_001/tmp/replay_001",
  "exit_code": 0,
  "sources": {
    "resume_001/harness_observed.c": "393e013d1806489c16301628fd47d10337df7e8b1ca048882c7e3a3de07ca042",
    "reference/falcon-enc.c": "0f7085fa975d41ebbeb96d5db4cb68482c344ef2d602ca8853e20a4d4f04fb05",
    "reference/shake.c": "c3e7864bf4139264f8c287053214bf869e242757bf555235da81454e40ea316a"
  },
  "binary": "bin/resume_001/observed-shared.so",
  "binary_sha256": "8aaa85afa753f79acfd635868a04165c9b64d799c7a5784be24b9e077f82914a"
}
{"fresh_cwd": "/home/footfalcon/Dokumenty/FT1536_LV_STATIC_RUN_001/tmp/replay_001", "argv": ["python3", "-B", "resume_001/build.py", "base-normal"]}
{"argv": ["/usr/bin/gcc", "-W", "-Wall", "-O", "-DFPR_IMPL=\"fpr-emulated.h\"", "-DSAMPLER_CODF=0", "-DSAMPLER_CDF=0", "-DCT_BEREXP=1", "-DFT_TERNARY_ADAPTIVE_CDF=1", "-DFT1536_CANDIDATE_PROFILE=1", "-DCLEANSE=1", "-DTRUE_TERNARY_SECRET=1", "-DTRUE_TERNARY_SECRET_MODE=1", "-DTERNARY_KEYGEN_BOUND_SCALE_NUM=1250", "-DTERNARY_KEYGEN_BOUND_SCALE_DEN=100", "-DTERNARY_KEYGEN_MAX_ATTEMPTS=3000000", "-DSIGN_MAX_ATTEMPTS=16", "-std=c99", "-DLV_MAIN", "-Ireference", "scripts/harness.c", "reference/falcon-enc.c", "reference/shake.c", "-o", "/home/footfalcon/Dokumenty/FT1536_LV_STATIC_RUN_001/tmp/replay_001/bin/resume_001/base-normal", "-lm"]}
{
  "mode": "base-normal",
  "argv": [
    "/usr/bin/gcc",
    "-W",
    "-Wall",
    "-O",
    "-DFPR_IMPL=\"fpr-emulated.h\"",
    "-DSAMPLER_CODF=0",
    "-DSAMPLER_CDF=0",
    "-DCT_BEREXP=1",
    "-DFT_TERNARY_ADAPTIVE_CDF=1",
    "-DFT1536_CANDIDATE_PROFILE=1",
    "-DCLEANSE=1",
    "-DTRUE_TERNARY_SECRET=1",
    "-DTRUE_TERNARY_SECRET_MODE=1",
    "-DTERNARY_KEYGEN_BOUND_SCALE_NUM=1250",
    "-DTERNARY_KEYGEN_BOUND_SCALE_DEN=100",
    "-DTERNARY_KEYGEN_MAX_ATTEMPTS=3000000",
    "-DSIGN_MAX_ATTEMPTS=16",
    "-std=c99",
    "-DLV_MAIN",
    "-Ireference",
    "scripts/harness.c",
    "reference/falcon-enc.c",
    "reference/shake.c",
    "-o",
    "/home/footfalcon/Dokumenty/FT1536_LV_STATIC_RUN_001/tmp/replay_001/bin/resume_001/base-normal",
    "-lm"
  ],
  "cwd": "/home/footfalcon/Dokumenty/FT1536_LV_STATIC_RUN_001/tmp/replay_001",
  "exit_code": 0,
  "sources": {
    "scripts/harness.c": "d9addfa1ddea67a2fa689b0963755758426cd3ae04df4115b39ff6877af4bd79",
    "reference/falcon-enc.c": "0f7085fa975d41ebbeb96d5db4cb68482c344ef2d602ca8853e20a4d4f04fb05",
    "reference/shake.c": "c3e7864bf4139264f8c287053214bf869e242757bf555235da81454e40ea316a"
  },
  "binary": "bin/resume_001/base-normal",
  "binary_sha256": "5ca175577ab17b8fef17cc5d59092f121e094dad0bd0de5990b10944e01bde74"
}
{"fresh_cwd": "/home/footfalcon/Dokumenty/FT1536_LV_STATIC_RUN_001/tmp/replay_001", "argv": ["python3", "-B", "resume_001/build.py", "base-sanitize"]}
{"argv": ["/usr/bin/gcc", "-W", "-Wall", "-O", "-DFPR_IMPL=\"fpr-emulated.h\"", "-DSAMPLER_CODF=0", "-DSAMPLER_CDF=0", "-DCT_BEREXP=1", "-DFT_TERNARY_ADAPTIVE_CDF=1", "-DFT1536_CANDIDATE_PROFILE=1", "-DCLEANSE=1", "-DTRUE_TERNARY_SECRET=1", "-DTRUE_TERNARY_SECRET_MODE=1", "-DTERNARY_KEYGEN_BOUND_SCALE_NUM=1250", "-DTERNARY_KEYGEN_BOUND_SCALE_DEN=100", "-DTERNARY_KEYGEN_MAX_ATTEMPTS=3000000", "-DSIGN_MAX_ATTEMPTS=16", "-std=c99", "-DLV_MAIN", "-fsanitize=address,undefined", "-fno-sanitize-recover=all", "-g", "-Ireference", "scripts/harness.c", "reference/falcon-enc.c", "reference/shake.c", "-o", "/home/footfalcon/Dokumenty/FT1536_LV_STATIC_RUN_001/tmp/replay_001/bin/resume_001/base-sanitize", "-lm"]}
{
  "mode": "base-sanitize",
  "argv": [
    "/usr/bin/gcc",
    "-W",
    "-Wall",
    "-O",
    "-DFPR_IMPL=\"fpr-emulated.h\"",
    "-DSAMPLER_CODF=0",
    "-DSAMPLER_CDF=0",
    "-DCT_BEREXP=1",
    "-DFT_TERNARY_ADAPTIVE_CDF=1",
    "-DFT1536_CANDIDATE_PROFILE=1",
    "-DCLEANSE=1",
    "-DTRUE_TERNARY_SECRET=1",
    "-DTRUE_TERNARY_SECRET_MODE=1",
    "-DTERNARY_KEYGEN_BOUND_SCALE_NUM=1250",
    "-DTERNARY_KEYGEN_BOUND_SCALE_DEN=100",
    "-DTERNARY_KEYGEN_MAX_ATTEMPTS=3000000",
    "-DSIGN_MAX_ATTEMPTS=16",
    "-std=c99",
    "-DLV_MAIN",
    "-fsanitize=address,undefined",
    "-fno-sanitize-recover=all",
    "-g",
    "-Ireference",
    "scripts/harness.c",
    "reference/falcon-enc.c",
    "reference/shake.c",
    "-o",
    "/home/footfalcon/Dokumenty/FT1536_LV_STATIC_RUN_001/tmp/replay_001/bin/resume_001/base-sanitize",
    "-lm"
  ],
  "cwd": "/home/footfalcon/Dokumenty/FT1536_LV_STATIC_RUN_001/tmp/replay_001",
  "exit_code": 0,
  "sources": {
    "scripts/harness.c": "d9addfa1ddea67a2fa689b0963755758426cd3ae04df4115b39ff6877af4bd79",
    "reference/falcon-enc.c": "0f7085fa975d41ebbeb96d5db4cb68482c344ef2d602ca8853e20a4d4f04fb05",
    "reference/shake.c": "c3e7864bf4139264f8c287053214bf869e242757bf555235da81454e40ea316a"
  },
  "binary": "bin/resume_001/base-sanitize",
  "binary_sha256": "4b4ee852f09504dfd4649d0e9814f96a715bd5612694212ffe77c398f1300bff"
}
{"fresh_cwd": "/home/footfalcon/Dokumenty/FT1536_LV_STATIC_RUN_001/tmp/replay_001", "argv": ["python3", "-B", "resume_001/probe.py"]}
POSITIVE_CONTROLS 10 PASS
FULL_VERIFY_NORM_BOUNDARIES 6 PASS
DECODER_CONTROLS 35 PASS
{"source_verify": 1, "base_verify": 1, "machine_norm": 400000000, "ext_norm": 43058711057, "payload_bytes": 1931, "payload_sha256": "50468530f25ff63fe5680331d2f2591120a15aae0ba0f63f0b0364fc78289b74"}
FULL_CANDIDATE_REQUIRED_PUBLIC_KEY: independent confirmation still required
{"fresh_cwd": "/home/footfalcon/Dokumenty/FT1536_LV_STATIC_RUN_001/tmp/replay_001", "argv": ["/home/footfalcon/miniforge3/envs/sage/bin/python", "-B", "resume_001/check_sage.py"]}
{
  "status": "EXACT_WITNESS_MATHEMATICS_CHECKED",
  "sage_version": "10.9",
  "witness_sha256": "2b9ea42771316eaef3cc394462b51f6a4df4e5b6e08630c5eaab0ca052da603b",
  "independent_parser": "streaming sign/8-bit low/unary; explicit unsigned and int16 reductions",
  "product_method": "Sage GF(18433)[X] multiplication and polynomial remainder by X^1536-X^768+1",
  "uses_S17_NTT_for_mathematics": false,
  "decoded_bytes": 1930,
  "first_unary_quotient": 78,
  "source_norm_from_exported_actual_pair": 400000000,
  "ext_first_norm": 42658711057,
  "ext_norm": 43058711057,
  "B": 2093922385,
  "source_strict_short": true,
  "Ext0_short": false,
  "exact_congruence": true,
  "ext_excess_over_B": 40964788672,
  "source_preNTT0": 63969,
  "correct_s0_residue": 16866,
  "stored_word_residue": 8670,
  "source_product_equals_GF_product_of_preNTT_words": true,
  "boundary_checks": [
    {
      "target": 2093922384,
      "mode": 0
    },
    {
      "target": 2093922384,
      "mode": 1
    },
    {
      "target": 2093922385,
      "mode": 0
    },
    {
      "target": 2093922385,
      "mode": 1
    },
    {
      "target": 2093922386,
      "mode": 0
    },
    {
      "target": 2093922386,
      "mode": 1
    }
  ],
  "C_execution_formalized_in_Sage": false,
  "C_execution_evidence": "separate unchanged-source binary receipts and actual-norm-argument observer",
  "support_evidence": "pinned historical canonical KeyGen public record; no private replay"
}
{"fresh_cwd": "/home/footfalcon/Dokumenty/FT1536_LV_STATIC_RUN_001/tmp/replay_001", "argv": ["python3", "-B", "resume_001/replay_c.py", "normal"]}
{
  "argv": [
    "/home/footfalcon/Dokumenty/FT1536_LV_STATIC_RUN_001/tmp/replay_001/bin/resume_001/base-normal",
    "inputs/key/canonical_public_key.bin",
    "artifacts/witness_c.txt",
    "artifacts/witness.bin"
  ],
  "cwd": "/home/footfalcon/Dokumenty/FT1536_LV_STATIC_RUN_001/tmp/replay_001",
  "exit_code": 0,
  "stdout": "{\"loader\":1,\"payload_bytes\":1931,\"decoded_bytes\":1930,\"point_calls\":1,\"verify\":1,\"raw\":1,\"machine_norm\":400000000,\"s0\":-20000,\"preNTT0\":63969,\"cast65535\":-1,\"cast32768\":-32768}\n",
  "stderr": "",
  "stdout_sha256": "7a676749c0ae1152c1c792f5ca919df02a098fb5bb3757e625610b549f6e0178",
  "stderr_sha256": "e3b0c44298fc1c149afbf4c8996fb92427ae41e4649b934ca495991b7852b855",
  "binary_sha256": "5ca175577ab17b8fef17cc5d59092f121e094dad0bd0de5990b10944e01bde74",
  "witness_sha256": "2b9ea42771316eaef3cc394462b51f6a4df4e5b6e08630c5eaab0ca052da603b"
}
UNCHANGED_C_REPLAY normal PASS
{"fresh_cwd": "/home/footfalcon/Dokumenty/FT1536_LV_STATIC_RUN_001/tmp/replay_001", "argv": ["python3", "-B", "resume_001/replay_c.py", "sanitize"]}
{
  "argv": [
    "/home/footfalcon/Dokumenty/FT1536_LV_STATIC_RUN_001/tmp/replay_001/bin/resume_001/base-sanitize",
    "inputs/key/canonical_public_key.bin",
    "artifacts/witness_c.txt",
    "artifacts/witness.bin"
  ],
  "cwd": "/home/footfalcon/Dokumenty/FT1536_LV_STATIC_RUN_001/tmp/replay_001",
  "exit_code": 0,
  "stdout": "{\"loader\":1,\"payload_bytes\":1931,\"decoded_bytes\":1930,\"point_calls\":1,\"verify\":1,\"raw\":1,\"machine_norm\":400000000,\"s0\":-20000,\"preNTT0\":63969,\"cast65535\":-1,\"cast32768\":-32768}\n",
  "stderr": "",
  "stdout_sha256": "7a676749c0ae1152c1c792f5ca919df02a098fb5bb3757e625610b549f6e0178",
  "stderr_sha256": "e3b0c44298fc1c149afbf4c8996fb92427ae41e4649b934ca495991b7852b855",
  "binary_sha256": "4b4ee852f09504dfd4649d0e9814f96a715bd5612694212ffe77c398f1300bff",
  "witness_sha256": "2b9ea42771316eaef3cc394462b51f6a4df4e5b6e08630c5eaab0ca052da603b"
}
UNCHANGED_C_REPLAY sanitize PASS
{"fresh_cwd": "/home/footfalcon/Dokumenty/FT1536_LV_STATIC_RUN_001/tmp/replay_001", "argv": ["python3", "-B", "resume_001/mutations.py"]}
{
  "executed": 11,
  "rejected": 11,
  "survivors": 0,
  "no_op_positive_control_passed": true,
  "shared_code_boundary": "C binding and model helpers shared with probe; not an independent checker",
  "witness_sha256": "2b9ea42771316eaef3cc394462b51f6a4df4e5b6e08630c5eaab0ca052da603b"
}
full_modulo_instead_of_source_map VERIFY_SEMANTICS REJECTED_CHANGED_MODEL
omit_unsigned_word_wrap PRE_NTT_WORD REJECTED_CHANGED_MODEL
omit_STATIC_signed_narrowing DECODED_INT16 REJECTED_CHANGED_MODEL
assume_centered_STATIC DECODER_DOMAIN REJECTED_CHANGED_MODEL
wrong_A2_offset A2_FORM REJECTED_CHANGED_MODEL
wrong_extractor_sign EXACT_CONGRUENCE REJECTED_CHANGED_MODEL
nonstrict_bound STRICT_NORM REJECTED_CHANGED_MODEL
wrong_Phi RING_MODULUS REJECTED_CHANGED_MODEL
STATIC_only_Verify VERIFY_COMPRESSION_DOMAIN REJECTED_CHANGED_MODEL
CLI_buffer_limits_adversary VERIFY_LENGTH_DOMAIN REJECTED_CHANGED_MODEL
ignore_nonzero_padding PADDING REJECTED_CHANGED_MODEL
{"fresh_cwd": "/home/footfalcon/Dokumenty/FT1536_LV_STATIC_RUN_001/tmp/replay_001", "argv": ["python3", "-B", "resume_001/export_lean_blocks.py"]}
{
  "witness_sha256": "2b9ea42771316eaef3cc394462b51f6a4df4e5b6e08630c5eaab0ca052da603b",
  "lean_sha256": "f166ae8569868ec8eda7a816e7ffdaa1ebacfa4c98acafde565f869b75da7215",
  "pairs": 768,
  "block_size": 64,
  "block_sums": [
    2979338580,
    4013266952,
    2965980213,
    3322203089,
    3028205106,
    4017699519,
    3741460540,
    3353075018,
    3316429520,
    4374866884,
    3861943334,
    3684242302
  ],
  "ordered_pairs_sha256": "bbd94662869a92414ead3595928850561c4c99bacc4be9cbd10992f70bf9cbf9",
  "offset": 768,
  "scope": "kernel checks every literal A2 pair energy, append grouping and exact inequalities; Sage checks the extractor identity; C acceptance separately replayed",
  "prior_attempt_preserved": "formal/Witness.lean"
}
{"fresh_cwd": "/home/footfalcon/Dokumenty/FT1536_LV_STATIC_RUN_001/tmp/replay_001", "argv": ["/home/footfalcon/.elan/toolchains/leanprover--lean4---v4.34.0/bin/lean", "formal/WitnessBlocks.lean"]}
'energy_append' depends on axioms: [propext]
'block_0_norm' does not depend on any axioms
'block_1_norm' does not depend on any axioms
'block_2_norm' does not depend on any axioms
'block_3_norm' does not depend on any axioms
'block_4_norm' does not depend on any axioms
'block_5_norm' does not depend on any axioms
'block_6_norm' does not depend on any axioms
'block_7_norm' does not depend on any axioms
'block_8_norm' does not depend on any axioms
'block_9_norm' does not depend on any axioms
'block_10_norm' does not depend on any axioms
'block_11_norm' does not depend on any axioms
'pair_counts' does not depend on any axioms
'first_total' depends on axioms: [propext]
'second_total' does not depend on any axioms
'machine_first_total' does not depend on any axioms
'full_extractor_norm' depends on axioms: [propext]
'machine_pair_short' does not depend on any axioms
'extractor_pair_not_short' depends on axioms: [propext]
'extractor_excess' depends on axioms: [propext]
'pre_ntt_word' does not depend on any axioms
'distinct_residues' does not depend on any axioms
'long_unary_counter_wrap' does not depend on any axioms
'long_unary_accept_boundary' does not depend on any axioms
'long_unary_reject_boundary' does not depend on any axioms
{"fresh_cwd": "/home/footfalcon/Dokumenty/FT1536_LV_STATIC_RUN_001/tmp/replay_001", "argv": ["python3", "-B", "resume_001/verify_bundle.py"]}
{
  "status": "BINDINGS_VERIFIED",
  "witness_sha256": "2b9ea42771316eaef3cc394462b51f6a4df4e5b6e08630c5eaab0ca052da603b",
  "reference_files": 17,
  "original_inputs_checked": 0,
  "inherited_files_unchanged": 0,
  "formal_file": "formal/WitnessBlocks.lean",
  "formal_sha256": "f166ae8569868ec8eda7a816e7ffdaa1ebacfa4c98acafde565f869b75da7215",
  "literal_A2_pairs_checked": 768,
  "theorems_checked": 26,
  "axioms": [
    "propext"
  ],
  "lean_receipt": "logs/resume_2026-09-18T124606316590+0000.stdout",
  "mathematical_result": "COUNTEREXAMPLE_REQUIRED_DOMAIN",
  "C_semantics_formalized": false
}
{
  "status": "FRESH_REPLAY_MATCH",
  "destination": "/home/footfalcon/Dokumenty/FT1536_LV_STATIC_RUN_001/tmp/replay_001",
  "compared": [
    {
      "path": "artifacts/witness.json",
      "sha256": "2b9ea42771316eaef3cc394462b51f6a4df4e5b6e08630c5eaab0ca052da603b"
    },
    {
      "path": "artifacts/witness.bin",
      "sha256": "50468530f25ff63fe5680331d2f2591120a15aae0ba0f63f0b0364fc78289b74"
    },
    {
      "path": "artifacts/witness_c.txt",
      "sha256": "f715b6c92f574054a52230cbcc337d2b16f5260469788872eb59234d27d1f4fd"
    },
    {
      "path": "artifacts/positive_controls.json",
      "sha256": "4936e5b0bd1ec2682b0791a25abc279232c268dd6c11df76c8d91072ab71c11d"
    },
    {
      "path": "artifacts/norm_boundaries.json",
      "sha256": "d5bfb181fdbd806f52d632afb5d653270f663c629ebaae81cf2c382366e771e3"
    },
    {
      "path": "artifacts/decoder_controls.json",
      "sha256": "6e28296ed015b963cb846a584b52b5b3dc075ecc76a3d7e9a342874efac1a8f2"
    },
    {
      "path": "artifacts/sage_check.json",
      "sha256": "88b3e82317b093c0152f526b438e027247be227210c0f373ce18c79759689015"
    },
    {
      "path": "artifacts/mutations.json",
      "sha256": "3210c154ef497b9172e86a5cac86fdd30a111e1a304d593cd96cb051093d2c4a"
    },
    {
      "path": "artifacts/lean_blocks_binding.json",
      "sha256": "df58ac0f90d51ad3c39944a18fc996fa42a927ca36c57da3fa7a535df9de1e5b"
    },
    {
      "path": "formal/WitnessBlocks.lean",
      "sha256": "f166ae8569868ec8eda7a816e7ffdaa1ebacfa4c98acafde565f869b75da7215"
    }
  ],
  "source_overwritten": false,
  "original_initializers_rerun": false,
  "source_manifest_sha256": "03eaa0dd72bf365102af102959f5a02133b32d0504e7dd5b15145529c6bc3589",
  "output_anchor": "PRE_FREEZE_REHEARSAL"
}
