{"argv": ["/usr/bin/gcc", "-W", "-Wall", "-O", "-DFPR_IMPL=\"fpr-emulated.h\"", "-DSAMPLER_CODF=0", "-DSAMPLER_CDF=0", "-DCT_BEREXP=1", "-DFT_TERNARY_ADAPTIVE_CDF=1", "-DFT1536_CANDIDATE_PROFILE=1", "-DCLEANSE=1", "-DTRUE_TERNARY_SECRET=1", "-DTRUE_TERNARY_SECRET_MODE=1", "-DTERNARY_KEYGEN_BOUND_SCALE_NUM=1250", "-DTERNARY_KEYGEN_BOUND_SCALE_DEN=100", "-DTERNARY_KEYGEN_MAX_ATTEMPTS=3000000", "-DSIGN_MAX_ATTEMPTS=16", "-std=c99", "-shared", "-fPIC", "-Ireference", "scripts/harness.c", "reference/falcon-enc.c", "reference/shake.c", "-o", "/home/footfalcon/Dokumenty/FT1536_LV_STATIC_RUN_001/bin/resume_001/base-shared.so", "-lm"]}
{
  "mode": "base-shared",
  "argv": [
    "/usr/bin/gcc",
    "-W",
    "-Wall",
    "-O",
    "-DFPR_IMPL=\"fpr-emulated.h\"",
    "-DSAMPLER_CODF=0",
    "-DSAMPLER_CDF=0",
    "-DCT_BEREXP=1",
    "-DFT_TERNARY_ADAPTIVE_CDF=1",
    "-DFT1536_CANDIDATE_PROFILE=1",
    "-DCLEANSE=1",
    "-DTRUE_TERNARY_SECRET=1",
    "-DTRUE_TERNARY_SECRET_MODE=1",
    "-DTERNARY_KEYGEN_BOUND_SCALE_NUM=1250",
    "-DTERNARY_KEYGEN_BOUND_SCALE_DEN=100",
    "-DTERNARY_KEYGEN_MAX_ATTEMPTS=3000000",
    "-DSIGN_MAX_ATTEMPTS=16",
    "-std=c99",
    "-shared",
    "-fPIC",
    "-Ireference",
    "scripts/harness.c",
    "reference/falcon-enc.c",
    "reference/shake.c",
    "-o",
    "/home/footfalcon/Dokumenty/FT1536_LV_STATIC_RUN_001/bin/resume_001/base-shared.so",
    "-lm"
  ],
  "cwd": "/home/footfalcon/Dokumenty/FT1536_LV_STATIC_RUN_001",
  "exit_code": 0,
  "sources": {
    "scripts/harness.c": "d9addfa1ddea67a2fa689b0963755758426cd3ae04df4115b39ff6877af4bd79",
    "reference/falcon-enc.c": "0f7085fa975d41ebbeb96d5db4cb68482c344ef2d602ca8853e20a4d4f04fb05",
    "reference/shake.c": "c3e7864bf4139264f8c287053214bf869e242757bf555235da81454e40ea316a"
  },
  "binary": "bin/resume_001/base-shared.so",
  "binary_sha256": "78cb5ffc3e8d7d668676961e80556e3060fbf9cc747b1e00744f6036d2f0675a"
}
