2147355649 1907584673 1869483007
211759580
211759580
1830505196
274163626
1224101822
456766131
1391339705
566879922
286739985
1622200984
435826742
659507303
1110761985
590566799
712219115
2058515461
29237511
1560598327
1431138622
1099223267
1703442504
1626603638
54828596
1302565611
1552126810
81041600
1031767390
463180324
2085151828
927858654
956544220
485952946
1260414432
987676048
1824242323
1197431923
1329626484
663226764
509848917
1752853721
396429350
2076762876
809864040
845439090
1621223862
1855498891
1774809426
947347981
1025814433
1624062745
300852155
333444837
219658259
1793326229
1003110171
543921053
1821457950
829140099
2080844087
2027190343
146290771
967170251
1140000527
590453253
1868667407
542838789
985471975
1271023926
512104627
902011415
979308735
1405163224
1272826694
1223623277
1172485801
191144917
1009713033
95088480
1905882967
488781787
236982822
1902417624
147054109
575690266
1654325505
898114155
1109642852
1890331187
949264222
1328000325
1014969169
996119046
1705555814
480493251
1066224711
1925007997
45741743
1798484855
81783769
355303254
102451454
700719487
314033169
367591773
1280682320
629164805
1953660208
1327068516
12653004
1142311875
651128857
579215217
634239853
1498859744
2089900747
1619719360
572348796
1791710692
1766339925
363554792
718532247
1804682442
1398821919
1445451457
2133636331
2019073793
182610087
919140054
833274678
1316131348
1988685403
1965217028
1803803430
2046506573
383117267
1259051365
644538291
407768703
1171422598
428097175
1968190944
1007941869
342062736
294148098
1190451870
1019465798
1504824896
486772602
1883314175
1552942795
1148060223
234711057
775432579
41327006
1903304232
57967300
1375987635
537815569
1241322053
1497213104
184537575
1057324733
1946797182
423890999
1096228242
867010653
1336831011
1582817825
675198992
981896150
1284754738
136481528
827010721
1431030388
807615657
558431496
1220155712
1723277711
2069450301
1320749317
1410431184
213814025
2033259891
1733874851
1570583672
910396410
759378591
748547652
1229497314
1695551062
424244092
520767584
383163395
1227545910
698856106
1347742210
301754865
649145820
1983900744
1188089999
1718699172
1821845696
1148052292
847679500
463130145
83398302
667973063
1678780714
1919398222
942600690
122805183
1000807115
1452221130
409452012
129954763
314218624
1057918251
30628835
2010683757
2113241310
771373267
1705527237
1676112091
2102825028
1883816745
1431926912
243090721
1533327464
1768494436
2053888075
1073687924
402225238
1283900131
698531953
724483396
1845706862
1286994644
2119167000
732387233
1938434807
402875429
605053874
1934548566
96377057
883667216
2055170319
465859857
1959558173
230502021
1293779587
1374975484
87611136
1338506528
1242253841
1931931596
622486505
56939916
1719265210
1769472240
895388065
978798530
1457794934
1479934646
1979112469
966139440
1788731233
430016630
1787766684
222162085
1125140675
1472341950
2027438274
1758458262
1984534186
1634216209
1771732789
1291358955
1849953407
1529371587
581282851
873814261
1934276613
241301269
244503664
1718241496
2140211173
1448735930
65244163
1409743057
893056955
885746297
1756457230
1319737678
712573966
1457779089
1310702762
171853989
550667526
2045289328
1779596706
1099080892
595548829
412614851
1131077881
1572927538
1425141468
1295490194
1416670307
616181128
87307294
2117321627
439522615
1515460996
1632785446
983710423
1573661144
237518610
1345982833
1658643944
129164718
462083048
970296984
448083185
1193813356
238465291
1081824643
980063311
289451321
168829478
1948248162
1896319604
1012875918
1755914820
578601537
138531358
1734029213
1755202256
574624007
571988832
1327553591
960056305
57048991
1635796083
1803876609
2135236790
226048273
425018325
1921411155
1153853172
1295835088
684139522
2082426237
1976149286
822442598
176780200
1369653518
667191282
473783659
1718115434
335830488
1029048685
817774581
995434588
1839428903
39550707
1668758230
688631397
450372372
832982381
1964579271
278850768
1421355725
1206513366
266709953
1020172707
977731716
968211472
188813219
859301782
1434232233
1893066437
1135058323
190312710
1221453064
111652357
60520710
843542716
499791830
155405914
62287772
1036298072
1954942073
2098204067
1340025188
22605452
2010611971
486173753
2019875426
1194612031
811758563
861204276
778457001
816675006
635453799
1096321286
208898012
14885338
1692826134
1811345648
1712285667
1071303432
1066833819
1373768342
1134329698
1573068462
1461656894
211071085
1046017283
978748545
1952288521
458465080
1548004213
69441152
2076275672
212943896
175287757
285072183
1730926507
78740491
728101823
288187526
1749057678
817749418
1119619041
645411457
362665804
359973590
307299686
1054481954
1856657352
820521943
1715356591
365771285
1702871189
1753115674
1483125618
1637276672
1596448580
1501661567
1352853961
1840746352
103461627
2118534520
1592513264
1026368678
1645255991
1008516379
1723434796
1846359892
338995337
1208527422
1073098769
1463280544
2100461785
165508784
1506113758
955001409
1962526695
937378121
641768512
1058182199
1784126750
753635434
507739942
2108380580
1225497409
574726675
1840188434
1812579755
1739588316
2085193583
1792628366
1942152166
1645348088
1172755359
754570376
1385957804
21609507
358572753
564161351
1562959963
903419001
1910418742
529620312
2039097422
1156918840
1164391729
281742873
1887583898
1723542862
522644267
64682699
1424201604
4138956
1446684838
1460368916
1570075539
488271106
1078233339
771282399
317211304
1809041167
200677068
1520939428
2078876682
1840166891
172254297
1380547426
575102495
1645330250
1898712354
239250100
1518464168
1246017330
1438502497
422809790
1797859695
1199966782
79274791
1749562794
580739435
172683337
1502701612
1179641164
1081285049
1377048243
1033040447
1251983947
1515329394
1950288913
686221979
774113299
1069909662
280567368
861936801
126796542
176451658
1728472866
800693836
672096917
1836190515
464591488
1271883869
1069642285
777373873
330655532
1529344316
2124564122
2096676668
1836658822
1117083999
1751778548
1594024335
610631747
383504446
1188203094
1745403810
248517209
146196658
1575068392
873692173
429670390
888424458
377081044
1102991912
1521913935
695824216
1792892500
61744975
2145697374
1031700139
1757785960
990590724
366244382
116298653
1428806389
1192623805
477568424
1545304055
818501345
1303543128
672845663
1592498643
661719607
927835587
1590156289
2072711066
1920294514
1454622117
1352120162
59398483
2142287828
1202478747
881398549
1159064510
1598425956
530936083
2068720029
1306767470
24249226
166054694
1836136441
795260412
427123547
289214609
65631199
1055853395
2056337824
153512500
898315497
882344724
1975823359
1236561184
609041445
1130007929
1455037478
1999680030
618331078
64447421
635277962
1487678151
1257226194
1308779903
137192664
1702481118
1271231064
1408134879
363676231
953052627
141369724
733593112
647811318
477688550
316775848
496881408
475945359
987585424
1712864916
553150389
1239417522
1571484423
578429441
156992974
623550275
1420344643
2008866972
1524734752
767373061
1381444184
788414678
1364350055
953486760
1929091968
2003816353
778071982
1057614951
1555223165
632741358
1067910790
58817677
934111479
1995733613
532677080
1585425024
2099389549
1312471168
1176569923
2030212823
753173359
440887785
76380043
562988268
2052059012
1993941708
630793999
1115842900
288571840
484149102
973849407
1656862453
144097376
2016758749
69369840
2085526068
1706717636
416333235
452059464
1707657975
896615222
358391435
659185522
311584065
1777125865
700328148
1347424697
2076625877
603032950
1814002017
1804275278
654803429
1201457896
2012857143
2118541067
1865403227
1596649026
160800572
1897593741
1981708065
874245423
594334597
29313050
1273635538
1240452042
1905861862
1910588158
2101490362
211556098
794891524
917104296
1906729646
204876210
679633775
1501107671
1682997283
1767958165
934565625
774390599
1586534055
2108339234
1105120193
470348172
700939252
1856757746
803277627
1903269765
983886031
112753223
1046952457
922509392
669151378
1097036120
878588573
329114645
671622984
1368170600
70609174
1375781048
1141755535
1594516590
1101747428
1236182433
400222978
303559490
753272950
1476894314
1315296554
1983810438
851945179
1535700337
2095614773
1087362073
1520340934
1396637569
968932156
986632227
769804711
577592504
753600926
923068994
1875767607
118430798
1733541944
151818156
315786430
1151141496
1528937905
801332238
1953012104
18865023
781217019
940271622
852191682
1718718093
1199091819
1374110846
228711326
1588653263
1122502932
690372642
1162921321
293280747
19120558
1896093197
1233100137
731191924
1760032246
972244811
935063194
312154194
1554731744
1979546561
105356415
1325069666
586372398
1442830546
193724208
106881814
1660802171
1382066240
1496150091
1980202713
1727291129
2051350020
575071759
947562835
1343562965
891520279
511537637
1488437443
690620333
1543324451
438988510
1995866278
1850809043
31758050
1671428138
8148486
722888554
19746625
885304225
762256250
1415044471
825437197
946334539
962525133
629122045
851849302
1135846829
1231099581
605046088
913615404
847974350
1822220526
2041683503
1147131741
1901499531
1915497711
2072756358
1369088378
29169358
505189254
1111465140
1959068124
1519552635
1557602949
1848477875
1645002912
2036811291
871599307
30676323
1405883949
1654742412
116701769
182792334
476923173
912252680
1742922736
887881909
1857979604
695379663
72488701
887891536
2136632595
867882447
705169419
1458253644
814330714
38868243
1423074954
502102830
1899681343
1544265263
10398955
2054595186
788653280
1826061451
2107115427
1438941886
1654417103
1857256186
1322243721
1306110078
726226867
1441252979
74184536
356673038
431134516
187297185
1806018406
1704952889
1946040268
418227248
327334948
121052679
784035439
1631047991
963658134
1628134934
1115496549
1691115627
853632871
1596761548
1859459812
1613170061
958928290
1219221759
478018562
1082915412
116483496
1491199790
1591208267
344104954
2048609590
657928743
1833683670
836635425
1749331778
1438079223
226187891
731046427
1183284024
1429806449
1791847116
572696387
658393698
1467306210
617387527
733167867
1294669107
867388543
28509597
732064728
1041487991
1334793466
88365385
1133382584
1716260830
172399181
333230034
38189221
346296509
328485236
454932355
630727344
2118175507
755524119
1716562354
2015222573
683401570
1844827724
34943631
508361837
1208851900
717524708
669075505
1679828291
363908912
605539229
730656326
658673054
1758835457
446461348
429788918
218854201
317787558
1664486187
766814989
673698005
600292852
2062202314
1133691665
358088693
924843228
397713019
888534066
918183599
1726270354
2132369160
994735680
804009295
542401741
860919219
679162136
704186471
149653768
1694882514
1072396857
432284889
754933457
1961034687
1749240528
531795150
2119253193
1417066697
190054887
1056922546
1103479956
1539311474
1802823274
304042029
209371008
1164831456
1377210151
1218636998
1019382745
895464616
232508288
1914847361
1127972904
1251891033
1142049292
1792366280
1360295726
787059923
1005306357
354989369
1605128681
1106006897
1583575720
563779929
542226968
1041348752
410236508
574430485
1162688656
984666993
1737119141
1572925164
34439898
1963356486
149559265
1997796384
2112915751
183999163
1153754804
252146368
741454477
1405901172
993600845
1895209281
1285263964
412891519
449200166
1698155483
862091685
1734464130
1903710030
1478327033
912674235
1234681414
243645619
669028616
850225889
211378246
1085751514
1061604135
1297129760
1935977403
2129375942
1617387657
547947699
1599407950
17979707
529967992
1312257608
618558169
216539872
1930815777
835098041
1528797480
1765668648
329674307
52012694
2095342955
381687001
1817681342
232377254
635120658
1279857737
867497912
1914978395
1512234991
2143374717
249316692
1902019889
245335760
3980932
1898038957
766617317
162815135
1217923197
929432452
1380738332
1984540514
1550612566
2066906898
677191834
1470163815
596743083
80448751
1780732094
714280786
1799698418
347657231
366623555
1433074863
9110935
1943954566
194290148
1953065501
2138244714
203401083
2086145014
188447702
2020118582
127237067
61210635
1958907947
1476198677
1015914534
1802598087
344757562
671156972
1131441115
403346873
1273138623
470870153
1676485496
1744008776
874217026
1377780353
65541698
704033598
1443322051
769575296
2081813951
804135816
149549008
1193670825
953684824
1343219833
1997806641
1539615304
1486466201
1268629793
878725856
607740345
660889448
1433128176
658224936
56002537
2091353112
714227473
1489130713
805377771
392525286
949452592
1197903057
1341977878
1754830363
327863147
1058107273
761385229
1385970420
1819492502
1089248376
378437697
347795533
1421122419
726233230
1768917952
1799560116
1932250469
1514294579
848166250
1299189399
215105180
633061070
642943551
952322649
552089449
1595266200
1504412098
1195033000
146279911
92265914
1908809824
238545825
2001075738
2055089735
1330272282
666041028
151042339
1996313310
817083367
1481314621
126784291
1645634008
374937350
1772418299
2020571358
501721641
1260021582
2085500762
949188954
1198166695
887334067
61854887
1122664430
255291346
769399873
1377955776
1024691219
1892064303
725635079
1059522098
362198472
1785157177
1421720570
1087833551
678570595
1223408588
245376466
1901979183
1468785054
923947061
688930010
1711953527
1893827761
253527888
1458425639
435402122
312857393
273733977
1560764279
586591370
1834498256
1873621672
335369362
1366344660
445641627
1701714022
1811986287
781010989
1106462860
532071352
508821437
1638534212
1040892789
1615284297
859878918
1135847753
151628978
1995726671
1287476731
1011507896
56367943
228039695
1862948011
284407638
2090987706
1919315954
242597343
128371807
1776386499
370969150
1904758306
2018983842
1464743327
1521765163
1308202808
839152841
682612322
625590486
677136315
1577292867
2040282116
107073533
1470219334
570062782
1872316494
983483227
1438911577
708444072
275039155
1163872422
1959766684
776538791
1558405823
588949826
187588965
1370816858
1604583925
1381874465
1308252908
839102741
542771724
765481184
2146568458
1698098122
450044718
1697310931
787191
449257527
392740498
1977743904
1924226896
223128753
1754615151
169611745
1222024933
528402857
396927859
1750427790
925330716
1618952792
1346477865
647943893
152933891
1994421758
800877784
1499411756
1915373521
568405234
1810932543
336423106
231982128
1578950415
1680074171
1454803032
1159834095
987521554
467281478
692552617
1864851625
1849671244
580188429
1567167220
282504024
297684405
1011102490
950382601
185870558
1961485091
1136253159
1196973048
1544244818
1274572177
1475894303
671461346
603110831
872783472
1661597023
658559964
1974554311
172801338
485758626
1488795685
1674945338
141741556
330668755
1816686894
472410311
2005614093
2085595364
420137683
1788978251
358377398
61760285
1727217966
428095349
635534987
1083725313
1063630336
1719260300
1511820662
773148956
517575700
856630993
1290724656
1374206693
1629779949
570487128
443207972
1133660549
1013695100
1576868521
1704147677
528410335
123942982
1495002332
652353317
1618945314
2023412667
666712541
1861401556
1766597201
380758448
1480643108
285954093
974474778
305128037
867752834
1279602815
1172880871
1842227612
1833679227
1595922787
865109284
1282246365
313676422
551432862
246012675
2114999437
1933699186
213656463
1901342974
32356212
465237158
114323047
1567795444
579560205
1682118491
2033032602
292412956
1151817306
703125387
1444230262
1854942693
995538343
1946067357
366064491
1982579450
164776199
201288292
1781291158
1076030037
1333260714
1885420547
261935102
1071325612
814094935
494174872
1149879748
503301029
1644054620
1653180777
997475901
2011343686
35277448
100734515
2046621134
136011963
2112078201
692962087
590007934
864385628
1282970021
1454393562
1557347715
1168025691
799831307
179498651
1967856998
979329958
1347524342
702572013
1360135132
84648504
2062707145
1444783636
787220517
2084133940
967769250
1242808108
904547541
63221709
1179586399
476036146
1077771159
593548344
1553807305
1671319503
1069584490
1394923868
223871800
528559981
1618795668
752431781
1923483849
107536010
855738540
1184081099
963274550
2039819639
1291617109
1611310223
1331964745
1351436330
795919319
536045426
815390904
603333654
601245063
942776932
1204578717
1544021995
1546110586
1069945684
1045203777
32206188
2115149461
1077409965
1102151872
1805687820
852321859
1636701619
510654030
341667829
1295033790
1370246628
920068992
2004395678
142959971
777109021
1227286657
1449159891
979304012
1866247395
281108254
698195758
1168051637
153947369
15372470
1978035810
169319839
1993408280
2131983179
1370259602
564186406
212909641
1934446008
777096047
1583169243
586954597
1581622648
2126134053
21221596
1560401052
565733001
902949886
438993369
805412394
1341943255
1244405763
1708362280
1082950288
307167948
757237413
1390118236
1064405361
1840187701
1692908188
1105305422
1496497688
650857961
454447461
1042050227
1177151095
888069993
82134561
2065221088
970204554
1259285656
2024164040
1050325125
1220222133
927133516
123191609
1097030524
1157729462
21663961
967962226
1179393423
989626187
2125691688
560166940
584749038
1002439671
1144915978
1587188709
1562606611
279206064
1037020914
831128671
1316226978
1868149585
1110334735
1502918439
507004324
137432886
2009922763
644437210
1640351325
1776715588
982085380
1535910330
611445319
370640061
1165270269
576430983
1196159105
374765561
1772590088
1570924666
951196544
205877380
1784534248
156944021
1990411628
1941478269
362821401
1714599830
510569160
2069542308
77813341
432755819
1636786489
919411154
2065949758
1309350386
838005263
1227944495
81405891
443106570
915087826
789161253
1358194396
1704249079
1232267823
140936242
111396436
1895022971
252332678
2006419407
2035959213
89386030
469675170
1588294449
559061200
2057969619
1677680479
877997289
2137381454
1279332555
868023094
1269358360
9974195
372889467
949863704
824602478
1322753171
1774466182
1197491945
1861045461
785084135
1648581702
498773947
286310188
1362271514
1349704487
1105739301
1839267510
308088139
797651162
1041616348
1719631954
650089794
1924989550
222366099
427723695
1497265855
660752901
1144541665
342061083
1805294566
1486602748
1002813984
1299214321
1902942850
1092554127
1054801522
848141328
244412799
1204707213
2100189107
989814978
1157540671
942648436
47166542
667814141
577216591
902324917
1245030732
1479541508
1570139058
1921194595
2091413830
282102873
1865252776
226161054
55941819
803644561
1916225936
1574840801
572514848
1343711088
231129713
1136371216
1153003075
2005337007
142018642
1010984433
994352574
1863804402
1671732109
759174787
1388180862
283551247
475623540
1252465656
1669454489
1372791153
774564496
894889993
477901160
1310109244
1442428493
1542173561
605182088
837246405
704927156
1995240191
626525608
1672945499
474410150
152115458
1520830041
1614900827
599898864
2079911607
67444042
532454822
1547456785
833249978
914851272
399254399
1748101250
1314105671
1232504377
183578328
984736758
979040563
1168315086
1963777321
1162618891
98542985
1245953678
802858986
1344496663
2048812664
901401971
354814962
540873804
1251666883
895688766
1792540687
1606481845
1994229648
1045589214
1254892436
892463213
153126001
1101766435
1495773240
1839422457
959515601
1187840048
651582409
307933192
318540210
1767185154
61630285
2085725364
1828815439
380170495
486199827
1584376369
76779453
2070576196
1661155822
562979280
1246825326
1808715750
1239170222
908185427
900530323
338639899
700967035
1005939165
440449449
1706906200
1446388614
1141416484
1570116285
1500611974
1223983039
923372610
577239364
646743675
1732183605
328181853
86990191
2060365458
415172044
1819173796
412150779
1252480741
482724129
1664631520
1735204870
894874908
1589290611
1621607664
1083813023
1063542626
558065038
525747985
493382937
1209775252
444197460
1703158189
1653972712
937580397
1339151780
1139948724
1815610794
331744855
808203869
1007406925
359813051
1394189375
393353223
1754002426
1787542598
753166274
1851332640
1103175389
1340203269
807152380
296023009
1044180260
1853204573
1872042709
569464016
1577891633
294151076
275312940
399346457
1055230089
692779103
1454576546
1748009192
1092125560
1553538105
2137184003
603989190
1543366459
593817544
10171646
2071884576
1423044902
799781820
1347573829
75471073
724310747
1419571756
251712021
476071872
1671283777
727783893
1895643628
868480374
867279746
411595529
1735760120
1278875275
1280075903
1203533828
1558273132
1532904338
614451311
943821821
589082517
1654661464
1848345044
791704790
1355650859
492694185
299010605
1617200801
446945680
83209168
2064146481
530154848
1700409969
163184363
454516935
1529654351
617701298
1984171286
1692838714
1090607568
1280086502
1924017228
223338421
1056748081
867269147
2082916394
1465076414
746718490
1400637159
64439255
682279235
1691977734
655893308
1946840256
200515393
455377915
1491462341
1176381636
369837665
601136348
1546219301
970974013
1777517984
502995403
1614955306
29404940
2117950709
1644360246
532400343
622514763
2037044934
1635151601
512204048
1524840886
110310715
154287345
1060675916
932392388
1214963261
1993068304
1086679733
1482944016
171268594
493143039
1654212610
664411633
1976087055
139059389
1807899076
200397184
1946958465
2008296260
339456573
1679715038
1663900463
951095797
1196259852
467640611
483455186
1534482292
905728188
1854500818
292854831
612873357
1241627461
1011200275
1340334573
1943176450
204179199
1136155374
807021076
1165123753
6694707
975537189
1171818460
982231896
2140660942
391399697
1754266456
1689496
2145666153
1755955952
393089193
644956542
888393678
614005429
1533350220
1502399107
1258961971
2078531915
540596117
1675583266
471772383
68823734
1606759532
1953210122
2051495089
290006087
1857349562
194145527
95860560
1177629919
1823909392
1293171987
854183662
969725730
323446257
380513290
531296029
1235546330
911809319
1766842359
1616059620
262195717
1433154230
452005702
1695349947
1885159932
714201419
912409108
1131705129
103241412
2044114237
1234946541
1015650520
912318477
1678612472
1703780349
443575300
1235037172
468743177
2010610173
97769117
38976359
2108379290
136745476
2049586532
955005726
1429632241
1910073331
237282318
1192349923
717723408
1538873616
1455418275
1300419407
846936242
608482033
691937374
987697467
1372936122
1934077709
213277940
1159658182
774419527
1200811578
1280574069
1813325651
334029998
946544071
866781580
606348424
2118047887
1570314987
577040662
1541007225
29307762
1135963739
1372375697
1786371862
360983787
1011391910
774979952
1005285886
1744079138
1545346274
602009375
1142069763
403276511
2123463870
633147032
1538100396
609255253
23891779
1514208617
1752575216
449276945
2092859137
54496512
394780433
1698078704
1491803027
1431247362
1371660909
775694740
655552622
716108287
1880147502
98684357
168523790
1978831859
267208147
2048671292
1518936826
994730665
1781043807
366311842
628418823
1152624984
1833330326
1985137954
476243018
1671112631
314025323
162217695
820076239
1470964111
2003670948
143684701
1327279410
676391538
561370207
783001641
802983801
1344371848
1585985442
1364354008
1610032190
364910430
172413029
1974942620
537323459
1782445219
399327075
1479635039
268393535
1878962114
1748028574
667720610
1613092249
1481873098
1199745951
947609698
534263400
665482551
85754240
1762791319
298810090
1848545559
2061601409
384564330
280808171
420622160
1445925318
701430331
1866547478
1726733489
2063222848
2022457952
209030498
1938325151
84132801
124897697
1236973767
208377102
702004780
1445350869
910381882
1938978547
467071
470391206
1676497372
470858277
2146888578
1676964443
1682296959
52246385
412812305
1734543344
465058690
2095109264
13037779
2104121391
30196479
2117159170
2134317870
43234258
790826350
1276367879
80161420
2067194229
1356529299
870987770
1108722754
1555659079
1630329465
517026184
1038632895
591696570
1366056328
826558341
2102096629
45259020
781299321
1320797308
1966580402
1963308151
364822745
1782532904
180775247
184047498
2019802833
21756998
105795818
2041559831
127552816
2125598651
829866276
1654200184
1810644838
336710811
1317489373
493155465
1915510267
1494777250
884423781
1262931868
231845382
652578399
1342259663
901051565
2051400070
95955579
805095986
1246304084
55676351
722916605
1368762693
778592956
2091679298
1424439044
1689629024
2975325
454751300
1692604349
457726625
2144380324
304739894
1001020064
841595691
1305759958
1842615755
1146335585
1011711277
1497789835
1785210186
362145463
1135644372
649565814
1965703130
510910818
1818097350
329258299
181652519
1636444831
1296955084
812010677
38389888
2108965761
850400565
1335344972
232517393
1537274263
377563993
1769791656
1914838256
610081386
945385854
789987727
411982068
1735373581
1201969795
1357367922
1916534713
167026216
63794720
2083560929
230820936
1980329433
1891341931
850825880
1552543487
594812162
256013718
1296529769
1594155827
288692877
264506945
1882848704
553199822
1858662772
1278382560
94671218
774301871
1373053778
868973089
2052684431
860375650
46495422
1240484577
906871072
1286979999
2100860227
1037395606
926142955
183817088
1963538561
1109960043
1221212694
1587263129
1370004526
1337443643
809912006
560092520
777351123
1079627745
2069395825
1145687728
1001667921
1067727904
77959824
1891939319
1122020242
1280751737
866603912
255416330
1025335407
174977072
1275293706
697084871
1450270778
1972378577
872061943
2048774468
610141300
1635795530
511560119
98581181
1537214349
2079249019
617378646
1598083633
549272016
68106630
1529977003
918203301
10656679
1218495669
928859980
1229152348
2136698970
639540571
667308919
840506159
1306849490
1507815078
1480046730
730749353
31060915
1385545381
761810268
1416606296
2116294734
178603834
2135043698
1981063766
166291883
1968751815
12311951
733064970
663873044
750417635
1396938014
1414290679
1483482605
1962577927
1851863595
480269776
1667085873
184777722
295492054
1724376968
1326353128
1243981202
903374447
422978681
821002521
285636568
96675833
1765043248
382312401
1861719081
2050679816
1826899858
1598080542
869730898
1277624751
320455791
549275107
603399565
342802521
1201153563
946202086
1543956084
1804553128
1306450109
1930146224
1058114965
1089240684
840905540
217209425
1396772330
2051994774
845944194
1301411455
750583319
95360875
1844885053
669963652
1779862593
367493056
302470596
1477391997
425830728
1701275753
20249168
2127106481
1721524921
446079896
1371490921
969151304
1954069073
193286576
775864728
1178204345
125508090
2082517556
2086685652
60669997
2021847559
64838093
505510196
696990311
944855142
1202500507
1641845453
1450365338
1525642172
445038231
176675246
1970680403
621713477
1702317418
88939794
2128930219
2076841285
70514364
2058415855
18425430
675270644
1947843976
1671596678
475758971
1472085005
199511673
345908390
2093661827
1855141081
292214568
1801447259
53693822
367385005
866761262
913209382
1234146267
1779970644
1280594387
1594056431
1858238856
842416011
1304939638
553299218
289116793
654873329
512470479
980011841
1167343808
1492482320
1634885170
115603116
1427336676
604415857
1542939792
2031752533
720018973
2105366088
1884528084
304817126
1842538523
41989561
262827565
677422878
1227356313
242576458
1904779191
1469932771
919999336
