4090000053700376 1 0
4090000053700376 1 0
4090000053700377 0 1
4090000053700377 1 0
4090000053700378 0 1
4090000053700378 1 0
4114444d1a037d4f 0 1
4114444d1a037d4f 1 0
4114444d1a037d50 0 1
4114444d1a037d50 1 0
4114444d1a037d51 1 0
4114444d1a037d51 1 0
3ff0000000000000 1 0
3ff0000000000000 1 0
3ff0000000000000 1 0
3ff0000000000000 1 0
3ff0000000000000 1 0
3ff0000000000000 1 0
3ff0000000000000 1 0
3ff0000000000000 1 0
3ff0000000000000 1 0
3ff0000000000000 1 0
3ff0000000000000 1 0
3ff0000000000000 1 0
