/home/footfalcon/free_falcon_sign/proofs/ft1536/work/B20_001/P02/run/fpr_spec_056/source/B20/Fpr/Spec.lean:428:38: error: unknown tactic
/home/footfalcon/free_falcon_sign/proofs/ft1536/work/B20_001/P02/run/fpr_spec_056/source/B20/Fpr/Spec.lean:428:34: error: unsolved goals
x : BitVec 64
hdom : rintDomain x
hcase : (rint_e x).toNat < 64
hen : ↑(rint_e x).toNat = (rint_e x).toInt ∧ 13 ≤ (rint_e x).toNat ∧ (rint_e x).toNat ≤ 1085
hm0b : (rint_m0 x).toNat < 2 ^ 63
hmask : rint_mask (rint_e x) = BitVec.allOnes 64
hm1 : rint_m1 x = rint_m0 x
he2eq✝ he2eq : (rint_e2 x).toNat = (rint_e x).toNat
hinc : (BitVec.setWidth 64 (200#32 >>> (rint_f x).toNat &&& 1#32)).toNat ≤ 1
hpow : 2 ^ 13 ≤ 2 ^ (rint_e2 x).toNat
hlt : (rint_m1 x).toNat < 2 ^ 50 * 2 ^ (rint_e2 x).toNat
⊢ 0 < ?m.512
/home/footfalcon/free_falcon_sign/proofs/ft1536/work/B20_001/P02/run/fpr_spec_056/source/B20/Fpr/Spec.lean:384:70: error: unsolved goals
x : BitVec 64
hdom : rintDomain x
hcase : (rint_e x).toNat < 64
hen : ↑(rint_e x).toNat = (rint_e x).toInt ∧ 13 ≤ (rint_e x).toNat ∧ (rint_e x).toNat ≤ 1085
hm0b : (rint_m0 x).toNat < 2 ^ 63
hmask : rint_mask (rint_e x) = BitVec.allOnes 64
hm1 : rint_m1 x = rint_m0 x
he2eq✝ he2eq : (rint_e2 x).toNat = (rint_e x).toNat
hinc : (BitVec.setWidth 64 (200#32 >>> (rint_f x).toNat &&& 1#32)).toNat ≤ 1
hpow : 2 ^ 13 ≤ 2 ^ (rint_e2 x).toNat
hdiv : (rint_m1 x).toNat / 2 ^ (rint_e2 x).toNat < 2 ^ 50
⊢ (rint_m2 x).toNat < 2 ^ 63 - 1
