Algorithm functools.partial(<estimator.ntru_primal.NTRUPrimalUSVP object at 0x7fcf173fdd30>, red_cost_model=<estimator.reduction.MATZOV object at 0x7fcfd8c547d0>, red_shape_model=<function GSA at 0x7fcf173aaa30>) on NTRUParameters(n=768, q=18433, Xs=D(σ=0.82), Xe=D(σ=0.82), m=768, tag='FT768_SKR_RAW', ntru_type='circulant') failed with 'ListDecoding'
Algorithm functools.partial(<estimator.ntru_primal.PrimalDSD object at 0x7fcf173fd940>, red_cost_model=<estimator.reduction.MATZOV object at 0x7fcfd8c547d0>, red_shape_model=<function GSA at 0x7fcf173aaa30>) on NTRUParameters(n=768, q=18433, Xs=D(σ=0.82), Xe=D(σ=0.82), m=768, tag='FT768_SKR_RAW', ntru_type='circulant') failed with 'ListDecoding'
Algorithm functools.partial(<function primal_bdd at 0x7fcf17449640>, red_cost_model=<estimator.reduction.MATZOV object at 0x7fcfd8c547d0>, red_shape_model=<function GSA at 0x7fcf173aaa30>) on NTRUParameters(n=768, q=18433, Xs=D(σ=0.82), Xe=D(σ=0.82), m=768, tag='FT768_SKR_RAW', ntru_type='circulant') failed with 'ListDecoding'
Algorithm functools.partial(<estimator.ntru_primal.NTRUPrimalHybrid object at 0x7fcf173fde80>, mitm=False, babai=False, red_cost_model=<estimator.reduction.MATZOV object at 0x7fcfd8c547d0>, red_shape_model=<function GSA at 0x7fcf173aaa30>) on NTRUParameters(n=768, q=18433, Xs=D(σ=0.82), Xe=D(σ=0.82), m=768, tag='FT768_SKR_RAW', ntru_type='circulant') failed with 'ListDecoding'
Algorithm functools.partial(<estimator.ntru_primal.NTRUPrimalHybrid object at 0x7fcf173fde80>, mitm=True, babai=True, red_cost_model=<estimator.reduction.MATZOV object at 0x7fcfd8c547d0>, red_shape_model=<function GSA at 0x7fcf173aaa30>) on NTRUParameters(n=768, q=18433, Xs=D(σ=0.82), Xe=D(σ=0.82), m=768, tag='FT768_SKR_RAW', ntru_type='circulant') failed with 'ListDecoding'
FT768      MATZOV_ListDecoding    default_GSA  OK best=-
Algorithm functools.partial(<estimator.ntru_primal.NTRUPrimalUSVP object at 0x7fcf173fdd30>, red_cost_model=<estimator.reduction.MATZOV object at 0x7fcf1741d450>, red_shape_model='zgsa') on NTRUParameters(n=768, q=18433, Xs=D(σ=0.82), Xe=D(σ=0.82), m=768, tag='FT768_SKR_RAW', ntru_type='circulant') failed with 'ListDecoding'
Algorithm functools.partial(<estimator.ntru_primal.PrimalDSD object at 0x7fcf173fd940>, red_cost_model=<estimator.reduction.MATZOV object at 0x7fcf1741d450>, red_shape_model='zgsa') on NTRUParameters(n=768, q=18433, Xs=D(σ=0.82), Xe=D(σ=0.82), m=768, tag='FT768_SKR_RAW', ntru_type='circulant') failed with 'ListDecoding'
Algorithm functools.partial(<function primal_bdd at 0x7fcf17449640>, red_cost_model=<estimator.reduction.MATZOV object at 0x7fcf1741d450>, red_shape_model='zgsa') on NTRUParameters(n=768, q=18433, Xs=D(σ=0.82), Xe=D(σ=0.82), m=768, tag='FT768_SKR_RAW', ntru_type='circulant') failed with 'ListDecoding'
Algorithm functools.partial(<estimator.ntru_primal.NTRUPrimalHybrid object at 0x7fcf173fde80>, mitm=False, babai=False, red_cost_model=<estimator.reduction.MATZOV object at 0x7fcf1741d450>, red_shape_model='zgsa') on NTRUParameters(n=768, q=18433, Xs=D(σ=0.82), Xe=D(σ=0.82), m=768, tag='FT768_SKR_RAW', ntru_type='circulant') failed with 'ListDecoding'
Algorithm functools.partial(<estimator.ntru_primal.NTRUPrimalHybrid object at 0x7fcf173fde80>, mitm=True, babai=True, red_cost_model=<estimator.reduction.MATZOV object at 0x7fcf1741d450>, red_shape_model='zgsa') on NTRUParameters(n=768, q=18433, Xs=D(σ=0.82), Xe=D(σ=0.82), m=768, tag='FT768_SKR_RAW', ntru_type='circulant') failed with 'ListDecoding'
FT768      MATZOV_ListDecoding    zgsa         OK best=-
usvp                 :: rop: ≈2^156.9, red: ≈2^156.9, δ: 1.003509, β: 479, d: 1426, tag: usvp
bdd                  :: rop: ≈2^153.6, red: ≈2^152.7, svp: ≈2^152.5, β: 462, η: 501, d: 1438, tag: bdd
bdd_hybrid           :: rop: ≈2^153.6, red: ≈2^152.7, svp: ≈2^152.5, β: 462, η: 501, ζ: 0, |S|: 1, d: 1449, prob: 1.0, ↻: 1, tag: hybrid
bdd_mitm_hybrid      :: rop: ≈2^238.2, red: ≈2^230.0, svp: ≈2^238.2, β: 479, η: 2, ζ: 182, |S|: ≈2^288.4, d: 1282, prob: ≈2^-71.1, ↻: ≈2^73.3, tag: hybrid
FT768      MATZOV_quantum         default_GSA  OK best=bdd
usvp                 :: rop: ≈2^156.2, red: ≈2^156.2, δ: 1.003509, β: 479, d: 1058, tag: usvp
bdd                  :: rop: ≈2^152.6, red: ≈2^152.0, svp: ≈2^151.0, β: 459, η: 495, d: 1444, tag: bdd
bdd_hybrid           :: rop: ≈2^152.6, red: ≈2^152.0, svp: ≈2^151.0, β: 459, η: 495, ζ: 0, |S|: 1, d: 1446, prob: 1.0, ↻: 1, tag: hybrid
bdd_mitm_hybrid      :: rop: ≈2^242.0, red: ≈2^235.3, svp: ≈2^242.0, β: 479, η: 2, ζ: 180, |S|: ≈2^285.3, d: 1284, prob: ≈2^-76.5, ↻: ≈2^78.7, tag: hybrid
FT768      MATZOV_quantum         zgsa         OK best=bdd
usvp                 :: rop: ≈2^171.5, red: ≈2^171.5, δ: 1.003509, β: 479, d: 1426, tag: usvp
bdd                  :: rop: ≈2^168.2, red: ≈2^167.6, svp: ≈2^166.7, β: 465, η: 497, d: 1427, tag: bdd
bdd_hybrid           :: rop: ≈2^168.2, red: ≈2^167.6, svp: ≈2^166.7, β: 465, η: 497, ζ: 0, |S|: 1, d: 1453, prob: 1.0, ↻: 1, tag: hybrid
bdd_mitm_hybrid      :: rop: ≈2^239.1, red: ≈2^236.5, svp: ≈2^238.8, β: 479, η: 2, ζ: 193, |S|: ≈2^305.9, d: 1270, prob: ≈2^-63.0, ↻: ≈2^65.2, tag: hybrid
FT768      GJ21                   default_GSA  OK best=bdd
usvp                 :: rop: ≈2^170.8, red: ≈2^170.8, δ: 1.003509, β: 479, d: 1058, tag: usvp
bdd                  :: rop: ≈2^167.0, red: ≈2^166.0, svp: ≈2^166.1, β: 459, η: 495, d: 1444, tag: bdd
bdd_hybrid           :: rop: ≈2^167.0, red: ≈2^166.0, svp: ≈2^166.1, β: 459, η: 495, ζ: 0, |S|: 1, d: 1446, prob: 1.0, ↻: 1, tag: hybrid
bdd_mitm_hybrid      :: rop: ≈2^243.1, red: ≈2^240.5, svp: ≈2^242.8, β: 479, η: 2, ζ: 193, |S|: ≈2^305.9, d: 1270, prob: ≈2^-67.0, ↻: ≈2^69.2, tag: hybrid
FT768      GJ21                   zgsa         OK best=bdd
usvp                 :: rop: ≈2^123.1, red: ≈2^123.1, δ: 1.003509, β: 479, d: 1426, tag: usvp
bdd                  :: rop: ≈2^123.8, red: ≈2^122.8, svp: ≈2^122.8, β: 478, η: 478, d: 1441, tag: bdd
bdd_hybrid           :: rop: ≈2^123.8, red: ≈2^122.8, svp: ≈2^122.8, β: 478, η: 478, ζ: 0, |S|: 1, d: 1467, prob: 1.0, ↻: 1, tag: hybrid
bdd_mitm_hybrid      :: rop: ≈2^238.2, red: ≈2^196.4, svp: ≈2^238.2, β: 479, η: 2, ζ: 182, |S|: ≈2^288.4, d: 1282, prob: ≈2^-71.1, ↻: ≈2^73.3, tag: hybrid
FT768      ChaLoy21               default_GSA  OK best=usvp
usvp                 :: rop: ≈2^123.1, red: ≈2^123.1, δ: 1.003509, β: 479, d: 1058, tag: usvp
bdd                  :: rop: ≈2^123.1, red: ≈2^122.1, svp: ≈2^122.1, β: 475, η: 475, d: 1453, tag: bdd
bdd_hybrid           :: rop: ≈2^123.1, red: ≈2^122.1, svp: ≈2^122.1, β: 475, η: 475, ζ: 0, |S|: 1, d: 1464, prob: 1.0, ↻: 1, tag: hybrid
bdd_mitm_hybrid      :: rop: ≈2^242.0, red: ≈2^201.8, svp: ≈2^242.0, β: 479, η: 2, ζ: 180, |S|: ≈2^285.3, d: 1284, prob: ≈2^-76.5, ↻: ≈2^78.7, tag: hybrid
FT768      ChaLoy21               zgsa         OK best=bdd
usvp                 :: rop: ≈2^301.0, red: ≈2^301.0, δ: 1.003509, β: 479, d: 1426, tag: usvp
bdd                  :: rop: ≈2^328.2, red: ≈2^301.0, svp: ≈2^328.2, β: 479, η: 477, d: 1432, tag: bdd
bdd_hybrid           :: rop: ≈2^320.0, red: ≈2^302.5, svp: ≈2^320.0, β: 479, η: 310, ζ: 84, |S|: ≈2^132.8, d: 1385, prob: 0.804, ↻: 3, tag: hybrid
bdd_mitm_hybrid      :: rop: ≈2^289.7, red: ≈2^288.6, svp: ≈2^288.9, β: 404, η: 2, ζ: 285, |S|: ≈2^451.7, d: 1097, prob: ≈2^-40.6, ↻: ≈2^42.8, tag: hybrid
FT768      ABFKSW20               default_GSA  OK best=bdd_mitm_hybrid
usvp                 :: rop: ≈2^300.6, red: ≈2^300.6, δ: 1.003509, β: 479, d: 1058, tag: usvp
bdd                  :: rop: ≈2^321.8, red: ≈2^301.0, svp: ≈2^321.8, β: 479, η: 470, d: 1455, tag: bdd
bdd_hybrid           :: rop: ≈2^320.8, red: ≈2^302.5, svp: ≈2^320.8, β: 479, η: 319, ζ: 80, |S|: ≈2^126.4, d: 1389, prob: 0.785, ↻: 3, tag: hybrid
bdd_mitm_hybrid      :: rop: ≈2^293.5, red: ≈2^292.3, svp: ≈2^292.6, β: 404, η: 2, ζ: 285, |S|: ≈2^451.7, d: 1097, prob: ≈2^-44.3, ↻: ≈2^46.5, tag: hybrid
FT768      ABFKSW20               zgsa         OK best=bdd_mitm_hybrid
usvp                 :: rop: ≈2^265.2, red: ≈2^265.2, δ: 1.003509, β: 479, d: 1426, tag: usvp
bdd                  :: rop: ≈2^301.9, red: ≈2^265.2, svp: ≈2^301.9, β: 479, η: 477, d: 1432, tag: bdd
bdd_hybrid           :: rop: ≈2^301.4, red: ≈2^265.2, svp: ≈2^301.4, β: 479, η: 457, ζ: 10, |S|: ≈2^15.8, d: 1458, prob: 1, ↻: 1, tag: hybrid
bdd_mitm_hybrid      :: rop: ≈2^276.9, red: ≈2^275.9, svp: ≈2^276.0, β: 429, η: 2, ζ: 269, |S|: ≈2^426.3, d: 1138, prob: ≈2^-40.3, ↻: ≈2^42.5, tag: hybrid
FT768      ABLR21                 default_GSA  OK best=usvp
usvp                 :: rop: ≈2^264.7, red: ≈2^264.7, δ: 1.003509, β: 479, d: 1058, tag: usvp
bdd                  :: rop: ≈2^296.2, red: ≈2^265.2, svp: ≈2^296.2, β: 479, η: 470, d: 1455, tag: bdd
bdd_hybrid           :: rop: ≈2^296.2, red: ≈2^265.2, svp: ≈2^296.2, β: 479, η: 470, ζ: 0, |S|: 1, d: 1468, prob: 1.0, ↻: 1, tag: hybrid
bdd_mitm_hybrid      :: rop: ≈2^280.8, red: ≈2^279.8, svp: ≈2^279.9, β: 429, η: 2, ζ: 269, |S|: ≈2^426.3, d: 1138, prob: ≈2^-44.2, ↻: ≈2^46.4, tag: hybrid
FT768      ABLR21                 zgsa         OK best=usvp
usvp                 :: rop: ≈2^139.9, red: ≈2^139.9, δ: 1.003509, β: 479, d: 1426, tag: usvp
bdd                  :: rop: ≈2^140.6, red: ≈2^139.6, svp: ≈2^139.6, β: 478, η: 478, d: 1441, tag: bdd
bdd_hybrid           :: rop: ≈2^140.6, red: ≈2^139.6, svp: ≈2^139.6, β: 478, η: 478, ζ: 0, |S|: 1, d: 1467, prob: 1.0, ↻: 1, tag: hybrid
bdd_mitm_hybrid      :: rop: ≈2^238.2, red: ≈2^213.2, svp: ≈2^238.2, β: 479, η: 2, ζ: 182, |S|: ≈2^288.4, d: 1282, prob: ≈2^-71.1, ↻: ≈2^73.3, tag: hybrid
FT768      ADPS16_classical       default_GSA  OK best=usvp
usvp                 :: rop: ≈2^139.9, red: ≈2^139.9, δ: 1.003509, β: 479, d: 1058, tag: usvp
bdd                  :: rop: ≈2^139.7, red: ≈2^138.7, svp: ≈2^138.7, β: 475, η: 475, d: 1453, tag: bdd
bdd_hybrid           :: rop: ≈2^139.7, red: ≈2^138.7, svp: ≈2^138.7, β: 475, η: 475, ζ: 0, |S|: 1, d: 1464, prob: 1.0, ↻: 1, tag: hybrid
bdd_mitm_hybrid      :: rop: ≈2^242.0, red: ≈2^218.5, svp: ≈2^242.0, β: 479, η: 2, ζ: 180, |S|: ≈2^285.3, d: 1284, prob: ≈2^-76.5, ↻: ≈2^78.7, tag: hybrid
FT768      ADPS16_classical       zgsa         OK best=bdd
usvp                 :: rop: ≈2^126.9, red: ≈2^126.9, δ: 1.003509, β: 479, d: 1426, tag: usvp
bdd                  :: rop: ≈2^127.7, red: ≈2^126.7, svp: ≈2^126.7, β: 478, η: 478, d: 1441, tag: bdd
bdd_hybrid           :: rop: ≈2^127.7, red: ≈2^126.7, svp: ≈2^126.7, β: 478, η: 478, ζ: 0, |S|: 1, d: 1467, prob: 1.0, ↻: 1, tag: hybrid
bdd_mitm_hybrid      :: rop: ≈2^238.2, red: ≈2^200.2, svp: ≈2^238.2, β: 479, η: 2, ζ: 182, |S|: ≈2^288.4, d: 1282, prob: ≈2^-71.1, ↻: ≈2^73.3, tag: hybrid
FT768      ADPS16_quantum         default_GSA  OK best=usvp
usvp                 :: rop: ≈2^126.9, red: ≈2^126.9, δ: 1.003509, β: 479, d: 1058, tag: usvp
bdd                  :: rop: ≈2^126.9, red: ≈2^125.9, svp: ≈2^125.9, β: 475, η: 475, d: 1453, tag: bdd
bdd_hybrid           :: rop: ≈2^126.9, red: ≈2^125.9, svp: ≈2^125.9, β: 475, η: 475, ζ: 0, |S|: 1, d: 1464, prob: 1.0, ↻: 1, tag: hybrid
bdd_mitm_hybrid      :: rop: ≈2^242.0, red: ≈2^205.6, svp: ≈2^242.0, β: 479, η: 2, ζ: 180, |S|: ≈2^285.3, d: 1284, prob: ≈2^-76.5, ↻: ≈2^78.7, tag: hybrid
FT768      ADPS16_quantum         zgsa         OK best=bdd
usvp                 :: rop: ≈2^99.4, red: ≈2^99.4, δ: 1.003509, β: 479, d: 1426, tag: usvp
bdd                  :: rop: ≈2^100.2, red: ≈2^99.2, svp: ≈2^99.2, β: 478, η: 478, d: 1441, tag: bdd
bdd_hybrid           :: rop: ≈2^100.2, red: ≈2^99.2, svp: ≈2^99.2, β: 478, η: 478, ζ: 0, |S|: 1, d: 1467, prob: 1.0, ↻: 1, tag: hybrid
bdd_mitm_hybrid      :: rop: ≈2^238.2, red: ≈2^172.7, svp: ≈2^238.2, β: 479, η: 2, ζ: 182, |S|: ≈2^288.4, d: 1282, prob: ≈2^-71.1, ↻: ≈2^73.3, tag: hybrid
FT768      ADPS16_paranoid        default_GSA  OK best=usvp
usvp                 :: rop: ≈2^99.4, red: ≈2^99.4, δ: 1.003509, β: 479, d: 1058, tag: usvp
bdd                  :: rop: ≈2^99.6, red: ≈2^98.6, svp: ≈2^98.6, β: 475, η: 475, d: 1453, tag: bdd
bdd_hybrid           :: rop: ≈2^99.6, red: ≈2^98.6, svp: ≈2^98.6, β: 475, η: 475, ζ: 0, |S|: 1, d: 1464, prob: 1.0, ↻: 1, tag: hybrid
bdd_mitm_hybrid      :: rop: ≈2^242.0, red: ≈2^178.1, svp: ≈2^242.0, β: 479, η: 2, ζ: 180, |S|: ≈2^285.3, d: 1284, prob: ≈2^-76.5, ↻: ≈2^78.7, tag: hybrid
FT768      ADPS16_paranoid        zgsa         OK best=usvp
usvp                 :: rop: ≈2^169.7, red: ≈2^169.7, δ: 1.003509, β: 479, d: 1426, tag: usvp
bdd                  :: rop: ≈2^164.9, red: ≈2^164.2, svp: ≈2^163.6, β: 460, η: 504, d: 1430, tag: bdd
bdd_hybrid           :: rop: ≈2^164.9, red: ≈2^164.2, svp: ≈2^163.6, β: 460, η: 504, ζ: 0, |S|: 1, d: 1447, prob: 1.0, ↻: 1, tag: hybrid
bdd_mitm_hybrid      :: rop: ≈2^239.1, red: ≈2^233.5, svp: ≈2^239.0, β: 479, η: 2, ζ: 195, |S|: ≈2^309.0, d: 1268, prob: ≈2^-61.7, ↻: ≈2^63.9, tag: hybrid
FT768      BDGL16                 default_GSA  OK best=bdd
usvp                 :: rop: ≈2^169.3, red: ≈2^169.3, δ: 1.003509, β: 479, d: 1058, tag: usvp
bdd                  :: rop: ≈2^163.6, red: ≈2^162.7, svp: ≈2^162.4, β: 455, η: 500, d: 1438, tag: bdd
bdd_hybrid           :: rop: ≈2^163.6, red: ≈2^162.8, svp: ≈2^162.4, β: 455, η: 500, ζ: 0, |S|: 1, d: 1442, prob: 1.0, ↻: 1, tag: hybrid
bdd_mitm_hybrid      :: rop: ≈2^242.8, red: ≈2^240.2, svp: ≈2^242.6, β: 479, η: 2, ζ: 191, |S|: ≈2^302.7, d: 1272, prob: ≈2^-68.4, ↻: ≈2^70.6, tag: hybrid
FT768      BDGL16                 zgsa         OK best=bdd
usvp                 :: rop: ≈2^156.8, red: ≈2^156.8, δ: 1.003509, β: 479, d: 1426, tag: usvp
bdd                  :: rop: ≈2^152.0, red: ≈2^151.2, svp: ≈2^150.8, β: 458, η: 507, d: 1424, tag: bdd
bdd_hybrid           :: rop: ≈2^152.0, red: ≈2^151.3, svp: ≈2^150.8, β: 458, η: 507, ζ: 0, |S|: 1, d: 1445, prob: 1.0, ↻: 1, tag: hybrid
bdd_mitm_hybrid      :: rop: ≈2^238.2, red: ≈2^230.0, svp: ≈2^238.2, β: 479, η: 2, ζ: 182, |S|: ≈2^288.4, d: 1282, prob: ≈2^-71.1, ↻: ≈2^73.3, tag: hybrid
FT768      LaaMosPol14            default_GSA  OK best=bdd
usvp                 :: rop: ≈2^156.4, red: ≈2^156.4, δ: 1.003509, β: 479, d: 1058, tag: usvp
bdd                  :: rop: ≈2^150.8, red: ≈2^149.9, svp: ≈2^149.7, β: 453, η: 503, d: 1425, tag: bdd
bdd_hybrid           :: rop: ≈2^150.8, red: ≈2^149.9, svp: ≈2^149.7, β: 453, η: 503, ζ: 0, |S|: 1, d: 1439, prob: 1.0, ↻: 1, tag: hybrid
bdd_mitm_hybrid      :: rop: ≈2^242.0, red: ≈2^235.3, svp: ≈2^242.0, β: 479, η: 2, ζ: 180, |S|: ≈2^285.3, d: 1284, prob: ≈2^-76.5, ↻: ≈2^78.7, tag: hybrid
FT768      LaaMosPol14            zgsa         OK best=bdd
usvp                 :: rop: ≈2^346.8, red: ≈2^346.8, δ: 1.003509, β: 479, d: 1426, tag: usvp
bdd                  :: rop: ≈2^341.5, red: ≈2^340.4, svp: ≈2^340.7, β: 472, η: 487, d: 1430, tag: bdd
bdd_hybrid           :: rop: ≈2^337.8, red: ≈2^337.3, svp: ≈2^336.2, β: 467, η: 276, ζ: 110, |S|: ≈2^174.0, d: 1347, prob: 0.818, ↻: 3, tag: hybrid
bdd_mitm_hybrid      :: rop: ≈2^302.5, red: ≈2^301.4, svp: ≈2^301.6, β: 380, η: 2, ζ: 301, |S|: ≈2^477.1, d: 1056, prob: ≈2^-40.8, ↻: ≈2^43.0, tag: hybrid
FT768      CheNgu12               default_GSA  OK best=bdd_mitm_hybrid
usvp                 :: rop: ≈2^346.3, red: ≈2^346.3, δ: 1.003509, β: 479, d: 1058, tag: usvp
bdd                  :: rop: ≈2^338.3, red: ≈2^337.6, svp: ≈2^337.0, β: 469, η: 483, d: 1442, tag: bdd
bdd_hybrid           :: rop: ≈2^338.0, red: ≈2^337.3, svp: ≈2^336.6, β: 467, η: 299, ζ: 99, |S|: ≈2^156.5, d: 1358, prob: 0.787, ↻: 3, tag: hybrid
bdd_mitm_hybrid      :: rop: ≈2^306.1, red: ≈2^304.4, svp: ≈2^305.5, β: 379, η: 2, ζ: 301, |S|: ≈2^477.0, d: 1055, prob: ≈2^-44.7, ↻: ≈2^46.9, tag: hybrid
FT768      CheNgu12               zgsa         OK best=bdd_mitm_hybrid
Algorithm functools.partial(<estimator.ntru_primal.NTRUPrimalUSVP object at 0x7fcf173fdd30>, red_cost_model=<estimator.reduction.MATZOV object at 0x7fcf23323410>, red_shape_model=<function GSA at 0x7fcf173aaa30>) on NTRUParameters(n=1536, q=18433, Xs=D(σ=0.82), Xe=D(σ=0.82), m=1536, tag='FT1536_SKR_RAW', ntru_type='circulant') failed with 'ListDecoding'
Algorithm functools.partial(<estimator.ntru_primal.PrimalDSD object at 0x7fcf173fd940>, red_cost_model=<estimator.reduction.MATZOV object at 0x7fcf23323410>, red_shape_model=<function GSA at 0x7fcf173aaa30>) on NTRUParameters(n=1536, q=18433, Xs=D(σ=0.82), Xe=D(σ=0.82), m=1536, tag='FT1536_SKR_RAW', ntru_type='circulant') failed with 'ListDecoding'
Algorithm functools.partial(<function primal_bdd at 0x7fcf17449640>, red_cost_model=<estimator.reduction.MATZOV object at 0x7fcf23323410>, red_shape_model=<function GSA at 0x7fcf173aaa30>) on NTRUParameters(n=1536, q=18433, Xs=D(σ=0.82), Xe=D(σ=0.82), m=1536, tag='FT1536_SKR_RAW', ntru_type='circulant') failed with 'ListDecoding'
Algorithm functools.partial(<estimator.ntru_primal.NTRUPrimalHybrid object at 0x7fcf173fde80>, mitm=False, babai=False, red_cost_model=<estimator.reduction.MATZOV object at 0x7fcf23323410>, red_shape_model=<function GSA at 0x7fcf173aaa30>) on NTRUParameters(n=1536, q=18433, Xs=D(σ=0.82), Xe=D(σ=0.82), m=1536, tag='FT1536_SKR_RAW', ntru_type='circulant') failed with 'ListDecoding'
Algorithm functools.partial(<estimator.ntru_primal.NTRUPrimalHybrid object at 0x7fcf173fde80>, mitm=True, babai=True, red_cost_model=<estimator.reduction.MATZOV object at 0x7fcf23323410>, red_shape_model=<function GSA at 0x7fcf173aaa30>) on NTRUParameters(n=1536, q=18433, Xs=D(σ=0.82), Xe=D(σ=0.82), m=1536, tag='FT1536_SKR_RAW', ntru_type='circulant') failed with 'ListDecoding'
FT1536     MATZOV_ListDecoding    default_GSA  OK best=-
Algorithm functools.partial(<estimator.ntru_primal.NTRUPrimalUSVP object at 0x7fcf173fdd30>, red_cost_model=<estimator.reduction.MATZOV object at 0x7fcf17239480>, red_shape_model='zgsa') on NTRUParameters(n=1536, q=18433, Xs=D(σ=0.82), Xe=D(σ=0.82), m=1536, tag='FT1536_SKR_RAW', ntru_type='circulant') failed with 'ListDecoding'
Algorithm functools.partial(<estimator.ntru_primal.PrimalDSD object at 0x7fcf173fd940>, red_cost_model=<estimator.reduction.MATZOV object at 0x7fcf17239480>, red_shape_model='zgsa') on NTRUParameters(n=1536, q=18433, Xs=D(σ=0.82), Xe=D(σ=0.82), m=1536, tag='FT1536_SKR_RAW', ntru_type='circulant') failed with 'ListDecoding'
Algorithm functools.partial(<function primal_bdd at 0x7fcf17449640>, red_cost_model=<estimator.reduction.MATZOV object at 0x7fcf17239480>, red_shape_model='zgsa') on NTRUParameters(n=1536, q=18433, Xs=D(σ=0.82), Xe=D(σ=0.82), m=1536, tag='FT1536_SKR_RAW', ntru_type='circulant') failed with 'ListDecoding'
Algorithm functools.partial(<estimator.ntru_primal.NTRUPrimalHybrid object at 0x7fcf173fde80>, mitm=False, babai=False, red_cost_model=<estimator.reduction.MATZOV object at 0x7fcf17239480>, red_shape_model='zgsa') on NTRUParameters(n=1536, q=18433, Xs=D(σ=0.82), Xe=D(σ=0.82), m=1536, tag='FT1536_SKR_RAW', ntru_type='circulant') failed with 'ListDecoding'
Algorithm functools.partial(<estimator.ntru_primal.NTRUPrimalHybrid object at 0x7fcf173fde80>, mitm=True, babai=True, red_cost_model=<estimator.reduction.MATZOV object at 0x7fcf17239480>, red_shape_model='zgsa') on NTRUParameters(n=1536, q=18433, Xs=D(σ=0.82), Xe=D(σ=0.82), m=1536, tag='FT1536_SKR_RAW', ntru_type='circulant') failed with 'ListDecoding'
FT1536     MATZOV_ListDecoding    zgsa         OK best=-
usvp                 :: rop: ≈2^314.6, red: ≈2^314.6, δ: 1.001896, β: 1103, d: 2749, tag: usvp
bdd                  :: rop: ≈2^310.4, red: ≈2^309.9, svp: ≈2^308.8, β: 1084, η: 1122, d: 2792, tag: bdd
bdd_hybrid           :: rop: ≈2^310.4, red: ≈2^309.9, svp: ≈2^308.8, β: 1084, η: 1122, ζ: 0, |S|: 1, d: 2804, prob: 1.0, ↻: 1, tag: hybrid
bdd_mitm_hybrid      :: rop: ≈2^514.6, red: ≈2^449.0, svp: ≈2^514.6, β: 1103, η: 2, ζ: 451, |S|: ≈2^714.8, d: 2372, prob: ≈2^-132.5, ↻: ≈2^134.8, tag: hybrid
FT1536     MATZOV_quantum         default_GSA  OK best=bdd
usvp                 :: rop: ≈2^315.7, red: ≈2^315.7, δ: 1.001886, β: 1111, d: 1962, tag: usvp
bdd                  :: rop: ≈2^305.7, red: ≈2^304.6, svp: ≈2^304.7, β: 1063, η: 1106, d: 2766, tag: bdd
bdd_hybrid           :: rop: ≈2^305.7, red: ≈2^304.6, svp: ≈2^304.7, β: 1063, η: 1106, ζ: 0, |S|: 1, d: 2783, prob: 1.0, ↻: 1, tag: hybrid
bdd_mitm_hybrid      :: rop: ≈2^517.6, red: ≈2^462.0, svp: ≈2^517.6, β: 1111, η: 2, ζ: 441, |S|: ≈2^698.9, d: 2390, prob: ≈2^-143.5, ↻: ≈2^145.7, tag: hybrid
FT1536     MATZOV_quantum         zgsa         OK best=bdd
usvp                 :: rop: ≈2^348.4, red: ≈2^348.4, δ: 1.001896, β: 1103, d: 2749, tag: usvp
bdd                  :: rop: ≈2^344.0, red: ≈2^343.0, svp: ≈2^343.1, β: 1084, η: 1122, d: 2792, tag: bdd
bdd_hybrid           :: rop: ≈2^344.1, red: ≈2^343.0, svp: ≈2^343.1, β: 1084, η: 1122, ζ: 0, |S|: 1, d: 2804, prob: 1.0, ↻: 1, tag: hybrid
bdd_mitm_hybrid      :: rop: ≈2^514.6, red: ≈2^482.7, svp: ≈2^514.6, β: 1103, η: 2, ζ: 451, |S|: ≈2^714.8, d: 2372, prob: ≈2^-132.5, ↻: ≈2^134.8, tag: hybrid
FT1536     GJ21                   default_GSA  OK best=bdd
usvp                 :: rop: ≈2^349.7, red: ≈2^349.7, δ: 1.001886, β: 1111, d: 1962, tag: usvp
bdd                  :: rop: ≈2^338.8, red: ≈2^337.9, svp: ≈2^337.7, β: 1066, η: 1103, d: 2770, tag: bdd
bdd_hybrid           :: rop: ≈2^338.8, red: ≈2^338.0, svp: ≈2^337.7, β: 1066, η: 1103, ζ: 0, |S|: 1, d: 2786, prob: 1.0, ↻: 1, tag: hybrid
bdd_mitm_hybrid      :: rop: ≈2^517.6, red: ≈2^495.9, svp: ≈2^517.6, β: 1111, η: 2, ζ: 441, |S|: ≈2^698.9, d: 2390, prob: ≈2^-143.5, ↻: ≈2^145.7, tag: hybrid
FT1536     GJ21                   zgsa         OK best=bdd
usvp                 :: rop: ≈2^283.5, red: ≈2^283.5, δ: 1.001896, β: 1103, d: 2749, tag: usvp
bdd                  :: rop: ≈2^284.1, red: ≈2^283.2, svp: ≈2^283.0, β: 1102, η: 1101, d: 2789, tag: bdd
bdd_hybrid           :: rop: ≈2^284.1, red: ≈2^283.2, svp: ≈2^283.0, β: 1102, η: 1101, ζ: 0, |S|: 1, d: 2822, prob: 1.0, ↻: 1, tag: hybrid
bdd_mitm_hybrid      :: rop: ≈2^514.6, red: ≈2^418.2, svp: ≈2^514.6, β: 1103, η: 2, ζ: 451, |S|: ≈2^714.8, d: 2372, prob: ≈2^-132.5, ↻: ≈2^134.8, tag: hybrid
FT1536     ChaLoy21               default_GSA  OK best=usvp
usvp                 :: rop: ≈2^285.5, red: ≈2^285.5, δ: 1.001886, β: 1111, d: 1962, tag: usvp
bdd                  :: rop: ≈2^279.7, red: ≈2^278.8, svp: ≈2^278.6, β: 1085, η: 1084, d: 2795, tag: bdd
bdd_hybrid           :: rop: ≈2^279.7, red: ≈2^278.8, svp: ≈2^278.6, β: 1085, η: 1084, ζ: 0, |S|: 1, d: 2805, prob: 1.0, ↻: 1, tag: hybrid
bdd_mitm_hybrid      :: rop: ≈2^517.6, red: ≈2^431.2, svp: ≈2^517.6, β: 1111, η: 2, ζ: 441, |S|: ≈2^698.9, d: 2390, prob: ≈2^-143.5, ↻: ≈2^145.7, tag: hybrid
FT1536     ChaLoy21               zgsa         OK best=bdd
usvp                 :: rop: ≈2^821.0, red: ≈2^821.0, δ: 1.001896, β: 1103, d: 2749, tag: usvp
bdd                  :: rop: ≈2^971.5, red: ≈2^821.0, svp: ≈2^971.5, β: 1103, η: 1100, d: 2781, tag: bdd
bdd_hybrid           :: rop: ≈2^820.6, red: ≈2^819.6, svp: ≈2^819.6, β: 1099, η: 239, ζ: 433, |S|: ≈2^685.6, d: 2389, prob: 0.616, ↻: 5, tag: hybrid
bdd_mitm_hybrid      :: rop: ≈2^661.8, red: ≈2^660.2, svp: ≈2^661.3, β: 832, η: 2, ζ: 711, |S|: ≈2^inf, d: 1860, prob: ≈2^-73.9, ↻: ≈2^76.1, tag: hybrid
FT1536     ABFKSW20               default_GSA  OK best=bdd_mitm_hybrid
usvp                 :: rop: ≈2^827.7, red: ≈2^827.7, δ: 1.001886, β: 1111, d: 1962, tag: usvp
bdd                  :: rop: ≈2^924.4, red: ≈2^828.2, svp: ≈2^924.4, β: 1111, η: 1058, d: 2823, tag: bdd
bdd_hybrid           :: rop: ≈2^825.4, red: ≈2^825.0, svp: ≈2^823.6, β: 1105, η: 303, ζ: 405, |S|: ≈2^641.2, d: 2424, prob: 0.617, ↻: 5, tag: hybrid
bdd_mitm_hybrid      :: rop: ≈2^668.1, red: ≈2^666.4, svp: ≈2^667.6, β: 831, η: 2, ζ: 710, |S|: ≈2^inf, d: 1860, prob: ≈2^-81.0, ↻: ≈2^83.2, tag: hybrid
FT1536     ABFKSW20               zgsa         OK best=bdd_mitm_hybrid
usvp                 :: rop: ≈2^718.4, red: ≈2^718.4, δ: 1.001896, β: 1103, d: 2749, tag: usvp
bdd                  :: rop: ≈2^894.2, red: ≈2^718.5, svp: ≈2^894.2, β: 1103, η: 1100, d: 2781, tag: bdd
bdd_hybrid           :: rop: ≈2^804.9, red: ≈2^720.6, svp: ≈2^804.9, β: 1103, η: 355, ζ: 377, |S|: ≈2^596.8, d: 2452, prob: 0.606, ↻: 5, tag: hybrid
bdd_mitm_hybrid      :: rop: ≈2^633.2, red: ≈2^631.8, svp: ≈2^632.5, β: 890, η: 2, ζ: 672, |S|: ≈2^inf, d: 1952, prob: ≈2^-75.9, ↻: ≈2^78.1, tag: hybrid
FT1536     ABLR21                 default_GSA  OK best=bdd_mitm_hybrid
usvp                 :: rop: ≈2^724.3, red: ≈2^724.3, δ: 1.001886, β: 1111, d: 1962, tag: usvp
bdd                  :: rop: ≈2^850.5, red: ≈2^724.8, svp: ≈2^850.5, β: 1111, η: 1058, d: 2823, tag: bdd
bdd_hybrid           :: rop: ≈2^801.6, red: ≈2^726.9, svp: ≈2^801.6, β: 1111, η: 382, ζ: 362, |S|: ≈2^573.0, d: 2474, prob: 0.607, ↻: 5, tag: hybrid
bdd_mitm_hybrid      :: rop: ≈2^639.8, red: ≈2^638.5, svp: ≈2^639.1, β: 889, η: 2, ζ: 671, |S|: ≈2^inf, d: 1952, prob: ≈2^-83.3, ↻: ≈2^85.5, tag: hybrid
FT1536     ABLR21                 zgsa         OK best=bdd_mitm_hybrid
usvp                 :: rop: ≈2^322.1, red: ≈2^322.1, δ: 1.001896, β: 1103, d: 2749, tag: usvp
bdd                  :: rop: ≈2^322.6, red: ≈2^321.8, svp: ≈2^321.5, β: 1102, η: 1101, d: 2789, tag: bdd
bdd_hybrid           :: rop: ≈2^322.6, red: ≈2^321.8, svp: ≈2^321.5, β: 1102, η: 1101, ζ: 0, |S|: 1, d: 2822, prob: 1.0, ↻: 1, tag: hybrid
bdd_mitm_hybrid      :: rop: ≈2^514.6, red: ≈2^456.8, svp: ≈2^514.6, β: 1103, η: 2, ζ: 451, |S|: ≈2^714.8, d: 2372, prob: ≈2^-132.5, ↻: ≈2^134.8, tag: hybrid
FT1536     ADPS16_classical       default_GSA  OK best=usvp
usvp                 :: rop: ≈2^324.4, red: ≈2^324.4, δ: 1.001886, β: 1111, d: 1962, tag: usvp
bdd                  :: rop: ≈2^317.7, red: ≈2^316.8, svp: ≈2^316.5, β: 1085, η: 1084, d: 2795, tag: bdd
bdd_hybrid           :: rop: ≈2^317.7, red: ≈2^316.8, svp: ≈2^316.5, β: 1085, η: 1084, ζ: 0, |S|: 1, d: 2805, prob: 1.0, ↻: 1, tag: hybrid
bdd_mitm_hybrid      :: rop: ≈2^517.6, red: ≈2^470.1, svp: ≈2^517.6, β: 1111, η: 2, ζ: 441, |S|: ≈2^698.9, d: 2390, prob: ≈2^-143.5, ↻: ≈2^145.7, tag: hybrid
FT1536     ADPS16_classical       zgsa         OK best=bdd
usvp                 :: rop: ≈2^292.3, red: ≈2^292.3, δ: 1.001896, β: 1103, d: 2749, tag: usvp
bdd                  :: rop: ≈2^292.9, red: ≈2^292.0, svp: ≈2^291.8, β: 1102, η: 1101, d: 2789, tag: bdd
bdd_hybrid           :: rop: ≈2^292.9, red: ≈2^292.0, svp: ≈2^291.8, β: 1102, η: 1101, ζ: 0, |S|: 1, d: 2822, prob: 1.0, ↻: 1, tag: hybrid
bdd_mitm_hybrid      :: rop: ≈2^514.6, red: ≈2^427.0, svp: ≈2^514.6, β: 1103, η: 2, ζ: 451, |S|: ≈2^714.8, d: 2372, prob: ≈2^-132.5, ↻: ≈2^134.8, tag: hybrid
FT1536     ADPS16_quantum         default_GSA  OK best=usvp
usvp                 :: rop: ≈2^294.4, red: ≈2^294.4, δ: 1.001886, β: 1111, d: 1962, tag: usvp
bdd                  :: rop: ≈2^288.4, red: ≈2^287.5, svp: ≈2^287.3, β: 1085, η: 1084, d: 2795, tag: bdd
bdd_hybrid           :: rop: ≈2^288.4, red: ≈2^287.5, svp: ≈2^287.3, β: 1085, η: 1084, ζ: 0, |S|: 1, d: 2805, prob: 1.0, ↻: 1, tag: hybrid
bdd_mitm_hybrid      :: rop: ≈2^517.6, red: ≈2^440.1, svp: ≈2^517.6, β: 1111, η: 2, ζ: 441, |S|: ≈2^698.9, d: 2390, prob: ≈2^-143.5, ↻: ≈2^145.7, tag: hybrid
FT1536     ADPS16_quantum         zgsa         OK best=bdd
usvp                 :: rop: ≈2^228.9, red: ≈2^228.9, δ: 1.001896, β: 1103, d: 2749, tag: usvp
bdd                  :: rop: ≈2^229.6, red: ≈2^228.7, svp: ≈2^228.5, β: 1102, η: 1101, d: 2789, tag: bdd
bdd_hybrid           :: rop: ≈2^229.6, red: ≈2^228.7, svp: ≈2^228.5, β: 1102, η: 1101, ζ: 0, |S|: 1, d: 2822, prob: 1.0, ↻: 1, tag: hybrid
bdd_mitm_hybrid      :: rop: ≈2^514.6, red: ≈2^363.6, svp: ≈2^514.6, β: 1103, η: 2, ζ: 451, |S|: ≈2^714.8, d: 2372, prob: ≈2^-132.5, ↻: ≈2^134.8, tag: hybrid
FT1536     ADPS16_paranoid        default_GSA  OK best=usvp
usvp                 :: rop: ≈2^230.5, red: ≈2^230.5, δ: 1.001886, β: 1111, d: 1962, tag: usvp
bdd                  :: rop: ≈2^226.0, red: ≈2^225.1, svp: ≈2^224.9, β: 1085, η: 1084, d: 2795, tag: bdd
bdd_hybrid           :: rop: ≈2^226.0, red: ≈2^225.1, svp: ≈2^224.9, β: 1085, η: 1084, ζ: 0, |S|: 1, d: 2805, prob: 1.0, ↻: 1, tag: hybrid
bdd_mitm_hybrid      :: rop: ≈2^517.6, red: ≈2^376.2, svp: ≈2^517.6, β: 1111, η: 2, ζ: 441, |S|: ≈2^698.9, d: 2390, prob: ≈2^-143.5, ↻: ≈2^145.7, tag: hybrid
FT1536     ADPS16_paranoid        zgsa         OK best=bdd
usvp                 :: rop: ≈2^352.9, red: ≈2^352.9, δ: 1.001896, β: 1103, d: 2749, tag: usvp
bdd                  :: rop: ≈2^346.8, red: ≈2^345.9, svp: ≈2^345.8, β: 1079, η: 1128, d: 2779, tag: bdd
bdd_hybrid           :: rop: ≈2^346.8, red: ≈2^345.9, svp: ≈2^345.8, β: 1079, η: 1128, ζ: 0, |S|: 1, d: 2799, prob: 1.0, ↻: 1, tag: hybrid
bdd_mitm_hybrid      :: rop: ≈2^514.6, red: ≈2^487.4, svp: ≈2^514.6, β: 1103, η: 2, ζ: 451, |S|: ≈2^714.8, d: 2372, prob: ≈2^-132.5, ↻: ≈2^134.8, tag: hybrid
FT1536     BDGL16                 default_GSA  OK best=bdd
usvp                 :: rop: ≈2^354.8, red: ≈2^354.8, δ: 1.001886, β: 1111, d: 1962, tag: usvp
bdd                  :: rop: ≈2^341.3, red: ≈2^340.4, svp: ≈2^340.2, β: 1060, η: 1109, d: 2761, tag: bdd
bdd_hybrid           :: rop: ≈2^341.3, red: ≈2^340.4, svp: ≈2^340.2, β: 1060, η: 1109, ζ: 0, |S|: 1, d: 2780, prob: 1.0, ↻: 1, tag: hybrid
bdd_mitm_hybrid      :: rop: ≈2^517.6, red: ≈2^500.7, svp: ≈2^517.6, β: 1111, η: 2, ζ: 441, |S|: ≈2^698.9, d: 2390, prob: ≈2^-143.5, ↻: ≈2^145.7, tag: hybrid
FT1536     BDGL16                 zgsa         OK best=bdd
usvp                 :: rop: ≈2^323.1, red: ≈2^323.1, δ: 1.001896, β: 1103, d: 2749, tag: usvp
bdd                  :: rop: ≈2^317.2, red: ≈2^316.2, svp: ≈2^316.1, β: 1077, η: 1131, d: 2751, tag: bdd
bdd_hybrid           :: rop: ≈2^317.2, red: ≈2^316.3, svp: ≈2^316.1, β: 1077, η: 1131, ζ: 0, |S|: 1, d: 2797, prob: 1.0, ↻: 1, tag: hybrid
bdd_mitm_hybrid      :: rop: ≈2^515.6, red: ≈2^442.8, svp: ≈2^515.6, β: 1103, η: 2, ζ: 471, |S|: ≈2^746.5, d: 2350, prob: ≈2^-117.7, ↻: ≈2^119.9, tag: hybrid
FT1536     LaaMosPol14            default_GSA  OK best=bdd
usvp                 :: rop: ≈2^324.8, red: ≈2^324.8, δ: 1.001886, β: 1111, d: 1962, tag: usvp
bdd                  :: rop: ≈2^312.0, red: ≈2^310.9, svp: ≈2^311.1, β: 1057, η: 1112, d: 2757, tag: bdd
bdd_hybrid           :: rop: ≈2^312.0, red: ≈2^310.9, svp: ≈2^311.1, β: 1057, η: 1112, ζ: 0, |S|: 1, d: 2777, prob: 1.0, ↻: 1, tag: hybrid
bdd_mitm_hybrid      :: rop: ≈2^517.6, red: ≈2^470.7, svp: ≈2^517.6, β: 1111, η: 2, ζ: 441, |S|: ≈2^698.9, d: 2390, prob: ≈2^-143.5, ↻: ≈2^145.7, tag: hybrid
FT1536     LaaMosPol14            zgsa         OK best=bdd
usvp                 :: rop: ≈2^1000.8, red: ≈2^1000.8, δ: 1.001896, β: 1103, d: 2749, tag: usvp
bdd                  :: rop: ≈2^993.5, red: ≈2^992.9, svp: ≈2^992.1, β: 1096, η: 1108, d: 2787, tag: bdd
bdd_hybrid           :: rop: ≈2^909.0, red: ≈2^907.7, svp: ≈2^908.3, β: 1019, η: 222, ζ: 496, |S|: ≈2^785.4, d: 2254, prob: 0.610, ↻: 5, tag: hybrid
bdd_mitm_hybrid      :: rop: ≈2^698.5, red: ≈2^696.9, svp: ≈2^698.0, β: 758, η: 2, ζ: 759, |S|: ≈2^inf, d: 1744, prob: ≈2^-72.8, ↻: ≈2^75.0, tag: hybrid
FT1536     CheNgu12               default_GSA  OK best=bdd_mitm_hybrid
usvp                 :: rop: ≈2^1009.5, red: ≈2^1009.5, δ: 1.001886, β: 1111, d: 1962, tag: usvp
bdd                  :: rop: ≈2^973.5, red: ≈2^972.3, svp: ≈2^972.7, β: 1078, η: 1091, d: 2786, tag: bdd
bdd_hybrid           :: rop: ≈2^913.9, red: ≈2^913.3, svp: ≈2^912.4, β: 1024, η: 287, ζ: 468, |S|: ≈2^741.0, d: 2288, prob: 0.612, ↻: 5, tag: hybrid
bdd_mitm_hybrid      :: rop: ≈2^704.3, red: ≈2^702.7, svp: ≈2^703.8, β: 758, η: 2, ζ: 759, |S|: ≈2^inf, d: 1744, prob: ≈2^-78.6, ↻: ≈2^80.8, tag: hybrid
FT1536     CheNgu12               zgsa         OK best=bdd_mitm_hybrid
Algorithm functools.partial(<estimator.ntru_primal.PrimalDSD object at 0x7fcf173fd940>, red_cost_model=<estimator.reduction.MATZOV object at 0x7fcf1722df50>, red_shape_model=<function GSA at 0x7fcf173aaa30>) on NTRUParameters(n=3072, q=18433, Xs=D(σ=0.82), Xe=D(σ=0.82), m=3072, tag='FT3072_SKR_RAW', ntru_type='circulant') failed with 'ListDecoding'
Algorithm functools.partial(<function primal_bdd at 0x7fcf17449640>, red_cost_model=<estimator.reduction.MATZOV object at 0x7fcf1722df50>, red_shape_model=<function GSA at 0x7fcf173aaa30>) on NTRUParameters(n=3072, q=18433, Xs=D(σ=0.82), Xe=D(σ=0.82), m=3072, tag='FT3072_SKR_RAW', ntru_type='circulant') failed with 'ListDecoding'
Algorithm functools.partial(<estimator.ntru_primal.NTRUPrimalHybrid object at 0x7fcf173fde80>, mitm=False, babai=False, red_cost_model=<estimator.reduction.MATZOV object at 0x7fcf1722df50>, red_shape_model=<function GSA at 0x7fcf173aaa30>) on NTRUParameters(n=3072, q=18433, Xs=D(σ=0.82), Xe=D(σ=0.82), m=3072, tag='FT3072_SKR_RAW', ntru_type='circulant') failed with 'ListDecoding'
Algorithm functools.partial(<estimator.ntru_primal.NTRUPrimalHybrid object at 0x7fcf173fde80>, mitm=True, babai=True, red_cost_model=<estimator.reduction.MATZOV object at 0x7fcf1722df50>, red_shape_model=<function GSA at 0x7fcf173aaa30>) on NTRUParameters(n=3072, q=18433, Xs=D(σ=0.82), Xe=D(σ=0.82), m=3072, tag='FT3072_SKR_RAW', ntru_type='circulant') failed with 'ListDecoding'
FT3072     MATZOV_ListDecoding    default_GSA  OK best=usvp
Algorithm functools.partial(<estimator.ntru_primal.NTRUPrimalUSVP object at 0x7fcf173fdd30>, red_cost_model=<estimator.reduction.MATZOV object at 0x7fcedb725400>, red_shape_model='zgsa') on NTRUParameters(n=3072, q=18433, Xs=D(σ=0.82), Xe=D(σ=0.82), m=3072, tag='FT3072_SKR_RAW', ntru_type='circulant') failed with 'beta'
Algorithm functools.partial(<estimator.ntru_primal.PrimalDSD object at 0x7fcf173fd940>, red_cost_model=<estimator.reduction.MATZOV object at 0x7fcedb725400>, red_shape_model='zgsa') on NTRUParameters(n=3072, q=18433, Xs=D(σ=0.82), Xe=D(σ=0.82), m=3072, tag='FT3072_SKR_RAW', ntru_type='circulant') failed with 'ListDecoding'
Algorithm functools.partial(<function primal_bdd at 0x7fcf17449640>, red_cost_model=<estimator.reduction.MATZOV object at 0x7fcedb725400>, red_shape_model='zgsa') on NTRUParameters(n=3072, q=18433, Xs=D(σ=0.82), Xe=D(σ=0.82), m=3072, tag='FT3072_SKR_RAW', ntru_type='circulant') failed with 'beta'
Algorithm functools.partial(<estimator.ntru_primal.NTRUPrimalHybrid object at 0x7fcf173fde80>, mitm=False, babai=False, red_cost_model=<estimator.reduction.MATZOV object at 0x7fcedb725400>, red_shape_model='zgsa') on NTRUParameters(n=3072, q=18433, Xs=D(σ=0.82), Xe=D(σ=0.82), m=3072, tag='FT3072_SKR_RAW', ntru_type='circulant') failed with 'beta'
Algorithm functools.partial(<estimator.ntru_primal.NTRUPrimalHybrid object at 0x7fcf173fde80>, mitm=True, babai=True, red_cost_model=<estimator.reduction.MATZOV object at 0x7fcedb725400>, red_shape_model='zgsa') on NTRUParameters(n=3072, q=18433, Xs=D(σ=0.82), Xe=D(σ=0.82), m=3072, tag='FT3072_SKR_RAW', ntru_type='circulant') failed with 'beta'
FT3072     MATZOV_ListDecoding    zgsa         OK best=-
bdd                  :: rop: ≈2^470.5, red: ≈2^361.0, svp: ≈2^470.5, β: 1277, η: 1755, d: 4175, tag: bdd
bdd_hybrid           :: rop: ≈2^470.5, red: ≈2^361.0, svp: ≈2^470.5, β: 1277, η: 1755, ζ: 0, |S|: 1, d: 4222, prob: 0.7863064678510819, ↻: 3, tag: hybrid
bdd_mitm_hybrid      :: rop: ≈2^1417.8, red: ≈2^671.0, svp: ≈2^1417.8, β: 1755, η: 2, ζ: 1518, |S|: ≈2^inf, d: 3398, prob: ≈2^-189.3, ↻: ≈2^191.5, tag: hybrid
FT3072     MATZOV_quantum         default_GSA  OK best=bdd
Algorithm functools.partial(<estimator.ntru_primal.NTRUPrimalUSVP object at 0x7fcf173fdd30>, red_cost_model=<estimator.reduction.MATZOV object at 0x7fce3a04af90>, red_shape_model='zgsa') on NTRUParameters(n=3072, q=18433, Xs=D(σ=0.82), Xe=D(σ=0.82), m=3072, tag='FT3072_SKR_RAW', ntru_type='circulant') failed with 'beta'
Algorithm functools.partial(<function primal_bdd at 0x7fcf17449640>, red_cost_model=<estimator.reduction.MATZOV object at 0x7fce3a04af90>, red_shape_model='zgsa') on NTRUParameters(n=3072, q=18433, Xs=D(σ=0.82), Xe=D(σ=0.82), m=3072, tag='FT3072_SKR_RAW', ntru_type='circulant') failed with 'beta'
Algorithm functools.partial(<estimator.ntru_primal.NTRUPrimalHybrid object at 0x7fcf173fde80>, mitm=False, babai=False, red_cost_model=<estimator.reduction.MATZOV object at 0x7fce3a04af90>, red_shape_model='zgsa') on NTRUParameters(n=3072, q=18433, Xs=D(σ=0.82), Xe=D(σ=0.82), m=3072, tag='FT3072_SKR_RAW', ntru_type='circulant') failed with 'beta'
Algorithm functools.partial(<estimator.ntru_primal.NTRUPrimalHybrid object at 0x7fcf173fde80>, mitm=True, babai=True, red_cost_model=<estimator.reduction.MATZOV object at 0x7fce3a04af90>, red_shape_model='zgsa') on NTRUParameters(n=3072, q=18433, Xs=D(σ=0.82), Xe=D(σ=0.82), m=3072, tag='FT3072_SKR_RAW', ntru_type='circulant') failed with 'beta'
FT3072     MATZOV_quantum         zgsa         OK best=dsd
bdd                  :: rop: ≈2^524.3, red: ≈2^400.1, svp: ≈2^524.3, β: 1277, η: 1755, d: 4175, tag: bdd
bdd_hybrid           :: rop: ≈2^524.3, red: ≈2^400.1, svp: ≈2^524.3, β: 1277, η: 1755, ζ: 0, |S|: 1, d: 4222, prob: 0.7863064678510819, ↻: 3, tag: hybrid
bdd_mitm_hybrid      :: rop: ≈2^1417.8, red: ≈2^724.8, svp: ≈2^1417.8, β: 1755, η: 2, ζ: 1518, |S|: ≈2^inf, d: 3398, prob: ≈2^-189.3, ↻: ≈2^191.5, tag: hybrid
FT3072     GJ21                   default_GSA  OK best=bdd
Algorithm functools.partial(<estimator.ntru_primal.NTRUPrimalUSVP object at 0x7fcf173fdd30>, red_cost_model=<estimator.reduction.GJ21 object at 0x7fcf17239d00>, red_shape_model='zgsa') on NTRUParameters(n=3072, q=18433, Xs=D(σ=0.82), Xe=D(σ=0.82), m=3072, tag='FT3072_SKR_RAW', ntru_type='circulant') failed with 'beta'
Algorithm functools.partial(<function primal_bdd at 0x7fcf17449640>, red_cost_model=<estimator.reduction.GJ21 object at 0x7fcf17239d00>, red_shape_model='zgsa') on NTRUParameters(n=3072, q=18433, Xs=D(σ=0.82), Xe=D(σ=0.82), m=3072, tag='FT3072_SKR_RAW', ntru_type='circulant') failed with 'beta'
Algorithm functools.partial(<estimator.ntru_primal.NTRUPrimalHybrid object at 0x7fcf173fde80>, mitm=False, babai=False, red_cost_model=<estimator.reduction.GJ21 object at 0x7fcf17239d00>, red_shape_model='zgsa') on NTRUParameters(n=3072, q=18433, Xs=D(σ=0.82), Xe=D(σ=0.82), m=3072, tag='FT3072_SKR_RAW', ntru_type='circulant') failed with 'beta'
Algorithm functools.partial(<estimator.ntru_primal.NTRUPrimalHybrid object at 0x7fcf173fde80>, mitm=True, babai=True, red_cost_model=<estimator.reduction.GJ21 object at 0x7fcf17239d00>, red_shape_model='zgsa') on NTRUParameters(n=3072, q=18433, Xs=D(σ=0.82), Xe=D(σ=0.82), m=3072, tag='FT3072_SKR_RAW', ntru_type='circulant') failed with 'beta'
FT3072     GJ21                   zgsa         OK best=dsd
bdd                  :: rop: ≈2^451.0, red: ≈2^423.8, svp: ≈2^451.0, β: 1649, η: 1755, d: 4618, tag: bdd
bdd_hybrid           :: rop: ≈2^451.0, red: ≈2^423.8, svp: ≈2^451.0, β: 1649, η: 1755, ζ: 0, |S|: 1, d: 4663, prob: 0.9900897958735666, ↻: 1, tag: hybrid
bdd_mitm_hybrid      :: rop: ≈2^1417.8, red: ≈2^642.5, svp: ≈2^1417.8, β: 1755, η: 2, ζ: 1518, |S|: ≈2^inf, d: 3398, prob: ≈2^-189.3, ↻: ≈2^191.5, tag: hybrid
FT3072     ChaLoy21               default_GSA  OK best=bdd
Algorithm functools.partial(<estimator.ntru_primal.NTRUPrimalUSVP object at 0x7fcf173fdd30>, red_cost_model=<estimator.reduction.ChaLoy21 object at 0x7fce3af7d150>, red_shape_model='zgsa') on NTRUParameters(n=3072, q=18433, Xs=D(σ=0.82), Xe=D(σ=0.82), m=3072, tag='FT3072_SKR_RAW', ntru_type='circulant') failed with 'beta'
Algorithm functools.partial(<function primal_bdd at 0x7fcf17449640>, red_cost_model=<estimator.reduction.ChaLoy21 object at 0x7fce3af7d150>, red_shape_model='zgsa') on NTRUParameters(n=3072, q=18433, Xs=D(σ=0.82), Xe=D(σ=0.82), m=3072, tag='FT3072_SKR_RAW', ntru_type='circulant') failed with 'beta'
Algorithm functools.partial(<estimator.ntru_primal.NTRUPrimalHybrid object at 0x7fcf173fde80>, mitm=False, babai=False, red_cost_model=<estimator.reduction.ChaLoy21 object at 0x7fce3af7d150>, red_shape_model='zgsa') on NTRUParameters(n=3072, q=18433, Xs=D(σ=0.82), Xe=D(σ=0.82), m=3072, tag='FT3072_SKR_RAW', ntru_type='circulant') failed with 'beta'
Algorithm functools.partial(<estimator.ntru_primal.NTRUPrimalHybrid object at 0x7fcf173fde80>, mitm=True, babai=True, red_cost_model=<estimator.reduction.ChaLoy21 object at 0x7fce3af7d150>, red_shape_model='zgsa') on NTRUParameters(n=3072, q=18433, Xs=D(σ=0.82), Xe=D(σ=0.82), m=3072, tag='FT3072_SKR_RAW', ntru_type='circulant') failed with 'beta'
FT3072     ChaLoy21               zgsa         OK best=dsd
bdd                  :: rop: ≈2^1754.3, red: ≈2^1334.4, svp: ≈2^1754.3, β: 1651, η: 1755, d: 4582, tag: bdd
bdd_hybrid           :: rop: ≈2^1754.3, red: ≈2^1334.5, svp: ≈2^1754.3, β: 1651, η: 1755, ζ: 0, |S|: 1, d: 4665, prob: 0.99030403978168, ↻: 1, tag: hybrid
bdd_mitm_hybrid      :: rop: ≈2^1474.6, red: ≈2^1472.9, svp: ≈2^1474.1, β: 1654, η: 2, ζ: 1659, |S|: ≈2^inf, d: 3166, prob: ≈2^-133.9, ↻: ≈2^136.1, tag: hybrid
FT3072     ABFKSW20               default_GSA  OK best=usvp
Algorithm functools.partial(<estimator.ntru_primal.NTRUPrimalUSVP object at 0x7fcf173fdd30>, red_cost_model=<estimator.reduction.ABFKSW20 object at 0x7fce35b28d10>, red_shape_model='zgsa') on NTRUParameters(n=3072, q=18433, Xs=D(σ=0.82), Xe=D(σ=0.82), m=3072, tag='FT3072_SKR_RAW', ntru_type='circulant') failed with 'beta'
Algorithm functools.partial(<function primal_bdd at 0x7fcf17449640>, red_cost_model=<estimator.reduction.ABFKSW20 object at 0x7fce35b28d10>, red_shape_model='zgsa') on NTRUParameters(n=3072, q=18433, Xs=D(σ=0.82), Xe=D(σ=0.82), m=3072, tag='FT3072_SKR_RAW', ntru_type='circulant') failed with 'beta'
Algorithm functools.partial(<estimator.ntru_primal.NTRUPrimalHybrid object at 0x7fcf173fde80>, mitm=False, babai=False, red_cost_model=<estimator.reduction.ABFKSW20 object at 0x7fce35b28d10>, red_shape_model='zgsa') on NTRUParameters(n=3072, q=18433, Xs=D(σ=0.82), Xe=D(σ=0.82), m=3072, tag='FT3072_SKR_RAW', ntru_type='circulant') failed with 'beta'
Algorithm functools.partial(<estimator.ntru_primal.NTRUPrimalHybrid object at 0x7fcf173fde80>, mitm=True, babai=True, red_cost_model=<estimator.reduction.ABFKSW20 object at 0x7fce35b28d10>, red_shape_model='zgsa') on NTRUParameters(n=3072, q=18433, Xs=D(σ=0.82), Xe=D(σ=0.82), m=3072, tag='FT3072_SKR_RAW', ntru_type='circulant') failed with 'beta'
FT3072     ABFKSW20               zgsa         OK best=dsd
bdd                  :: rop: ≈2^1623.3, red: ≈2^1173.2, svp: ≈2^1623.3, β: 1651, η: 1755, d: 4582, tag: bdd
bdd_hybrid           :: rop: ≈2^1623.3, red: ≈2^1173.2, svp: ≈2^1623.3, β: 1651, η: 1755, ζ: 0, |S|: 1, d: 4665, prob: 0.99030403978168, ↻: 1, tag: hybrid
bdd_mitm_hybrid      :: rop: ≈2^1422.5, red: ≈2^1420.0, svp: ≈2^1422.2, β: 1755, η: 2, ζ: 1567, |S|: ≈2^inf, d: 3344, prob: ≈2^-154.8, ↻: ≈2^157.0, tag: hybrid
FT3072     ABLR21                 default_GSA  OK best=usvp
Algorithm functools.partial(<estimator.ntru_primal.NTRUPrimalUSVP object at 0x7fcf173fdd30>, red_cost_model=<estimator.reduction.ABLR21 object at 0x7fce0141af10>, red_shape_model='zgsa') on NTRUParameters(n=3072, q=18433, Xs=D(σ=0.82), Xe=D(σ=0.82), m=3072, tag='FT3072_SKR_RAW', ntru_type='circulant') failed with 'beta'
Algorithm functools.partial(<function primal_bdd at 0x7fcf17449640>, red_cost_model=<estimator.reduction.ABLR21 object at 0x7fce0141af10>, red_shape_model='zgsa') on NTRUParameters(n=3072, q=18433, Xs=D(σ=0.82), Xe=D(σ=0.82), m=3072, tag='FT3072_SKR_RAW', ntru_type='circulant') failed with 'beta'
Algorithm functools.partial(<estimator.ntru_primal.NTRUPrimalHybrid object at 0x7fcf173fde80>, mitm=False, babai=False, red_cost_model=<estimator.reduction.ABLR21 object at 0x7fce0141af10>, red_shape_model='zgsa') on NTRUParameters(n=3072, q=18433, Xs=D(σ=0.82), Xe=D(σ=0.82), m=3072, tag='FT3072_SKR_RAW', ntru_type='circulant') failed with 'beta'
Algorithm functools.partial(<estimator.ntru_primal.NTRUPrimalHybrid object at 0x7fcf173fde80>, mitm=True, babai=True, red_cost_model=<estimator.reduction.ABLR21 object at 0x7fce0141af10>, red_shape_model='zgsa') on NTRUParameters(n=3072, q=18433, Xs=D(σ=0.82), Xe=D(σ=0.82), m=3072, tag='FT3072_SKR_RAW', ntru_type='circulant') failed with 'beta'
FT3072     ABLR21                 zgsa         OK best=dsd
bdd                  :: rop: ≈2^512.5, red: ≈2^481.5, svp: ≈2^512.5, β: 1649, η: 1755, d: 4618, tag: bdd
bdd_hybrid           :: rop: ≈2^512.5, red: ≈2^481.5, svp: ≈2^512.5, β: 1649, η: 1755, ζ: 0, |S|: 1, d: 4663, prob: 0.9900897958735666, ↻: 1, tag: hybrid
bdd_mitm_hybrid      :: rop: ≈2^1417.8, red: ≈2^703.9, svp: ≈2^1417.8, β: 1755, η: 2, ζ: 1518, |S|: ≈2^inf, d: 3398, prob: ≈2^-189.3, ↻: ≈2^191.5, tag: hybrid
FT3072     ADPS16_classical       default_GSA  OK best=bdd
Algorithm functools.partial(<estimator.ntru_primal.NTRUPrimalUSVP object at 0x7fcf173fdd30>, red_cost_model=<estimator.reduction.ADPS16 object at 0x7fce1bcf0530>, red_shape_model='zgsa') on NTRUParameters(n=3072, q=18433, Xs=D(σ=0.82), Xe=D(σ=0.82), m=3072, tag='FT3072_SKR_RAW', ntru_type='circulant') failed with 'beta'
Algorithm functools.partial(<function primal_bdd at 0x7fcf17449640>, red_cost_model=<estimator.reduction.ADPS16 object at 0x7fce1bcf0530>, red_shape_model='zgsa') on NTRUParameters(n=3072, q=18433, Xs=D(σ=0.82), Xe=D(σ=0.82), m=3072, tag='FT3072_SKR_RAW', ntru_type='circulant') failed with 'beta'
Algorithm functools.partial(<estimator.ntru_primal.NTRUPrimalHybrid object at 0x7fcf173fde80>, mitm=False, babai=False, red_cost_model=<estimator.reduction.ADPS16 object at 0x7fce1bcf0530>, red_shape_model='zgsa') on NTRUParameters(n=3072, q=18433, Xs=D(σ=0.82), Xe=D(σ=0.82), m=3072, tag='FT3072_SKR_RAW', ntru_type='circulant') failed with 'beta'
Algorithm functools.partial(<estimator.ntru_primal.NTRUPrimalHybrid object at 0x7fcf173fde80>, mitm=True, babai=True, red_cost_model=<estimator.reduction.ADPS16 object at 0x7fce1bcf0530>, red_shape_model='zgsa') on NTRUParameters(n=3072, q=18433, Xs=D(σ=0.82), Xe=D(σ=0.82), m=3072, tag='FT3072_SKR_RAW', ntru_type='circulant') failed with 'beta'
FT3072     ADPS16_classical       zgsa         OK best=dsd
bdd                  :: rop: ≈2^465.1, red: ≈2^437.0, svp: ≈2^465.1, β: 1649, η: 1755, d: 4618, tag: bdd
bdd_hybrid           :: rop: ≈2^465.1, red: ≈2^437.0, svp: ≈2^465.1, β: 1649, η: 1755, ζ: 0, |S|: 1, d: 4663, prob: 0.9900897958735666, ↻: 1, tag: hybrid
bdd_mitm_hybrid      :: rop: ≈2^1417.8, red: ≈2^656.5, svp: ≈2^1417.8, β: 1755, η: 2, ζ: 1518, |S|: ≈2^inf, d: 3398, prob: ≈2^-189.3, ↻: ≈2^191.5, tag: hybrid
FT3072     ADPS16_quantum         default_GSA  OK best=bdd
Algorithm functools.partial(<estimator.ntru_primal.NTRUPrimalUSVP object at 0x7fcf173fdd30>, red_cost_model=<estimator.reduction.ADPS16 object at 0x7fce0b0390d0>, red_shape_model='zgsa') on NTRUParameters(n=3072, q=18433, Xs=D(σ=0.82), Xe=D(σ=0.82), m=3072, tag='FT3072_SKR_RAW', ntru_type='circulant') failed with 'beta'
Algorithm functools.partial(<function primal_bdd at 0x7fcf17449640>, red_cost_model=<estimator.reduction.ADPS16 object at 0x7fce0b0390d0>, red_shape_model='zgsa') on NTRUParameters(n=3072, q=18433, Xs=D(σ=0.82), Xe=D(σ=0.82), m=3072, tag='FT3072_SKR_RAW', ntru_type='circulant') failed with 'beta'
Algorithm functools.partial(<estimator.ntru_primal.NTRUPrimalHybrid object at 0x7fcf173fde80>, mitm=False, babai=False, red_cost_model=<estimator.reduction.ADPS16 object at 0x7fce0b0390d0>, red_shape_model='zgsa') on NTRUParameters(n=3072, q=18433, Xs=D(σ=0.82), Xe=D(σ=0.82), m=3072, tag='FT3072_SKR_RAW', ntru_type='circulant') failed with 'beta'
Algorithm functools.partial(<estimator.ntru_primal.NTRUPrimalHybrid object at 0x7fcf173fde80>, mitm=True, babai=True, red_cost_model=<estimator.reduction.ADPS16 object at 0x7fce0b0390d0>, red_shape_model='zgsa') on NTRUParameters(n=3072, q=18433, Xs=D(σ=0.82), Xe=D(σ=0.82), m=3072, tag='FT3072_SKR_RAW', ntru_type='circulant') failed with 'beta'
FT3072     ADPS16_quantum         zgsa         OK best=dsd
bdd                  :: rop: ≈2^364.2, red: ≈2^342.2, svp: ≈2^364.2, β: 1649, η: 1755, d: 4618, tag: bdd
bdd_hybrid           :: rop: ≈2^364.2, red: ≈2^342.2, svp: ≈2^364.2, β: 1649, η: 1755, ζ: 0, |S|: 1, d: 4663, prob: 0.9900897958735666, ↻: 1, tag: hybrid
bdd_mitm_hybrid      :: rop: ≈2^1417.8, red: ≈2^555.6, svp: ≈2^1417.8, β: 1755, η: 2, ζ: 1518, |S|: ≈2^inf, d: 3398, prob: ≈2^-189.3, ↻: ≈2^191.5, tag: hybrid
FT3072     ADPS16_paranoid        default_GSA  OK best=bdd
Algorithm functools.partial(<estimator.ntru_primal.NTRUPrimalUSVP object at 0x7fcf173fdd30>, red_cost_model=<estimator.reduction.ADPS16 object at 0x7fce37b6c890>, red_shape_model='zgsa') on NTRUParameters(n=3072, q=18433, Xs=D(σ=0.82), Xe=D(σ=0.82), m=3072, tag='FT3072_SKR_RAW', ntru_type='circulant') failed with 'beta'
Algorithm functools.partial(<function primal_bdd at 0x7fcf17449640>, red_cost_model=<estimator.reduction.ADPS16 object at 0x7fce37b6c890>, red_shape_model='zgsa') on NTRUParameters(n=3072, q=18433, Xs=D(σ=0.82), Xe=D(σ=0.82), m=3072, tag='FT3072_SKR_RAW', ntru_type='circulant') failed with 'beta'
Algorithm functools.partial(<estimator.ntru_primal.NTRUPrimalHybrid object at 0x7fcf173fde80>, mitm=False, babai=False, red_cost_model=<estimator.reduction.ADPS16 object at 0x7fce37b6c890>, red_shape_model='zgsa') on NTRUParameters(n=3072, q=18433, Xs=D(σ=0.82), Xe=D(σ=0.82), m=3072, tag='FT3072_SKR_RAW', ntru_type='circulant') failed with 'beta'
Algorithm functools.partial(<estimator.ntru_primal.NTRUPrimalHybrid object at 0x7fcf173fde80>, mitm=True, babai=True, red_cost_model=<estimator.reduction.ADPS16 object at 0x7fce37b6c890>, red_shape_model='zgsa') on NTRUParameters(n=3072, q=18433, Xs=D(σ=0.82), Xe=D(σ=0.82), m=3072, tag='FT3072_SKR_RAW', ntru_type='circulant') failed with 'beta'
FT3072     ADPS16_paranoid        zgsa         OK best=dsd
bdd                  :: rop: ≈2^530.4, red: ≈2^405.9, svp: ≈2^530.4, β: 1277, η: 1755, d: 4175, tag: bdd
bdd_hybrid           :: rop: ≈2^530.4, red: ≈2^405.9, svp: ≈2^530.4, β: 1277, η: 1755, ζ: 0, |S|: 1, d: 4222, prob: 0.7863064678510819, ↻: 3, tag: hybrid
bdd_mitm_hybrid      :: rop: ≈2^1417.8, red: ≈2^735.0, svp: ≈2^1417.8, β: 1755, η: 2, ζ: 1518, |S|: ≈2^inf, d: 3398, prob: ≈2^-189.3, ↻: ≈2^191.5, tag: hybrid
FT3072     BDGL16                 default_GSA  OK best=bdd
Algorithm functools.partial(<estimator.ntru_primal.NTRUPrimalUSVP object at 0x7fcf173fdd30>, red_cost_model=<estimator.reduction.BDGL16 object at 0x7fcde7a9c5a0>, red_shape_model='zgsa') on NTRUParameters(n=3072, q=18433, Xs=D(σ=0.82), Xe=D(σ=0.82), m=3072, tag='FT3072_SKR_RAW', ntru_type='circulant') failed with 'beta'
Algorithm functools.partial(<function primal_bdd at 0x7fcf17449640>, red_cost_model=<estimator.reduction.BDGL16 object at 0x7fcde7a9c5a0>, red_shape_model='zgsa') on NTRUParameters(n=3072, q=18433, Xs=D(σ=0.82), Xe=D(σ=0.82), m=3072, tag='FT3072_SKR_RAW', ntru_type='circulant') failed with 'beta'
Algorithm functools.partial(<estimator.ntru_primal.NTRUPrimalHybrid object at 0x7fcf173fde80>, mitm=False, babai=False, red_cost_model=<estimator.reduction.BDGL16 object at 0x7fcde7a9c5a0>, red_shape_model='zgsa') on NTRUParameters(n=3072, q=18433, Xs=D(σ=0.82), Xe=D(σ=0.82), m=3072, tag='FT3072_SKR_RAW', ntru_type='circulant') failed with 'beta'
Algorithm functools.partial(<estimator.ntru_primal.NTRUPrimalHybrid object at 0x7fcf173fde80>, mitm=True, babai=True, red_cost_model=<estimator.reduction.BDGL16 object at 0x7fcde7a9c5a0>, red_shape_model='zgsa') on NTRUParameters(n=3072, q=18433, Xs=D(σ=0.82), Xe=D(σ=0.82), m=3072, tag='FT3072_SKR_RAW', ntru_type='circulant') failed with 'beta'
FT3072     BDGL16                 zgsa         OK best=dsd
bdd                  :: rop: ≈2^483.1, red: ≈2^371.4, svp: ≈2^483.1, β: 1277, η: 1755, d: 4175, tag: bdd
bdd_hybrid           :: rop: ≈2^483.1, red: ≈2^371.4, svp: ≈2^483.1, β: 1277, η: 1755, ζ: 0, |S|: 1, d: 4222, prob: 0.7863064678510819, ↻: 3, tag: hybrid
bdd_mitm_hybrid      :: rop: ≈2^1417.8, red: ≈2^687.7, svp: ≈2^1417.8, β: 1755, η: 2, ζ: 1518, |S|: ≈2^inf, d: 3398, prob: ≈2^-189.3, ↻: ≈2^191.5, tag: hybrid
FT3072     LaaMosPol14            default_GSA  OK best=bdd
Algorithm functools.partial(<estimator.ntru_primal.NTRUPrimalUSVP object at 0x7fcf173fdd30>, red_cost_model=<estimator.reduction.LaaMosPol14 object at 0x7fcde7a9c6b0>, red_shape_model='zgsa') on NTRUParameters(n=3072, q=18433, Xs=D(σ=0.82), Xe=D(σ=0.82), m=3072, tag='FT3072_SKR_RAW', ntru_type='circulant') failed with 'beta'
Algorithm functools.partial(<function primal_bdd at 0x7fcf17449640>, red_cost_model=<estimator.reduction.LaaMosPol14 object at 0x7fcde7a9c6b0>, red_shape_model='zgsa') on NTRUParameters(n=3072, q=18433, Xs=D(σ=0.82), Xe=D(σ=0.82), m=3072, tag='FT3072_SKR_RAW', ntru_type='circulant') failed with 'beta'
Algorithm functools.partial(<estimator.ntru_primal.NTRUPrimalHybrid object at 0x7fcf173fde80>, mitm=False, babai=False, red_cost_model=<estimator.reduction.LaaMosPol14 object at 0x7fcde7a9c6b0>, red_shape_model='zgsa') on NTRUParameters(n=3072, q=18433, Xs=D(σ=0.82), Xe=D(σ=0.82), m=3072, tag='FT3072_SKR_RAW', ntru_type='circulant') failed with 'beta'
Algorithm functools.partial(<estimator.ntru_primal.NTRUPrimalHybrid object at 0x7fcf173fde80>, mitm=True, babai=True, red_cost_model=<estimator.reduction.LaaMosPol14 object at 0x7fcde7a9c6b0>, red_shape_model='zgsa') on NTRUParameters(n=3072, q=18433, Xs=D(σ=0.82), Xe=D(σ=0.82), m=3072, tag='FT3072_SKR_RAW', ntru_type='circulant') failed with 'beta'
FT3072     LaaMosPol14            zgsa         OK best=dsd
