Algorithm functools.partial(<estimator.sis_lattice.SISLattice object at 0x7fd740ef1e80>, red_cost_model=<estimator.reduction.MATZOV object at 0x7fd80273c7d0>, red_shape_model=<function GSA at 0x7fd740ea6820>) on SISParameters(n=768, q=18433, length_bound=32356.779675981354, m=1536, norm=2, tag='FT768_SIS_CONTROL') failed with SIS trivially easy. Please set norm bound < q.
large_norm :: rop: ≈2^156.4, red: ≈2^155.8, sieve: ≈2^154.9, β: 446, η: 446, ℓ: 102, d: 1536, prob: 1, ↻: 1, tag: large_norm
FT768 V_A_fixed_width  MATZOV           radius=32357 OK
Algorithm functools.partial(<estimator.sis_lattice.SISLattice object at 0x7fd740ef1e80>, red_cost_model=<estimator.reduction.ADPS16 object at 0x7fd740f15450>, red_shape_model=<function GSA at 0x7fd740ea6820>) on SISParameters(n=768, q=18433, length_bound=32356.779675981354, m=1536, norm=2, tag='FT768_SIS_CONTROL') failed with SIS trivially easy. Please set norm bound < q.
large_norm :: rop: ≈2^118.2, red: ≈2^118.2, sieve: ≈2^-332.2, β: 446, η: 446, ℓ: 102, d: 1536, prob: 1, ↻: 1, tag: large_norm
FT768 V_A_fixed_width  ADPS16_quantum   radius=32357 OK
Algorithm functools.partial(<estimator.sis_lattice.SISLattice object at 0x7fd740ef1e80>, red_cost_model=<estimator.reduction.BDGL16 object at 0x7fd740f15590>, red_shape_model=<function GSA at 0x7fd740ea6820>) on SISParameters(n=768, q=18433, length_bound=32356.779675981354, m=1536, norm=2, tag='FT768_SIS_CONTROL') failed with SIS trivially easy. Please set norm bound < q.
large_norm :: rop: ≈2^160.2, red: ≈2^160.2, sieve: ≈2^-332.2, β: 446, η: 446, ℓ: 102, d: 1536, prob: 1, ↻: 1, tag: large_norm
FT768 V_A_fixed_width  BDGL16           radius=32357 OK
Algorithm functools.partial(<estimator.sis_lattice.SISLattice object at 0x7fd740ef1e80>, red_cost_model=<estimator.reduction.MATZOV object at 0x7fd740f156d0>, red_shape_model=<function GSA at 0x7fd740ea6820>) on SISParameters(n=768, q=18433, length_bound=22877.25435886046, m=1536, norm=2, tag='FT768_SIS_CONTROL') failed with SIS trivially easy. Please set norm bound < q.
large_norm :: rop: ≈2^170.4, red: ≈2^169.3, sieve: ≈2^169.4, β: 495, η: 495, ℓ: 52, d: 1536, prob: 1, ↻: 1, tag: large_norm
FT768 V_B_sqrtN_scaled MATZOV           radius=22877 OK
Algorithm functools.partial(<estimator.sis_lattice.SISLattice object at 0x7fd740ef1e80>, red_cost_model=<estimator.reduction.ADPS16 object at 0x7fd740f15810>, red_shape_model=<function GSA at 0x7fd740ea6820>) on SISParameters(n=768, q=18433, length_bound=22877.25435886046, m=1536, norm=2, tag='FT768_SIS_CONTROL') failed with SIS trivially easy. Please set norm bound < q.
large_norm :: rop: ≈2^131.2, red: ≈2^131.2, sieve: ≈2^-332.2, β: 495, η: 495, ℓ: 52, d: 1536, prob: 1, ↻: 1, tag: large_norm
FT768 V_B_sqrtN_scaled ADPS16_quantum   radius=22877 OK
Algorithm functools.partial(<estimator.sis_lattice.SISLattice object at 0x7fd740ef1e80>, red_cost_model=<estimator.reduction.BDGL16 object at 0x7fd740f15950>, red_shape_model=<function GSA at 0x7fd740ea6820>) on SISParameters(n=768, q=18433, length_bound=22877.25435886046, m=1536, norm=2, tag='FT768_SIS_CONTROL') failed with SIS trivially easy. Please set norm bound < q.
large_norm :: rop: ≈2^174.5, red: ≈2^174.5, sieve: ≈2^-332.2, β: 495, η: 495, ℓ: 52, d: 1536, prob: 1, ↻: 1, tag: large_norm
FT768 V_B_sqrtN_scaled BDGL16           radius=22877 OK
Algorithm functools.partial(<estimator.sis_lattice.SISLattice object at 0x7fd740ef1e80>, red_cost_model=<estimator.reduction.MATZOV object at 0x7fd8026ead70>, red_shape_model=<function GSA at 0x7fd740ea6820>) on SISParameters(n=1536, q=18433, length_bound=45759.39667434439, m=3072, norm=2, tag='FT1536_SIS_CONTROL') failed with SIS trivially easy. Please set norm bound < q.
large_norm :: rop: ≈2^332.0, red: ≈2^323.8, sieve: ≈2^332.0, β: 1044, η: 1044, ℓ: 294, d: 3072, prob: 1, ↻: 1, tag: large_norm
FT1536 PINNED           MATZOV           radius=45759 OK
Algorithm functools.partial(<estimator.sis_lattice.SISLattice object at 0x7fd740ef1e80>, red_cost_model=<estimator.reduction.ADPS16 object at 0x7fd740cd1e00>, red_shape_model=<function GSA at 0x7fd740ea6820>) on SISParameters(n=1536, q=18433, length_bound=45759.39667434439, m=3072, norm=2, tag='FT1536_SIS_CONTROL') failed with SIS trivially easy. Please set norm bound < q.
large_norm :: rop: ≈2^276.7, red: ≈2^276.7, sieve: ≈2^-332.2, β: 1044, η: 1044, ℓ: 294, d: 3072, prob: 1, ↻: 1, tag: large_norm
FT1536 PINNED           ADPS16_quantum   radius=45759 OK
Algorithm functools.partial(<estimator.sis_lattice.SISLattice object at 0x7fd740ef1e80>, red_cost_model=<estimator.reduction.BDGL16 object at 0x7fd740cd1ba0>, red_shape_model=<function GSA at 0x7fd740ea6820>) on SISParameters(n=1536, q=18433, length_bound=45759.39667434439, m=3072, norm=2, tag='FT1536_SIS_CONTROL') failed with SIS trivially easy. Please set norm bound < q.
large_norm :: rop: ≈2^335.8, red: ≈2^335.8, sieve: ≈2^-332.2, β: 1044, η: 1044, ℓ: 294, d: 3072, prob: 1, ↻: 1, tag: large_norm
FT1536 PINNED           BDGL16           radius=45759 OK
Algorithm functools.partial(<estimator.sis_lattice.SISLattice object at 0x7fd740ef1e80>, red_cost_model=<estimator.reduction.MATZOV object at 0x7fd740cd1a70>, red_shape_model=<function GSA at 0x7fd740ea6820>) on SISParameters(n=3072, q=18433, length_bound=64713.559398320846, m=6144, norm=2, tag='FT3072_SIS_CONTROL') failed with SIS trivially easy. Please set norm bound < q.
large_norm :: rop: ≈2^1731.0, red: ≈2^1713.3, sieve: ≈2^1731.0, β: 1753, η: 1753, ℓ: 1217, d: 6144, prob: ≈2^-1186.9, ↻: ≈2^inf, tag: large_norm
FT3072 V_A_fixed_width  MATZOV           radius=64714 OK
Algorithm functools.partial(<estimator.sis_lattice.SISLattice object at 0x7fd740ef1e80>, red_cost_model=<estimator.reduction.ADPS16 object at 0x7fd740cd1350>, red_shape_model=<function GSA at 0x7fd740ea6820>) on SISParameters(n=3072, q=18433, length_bound=64713.559398320846, m=6144, norm=2, tag='FT3072_SIS_CONTROL') failed with SIS trivially easy. Please set norm bound < q.
large_norm :: rop: ≈2^1653.6, red: ≈2^1653.6, sieve: ≈2^inf, β: 1753, η: 1753, ℓ: 1217, d: 6144, prob: ≈2^-1186.9, ↻: ≈2^inf, tag: large_norm
FT3072 V_A_fixed_width  ADPS16_quantum   radius=64714 OK
Algorithm functools.partial(<estimator.sis_lattice.SISLattice object at 0x7fd740ef1e80>, red_cost_model=<estimator.reduction.BDGL16 object at 0x7fd740cd1220>, red_shape_model=<function GSA at 0x7fd740ea6820>) on SISParameters(n=3072, q=18433, length_bound=64713.559398320846, m=6144, norm=2, tag='FT3072_SIS_CONTROL') failed with SIS trivially easy. Please set norm bound < q.
large_norm :: rop: ≈2^1733.0, red: ≈2^1733.0, sieve: ≈2^inf, β: 1753, η: 1753, ℓ: 1217, d: 6144, prob: ≈2^-1186.9, ↻: ≈2^inf, tag: large_norm
FT3072 V_A_fixed_width  BDGL16           radius=64714 OK
Algorithm functools.partial(<estimator.sis_lattice.SISLattice object at 0x7fd740ef1e80>, red_cost_model=<estimator.reduction.MATZOV object at 0x7fd740ec6f90>, red_shape_model=<function GSA at 0x7fd740ea6820>) on SISParameters(n=3072, q=18433, length_bound=91509.01759936012, m=6144, norm=2, tag='FT3072_SIS_CONTROL') failed with SIS trivially easy. Please set norm bound < q.
large_norm :: rop: ≈2^1042.6, red: ≈2^1024.9, sieve: ≈2^1042.6, β: 1753, η: 1753, ℓ: 1217, d: 6144, prob: ≈2^-498.4, ↻: ≈2^500.6, tag: large_norm
FT3072 V_B_sqrtN_scaled MATZOV           radius=91509 OK
Algorithm functools.partial(<estimator.sis_lattice.SISLattice object at 0x7fd740ef1e80>, red_cost_model=<estimator.reduction.ADPS16 object at 0x7fd740ec6d50>, red_shape_model=<function GSA at 0x7fd740ea6820>) on SISParameters(n=3072, q=18433, length_bound=91509.01759936012, m=6144, norm=2, tag='FT3072_SIS_CONTROL') failed with SIS trivially easy. Please set norm bound < q.
large_norm :: rop: ≈2^965.2, red: ≈2^965.2, sieve: ≈2^168.4, β: 1753, η: 1753, ℓ: 1217, d: 6144, prob: ≈2^-498.4, ↻: ≈2^500.6, tag: large_norm
FT3072 V_B_sqrtN_scaled ADPS16_quantum   radius=91509 OK
Algorithm functools.partial(<estimator.sis_lattice.SISLattice object at 0x7fd740ef1e80>, red_cost_model=<estimator.reduction.BDGL16 object at 0x7fd740ec6b10>, red_shape_model=<function GSA at 0x7fd740ea6820>) on SISParameters(n=3072, q=18433, length_bound=91509.01759936012, m=6144, norm=2, tag='FT3072_SIS_CONTROL') failed with SIS trivially easy. Please set norm bound < q.
large_norm :: rop: ≈2^1044.5, red: ≈2^1044.5, sieve: ≈2^168.4, β: 1753, η: 1753, ℓ: 1217, d: 6144, prob: ≈2^-498.4, ↻: ≈2^500.6, tag: large_norm
FT3072 V_B_sqrtN_scaled BDGL16           radius=91509 OK
