N= 768 u=  127 E[Q_A2(N_u(f))]=261636 sigma_fg'=26.1026 beta_sub=1311 (full  462)
N= 768 u= 1025 E[Q_A2(N_u(f))]=784900/3 sigma_fg'=26.1024 beta_sub=1311 (full  462)
N= 768 u= 1151 E[Q_A2(N_u(f))]=261888 sigma_fg'=26.1151 beta_sub=1311 (full  462)
N= 768 u= 1153 E[Q_A2(N_u(f))]=261888 sigma_fg'=26.1151 beta_sub=1311 (full  462)
N= 768 u= 1279 E[Q_A2(N_u(f))]=784900/3 sigma_fg'=26.1024 beta_sub=1311 (full  462)
N= 768 u= 2177 E[Q_A2(N_u(f))]=261636 sigma_fg'=26.1026 beta_sub=1311 (full  462)
N= 768 u= 2303 E[Q_A2(N_u(f))]=524032 sigma_fg'=36.9414 beta_sub=1519 (full  462)
N=1536 u= 1025 E[Q_A2(N_u(f))]=3142660/3 sigma_fg'=36.9324 beta_sub=3041 (full 1077)
N=1536 u= 1279 E[Q_A2(N_u(f))]=1047556 sigma_fg'=36.9324 beta_sub=3041 (full 1077)
N=1536 u= 2303 E[Q_A2(N_u(f))]=1048064 sigma_fg'=36.9414 beta_sub=3041 (full 1077)
N=1536 u= 2305 E[Q_A2(N_u(f))]=1048064 sigma_fg'=36.9414 beta_sub=3041 (full 1077)
N=1536 u= 3329 E[Q_A2(N_u(f))]=1047556 sigma_fg'=36.9324 beta_sub=3041 (full 1077)
N=1536 u= 3583 E[Q_A2(N_u(f))]=3142660/3 sigma_fg'=36.9324 beta_sub=3041 (full 1077)
N=1536 u= 4607 E[Q_A2(N_u(f))]=2096640 sigma_fg'=52.2494 beta_sub=None (full 1077)
N=3072 u= 1025 E[Q_A2(N_u(f))]=12576772/3 sigma_fg'=52.2430 beta_sub=None (full 2409)
N=3072 u= 3583 E[Q_A2(N_u(f))]=4192260 sigma_fg'=52.2430 beta_sub=None (full 2409)
N=3072 u= 4607 E[Q_A2(N_u(f))]=4193280 sigma_fg'=52.2494 beta_sub=None (full 2409)
N=3072 u= 4609 E[Q_A2(N_u(f))]=4193280 sigma_fg'=52.2494 beta_sub=None (full 2409)
N=3072 u= 5633 E[Q_A2(N_u(f))]=4192260 sigma_fg'=52.2430 beta_sub=None (full 2409)
N=3072 u= 8191 E[Q_A2(N_u(f))]=12576772/3 sigma_fg'=52.2430 beta_sub=None (full 2409)
N=3072 u= 9215 E[Q_A2(N_u(f))]=8387584 sigma_fg'=73.8963 beta_sub=None (full 2409)
