{
  "status": "AUDIT_PASS",
  "original_inputs_checked": 34,
  "reference_files": 17,
  "candidate_files": 17,
  "changed_production_files": [
    "falcon-vrfy.c"
  ],
  "scalar_inputs_per_build": 65536,
  "scalar_table_sha256": "7e1a00e898153e561ec8b0c4dcaa8ca19bc9343fe9f6c59cf99390632546217c",
  "regression_runs": 56,
  "formal_theorems": [
    "intermediate_ranges",
    "positive_remainder",
    "rho_contract",
    "result_cast_exact",
    "canonical_unique",
    "old_piecewise",
    "old_congruence_domain",
    "old_canonical_domain",
    "agree_on_old_canonical",
    "vector_contract",
    "loop_progress",
    "center_antisymmetric"
  ],
  "axioms": [
    "Classical.choice",
    "Quot.sound",
    "propext"
  ],
  "formal_receipt": "logs/2026-09-18T150308236367+0000.stdout",
  "candidate_sha256": "3fe78f8df8003b760a21f4897b44b876717e30029bed031ee7d0cd224e968d42",
  "candidate_manifest_sha256": "2553358fbb1144acdb577e1ad371a017ac325306dd901af745295dd17b03bd5a",
  "source_integrated": false,
  "owner_accepted": false,
  "full_L_V": "OPEN_FOR_CANDIDATE"
}
