{
  "argv": [
    "/usr/bin/gcc",
    "-W",
    "-Wall",
    "-O",
    "-DFPR_IMPL=\"fpr-emulated.h\"",
    "-DSAMPLER_CODF=0",
    "-DSAMPLER_CDF=0",
    "-DCT_BEREXP=1",
    "-DFT_TERNARY_ADAPTIVE_CDF=1",
    "-DFT1536_CANDIDATE_PROFILE=1",
    "-DCLEANSE=1",
    "-DTRUE_TERNARY_SECRET=1",
    "-DTRUE_TERNARY_SECRET_MODE=1",
    "-DTERNARY_KEYGEN_BOUND_SCALE_NUM=1250",
    "-DTERNARY_KEYGEN_BOUND_SCALE_DEN=100",
    "-DTERNARY_KEYGEN_MAX_ATTEMPTS=3000000",
    "-DSIGN_MAX_ATTEMPTS=16",
    "-std=c99",
    "-DVERIFY_SOURCE=\"../reference/falcon-vrfy.c\"",
    "-DOBSERVE=0",
    "-Ireference",
    "scripts/verify_driver.c",
    "reference/falcon-enc.c",
    "reference/shake.c",
    "-o",
    "/home/footfalcon/Dokumenty/FT1536_L_RHO_RUN_001/bin/verify-plain-reference-normal",
    "-lm"
  ],
  "cwd": "/home/footfalcon/Dokumenty/FT1536_L_RHO_RUN_001",
  "exit_code": 0,
  "stdout": "",
  "stderr": "",
  "source": "reference/falcon-vrfy.c",
  "source_sha256": "01c496e5626a37b9d29848c596f0e0efaa328bf9b328649eea4bd1a45fa47f78",
  "binary": "bin/verify-plain-reference-normal",
  "binary_sha256": "03d4cd264fb4058c941c7e9444c94d3c8620b73a993dc1434a07f774be1f2b87"
}
