{
  "status": "SCALAR_PASS",
  "sage_version": "10.9",
  "python_version": "3.14.7 | packaged by conda-forge | (main, Sep  2 2026, 21:08:32) [GCC 15.3.0]",
  "rows": 65536,
  "complete_unique_coverage": true,
  "table_sha256": "7e1a00e898153e561ec8b0c4dcaa8ca19bc9343fe9f6c59cf99390632546217c",
  "violations": 0,
  "first_failures": [],
  "old_canonical_count": 36866,
  "old_congruence_count": 51201,
  "agreement_on_old_canonical": 36866,
  "edges": {
    "-32768": {
      "actual": 4098,
      "expected": 4098,
      "old": 51201
    },
    "-20000": {
      "actual": 16866,
      "expected": 16866,
      "old": 63969
    },
    "-18434": {
      "actual": 18432,
      "expected": 18432,
      "old": 65535
    },
    "-18433": {
      "actual": 0,
      "expected": 0,
      "old": 0
    },
    "-18432": {
      "actual": 1,
      "expected": 1,
      "old": 1
    },
    "-1": {
      "actual": 18432,
      "expected": 18432,
      "old": 18432
    },
    "0": {
      "actual": 0,
      "expected": 0,
      "old": 0
    },
    "1": {
      "actual": 1,
      "expected": 1,
      "old": 1
    },
    "18432": {
      "actual": 18432,
      "expected": 18432,
      "old": 18432
    },
    "18433": {
      "actual": 0,
      "expected": 0,
      "old": 18433
    },
    "18434": {
      "actual": 1,
      "expected": 1,
      "old": 18434
    },
    "32767": {
      "actual": 14334,
      "expected": 14334,
      "old": 32767
    }
  }
}
