probe_normal 0 0.728
probe_san 0 2.571
cdf 0 0.054
analysis 0 0.058
order_normal 0 15.634
order_san 0 11.429
bound_normal 0 0.385
bound_san 0 1.55
gap_normal 0 1.239
gap_san 0 2.293
algebra 0 1.356
binding 0 0.057
kernel 0 4.936
ledger 0 0.049
toolchain 0 1.417
{
  "status": "FRESH_REPLAY_PASS",
  "mode": "rehearsal",
  "expected_outputs_sha256": null,
  "theorem_status": "PARTIAL_PROOF",
  "global_H3_range_proved": false,
  "no_carried_olean_binary_cache": true,
  "originals_required": false,
  "asan_ubsan_replayed": true,
  "semantic_manifest_sha256": "afd7ed8b5ccd68229d8b0f7ee9af73321f93c811407d873728d2589ef9fa9b19",
  "matched_files": 96
}
