{
  "status": "PASS_LOCAL_PROOFS",
  "modules": 8,
  "checked_theorems": 49,
  "all_final_logs_clean": true,
  "axioms_allowed": [
    "Classical.choice",
    "Quot.sound",
    "propext"
  ],
  "audit_stdout_sha256": "e81b8bde8f56f3f362399ead82d010662e65dd13eb34814a8053854562172fbd",
  "full_types_sha256": "1834f39d46440db882156af3a6a00f1e4e9881f52483b0f6aadf81f6825b4142",
  "global_H3_range_proved": false,
  "remaining_global_goal": "Reach_call_C(...) -> CenterClass(mu)",
  "conditional_premises_explicit": [
    "exponent<=1053",
    "NotNegZero",
    "C_mu",
    "prior residual/errors for ordered lemmas"
  ],
  "bootstrap_members_checked": 52
}
