[
  {
    "i": 476,
    "source": "-999040710720481/70368744177664",
    "ideal": "[-14.2 +/- 0.0128]",
    "error": "[+/- 0.0101]"
  },
  {
    "i": 477,
    "source": "-3808810293719837/1125899906842624",
    "ideal": "[-3.4 +/- 0.0313]",
    "error": "[+/- 0.0142]"
  },
  {
    "i": 478,
    "source": "2696105688192617/1125899906842624",
    "ideal": "[2.4 +/- 0.0254]",
    "error": "[+/- 0.0200]"
  },
  {
    "i": 479,
    "source": "8259392822063873/562949953421312",
    "ideal": "[14.7 +/- 0.0566]",
    "error": "[+/- 0.0283]"
  },
  {
    "i": 480,
    "source": "-5429613147966379/281474976710656",
    "ideal": "[-19.3 +/- 0.0500]",
    "error": "[+/- 0.0399]"
  },
  {
    "i": 481,
    "source": "-1883194084323375/562949953421312",
    "ideal": "[-3e+0 +/- 0.402]",
    "error": "[+/- 0.0563]"
  },
  {
    "i": 482,
    "source": "-2106909234815927/140737488355328",
    "ideal": "[-1.5e+1 +/- 0.109]",
    "error": "[+/- 0.0795]"
  },
  {
    "i": 483,
    "source": "1694042239226535/281474976710656",
    "ideal": "[6e+0 +/- 0.131]",
    "error": "[+/- 0.113]"
  }
]
