{
  "status": "PARTIAL_PROOF",
  "operational_subclaim": "H3_SOURCE_POSTPROCESSING_DEFINED_FOR_EMITTED_PINNED_MODEL",
  "bounds": {
    "post_frequency": 89531345,
    "source_iFFT_abs": "585228161/128",
    "source_iFFT_error": "1/128",
    "int64_abs": 4572095,
    "static_payload_bytes_after_norm": 3160
  },
  "checks": {
    "kernel_modules": 102,
    "kernel_theorems": 795,
    "new_theorems": 32,
    "native_cases_each_build": 59,
    "rint_cases": 32224,
    "codec_all_signed16": 65536,
    "direct_inverse_vectors": 10,
    "meaningful_mutations": 13,
    "noop": 1,
    "normal_ASan_UBSan": true,
    "LSan": false
  }
}
