'FT1536Tables.all_sound' depends on axioms: [propext, Quot.sound]
'FT1536Tables.row2_sound' depends on axioms: [propext]
'FT1536Tables.row3_sound' depends on axioms: [propext]
'FT1536Tables.rev_even_range' does not depend on any axioms
'FT1536Tables.rev_even_involution' does not depend on any axioms
'FT1536Tables.units_0_checked' depends on axioms: [propext]
'FT1536Tables.units_1_checked' depends on axioms: [propext]
'FT1536Tables.units_2_checked' depends on axioms: [propext]
'FT1536Tables.units_3_checked' depends on axioms: [propext]
'FT1536Tables.units_4_checked' depends on axioms: [propext]
'FT1536Tables.units_5_checked' depends on axioms: [propext]
'FT1536Tables.units_6_checked' depends on axioms: [propext]
'FT1536Tables.units_7_checked' depends on axioms: [propext]
'FT1536Tables.units_8_checked' depends on axioms: [propext]
'FT1536Tables.units_9_checked' depends on axioms: [propext]
'FT1536Tables.units_10_checked' depends on axioms: [propext]
'FT1536Tables.units_11_checked' depends on axioms: [propext]
'FT1536Tables.units_12_checked' depends on axioms: [propext]
'FT1536Tables.units_13_checked' depends on axioms: [propext]
'FT1536Tables.units_14_checked' depends on axioms: [propext]
'FT1536Tables.units_15_checked' depends on axioms: [propext]
'FT1536Tables.units_16_checked' depends on axioms: [propext]
'FT1536Tables.units_17_checked' depends on axioms: [propext]
'FT1536Tables.units_18_checked' depends on axioms: [propext]
'FT1536Tables.units_19_checked' depends on axioms: [propext]
'FT1536Tables.units_20_checked' depends on axioms: [propext]
'FT1536Tables.units_21_checked' depends on axioms: [propext]
'FT1536Tables.units_22_checked' depends on axioms: [propext]
'FT1536Tables.units_23_checked' depends on axioms: [propext]
'FT1536Tables.units_24_checked' depends on axioms: [propext]
'FT1536Tables.units_25_checked' depends on axioms: [propext]
'FT1536Tables.units_26_checked' depends on axioms: [propext]
'FT1536Tables.units_27_checked' depends on axioms: [propext]
'FT1536Tables.units_28_checked' depends on axioms: [propext]
'FT1536Tables.units_29_checked' depends on axioms: [propext]
'FT1536Tables.units_30_checked' depends on axioms: [propext]
'FT1536Tables.units_31_checked' depends on axioms: [propext]
'FT1536Tables.sequence_0_checked' depends on axioms: [propext]
'FT1536Tables.sequence_1_checked' depends on axioms: [propext]
'FT1536Tables.sequence_2_checked' depends on axioms: [propext]
'FT1536Tables.sequence_3_checked' depends on axioms: [propext]
'FT1536Tables.sequence_4_checked' depends on axioms: [propext]
'FT1536Tables.sequence_5_checked' depends on axioms: [propext]
'FT1536Tables.sequence_6_checked' depends on axioms: [propext]
'FT1536Tables.sequence_7_checked' depends on axioms: [propext]
'FT1536Tables.parents_0_checked' depends on axioms: [propext]
'FT1536Tables.parents_1_checked' depends on axioms: [propext]
'FT1536Tables.parents_2_checked' depends on axioms: [propext]
'FT1536Tables.parents_3_checked' depends on axioms: [propext]
'FT1536Tables.parents_4_checked' depends on axioms: [propext]
'FT1536Tables.parents_5_checked' depends on axioms: [propext]
'FT1536Tables.parents_6_checked' depends on axioms: [propext]
'FT1536Tables.parents_7_checked' depends on axioms: [propext]
'FT1536Tables.parents_8_checked' depends on axioms: [propext]
'FT1536Tables.parents_9_checked' depends on axioms: [propext]
'FT1536Tables.parents_10_checked' depends on axioms: [propext]
'FT1536Tables.parents_11_checked' depends on axioms: [propext]
'FT1536Tables.parents_12_checked' depends on axioms: [propext]
'FT1536Tables.parents_13_checked' depends on axioms: [propext]
'FT1536Tables.parents_14_checked' depends on axioms: [propext]
'FT1536Tables.parents_15_checked' depends on axioms: [propext]
'FT1536Tables.tree_0_checked' depends on axioms: [propext]
'FT1536Tables.tree_1_checked' depends on axioms: [propext]
'FT1536Tables.tree_2_checked' depends on axioms: [propext]
'FT1536Tables.tree_3_checked' depends on axioms: [propext]
'FT1536Tables.tree_4_checked' depends on axioms: [propext]
'FT1536Tables.tree_5_checked' depends on axioms: [propext]
'FT1536Tables.tree_6_checked' depends on axioms: [propext]
'FT1536Tables.tree_7_checked' depends on axioms: [propext]
'FT1536Tables.tree_8_checked' depends on axioms: [propext]
'FT1536Tables.tree_9_checked' depends on axioms: [propext]
'FT1536Tables.tree_10_checked' depends on axioms: [propext]
'FT1536Tables.tree_11_checked' depends on axioms: [propext]
'FT1536Tables.tree_12_checked' depends on axioms: [propext]
'FT1536Tables.tree_13_checked' depends on axioms: [propext]
'FT1536Tables.tree_14_checked' depends on axioms: [propext]
'FT1536Tables.tree_15_checked' depends on axioms: [propext]
'FT1536Tables.rows2_0_checked' depends on axioms: [propext]
'FT1536Tables.rows2_1_checked' depends on axioms: [propext]
'FT1536Tables.rows2_2_checked' depends on axioms: [propext]
'FT1536Tables.rows2_3_checked' depends on axioms: [propext]
'FT1536Tables.rows2_4_checked' depends on axioms: [propext]
'FT1536Tables.rows2_5_checked' depends on axioms: [propext]
'FT1536Tables.rows2_6_checked' depends on axioms: [propext]
'FT1536Tables.rows2_7_checked' depends on axioms: [propext]
'FT1536Tables.rows2_8_checked' depends on axioms: [propext]
'FT1536Tables.rows2_9_checked' depends on axioms: [propext]
'FT1536Tables.rows2_10_checked' depends on axioms: [propext]
'FT1536Tables.rows2_11_checked' depends on axioms: [propext]
'FT1536Tables.rows2_12_checked' depends on axioms: [propext]
'FT1536Tables.rows2_13_checked' depends on axioms: [propext]
'FT1536Tables.rows2_14_checked' depends on axioms: [propext]
'FT1536Tables.rows2_15_checked' depends on axioms: [propext]
'FT1536Tables.rows2_16_checked' depends on axioms: [propext]
'FT1536Tables.rows2_17_checked' depends on axioms: [propext]
'FT1536Tables.rows2_18_checked' depends on axioms: [propext]
'FT1536Tables.rows2_19_checked' depends on axioms: [propext]
'FT1536Tables.rows2_20_checked' depends on axioms: [propext]
'FT1536Tables.rows2_21_checked' depends on axioms: [propext]
'FT1536Tables.rows2_22_checked' depends on axioms: [propext]
'FT1536Tables.rows2_23_checked' depends on axioms: [propext]
'FT1536Tables.rows2_24_checked' depends on axioms: [propext]
'FT1536Tables.rows2_25_checked' depends on axioms: [propext]
'FT1536Tables.rows2_26_checked' depends on axioms: [propext]
'FT1536Tables.rows2_27_checked' depends on axioms: [propext]
'FT1536Tables.rows2_28_checked' depends on axioms: [propext]
'FT1536Tables.rows2_29_checked' depends on axioms: [propext]
'FT1536Tables.rows2_30_checked' depends on axioms: [propext]
'FT1536Tables.rows2_31_checked' depends on axioms: [propext]
'FT1536Tables.rows3_0_checked' depends on axioms: [propext]
'FT1536Tables.rows3_1_checked' depends on axioms: [propext]
'FT1536Tables.rows3_2_checked' depends on axioms: [propext]
'FT1536Tables.rows3_3_checked' depends on axioms: [propext]
'FT1536Tables.rows3_4_checked' depends on axioms: [propext]
'FT1536Tables.rows3_5_checked' depends on axioms: [propext]
'FT1536Tables.rows3_6_checked' depends on axioms: [propext]
'FT1536Tables.rows3_7_checked' depends on axioms: [propext]
'FT1536Tables.rows3_8_checked' depends on axioms: [propext]
'FT1536Tables.rows3_9_checked' depends on axioms: [propext]
'FT1536Tables.rows3_10_checked' depends on axioms: [propext]
'FT1536Tables.rows3_11_checked' depends on axioms: [propext]
'FT1536Tables.rows3_12_checked' depends on axioms: [propext]
'FT1536Tables.rows3_13_checked' depends on axioms: [propext]
'FT1536Tables.rows3_14_checked' depends on axioms: [propext]
'FT1536Tables.rows3_15_checked' depends on axioms: [propext]
'FT1536Tables.rows3_16_checked' depends on axioms: [propext]
'FT1536Tables.rows3_17_checked' depends on axioms: [propext]
'FT1536Tables.rows3_18_checked' depends on axioms: [propext]
'FT1536Tables.rows3_19_checked' depends on axioms: [propext]
'FT1536Tables.rows3_20_checked' depends on axioms: [propext]
'FT1536Tables.rows3_21_checked' depends on axioms: [propext]
'FT1536Tables.rows3_22_checked' depends on axioms: [propext]
'FT1536Tables.rows3_23_checked' depends on axioms: [propext]
'FT1536Tables.rows3_24_checked' depends on axioms: [propext]
'FT1536Tables.rows3_25_checked' depends on axioms: [propext]
'FT1536Tables.rows3_26_checked' depends on axioms: [propext]
'FT1536Tables.rows3_27_checked' depends on axioms: [propext]
'FT1536Tables.rows3_28_checked' depends on axioms: [propext]
'FT1536Tables.rows3_29_checked' depends on axioms: [propext]
'FT1536Tables.rows3_30_checked' depends on axioms: [propext]
'FT1536Tables.rows3_31_checked' depends on axioms: [propext]
'FT1536Tables.rows3_32_checked' depends on axioms: [propext]
'FT1536Tables.rows3_33_checked' depends on axioms: [propext]
'FT1536Tables.rows3_34_checked' depends on axioms: [propext]
'FT1536Tables.rows3_35_checked' depends on axioms: [propext]
'FT1536Tables.rows3_36_checked' depends on axioms: [propext]
'FT1536Tables.rows3_37_checked' depends on axioms: [propext]
'FT1536Tables.rows3_38_checked' depends on axioms: [propext]
'FT1536Tables.rows3_39_checked' depends on axioms: [propext]
'FT1536Tables.rows3_40_checked' depends on axioms: [propext]
'FT1536Tables.rows3_41_checked' depends on axioms: [propext]
'FT1536Tables.rows3_42_checked' depends on axioms: [propext]
'FT1536Tables.rows3_43_checked' depends on axioms: [propext]
'FT1536Tables.rows3_44_checked' depends on axioms: [propext]
'FT1536Tables.rows3_45_checked' depends on axioms: [propext]
'FT1536Tables.rows3_46_checked' depends on axioms: [propext]
'FT1536Tables.rows3_47_checked' depends on axioms: [propext]
'FT1536Tables.chain_0_checked' depends on axioms: [propext]
'FT1536Tables.chain_1_checked' depends on axioms: [propext]
'FT1536Tables.root_and_scale_facts' does not depend on any axioms
