'H3Range.p2_mono' depends on axioms: [propext]
'H3Range.mant_bounds' depends on axioms: [propext, Classical.choice.{u}, Quot.sound.{u}]
'H3Range.p2_shift' depends on axioms: [propext]
'H3Range.normal_floor_refinement' depends on axioms: [propext, Classical.choice.{u}, Quot.sound.{u}]
'H3Range.subnormal_floor_refinement' depends on axioms: [propext, Classical.choice.{u}, Quot.sound.{u}]
'H3Range.floor_refinement' depends on axioms: [propext, Classical.choice.{u}, Quot.sound.{u}]
'H3Range.negative_zero_exception' depends on axioms: [propext]
'H3Range.signed_zero_guard' does not depend on any axioms
'H3Range.integer_safety' depends on axioms: [propext, Classical.choice.{u}, Quot.sound.{u}]
'H3Range.negative_zero_sum_still_safe' depends on axioms: [propext, Classical.choice.{u}, Quot.sound.{u}]
'H3Range.conditional_H3_local' depends on axioms: [propext, Classical.choice.{u}, Quot.sound.{u}]
'ZeroScalar.p2_pos' depends on axioms: [propext]
'ZeroScalar.D_pos' depends on axioms: [propext]
'ZeroScalar.p2_add' depends on axioms: [propext]
'ZeroScalar.frac_bound' does not depend on any axioms
'ZeroScalar.exponent_from_value' depends on axioms: [propext, Quot.sound.{u}]
'ZeroScalar.floorVal_old' depends on axioms: [propext, Quot.sound.{u}]
'ZeroScalar.floorVal_range' depends on axioms: [propext, Classical.choice.{u}, Quot.sound.{u}]
'ZeroScalar.negzero_fields' depends on axioms: [propext, Classical.choice.{u}, Quot.sound.{u}]
'ZeroScalar.zero_aware_parts' depends on axioms: [propext, Classical.choice.{u}, Quot.sound.{u}]
'ZeroScalar.raw_mantissa' depends on axioms: [propext, Classical.choice.{u}, Quot.sound.{u}]
'ZeroScalar.raw_mantissa_int' depends on axioms: [propext, Classical.choice.{u}, Quot.sound.{u}]
'ZeroScalar.floorC_parts' depends on axioms: [propext, Classical.choice.{u}, Quot.sound.{u}]
'ZeroScalar.FLOOR_ZERO' depends on axioms: [propext, Classical.choice.{u}, Quot.sound.{u}]
'ZeroScalar.source_floor_range' depends on axioms: [propext, Classical.choice.{u}, Quot.sound.{u}]
'ZeroScalar.C_INT_BRIDGE' depends on axioms: [propext, Classical.choice.{u}, Quot.sound.{u}]
'H3Range.scan_bound' depends on axioms: [propext, Quot.sound.{u}]
'H3Range.max_at_zero' depends on axioms: [propext, Quot.sound.{u}]
'H3Range.select_found' depends on axioms: [propext]
'H3Range.select_bound' depends on axioms: [propext]
'H3Range.proposal_support' depends on axioms: [propext, Classical.choice.{u}, Quot.sound.{u}]
'H3Range.proposal_return_safe' depends on axioms: [propext, Classical.choice.{u}, Quot.sound.{u}]
'H3Range.bank0_size' does not depend on any axioms
'H3Range.bank0_max' does not depend on any axioms
'H3Range.bank0_support' depends on axioms: [propext, Quot.sound.{u}]
'H3Range.bank1_size' does not depend on any axioms
'H3Range.bank1_max' does not depend on any axioms
'H3Range.bank1_support' depends on axioms: [propext, Quot.sound.{u}]
'H3Range.bank2_size' does not depend on any axioms
'H3Range.bank2_max' does not depend on any axioms
'H3Range.bank2_support' depends on axioms: [propext, Quot.sound.{u}]
'H3Range.bank3_size' does not depend on any axioms
'H3Range.bank3_max' does not depend on any axioms
'H3Range.bank3_support' depends on axioms: [propext, Quot.sound.{u}]
'H3Range.bank4_size' does not depend on any axioms
'H3Range.bank4_max' does not depend on any axioms
'H3Range.bank4_support' depends on axioms: [propext, Quot.sound.{u}]
'H3Range.all_bank_support' depends on axioms: [propext, Quot.sound.{u}]
'H3Range.scalar_residual' depends on axioms: [propext, Classical.choice.{u}, Quot.sound.{u}]
'H3Range.terminal_right_then_left' depends on axioms: [propext, Classical.choice.{u}, Quot.sound.{u}]
'H3Range.next_terminal_center' depends on axioms: [propext, Classical.choice.{u}, Quot.sound.{u}]
'H3Range.safe_next_center' depends on axioms: [propext, Classical.choice.{u}, Quot.sound.{u}]
'H3Range.inner_visits_count' depends on axioms: [propext, Quot.sound.{u}]
'H3Range.actual_3072_calls' depends on axioms: [propext, Quot.sound.{u}]
'H3Range.first_terminal_right_first' does not depend on any axioms
'H3Range.checked_key_coefficients' depends on axioms: [propext, Classical.choice.{u}, Quot.sound.{u}]
'H3Range.lt64_correct' depends on axioms: [propext, Quot.sound.{u}]
'H3Range.eq64_correct' depends on axioms: [propext, Quot.sound.{u}]
'H3Range.lt128_correct' depends on axioms: [propext, Quot.sound.{u}]
'H3Range.active_guards' depends on axioms: [propext, Classical.choice.{u}, Quot.sound.{u}]
'H3Range.sticky_path' depends on axioms: [propext]
'H3Range.negative_zero_admitted' does not depend on any axioms
'H3Range.guards_do_not_imply_floor_refinement' depends on axioms: [propext]
'H3Range.complete_local_lift' depends on axioms: [propext, Classical.choice.{u}, Quot.sound.{u}]
'ZeroScalar.value_negative_zero' depends on axioms: [propext, Classical.choice.{u}, Quot.sound.{u}]
'ZeroScalar.RHO_CLOSED' depends on axioms: [propext, Classical.choice.{u}, Quot.sound.{u}]
'ZeroScalar.EXACT_RESIDUAL_366' depends on axioms: [propext, Classical.choice.{u}, Quot.sound.{u}]
'ZeroScalar.old_new_relation' depends on axioms: [propext, Classical.choice.{u}, Quot.sound.{u}]
'ZeroScalar.old_floor_equality' depends on axioms: [propext, Classical.choice.{u}, Quot.sound.{u}]
'ZeroScalar.old_implies_numeric' depends on axioms: [propext, Quot.sound.{u}]
'ZeroScalar.or_one_bounds' depends on axioms: [propext, Classical.choice.{u}, Quot.sound.{u}]
'ZeroScalar.sticky_cases' depends on axioms: [propext, Quot.sound.{u}]
'ZeroScalar.sticky_interval' depends on axioms: [propext, Classical.choice.{u}, Quot.sound.{u}]
'ZeroScalar.round_error' depends on axioms: [propext, Classical.choice.{u}, Quot.sound.{u}]
'ZeroScalar.normalizer_bounds' depends on axioms: [propext, Classical.choice.{u}, Quot.sound.{u}]
'ZeroScalar.normalizer_for_add' depends on axioms: [propext, Classical.choice.{u}, Quot.sound.{u}]
'ZeroScalar.shrink9_range' depends on axioms: [propext, Classical.choice.{u}, Quot.sound.{u}]
'ZeroScalar.pack_normal_value' depends on axioms: [propext, Quot.sound.{u}]
'ZeroScalar.round_normal_range' depends on axioms: [propext, Classical.choice.{u}, Quot.sound.{u}]
'ZeroScalar.norm_small_shift' depends on axioms: [propext, Classical.choice.{u}, Quot.sound.{u}]
'ZeroScalar.sticky_multiple' depends on axioms: [propext, Quot.sound.{u}]
'ZeroScalar.OF_EXACT' depends on axioms: [propext, Classical.choice.{u}, Quot.sound.{u}]
'ZeroScalar.error_rational' does not depend on any axioms
'ZeroScalar.error_budget_numeric' does not depend on any axioms
'ZeroScalar.phase_scale_bound' depends on axioms: [propext, Quot.sound.{u}]
'ZeroScalar.error_budget_composition' depends on axioms: [propext, Classical.choice.{u}, Quot.sound.{u}]
'ZeroScalar.MACHINE_RESIDUAL_366' depends on axioms: [propext, Classical.choice.{u}, Quot.sound.{u}]
'ZeroScalar.MACHINE_CENTER_INTERVAL' depends on axioms: [propext, Classical.choice.{u}, Quot.sound.{u}]
'ZeroScalar.ORDERED_ZERO_TERMINAL' depends on axioms: [propext, Classical.choice.{u}, Quot.sound.{u}]
'RootLDL.step_range' depends on axioms: [propext, Quot.sound.{u}]
'RootLDL.step_invariant' depends on axioms: [propext, Quot.sound.{u}]
'RootLDL.loop_range' depends on axioms: [propext, Quot.sound.{u}]
'RootLDL.loop_invariant' depends on axioms: [propext, Quot.sound.{u}]
'RootLDL.loop55' depends on axioms: [propext, Quot.sound.{u}]
'RootLDL.store_frame' depends on axioms: [propext, Quot.sound.{u}]
'RootLDL.root_frame' depends on axioms: [propext, Quot.sound.{u}]
'RootLDL.root_layout' does not depend on any axioms
'RootLDL.fft_partition' depends on axioms: [propext, Classical.choice.{u}, Quot.sound.{u}]
'RootLDL.ternary_store' depends on axioms: [propext, Classical.choice.{u}, Quot.sound.{u}]
'RootLDL.coefficient_test' depends on axioms: [propext, Classical.choice.{u}, Quot.sound.{u}]
'RootLDL.positive_margin' depends on axioms: [propext, Quot.sound.{u}]
'RootLDL.machine_schur_consumer' depends on axioms: [propext, Quot.sound.{u}]
'RootLDL.imaginary_consumer' depends on axioms: [propext, Classical.choice.{u}, Quot.sound.{u}]
'RootLDL.no_overflow_primitive_scale' does not depend on any axioms
'RootLDL.zero_domain_not_root_domain' does not depend on any axioms
'RootLDL.coefficient_reduction_bound' does not depend on any axioms
'Node3.inverse3_bits' depends on axioms: [propext, Quot.sound.{u}]
'Node3.inverse3_units' depends on axioms: [propext, Quot.sound.{u}]
'Node3.expanded_div_exponent' depends on axioms: [propext, Classical.choice.{u}, Quot.sound.{u}]
'Node3.normalization_indices' depends on axioms: [propext, Classical.choice.{u}, Quot.sound.{u}]
'Node3.real_slot_noninterference' does not depend on any axioms
'Node3.divReal_ignores_imag' does not depend on any axioms
'Node3.mulReal_ignores_imag' does not depend on any axioms
'Node3.selfadj_imag_store' does not depend on any axioms
'Node3.valid_c3' does not depend on any axioms
'Node3.branch0_round_margin' does not depend on any axioms
'Node3.branch1_round_margin' does not depend on any axioms
'Node3.quotient_domain' does not depend on any axioms
'Node3.safe_order' depends on axioms: [propext, Quot.sound.{u}]
'Node2.half_bits' depends on axioms: [propext, Quot.sound.{u}]
'Node2.half_fields' depends on axioms: [propext, Quot.sound.{u}]
'Node2.half_value' depends on axioms: [propext, Quot.sound.{u}]
'Node2.parts_error' depends on axioms: [propext, Classical.choice.{u}, Quot.sound.{u}]
'Node2.half_error_units' depends on axioms: [propext, Classical.choice.{u}, Quot.sound.{u}]
'Node2.finite_half' depends on axioms: [propext, Quot.sound.{u}]
'Node2.half_endpoint_classes' does not depend on any axioms
'InitialTarget.one_word' depends on axioms: [propext, Quot.sound.{u}]
'InitialTarget.q_word' depends on axioms: [propext, Quot.sound.{u}]
'InitialTarget.ni_word' depends on axioms: [propext, Quot.sound.{u}]
'InitialTarget.ni_fields' depends on axioms: [propext, Quot.sound.{u}]
'InitialTarget.ni_value_scaled' depends on axioms: [propext, Quot.sound.{u}]
'InitialTarget.reciprocal_error_numerator' does not depend on any axioms
'InitialTarget.reciprocal_interval' does not depend on any axioms
'InitialTarget.canonical_int_ranges' depends on axioms: [propext, Classical.choice.{u}, Quot.sound.{u}]
'InitialTarget.canonical_of_exact' depends on axioms: [propext, Classical.choice.{u}, Quot.sound.{u}]
'InitialTarget.hash_to_point_written_range' does not depend on any axioms
'InitialTarget.hash_to_point_uint16' depends on axioms: [propext, Quot.sound.{u}]
'InitialTarget.rejection_limit' does not depend on any axioms
'InitialTarget.basis_determinant' depends on axioms: [propext, Classical.choice.{u}, Quot.sound.{u}]
'InitialTarget.target_numerator_identity' depends on axioms: [propext, Classical.choice.{u}, Quot.sound.{u}]
'InitialTarget.reduced_low_count' depends on axioms: [propext, Quot.sound.{u}]
'InitialTarget.reduced_high_count' depends on axioms: [propext, Quot.sound.{u}]
'InitialTarget.reduced_row_bound' depends on axioms: [propext, Classical.choice.{u}, Quot.sound.{u}]
'InitialTarget.gram_pair_identities' depends on axioms: [propext, Classical.choice.{u}, Quot.sound.{u}]
'InitialTarget.gram_pair_bounds' depends on axioms: [propext, Classical.choice.{u}, Quot.sound.{u}]
'InitialTarget.two_error_layers' depends on axioms: [propext, Classical.choice.{u}, Quot.sound.{u}]
'InitialTarget.inverse_eval_energy_transport' depends on axioms: [propext, Quot.sound.{u}]
'InitialTarget.target_frame' depends on axioms: [propext, Quot.sound.{u}]
'InitialTarget.prefix_offsets' does not depend on any axioms
'InitialTarget.buffers_and_future_pointers' does not depend on any axioms
'InitialTarget.target_read_write_indices' depends on axioms: [propext, Classical.choice.{u}, Quot.sound.{u}]
'InitialTarget.packed_indices' depends on axioms: [propext, Classical.choice.{u}, Quot.sound.{u}]
'InitialTarget.copy_disjoint' depends on axioms: [propext, Quot.sound.{u}]
'InitialTarget.whole_key_frame' depends on axioms: [propext, Quot.sound.{u}]
'InitialTarget.source_word_match' depends on axioms: [propext, Quot.sound.{u}]
'InitialTarget.defined_prefix_from_local_domains' depends on axioms: [propext, Quot.sound.{u}]
'OrderedReach.fault_sticky' depends on axioms: [propext]
'OrderedReach.clear_prefix' depends on axioms: [propext, Quot.sound.{u}]
'OrderedReach.safe_normal_return' depends on axioms: [propext, Classical.choice.{u}, Quot.sound.{u}]
'OrderedReach.normal_residual_after_center' depends on axioms: [propext, Classical.choice.{u}, Quot.sound.{u}]
'OrderedReach.fault_zero_is_not_close' does not depend on any axioms
'OrderedReach.normal_zero_distinct_tag' does not depend on any axioms
'OrderedReach.rejection_no_return' does not depend on any axioms
'OrderedReach.shifted_half_bound' depends on axioms: [propext, Classical.choice.{u}, Quot.sound.{u}]
'OrderedReach.next_center_needs_update' depends on axioms: [propext, Classical.choice.{u}, Quot.sound.{u}]
'OrderedReach.final_residual_after_unshift' depends on axioms: [propext, Classical.choice.{u}, Quot.sound.{u}]
'OrderedReach.right_margin' depends on axioms: [propext, Quot.sound.{u}]
'OrderedReach.right_margin_constants' does not depend on any axioms
'OrderedReach.cutoff_counts' depends on axioms: [propext, Quot.sound.{u}]
'OrderedReach.safe_shift' depends on axioms: [propext, Quot.sound.{u}]
'OrderedReach.scalar_integer_products' depends on axioms: [propext, Classical.choice.{u}, Quot.sound.{u}]
'OrderedReach.key_and_root_target_frame' depends on axioms: [propext, Quot.sound.{u}]
'OrderedReach.scratch_formula' depends on axioms: [propext, Quot.sound.{u}]
'OrderedReach.root_peak' does not depend on any axioms
'OrderedReach.structural_calls' depends on axioms: [propext]
'OrderedReach.right_and_whole_counts' does not depend on any axioms
'OrderedReach.terminal_inverse_identity' depends on axioms: [propext, Quot.sound.{u}]
'OrderedReach.repeated_product_same_inputs' does not depend on any axioms
'OrderedReach.rounded_cancellation_requires_error' depends on axioms: [propext, Quot.sound.{u}]
'LeftRoot.failed_bank_lower' depends on axioms: [propext, Quot.sound.{u}]
'LeftRoot.passed_bank_upper' depends on axioms: [propext, Quot.sound.{u}]
'LeftRoot.paired_three_quarters' depends on axioms: [propext, Classical.choice.{u}, Quot.sound.{u}]
'LeftRoot.A2_four' depends on axioms: [propext, Classical.choice.{u}, Quot.sound.{u}]
'LeftRoot.terminal_defect_identity' depends on axioms: [propext, Classical.choice.{u}, Quot.sound.{u}]
'LeftRoot.terminal_cross_expansion' depends on axioms: [propext, Classical.choice.{u}, Quot.sound.{u}]
'LeftRoot.half_last_defect' depends on axioms: [propext, Quot.sound.{u}]
'LeftRoot.right_terminal_count' does not depend on any axioms
'LeftRoot.reverse_leaf_index' depends on axioms: [propext, Classical.choice.{u}, Quot.sound.{u}]
'LeftRoot.reverse_leaf_injective' depends on axioms: [propext, Quot.sound.{u}]
'LeftRoot.square_roundoff_identity' depends on axioms: [propext, Quot.sound.{u}]
'LeftRoot.form_congruence' does not depend on any axioms
'LeftRoot.form_scale' depends on axioms: [propext]
'LeftRoot.form_transitive' depends on axioms: [propext]
'LeftRoot.minimum_comparison' depends on axioms: [propext]
'LeftRoot.metric_weight_composition' depends on axioms: [propext]
'LeftRoot.binary_reconstruction_identity' depends on axioms: [propext, Classical.choice.{u}, Quot.sound.{u}]
'LeftRoot.cubic_reconstruction_identity' depends on axioms: [propext, Classical.choice.{u}, Quot.sound.{u}]
'LeftRoot.imaginary_defect_not_zero' does not depend on any axioms
'LeftRoot.positive_budget' does not depend on any axioms
'LeftRoot.signal_history_bound' depends on axioms: [propext, Classical.choice.{u}, Quot.sound.{u}]
'LeftRoot.split_defect_bound' depends on axioms: [propext, Classical.choice.{u}, Quot.sound.{u}]
'LeftRoot.left_numeric_center' depends on axioms: [propext, Quot.sound.{u}]
'LeftRoot.global_range_union' depends on axioms: [propext, Classical.choice.{u}, Quot.sound.{u}]
'LeftRoot.global_margins' does not depend on any axioms
'LeftRoot.normal_return_zero_is_not_fault' does not depend on any axioms
'LeftRoot.conditional_right_completion_is_not_termination' does not depend on any axioms
'ScalarIID.mass_telescopes' depends on axioms: [propext, Quot.sound.{u}]
'ScalarIID.count_append' depends on axioms: [propext]
'ScalarIID.count_all' depends on axioms: [propext, Quot.sound.{u}]
'ScalarIID.count_none' depends on axioms: [propext, Quot.sound.{u}]
'ScalarIID.atom_partition' depends on axioms: [propext, Quot.sound.{u}]
'ScalarIID.threshold_strict' depends on axioms: [propext, Quot.sound.{u}]
'ScalarIID.sign_outputs_disjoint' depends on axioms: [propext, Quot.sound.{u}]
'ScalarIID.small_atom_mass' does not depend on any axioms
'ScalarIID.getter64_ranges' depends on axioms: [propext, Classical.choice.{u}, Quot.sound.{u}]
'ScalarIID.getter64_read_range' depends on axioms: [propext, Quot.sound.{u}]
'ScalarIID.getter8_ranges' depends on axioms: [propext, Classical.choice.{u}, Quot.sound.{u}]
'ScalarIID.sign_getter_no_refill' depends on axioms: [propext, Quot.sound.{u}]
'ScalarIID.exact_boundary' does not depend on any axioms
'ScalarIID.returned_proposal_bytes' does not depend on any axioms
'ScalarIID.refill_budget' depends on axioms: [propext, Classical.choice.{u}, Quot.sound.{u}]
'ScalarIID.discarded_budget' depends on axioms: [propext, Quot.sound.{u}]
'ScalarIID.unique_read_positions' depends on axioms: [propext, Quot.sound.{u}]
'ScalarIID.unsigned_low55_comparison' depends on axioms: [propext, Quot.sound.{u}]
'ScalarIID.saturated_count' depends on axioms: [propext, Quot.sound.{u}]
'ScalarIID.zero_low_bits' depends on axioms: [propext, Classical.choice.{u}, Quot.sound.{u}]
'ScalarIID.high_half_bound' depends on axioms: [propext, Quot.sound.{u}]
'ScalarIID.horner_interval' depends on axioms: [propext, Classical.choice.{u}, Quot.sound.{u}]
'ScalarIID.final_positive_threshold' depends on axioms: [propext, Quot.sound.{u}]
'ScalarIID.cutoff_integer' depends on axioms: [propext, Quot.sound.{u}]
'ScalarIID.small_trunc_shift' depends on axioms: [propext, Classical.choice.{u}, Quot.sound.{u}]
'ScalarIID.raw_trunc_counts' depends on axioms: [propext, Classical.choice.{u}, Quot.sound.{u}]
'ScalarIID.limb_expansion' depends on axioms: [propext, Classical.choice.{u}, Quot.sound.{u}]
'ScalarIID.high_carry' depends on axioms: [propext, Quot.sound.{u}]
'ScalarIID.first_limb_sum_bound' depends on axioms: [propext, Quot.sound.{u}]
'ScalarIID.high_product_range' depends on axioms: [propext, Quot.sound.{u}]
'ScalarIID.finite_geometric_count' depends on axioms: [propext, Classical.choice.{u}, Quot.sound.{u}]
'ScalarIID.normalized_mass_integer' depends on axioms: [propext]
'ScalarIID.positive_normalizer' depends on axioms: [propext, Quot.sound.{u}]
'ScalarIID.strict_reject_fraction' depends on axioms: [propext, Classical.choice.{u}, Quot.sound.{u}]
'ScalarIID.source_return_injective_left' depends on axioms: [propext, Classical.choice.{u}, Quot.sound.{u}]
'ScalarIID.source_return_injective_right' depends on axioms: [propext, Classical.choice.{u}, Quot.sound.{u}]
'ScalarIID.normal_zero_is_not_fault' does not depend on any axioms
'OrderedJoint.inner_count' depends on axioms: [propext, Quot.sound.{u}]
'OrderedJoint.root_count' does not depend on any axioms
'OrderedJoint.branch_count' does not depend on any axioms
'OrderedJoint.scratch_size' depends on axioms: [propext, Quot.sound.{u}]
'OrderedJoint.root_frame' does not depend on any axioms
'OrderedJoint.call_pair_counts' does not depend on any axioms
'OrderedJoint.correlated_branch_budget' does not depend on any axioms
'OrderedJoint.support_realizes' does not depend on any axioms
'OrderedJoint.before_next' does not depend on any axioms
'OrderedJoint.same_value_projection' does not depend on any axioms
'OrderedJoint.zero_atom_not_support' depends on axioms: [propext, Quot.sound.{u}]
'OrderedJoint.positive_atom_has_element' depends on axioms: [propext]
'OrderedJoint.paired_terminal_identity' depends on axioms: [propext, Classical.choice.{u}, Quot.sound.{u}]
'GaussianComparison.limb25_expansion' depends on axioms: [propext, Classical.choice.{u}, Quot.sound.{u}]
'GaussianComparison.low_product_reconstruction' depends on axioms: [propext, Classical.choice.{u}, Quot.sound.{u}]
'GaussianComparison.limb_product_ranges' depends on axioms: [propext, Classical.choice.{u}, Quot.sound.{u}]
'GaussianComparison.round_lookup' does not depend on any axioms
'GaussianComparison.nearest_non_crossing' depends on axioms: [propext, Classical.choice.{u}, Quot.sound.{u}]
'GaussianComparison.specialized_center_error' depends on axioms: [propext, Quot.sound.{u}]
'GaussianComparison.positive_trunc_counts' depends on axioms: [propext, Classical.choice.{u}, Quot.sound.{u}]
'GaussianComparison.source_precision_error_consumer' depends on axioms: [propext, Classical.choice.{u}, Quot.sound.{u}]
'GaussianComparison.monotone_bracket' depends on axioms: [propext, Quot.sound.{u}]
'GaussianComparison.adjacent_cover' depends on axioms: [propext, Classical.choice.{u}, Quot.sound.{u}]
'GaussianComparison.interval_difference' depends on axioms: [propext, Classical.choice.{u}, Quot.sound.{u}]
'GaussianComparison.finite_guard_source' depends on axioms: [propext, Classical.choice.{u}, Quot.sound.{u}]
'GaussianComparison.nonwrap_horner' depends on axioms: [propext, Quot.sound.{u}]
'GaussianComparison.threshold_upper' depends on axioms: [propext, Quot.sound.{u}]
'GaussianComparison.weighted_bounds' depends on axioms: [propext, Classical.choice.{u}, Quot.sound.{u}]
'GaussianComparison.normalization_variance_identity' depends on axioms: [propext, Classical.choice.{u}, Quot.sound.{u}]
'GaussianComparison.squared_sum_bound' depends on axioms: [propext, Classical.choice.{u}, Quot.sound.{u}]
'GaussianComparison.normalization_point_bound' depends on axioms: [propext, Classical.choice.{u}, Quot.sound.{u}]
'GaussianComparison.accepted_mass_lower' depends on axioms: [propext, Quot.sound.{u}]
'GaussianComparison.finite_support_reverse_failure' depends on axioms: [propext, Quot.sound.{u}]
'GaussianComparison.conditioned_support' does not depend on any axioms
'GaussianComparison.tail_is_nonnegative' depends on axioms: [propext, Quot.sound.{u}]
'OrderedJoint.conditioning_second_moment' depends on axioms: [propext, Classical.choice.{u}, Quot.sound.{u}]
'OrderedJoint.conditioning_decreases' depends on axioms: [propext, Classical.choice.{u}, Quot.sound.{u}]
'OrderedJoint.weighted_step_bound' depends on axioms: [propext, Classical.choice.{u}, Quot.sound.{u}]
'OrderedJoint.second_moment_chain' does not depend on any axioms
'OrderedJoint.survival_tilt_cleared' depends on axioms: [propext, Quot.sound.{u}]
'OrderedJoint.reverse_support_same' does not depend on any axioms
'OrderedJoint.numerical_chi_bound' does not depend on any axioms
'OrderedJoint.tv_square_bound' does not depend on any axioms
'OrderedJoint.union_epsilon' does not depend on any axioms
'OrderedJoint.reverse_exponent' does not depend on any axioms
'OrderedJoint.proposal_conservation_compose' depends on axioms: [propext, Quot.sound.{u}]
'OrderedJoint.repeated_getter_bound' depends on axioms: [propext, Quot.sound.{u}]
'OrderedJoint.geometric_mgf_monotone_cleared' depends on axioms: [propext, Classical.choice.{u}, Quot.sound.{u}]
'OrderedJoint.expectation_root' does not depend on any axioms
'OrderedJoint.budget_root' does not depend on any axioms
'OrderedJoint.chernoff_factor' does not depend on any axioms
'OrderedJoint.chernoff_block' does not depend on any axioms
'OrderedJoint.block_count' does not depend on any axioms
'OrderedJoint.ghost_frame' does not depend on any axioms
'Postprocess.dd_zero' depends on axioms: [propext, Classical.choice.{u}, Quot.sound.{u}]
'Postprocess.increment_rule' depends on axioms: [propext, Classical.choice.{u}, Quot.sound.{u}]
'Postprocess.shift_product' depends on axioms: [propext, Quot.sound.{u}]
'Postprocess.discarded_word' depends on axioms: [propext, Quot.sound.{u}]
'Postprocess.scaled_half_comparison' depends on axioms: [propext, Classical.choice.{u}, Quot.sound.{u}]
'Postprocess.source_shift_range' depends on axioms: [propext, Classical.choice.{u}, Quot.sound.{u}]
'Postprocess.below_half_mask' depends on axioms: [propext, Quot.sound.{u}]
'Postprocess.normal_round_count' depends on axioms: [propext, Classical.choice.{u}, Quot.sound.{u}]
'Postprocess.signed_reconstruction_range' depends on axioms: [propext, Classical.choice.{u}, Quot.sound.{u}]
'FT1536Global.store_at' depends on axioms: [propext]
'FT1536Global.store_away' depends on axioms: [propext]
'FT1536Global.prefix_invariant' depends on axioms: [propext, Quot.sound.{u}]
'FT1536Global.prefix_frame' depends on axioms: [propext, Quot.sound.{u}]
'FT1536Global.pair_local' depends on axioms: [propext]
'FT1536Global.pair_frame' depends on axioms: [propext]
'FT1536Global.pair_first_store' depends on axioms: [propext]
'FT1536Global.pair_prefix' depends on axioms: [propext, Quot.sound.{u}]
'FT1536Global.fin3_cases' depends on axioms: [propext, Quot.sound.{u}]
'FT1536Global.triple_local' depends on axioms: [propext, Quot.sound.{u}]
'FT1536Global.triple_frame' depends on axioms: [propext]
'FT1536Global.triple_prefix' depends on axioms: [propext, Quot.sound.{u}]
'FT1536Global.pair_address_bound' depends on axioms: [propext, Quot.sound.{u}]
'FT1536Global.pair_decode' depends on axioms: [propext, Classical.choice.{u}, Quot.sound.{u}]
'FT1536Global.pair_cover' depends on axioms: [propext, Classical.choice.{u}, Quot.sound.{u}]
'FT1536Global.pair_layout' depends on axioms: [propext, Classical.choice.{u}, Quot.sound.{u}]
'FT1536Global.source_pair_prefix' depends on axioms: [propext, Classical.choice.{u}, Quot.sound.{u}]
'FT1536Global.triple_address_bound' depends on axioms: [propext, Quot.sound.{u}]
'FT1536Global.triple_layout' depends on axioms: [propext, Quot.sound.{u}]
'FT1536Global.triple_cover' depends on axioms: [propext, Classical.choice.{u}, Quot.sound.{u}]
'FT1536Global.source_triple_prefix' depends on axioms: [propext, Quot.sound.{u}]
'FT1536Global.pair_prefix_canonical' depends on axioms: [propext, Classical.choice.{u}, Quot.sound.{u}]
'FT1536Global.triple_prefix_canonical' depends on axioms: [propext, Classical.choice.{u}, Quot.sound.{u}]
'FT1536Global.forward_schedule' does not depend on any axioms
'FT1536Global.inverse_schedule' does not depend on any axioms
'FT1536Tables.all_sound' depends on axioms: [propext, Quot.sound.{u}]
'FT1536Tables.row2_sound' depends on axioms: [propext]
'FT1536Tables.row3_sound' depends on axioms: [propext]
'FT1536Tables.rev_even_range' does not depend on any axioms
'FT1536Tables.rev_even_involution' does not depend on any axioms
'FT1536Tables.units_0_checked' depends on axioms: [propext]
'FT1536Tables.units_1_checked' depends on axioms: [propext]
'FT1536Tables.units_2_checked' depends on axioms: [propext]
'FT1536Tables.units_3_checked' depends on axioms: [propext]
'FT1536Tables.units_4_checked' depends on axioms: [propext]
'FT1536Tables.units_5_checked' depends on axioms: [propext]
'FT1536Tables.units_6_checked' depends on axioms: [propext]
'FT1536Tables.units_7_checked' depends on axioms: [propext]
'FT1536Tables.units_8_checked' depends on axioms: [propext]
'FT1536Tables.units_9_checked' depends on axioms: [propext]
'FT1536Tables.units_10_checked' depends on axioms: [propext]
'FT1536Tables.units_11_checked' depends on axioms: [propext]
'FT1536Tables.units_12_checked' depends on axioms: [propext]
'FT1536Tables.units_13_checked' depends on axioms: [propext]
'FT1536Tables.units_14_checked' depends on axioms: [propext]
'FT1536Tables.units_15_checked' depends on axioms: [propext]
'FT1536Tables.units_16_checked' depends on axioms: [propext]
'FT1536Tables.units_17_checked' depends on axioms: [propext]
'FT1536Tables.units_18_checked' depends on axioms: [propext]
'FT1536Tables.units_19_checked' depends on axioms: [propext]
'FT1536Tables.units_20_checked' depends on axioms: [propext]
'FT1536Tables.units_21_checked' depends on axioms: [propext]
'FT1536Tables.units_22_checked' depends on axioms: [propext]
'FT1536Tables.units_23_checked' depends on axioms: [propext]
'FT1536Tables.units_24_checked' depends on axioms: [propext]
'FT1536Tables.units_25_checked' depends on axioms: [propext]
'FT1536Tables.units_26_checked' depends on axioms: [propext]
'FT1536Tables.units_27_checked' depends on axioms: [propext]
'FT1536Tables.units_28_checked' depends on axioms: [propext]
'FT1536Tables.units_29_checked' depends on axioms: [propext]
'FT1536Tables.units_30_checked' depends on axioms: [propext]
'FT1536Tables.units_31_checked' depends on axioms: [propext]
'FT1536Tables.sequence_0_checked' depends on axioms: [propext]
'FT1536Tables.sequence_1_checked' depends on axioms: [propext]
'FT1536Tables.sequence_2_checked' depends on axioms: [propext]
'FT1536Tables.sequence_3_checked' depends on axioms: [propext]
'FT1536Tables.sequence_4_checked' depends on axioms: [propext]
'FT1536Tables.sequence_5_checked' depends on axioms: [propext]
'FT1536Tables.sequence_6_checked' depends on axioms: [propext]
'FT1536Tables.sequence_7_checked' depends on axioms: [propext]
'FT1536Tables.parents_0_checked' depends on axioms: [propext]
'FT1536Tables.parents_1_checked' depends on axioms: [propext]
'FT1536Tables.parents_2_checked' depends on axioms: [propext]
'FT1536Tables.parents_3_checked' depends on axioms: [propext]
'FT1536Tables.parents_4_checked' depends on axioms: [propext]
'FT1536Tables.parents_5_checked' depends on axioms: [propext]
'FT1536Tables.parents_6_checked' depends on axioms: [propext]
'FT1536Tables.parents_7_checked' depends on axioms: [propext]
'FT1536Tables.parents_8_checked' depends on axioms: [propext]
'FT1536Tables.parents_9_checked' depends on axioms: [propext]
'FT1536Tables.parents_10_checked' depends on axioms: [propext]
'FT1536Tables.parents_11_checked' depends on axioms: [propext]
'FT1536Tables.parents_12_checked' depends on axioms: [propext]
'FT1536Tables.parents_13_checked' depends on axioms: [propext]
'FT1536Tables.parents_14_checked' depends on axioms: [propext]
'FT1536Tables.parents_15_checked' depends on axioms: [propext]
'FT1536Tables.tree_0_checked' depends on axioms: [propext]
'FT1536Tables.tree_1_checked' depends on axioms: [propext]
'FT1536Tables.tree_2_checked' depends on axioms: [propext]
'FT1536Tables.tree_3_checked' depends on axioms: [propext]
'FT1536Tables.tree_4_checked' depends on axioms: [propext]
'FT1536Tables.tree_5_checked' depends on axioms: [propext]
'FT1536Tables.tree_6_checked' depends on axioms: [propext]
'FT1536Tables.tree_7_checked' depends on axioms: [propext]
'FT1536Tables.tree_8_checked' depends on axioms: [propext]
'FT1536Tables.tree_9_checked' depends on axioms: [propext]
'FT1536Tables.tree_10_checked' depends on axioms: [propext]
'FT1536Tables.tree_11_checked' depends on axioms: [propext]
'FT1536Tables.tree_12_checked' depends on axioms: [propext]
'FT1536Tables.tree_13_checked' depends on axioms: [propext]
'FT1536Tables.tree_14_checked' depends on axioms: [propext]
'FT1536Tables.tree_15_checked' depends on axioms: [propext]
'FT1536Tables.rows2_0_checked' depends on axioms: [propext]
'FT1536Tables.rows2_1_checked' depends on axioms: [propext]
'FT1536Tables.rows2_2_checked' depends on axioms: [propext]
'FT1536Tables.rows2_3_checked' depends on axioms: [propext]
'FT1536Tables.rows2_4_checked' depends on axioms: [propext]
'FT1536Tables.rows2_5_checked' depends on axioms: [propext]
'FT1536Tables.rows2_6_checked' depends on axioms: [propext]
'FT1536Tables.rows2_7_checked' depends on axioms: [propext]
'FT1536Tables.rows2_8_checked' depends on axioms: [propext]
'FT1536Tables.rows2_9_checked' depends on axioms: [propext]
'FT1536Tables.rows2_10_checked' depends on axioms: [propext]
'FT1536Tables.rows2_11_checked' depends on axioms: [propext]
'FT1536Tables.rows2_12_checked' depends on axioms: [propext]
'FT1536Tables.rows2_13_checked' depends on axioms: [propext]
'FT1536Tables.rows2_14_checked' depends on axioms: [propext]
'FT1536Tables.rows2_15_checked' depends on axioms: [propext]
'FT1536Tables.rows2_16_checked' depends on axioms: [propext]
'FT1536Tables.rows2_17_checked' depends on axioms: [propext]
'FT1536Tables.rows2_18_checked' depends on axioms: [propext]
'FT1536Tables.rows2_19_checked' depends on axioms: [propext]
'FT1536Tables.rows2_20_checked' depends on axioms: [propext]
'FT1536Tables.rows2_21_checked' depends on axioms: [propext]
'FT1536Tables.rows2_22_checked' depends on axioms: [propext]
'FT1536Tables.rows2_23_checked' depends on axioms: [propext]
'FT1536Tables.rows2_24_checked' depends on axioms: [propext]
'FT1536Tables.rows2_25_checked' depends on axioms: [propext]
'FT1536Tables.rows2_26_checked' depends on axioms: [propext]
'FT1536Tables.rows2_27_checked' depends on axioms: [propext]
'FT1536Tables.rows2_28_checked' depends on axioms: [propext]
'FT1536Tables.rows2_29_checked' depends on axioms: [propext]
'FT1536Tables.rows2_30_checked' depends on axioms: [propext]
'FT1536Tables.rows2_31_checked' depends on axioms: [propext]
'FT1536Tables.rows3_0_checked' depends on axioms: [propext]
'FT1536Tables.rows3_1_checked' depends on axioms: [propext]
'FT1536Tables.rows3_2_checked' depends on axioms: [propext]
'FT1536Tables.rows3_3_checked' depends on axioms: [propext]
'FT1536Tables.rows3_4_checked' depends on axioms: [propext]
'FT1536Tables.rows3_5_checked' depends on axioms: [propext]
'FT1536Tables.rows3_6_checked' depends on axioms: [propext]
'FT1536Tables.rows3_7_checked' depends on axioms: [propext]
'FT1536Tables.rows3_8_checked' depends on axioms: [propext]
'FT1536Tables.rows3_9_checked' depends on axioms: [propext]
'FT1536Tables.rows3_10_checked' depends on axioms: [propext]
'FT1536Tables.rows3_11_checked' depends on axioms: [propext]
'FT1536Tables.rows3_12_checked' depends on axioms: [propext]
'FT1536Tables.rows3_13_checked' depends on axioms: [propext]
'FT1536Tables.rows3_14_checked' depends on axioms: [propext]
'FT1536Tables.rows3_15_checked' depends on axioms: [propext]
'FT1536Tables.rows3_16_checked' depends on axioms: [propext]
'FT1536Tables.rows3_17_checked' depends on axioms: [propext]
'FT1536Tables.rows3_18_checked' depends on axioms: [propext]
'FT1536Tables.rows3_19_checked' depends on axioms: [propext]
'FT1536Tables.rows3_20_checked' depends on axioms: [propext]
'FT1536Tables.rows3_21_checked' depends on axioms: [propext]
'FT1536Tables.rows3_22_checked' depends on axioms: [propext]
'FT1536Tables.rows3_23_checked' depends on axioms: [propext]
'FT1536Tables.rows3_24_checked' depends on axioms: [propext]
'FT1536Tables.rows3_25_checked' depends on axioms: [propext]
'FT1536Tables.rows3_26_checked' depends on axioms: [propext]
'FT1536Tables.rows3_27_checked' depends on axioms: [propext]
'FT1536Tables.rows3_28_checked' depends on axioms: [propext]
'FT1536Tables.rows3_29_checked' depends on axioms: [propext]
'FT1536Tables.rows3_30_checked' depends on axioms: [propext]
'FT1536Tables.rows3_31_checked' depends on axioms: [propext]
'FT1536Tables.rows3_32_checked' depends on axioms: [propext]
'FT1536Tables.rows3_33_checked' depends on axioms: [propext]
'FT1536Tables.rows3_34_checked' depends on axioms: [propext]
'FT1536Tables.rows3_35_checked' depends on axioms: [propext]
'FT1536Tables.rows3_36_checked' depends on axioms: [propext]
'FT1536Tables.rows3_37_checked' depends on axioms: [propext]
'FT1536Tables.rows3_38_checked' depends on axioms: [propext]
'FT1536Tables.rows3_39_checked' depends on axioms: [propext]
'FT1536Tables.rows3_40_checked' depends on axioms: [propext]
'FT1536Tables.rows3_41_checked' depends on axioms: [propext]
'FT1536Tables.rows3_42_checked' depends on axioms: [propext]
'FT1536Tables.rows3_43_checked' depends on axioms: [propext]
'FT1536Tables.rows3_44_checked' depends on axioms: [propext]
'FT1536Tables.rows3_45_checked' depends on axioms: [propext]
'FT1536Tables.rows3_46_checked' depends on axioms: [propext]
'FT1536Tables.rows3_47_checked' depends on axioms: [propext]
'FT1536Tables.chain_0_checked' depends on axioms: [propext]
'FT1536Tables.chain_1_checked' depends on axioms: [propext]
'FT1536Tables.root_and_scale_facts' does not depend on any axioms
'FT1536NTT.constants' does not depend on any axioms
'FT1536NTT.fix_contract' depends on axioms: [propext, Classical.choice.{u}, Quot.sound.{u}]
'FT1536NTT.add_contract' depends on axioms: [propext, Classical.choice.{u}, Quot.sound.{u}]
'FT1536NTT.sub_contract' depends on axioms: [propext, Classical.choice.{u}, Quot.sound.{u}]
'FT1536NTT.half_contract' depends on axioms: [propext, Classical.choice.{u}, Quot.sound.{u}]
'FT1536NTT.low_bits_preserved' depends on axioms: [propext, Quot.sound.{u}]
'FT1536NTT.mont_ranges' depends on axioms: [propext, Classical.choice.{u}, Quot.sound.{u}]
'FT1536NTT.mont_divisibility' depends on axioms: [propext, Quot.sound.{u}]
'FT1536NTT.mont_contract_z' depends on axioms: [propext, Classical.choice.{u}, Quot.sound.{u}]
'FT1536NTT.product_range' depends on axioms: [propext, Quot.sound.{u}]
'FT1536NTT.mq_montymul_contract' depends on axioms: [propext, Classical.choice.{u}, Quot.sound.{u}]
'FT1536NTT.mq_montysqr_contract' depends on axioms: [propext, Classical.choice.{u}, Quot.sound.{u}]
'FT1536NTT.small_divisors' does not depend on any axioms
'FT1536NTT.prime_factorization' depends on axioms: [propext, Quot.sound.{u}]
'FT1536Global.unitRows_length' does not depend on any axioms
'FT1536Global.unitRows_checked' depends on axioms: [propext]
'FT1536Global.unit_bounds' depends on axioms: [propext]
'FT1536Global.table_canonical' depends on axioms: [propext, Quot.sound.{u}]
'FT1536Global.gmAt_canonical' depends on axioms: [propext, Quot.sound.{u}]
'FT1536Global.igmAt_canonical' depends on axioms: [propext, Quot.sound.{u}]
'FT1536Composition.product_canonical' depends on axioms: [propext, Quot.sound.{u}]
'FT1536Composition.tomont_factor' depends on axioms: [propext, Quot.sound.{u}]
'FT1536Composition.prepared_product' depends on axioms: [propext, Quot.sound.{u}]
'FT1536Composition.prepared_point_product' depends on axioms: [propext, Quot.sound.{u}]
'FT1536Composition.L_NTT_after_global_interfaces' depends on axioms: [propext, Quot.sound.{u}]
'FT1536Global.addQ_range' depends on axioms: [propext, Classical.choice.{u}, Quot.sound.{u}]
'FT1536Global.subQ_range' depends on axioms: [propext, Classical.choice.{u}, Quot.sound.{u}]
'FT1536Global.mmQ_range' depends on axioms: [propext, Classical.choice.{u}, Quot.sound.{u}]
'FT1536Global.addQ_source' depends on axioms: [propext, Classical.choice.{u}, Quot.sound.{u}]
'FT1536Global.subQ_source' depends on axioms: [propext, Classical.choice.{u}, Quot.sound.{u}]
'FT1536Global.mmQ_source' depends on axioms: [propext, Classical.choice.{u}, Quot.sound.{u}]
'FT1536Global.forwardRootOp_range' depends on axioms: [propext, Classical.choice.{u}, Quot.sound.{u}]
'FT1536Global.forwardBinaryOp_range' depends on axioms: [propext, Classical.choice.{u}, Quot.sound.{u}]
'FT1536Global.forwardCubicOp_range' depends on axioms: [propext, Classical.choice.{u}, Quot.sound.{u}]
'FT1536Global.inverseCubicOp_range' depends on axioms: [propext, Classical.choice.{u}, Quot.sound.{u}]
'FT1536Global.inverseBinaryOp_range' depends on axioms: [propext, Classical.choice.{u}, Quot.sound.{u}]
'FT1536Global.inverseRootOp_range' depends on axioms: [propext, Classical.choice.{u}, Quot.sound.{u}]
'FT1536Global.forward_params_half' depends on axioms: [propext]
'FT1536Global.inverse_params_half' depends on axioms: [propext]
'FT1536Global.forwardMiddle_canonical' depends on axioms: [propext, Classical.choice.{u}, Quot.sound.{u}]
'FT1536Global.inverseMiddle_canonical' depends on axioms: [propext, Classical.choice.{u}, Quot.sound.{u}]
'FT1536Global.store_canonical' depends on axioms: [propext]
'FT1536Global.scale_canonical' depends on axioms: [propext, Classical.choice.{u}, Quot.sound.{u}]
'FT1536Global.forward_canonical' depends on axioms: [propext, Classical.choice.{u}, Quot.sound.{u}]
'FT1536Global.inverse_canonical' depends on axioms: [propext, Classical.choice.{u}, Quot.sound.{u}]
'FT1536Global.fromVec_canonical' depends on axioms: [propext]
'FT1536Global.forwardC_canonical' depends on axioms: [propext, Classical.choice.{u}, Quot.sound.{u}]
'FT1536Global.inverseC_canonical' depends on axioms: [propext, Classical.choice.{u}, Quot.sound.{u}]
'FT1536Global.canonical_fixed' depends on axioms: [propext, Quot.sound.{u}]
'FT1536Global.liftForward_agrees' depends on axioms: [propext, Quot.sound.{u}]
'FT1536Global.liftInverse_agrees' depends on axioms: [propext, Quot.sound.{u}]
'FT1536Linear.dot2_compose' depends on axioms: [propext, Quot.sound.{u}]
'FT1536Linear.dot2_congr' depends on axioms: [propext]
'FT1536Linear.dot3_compose' depends on axioms: [propext, Quot.sound.{u}]
'FT1536Linear.dot3_congr' depends on axioms: [propext]
'FT1536Linear.three_row_action' depends on axioms: [propext, Quot.sound.{u}]
'FT1536Linear.two_row_inverse' depends on axioms: [propext, Quot.sound.{u}]
'FT1536Linear.final_scaling' depends on axioms: [propext, Quot.sound.{u}]
'FT1536Global.eval_subst' depends on axioms: [propext]
'FT1536Global.dot_add' depends on axioms: [propext, Quot.sound.{u}]
'FT1536Global.dot_sub' depends on axioms: [propext, Quot.sound.{u}]
'FT1536Global.dot_mm_left' depends on axioms: [propext, Quot.sound.{u}]
'FT1536Global.dot_mm_right' depends on axioms: [propext, Quot.sound.{u}]
'FT1536Global.eval_linear' depends on axioms: [propext, Quot.sound.{u}]
'FT1536Global.eval_diagonal' depends on axioms: [propext, Quot.sound.{u}]
'FT1536Global.eval_scaled' depends on axioms: [propext, Classical.choice.{u}, Quot.sound.{u}]
'FT1536Global.rootF_bind' depends on axioms: [propext]
'FT1536Global.rootI_bind' depends on axioms: [propext]
'FT1536Global.binF_bind' depends on axioms: [propext]
'FT1536Global.binI_bind' depends on axioms: [propext]
'FT1536Global.cubeF_bind' depends on axioms: [propext, Quot.sound.{u}]
'FT1536Global.cubeI_bind' depends on axioms: [propext, Quot.sound.{u}]
'FT1536Global.fin3_mem' depends on axioms: [propext, Quot.sound.{u}]
'FT1536Global.blockCheck_sound' depends on axioms: [propext, Quot.sound.{u}]
'FT1536Global.row_ids' depends on axioms: [propext]
'FT1536Global.unitRow_id' depends on axioms: [propext]
'FT1536Global.root_checked' depends on axioms: [propext]
'FT1536Global.local_checked_0' depends on axioms: [propext]
'FT1536Global.local_checked_1' depends on axioms: [propext]
'FT1536Global.local_checked_2' depends on axioms: [propext]
'FT1536Global.local_checked_3' depends on axioms: [propext]
'FT1536Global.local_checked_4' depends on axioms: [propext]
'FT1536Global.local_checked_5' depends on axioms: [propext]
'FT1536Global.local_checked_6' depends on axioms: [propext]
'FT1536Global.local_checked_7' depends on axioms: [propext]
'FT1536Global.local_checked_8' depends on axioms: [propext]
'FT1536Global.local_checked_9' depends on axioms: [propext]
'FT1536Global.local_checked_10' depends on axioms: [propext]
'FT1536Global.local_checked_11' depends on axioms: [propext]
'FT1536Global.local_checked_12' depends on axioms: [propext]
'FT1536Global.local_checked_13' depends on axioms: [propext]
'FT1536Global.local_checked_14' depends on axioms: [propext]
'FT1536Global.local_checked_15' depends on axioms: [propext]
'FT1536Global.local_checked_16' depends on axioms: [propext]
'FT1536Global.local_checked_17' depends on axioms: [propext]
'FT1536Global.local_checked_18' depends on axioms: [propext]
'FT1536Global.local_checked_19' depends on axioms: [propext]
'FT1536Global.local_checked_20' depends on axioms: [propext]
'FT1536Global.local_checked_21' depends on axioms: [propext]
'FT1536Global.local_checked_22' depends on axioms: [propext]
'FT1536Global.local_checked_23' depends on axioms: [propext]
'FT1536Global.local_checked_24' depends on axioms: [propext]
'FT1536Global.local_checked_25' depends on axioms: [propext]
'FT1536Global.local_checked_26' depends on axioms: [propext]
'FT1536Global.local_checked_27' depends on axioms: [propext]
'FT1536Global.local_checked_28' depends on axioms: [propext]
'FT1536Global.local_checked_29' depends on axioms: [propext]
'FT1536Global.local_checked_30' depends on axioms: [propext]
'FT1536Global.local_checked_31' depends on axioms: [propext]
'FT1536Global.local_checked' depends on axioms: [propext]
'FT1536Global.local_at' depends on axioms: [propext, Quot.sound.{u}]
'FT1536Global.pairInput_slot' depends on axioms: [propext]
'FT1536Global.pairInput_canonical' depends on axioms: [propext, Quot.sound.{u}]
'FT1536Global.root_inverse' depends on axioms: [propext, Quot.sound.{u}]
'FT1536Global.binary_inverse' depends on axioms: [propext, Quot.sound.{u}]
'FT1536Global.cubic_inverse' depends on axioms: [propext, Quot.sound.{u}]
'FT1536Global.root_homogeneous' depends on axioms: [propext, Classical.choice.{u}, Quot.sound.{u}]
'FT1536Global.binary_homogeneous' depends on axioms: [propext, Classical.choice.{u}, Quot.sound.{u}]
'FT1536Global.cubic_homogeneous' depends on axioms: [propext, Classical.choice.{u}, Quot.sound.{u}]
'FT1536Global.forward_params_ok' depends on axioms: [propext, Classical.choice.{u}, Quot.sound.{u}]
'FT1536Global.schedules_reverse' does not depend on any axioms
'FT1536Global.scale_at' depends on axioms: [propext]
'FT1536Global.scale_out' depends on axioms: [propext]
'FT1536Global.scale_range' depends on axioms: [propext, Classical.choice.{u}, Quot.sound.{u}]
'FT1536Global.scale_combine' depends on axioms: [propext, Quot.sound.{u}]
'FT1536Global.scale_one' depends on axioms: [propext, Quot.sound.{u}]
'FT1536Global.pair_stage_at' depends on axioms: [propext, Classical.choice.{u}, Quot.sound.{u}]
'FT1536Global.triple_stage_at' depends on axioms: [propext, Quot.sound.{u}]
'FT1536Global.pair_stage_out' depends on axioms: [propext, Quot.sound.{u}]
'FT1536Global.triple_stage_out' depends on axioms: [propext, Quot.sound.{u}]
'FT1536Global.pair_stage_inverse' depends on axioms: [propext, Classical.choice.{u}, Quot.sound.{u}]
'FT1536Global.triple_stage_inverse' depends on axioms: [propext, Classical.choice.{u}, Quot.sound.{u}]
'FT1536Global.pair_stage_homogeneous' depends on axioms: [propext, Classical.choice.{u}, Quot.sound.{u}]
'FT1536Global.point_prefix' depends on axioms: [propext, Quot.sound.{u}]
'FT1536Global.scale_loop' depends on axioms: [propext, Quot.sound.{u}]
'FT1536Global.scale_cancel' depends on axioms: [propext, Quot.sound.{u}]
'FT1536Global.fpair_canonical' depends on axioms: [propext, Classical.choice.{u}, Quot.sound.{u}]
'FT1536Global.ipair_canonical' depends on axioms: [propext, Classical.choice.{u}, Quot.sound.{u}]
'FT1536Global.froot_canonical' depends on axioms: [propext, Classical.choice.{u}, Quot.sound.{u}]
'FT1536Global.pair_source_inverse' depends on axioms: [propext, Classical.choice.{u}, Quot.sound.{u}]
'FT1536Global.pair_source_homogeneous' depends on axioms: [propext, Classical.choice.{u}, Quot.sound.{u}]
'FT1536Global.root_source_inverse' depends on axioms: [propext, Classical.choice.{u}, Quot.sound.{u}]
'FT1536Global.root_source_homogeneous' depends on axioms: [propext, Classical.choice.{u}, Quot.sound.{u}]
'FT1536Global.cubic_source_inverse' depends on axioms: [propext, Classical.choice.{u}, Quot.sound.{u}]
'FT1536Global.inverse_append' depends on axioms: [propext]
'FT1536Global.middle_homogeneous' depends on axioms: [propext, Classical.choice.{u}, Quot.sound.{u}]
'FT1536Global.middle_reverse_inverse' depends on axioms: [propext, Classical.choice.{u}, Quot.sound.{u}]
'FT1536Global.inverseMem_forwardMem' depends on axioms: [propext, Classical.choice.{u}, Quot.sound.{u}]
'FT1536Global.forwardMiddle_out' depends on axioms: [propext, Quot.sound.{u}]
'FT1536Global.forward_out' depends on axioms: [propext, Quot.sound.{u}]
'FT1536Global.forward_from_to' depends on axioms: [propext, Quot.sound.{u}]
'FT1536Global.inverseC_forwardC' depends on axioms: [propext, Classical.choice.{u}, Quot.sound.{u}]
'FT1536Global.canonicalVec' depends on axioms: [propext, Classical.choice.{u}, Quot.sound.{u}]
'FT1536Global.inverse_forward' depends on axioms: [propext, Classical.choice.{u}, Quot.sound.{u}]
'FT1536Global.mmQ_ordinary' depends on axioms: [propext]
'FT1536Global.ordinary_root' depends on axioms: [propext]
'FT1536Global.root_coefficients' depends on axioms: [propext, Classical.choice.{u}, Quot.sound.{u}]
'FT1536Global.binary_coefficients' depends on axioms: [propext, Classical.choice.{u}, Quot.sound.{u}]
'FT1536Global.initialized_binary_read' depends on axioms: [propext, Quot.sound.{u}]
'FT1536Global.initialized_cubic_read' depends on axioms: [propext, Quot.sound.{u}]
'FT1536Global.toMontC_eq' depends on axioms: [propext, Quot.sound.{u}]
'FT1536Global.montPointC_eq' depends on axioms: [propext, Quot.sound.{u}]
'FT1536Global.subtractC_eq' depends on axioms: [propext, Quot.sound.{u}]
'FT1536Global.montPoint_canonical' depends on axioms: [propext, Classical.choice.{u}, Quot.sound.{u}]
'FT1536Global.pipelineC_lift' depends on axioms: [propext, Classical.choice.{u}, Quot.sound.{u}]
'FT1536Global.L_NTT_pending_forward' depends on axioms: [propext, Classical.choice.{u}, Quot.sound.{u}]
'FT1536Forward.sum_congr' depends on axioms: [propext, Quot.sound.{u}]
'FT1536Forward.sum_zero' depends on axioms: [propext]
'FT1536Forward.sum_add' depends on axioms: [propext, Quot.sound.{u}]
'FT1536Forward.sum_sub' depends on axioms: [propext, Quot.sound.{u}]
'FT1536Forward.sum_scale' depends on axioms: [propext]
'FT1536Forward.sum_scale_right' depends on axioms: [propext, Quot.sound.{u}]
'FT1536Forward.sum_split' depends on axioms: [propext]
'FT1536Forward.sum_mod' depends on axioms: [propext]
'FT1536Forward.sum_congr_mod' depends on axioms: [propext, Quot.sound.{u}]
'FT1536Forward.sum_swap' depends on axioms: [propext, Quot.sound.{u}]
'FT1536Forward.sum_delta' depends on axioms: [propext, Quot.sound.{u}]
'FT1536Forward.sum_ofFn' depends on axioms: [propext, Quot.sound.{u}]
'FT1536Forward.sum_ofFn_congr' depends on axioms: [propext, Quot.sound.{u}]
'FT1536Forward.eval_congr' depends on axioms: [propext, Quot.sound.{u}]
'FT1536Forward.eval_mod_coeff' depends on axioms: [propext, Quot.sound.{u}]
'FT1536Forward.eval_linear' depends on axioms: [propext, Quot.sound.{u}]
'FT1536Forward.eval_sub' depends on axioms: [propext, Quot.sound.{u}]
'FT1536Forward.eval_scale' depends on axioms: [propext, Quot.sound.{u}]
'FT1536Forward.eval_split' depends on axioms: [propext, Quot.sound.{u}]
'FT1536Forward.split_preserves_eval' depends on axioms: [propext, Quot.sound.{u}]
'FT1536Forward.pow_mod' depends on axioms: [propext]
'FT1536Forward.eval_mod_node' depends on axioms: [propext, Quot.sound.{u}]
'FT1536Forward.eval_delta' depends on axioms: [propext, Quot.sound.{u}]
'FT1536Forward.powM_correct' depends on axioms: [propext]
'FT1536Forward.split_layout' depends on axioms: [propext, Classical.choice.{u}, Quot.sound.{u}]
'FT1536Forward.binary_block_coefficient' depends on axioms: [propext, Classical.choice.{u}, Quot.sound.{u}]
'FT1536Forward.binary_block_eval' depends on axioms: [propext, Classical.choice.{u}, Quot.sound.{u}]
'FT1536Forward.root_block_eval' depends on axioms: [propext, Classical.choice.{u}, Quot.sound.{u}]
'FT1536Forward.powFuel_correct' depends on axioms: [propext, Quot.sound.{u}]
'FT1536Forward.powFast_correct' depends on axioms: [propext, Quot.sound.{u}]
'FT1536Forward.nodeCheck_sound' depends on axioms: [propext, Quot.sound.{u}]
'FT1536Forward.leaf_checked_0' depends on axioms: [propext]
'FT1536Forward.leaf_checked_1' depends on axioms: [propext]
'FT1536Forward.leaf_checked_2' depends on axioms: [propext]
'FT1536Forward.leaf_checked_3' depends on axioms: [propext]
'FT1536Forward.leaf_checked_4' depends on axioms: [propext]
'FT1536Forward.leaf_checked_5' depends on axioms: [propext]
'FT1536Forward.leaf_checked_6' depends on axioms: [propext]
'FT1536Forward.leaf_checked_7' depends on axioms: [propext]
'FT1536Forward.leaf_checked_8' depends on axioms: [propext]
'FT1536Forward.leaf_checked_9' depends on axioms: [propext]
'FT1536Forward.leaf_checked_10' depends on axioms: [propext]
'FT1536Forward.leaf_checked_11' depends on axioms: [propext]
'FT1536Forward.leaf_checked_12' depends on axioms: [propext]
'FT1536Forward.leaf_checked_13' depends on axioms: [propext]
'FT1536Forward.leaf_checked_14' depends on axioms: [propext]
'FT1536Forward.leaf_checked_15' depends on axioms: [propext]
'FT1536Forward.leaf_checked_16' depends on axioms: [propext]
'FT1536Forward.leaf_checked_17' depends on axioms: [propext]
'FT1536Forward.leaf_checked_18' depends on axioms: [propext]
'FT1536Forward.leaf_checked_19' depends on axioms: [propext]
'FT1536Forward.leaf_checked_20' depends on axioms: [propext]
'FT1536Forward.leaf_checked_21' depends on axioms: [propext]
'FT1536Forward.leaf_checked_22' depends on axioms: [propext]
'FT1536Forward.leaf_checked_23' depends on axioms: [propext]
'FT1536Forward.leaf_checked_24' depends on axioms: [propext]
'FT1536Forward.leaf_checked_25' depends on axioms: [propext]
'FT1536Forward.leaf_checked_26' depends on axioms: [propext]
'FT1536Forward.leaf_checked_27' depends on axioms: [propext]
'FT1536Forward.leaf_checked_28' depends on axioms: [propext]
'FT1536Forward.leaf_checked_29' depends on axioms: [propext]
'FT1536Forward.leaf_checked_30' depends on axioms: [propext]
'FT1536Forward.leaf_checked_31' depends on axioms: [propext]
'FT1536Forward.leaf_checked' depends on axioms: [propext]
'FT1536Forward.leaf_facts' depends on axioms: [propext, Quot.sound.{u}]
'FT1536Forward.actual_chain' depends on axioms: [propext]
'FT1536Forward.middle_eval' depends on axioms: [propext, Classical.choice.{u}, Quot.sound.{u}]
'FT1536Forward.cubic_eval' depends on axioms: [propext, Quot.sound.{u}]
'FT1536Forward.forwardMem_eval' depends on axioms: [propext, Classical.choice.{u}, Quot.sound.{u}]
'FT1536Forward.forwardC_eval' depends on axioms: [propext, Classical.choice.{u}, Quot.sound.{u}]
'FT1536Forward.FORWARD_GLOBAL' depends on axioms: [propext, Classical.choice.{u}, Quot.sound.{u}]
'FT1536Forward.fromVec_canonical_mod' depends on axioms: [propext, Quot.sound.{u}]
'FT1536Forward.liftForward_eval' depends on axioms: [propext, Classical.choice.{u}, Quot.sound.{u}]
'FT1536Forward.node_zero' depends on axioms: [propext, Quot.sound.{u}]
'FT1536Forward.phi_square' depends on axioms: [propext, Quot.sound.{u}]
'FT1536Forward.phi_cube' depends on axioms: [propext, Quot.sound.{u}]
'FT1536Forward.power_middle' depends on axioms: [propext, Quot.sound.{u}]
'FT1536Forward.power_high' depends on axioms: [propext, Quot.sound.{u}]
'FT1536Forward.remMonomial_eval' depends on axioms: [propext, Quot.sound.{u}]
'FT1536Forward.eval_sum' depends on axioms: [propext, Quot.sound.{u}]
'FT1536Forward.eval_convolution' depends on axioms: [propext, Quot.sound.{u}]
'FT1536Forward.productCoefficient_eq' depends on axioms: [propext, Quot.sound.{u}]
'FT1536Forward.product_raw' depends on axioms: [propext, Quot.sound.{u}]
'FT1536Forward.product_eval' depends on axioms: [propext, Quot.sound.{u}]
'FT1536Forward.forward_product' depends on axioms: [propext, Classical.choice.{u}, Quot.sound.{u}]
'FT1536Forward.lift_canonical' depends on axioms: [propext, Classical.choice.{u}, Quot.sound.{u}]
'FT1536Forward.product_canonical_inputs' depends on axioms: [propext, Classical.choice.{u}, Quot.sound.{u}]
'FT1536.intermediate_ranges' depends on axioms: [propext, Classical.choice.{u}, Quot.sound.{u}]
'FT1536.positive_remainder' depends on axioms: [propext, Classical.choice.{u}, Quot.sound.{u}]
'FT1536.rho_contract' depends on axioms: [propext, Classical.choice.{u}, Quot.sound.{u}]
'FT1536.result_cast_exact' depends on axioms: [propext, Classical.choice.{u}, Quot.sound.{u}]
'FT1536.canonical_unique' depends on axioms: [propext, Quot.sound.{u}]
'FT1536.old_piecewise' depends on axioms: [propext, Quot.sound.{u}]
'FT1536.old_congruence_domain' depends on axioms: [propext, Classical.choice.{u}, Quot.sound.{u}]
'FT1536.old_canonical_domain' depends on axioms: [propext, Classical.choice.{u}, Quot.sound.{u}]
'FT1536.agree_on_old_canonical' depends on axioms: [propext, Classical.choice.{u}, Quot.sound.{u}]
'FT1536.vector_contract' depends on axioms: [propext, Classical.choice.{u}, Quot.sound.{u}]
'FT1536.loop_progress' depends on axioms: [propext, Classical.choice.{u}, Quot.sound.{u}]
'FT1536.center_antisymmetric' depends on axioms: [propext, Quot.sound.{u}]
'FT1536Forward.L_NTT' depends on axioms: [propext, Classical.choice.{u}, Quot.sound.{u}]
'FT1536Forward.L_NTT_p' depends on axioms: [propext, Classical.choice.{u}, Quot.sound.{u}]
'FT1536Forward.L_NTT_d' depends on axioms: [propext, Classical.choice.{u}, Quot.sound.{u}]
'FT1536Forward.product_range' depends on axioms: [propext, Classical.choice.{u}, Quot.sound.{u}]
'FT1536Forward.subtract_range' depends on axioms: [propext, Classical.choice.{u}, Quot.sound.{u}]
'FT1536Forward.L_NTT_ranges' depends on axioms: [propext, Classical.choice.{u}, Quot.sound.{u}]
'FT1536Forward.toMontC_range' depends on axioms: [propext, Classical.choice.{u}, Quot.sound.{u}]
'FT1536Forward.montPointC_range' depends on axioms: [propext, Classical.choice.{u}, Quot.sound.{u}]
'FT1536Forward.subtractC_range' depends on axioms: [propext, Classical.choice.{u}, Quot.sound.{u}]
'FT1536Forward.point_prefix_range' depends on axioms: [propext, Quot.sound.{u}]
'FT1536Forward.point_read_bound' depends on axioms: [propext, Quot.sound.{u}]
'FT1536Forward.pipeline_intermediate_ranges' depends on axioms: [propext, Classical.choice.{u}, Quot.sound.{u}]
'FT1536Forward.rhoVec_eq' depends on axioms: [propext, Classical.choice.{u}, Quot.sound.{u}]
'FT1536Forward.rhoVec_range' depends on axioms: [propext, Classical.choice.{u}, Quot.sound.{u}]
'FT1536Forward.L_NTT_rho' depends on axioms: [propext, Classical.choice.{u}, Quot.sound.{u}]
'FT1536Forward.L_NTT_rho_ranges' depends on axioms: [propext, Classical.choice.{u}, Quot.sound.{u}]
'FT1536Bridge.s16_range' depends on axioms: [propext, Classical.choice.{u}, Quot.sound.{u}]
'FT1536Bridge.s16_exact' depends on axioms: [propext, Quot.sound.{u}]
'FT1536Bridge.s16_bits' depends on axioms: [propext, Quot.sound.{u}]
'FT1536Bridge.s32_exact' depends on axioms: [propext, Quot.sound.{u}]
'FT1536Bridge.s64_exact' depends on axioms: [propext, Quot.sound.{u}]
'FT1536Bridge.u32_range' depends on axioms: [propext, Classical.choice.{u}, Quot.sound.{u}]
'FT1536Bridge.fromVec_signed' does not depend on any axioms
'FT1536Bridge.center_borrow' depends on axioms: [propext, Quot.sound.{u}]
'FT1536Bridge.center_correction' depends on axioms: [propext, Quot.sound.{u}]
'FT1536Bridge.CENTER_C' depends on axioms: [propext, Classical.choice.{u}, Quot.sound.{u}]
'FT1536Bridge.center_mod' depends on axioms: [propext, Quot.sound.{u}]
'FT1536Bridge.center_congruence' depends on axioms: [propext, Quot.sound.{u}]
'FT1536Bridge.center_range' depends on axioms: [propext, Classical.choice.{u}, Quot.sound.{u}]
'FT1536Bridge.center_prefix' depends on axioms: [propext, Quot.sound.{u}]
'FT1536Bridge.center_unread' depends on axioms: [propext, Quot.sound.{u}]
'FT1536Bridge.center_loop_correct' depends on axioms: [propext, Classical.choice.{u}, Quot.sound.{u}]
'Postprocess.narrow_range' depends on axioms: [propext, Classical.choice.{u}, Quot.sound.{u}]
'Postprocess.narrow_preserves_iff' depends on axioms: [propext, Classical.choice.{u}, Quot.sound.{u}]
'Postprocess.joint_preserves_iff' depends on axioms: [propext, Classical.choice.{u}, Quot.sound.{u}]
'Postprocess.narrow_matches_LV' does not depend on any axioms
'Postprocess.narrowing_countermodel' does not depend on any axioms
'Postprocess.negative_endpoint_roundtrip' does not depend on any axioms
'Postprocess.rint_word_bound_consumer' depends on axioms: [propext, Quot.sound.{u}]
'Postprocess.int64_margin' does not depend on any axioms
'Postprocess.bad_in_one_attempt' does not depend on any axioms
'FT1536Bridge.fromVec_neg' depends on axioms: [propext]
'FT1536Bridge.Q0_neg' depends on axioms: [propext, Quot.sound.{u}]
'FT1536Bridge.int16_product' depends on axioms: [propext, Classical.choice.{u}, Quot.sound.{u}]
'FT1536Bridge.normTerm_bound' depends on axioms: [propext, Classical.choice.{u}, Quot.sound.{u}]
'FT1536Bridge.norm_prefix' depends on axioms: [propext, Classical.choice.{u}, Quot.sound.{u}]
'FT1536Bridge.norm_no_overflow' depends on axioms: [propext, Classical.choice.{u}, Quot.sound.{u}]
'FT1536Bridge.interleave_sum' depends on axioms: [propext, Classical.choice.{u}, Quot.sound.{u}]
'FT1536Bridge.norm_sum' depends on axioms: [propext, Classical.choice.{u}, Quot.sound.{u}]
'FT1536Bridge.NORM64_EXACT' depends on axioms: [propext, Classical.choice.{u}, Quot.sound.{u}]
'FT1536Bridge.STRICT_B' depends on axioms: [propext, Classical.choice.{u}, Quot.sound.{u}]
'FT1536M0.sum_le' depends on axioms: [propext, Quot.sound.{u}]
'FT1536M0.sum_nonneg' depends on axioms: [propext, Quot.sound.{u}]
'FT1536M0.sum_const' depends on axioms: [propext]
'FT1536M0.square_nonnegative' depends on axioms: [propext, Quot.sound.{u}]
'FT1536M0.a2_square_bound' depends on axioms: [propext, Quot.sound.{u}]
'FT1536M0.a2_nonnegative' depends on axioms: [propext, Quot.sound.{u}]
'FT1536M0.Q0_nonnegative' depends on axioms: [propext, Quot.sound.{u}]
'FT1536M0.square_sum_bound' depends on axioms: [propext, Quot.sound.{u}]
'FT1536M0.abs_majorant' depends on axioms: [propext, Quot.sound.{u}]
'FT1536M0.l1_bound' depends on axioms: [propext, Quot.sound.{u}]
'FT1536M0.quotient_bound' depends on axioms: [propext, Quot.sound.{u}]
'FT1536M0.CAPACITY_3160' depends on axioms: [propext, Classical.choice.{u}, Quot.sound.{u}]
'FT1536M0.capacity_after_source_norm' depends on axioms: [propext, Classical.choice.{u}, Quot.sound.{u}]
'FT1536M0.integer_endpoint_checks' does not depend on any axioms
'FT1536M0.drain_ok' depends on axioms: [propext, Classical.choice.{u}, Quot.sound.{u}]
'FT1536M0.prefix9_ok' depends on axioms: [propext, Classical.choice.{u}, Quot.sound.{u}]
'FT1536M0.oneBit_ok' depends on axioms: [propext, Classical.choice.{u}, Quot.sound.{u}]
'FT1536M0.manyBits_ok' depends on axioms: [propext, Classical.choice.{u}, Quot.sound.{u}]
'FT1536M0.coeff_bits_eq' depends on axioms: [propext, Quot.sound.{u}]
'FT1536M0.list_bits_nonneg' depends on axioms: [propext, Quot.sound.{u}]
'FT1536M0.encoder_body_ok' depends on axioms: [propext, Classical.choice.{u}, Quot.sound.{u}]
'FT1536M0.finish_ok' depends on axioms: [propext, Quot.sound.{u}]
'FT1536M0.encoder_count_exact' depends on axioms: [propext, Classical.choice.{u}, Quot.sound.{u}]
'FT1536M0.list_bits_append' depends on axioms: [propext]
'FT1536M0.list_bits_ofFn' depends on axioms: [propext, Quot.sound.{u}]
'FT1536M0.vector_bits' depends on axioms: [propext, Quot.sound.{u}]
'FT1536M0.STATIC_FITS_4096' depends on axioms: [propext, Classical.choice.{u}, Quot.sound.{u}]
'FT1536M0.source_ne_bounds' depends on axioms: [propext, Classical.choice.{u}, Quot.sound.{u}]
'FT1536M0.terminal_bit' depends on axioms: [propext, Quot.sound.{u}]
'FT1536M0.post_decrement_count' depends on axioms: [propext, Classical.choice.{u}, Quot.sound.{u}]
'FT1536Bridge.raw_before_eq' depends on axioms: [propext, Classical.choice.{u}, Quot.sound.{u}]
'FT1536Bridge.raw_signed' depends on axioms: [propext, Classical.choice.{u}, Quot.sound.{u}]
'FT1536Bridge.extract_signed' depends on axioms: [propext, Classical.choice.{u}, Quot.sound.{u}]
'FT1536Bridge.SIGN_BRIDGE' depends on axioms: [propext, Classical.choice.{u}, Quot.sound.{u}]
'FT1536Bridge.extract_congruence' depends on axioms: [propext, Quot.sound.{u}]
'FT1536Bridge.RAW_VERIFIER_SOUND' depends on axioms: [propext, Classical.choice.{u}, Quot.sound.{u}]
'FT1536Bridge.raw_reject_at_bound' depends on axioms: [propext, Classical.choice.{u}, Quot.sound.{u}]
'FT1536Bridge.start_valid' depends on axioms: [propext]
'FT1536Bridge.pull_spec' depends on axioms: [propext, Classical.choice.{u}, Quot.sound.{u}]
'FT1536Bridge.fill_source' depends on axioms: [propext, Classical.choice.{u}, Quot.sound.{u}]
'FT1536Bridge.fill_spec' depends on axioms: [propext, Classical.choice.{u}, Quot.sound.{u}]
'FT1536Bridge.nextBit_spec' depends on axioms: [propext, Classical.choice.{u}, Quot.sound.{u}]
'FT1536Bridge.nextBit_empty' depends on axioms: [propext, Quot.sound.{u}]
'FT1536Bridge.unary_source' depends on axioms: [propext, Classical.choice.{u}, Quot.sound.{u}]
'FT1536Bridge.unary_spec' depends on axioms: [propext, Classical.choice.{u}, Quot.sound.{u}]
'FT1536Bridge.unary_wrap' depends on axioms: [propext, Quot.sound.{u}]
'FT1536Bridge.zeroCount_shift' depends on axioms: [propext, Quot.sound.{u}]
'FT1536Bridge.unary_skip_zeros' depends on axioms: [propext, Quot.sound.{u}]
'FT1536Bridge.unary_full_wrap' depends on axioms: [propext, Quot.sound.{u}]
'FT1536Bridge.static_value_range' depends on axioms: [propext, Classical.choice.{u}, Quot.sound.{u}]
'FT1536Bridge.static_promotions' depends on axioms: [propext, Classical.choice.{u}, Quot.sound.{u}]
'FT1536Bridge.readStatic_spec' depends on axioms: [propext, Classical.choice.{u}, Quot.sound.{u}]
'FT1536Bridge.static_head_source' depends on axioms: [propext, Classical.choice.{u}, Quot.sound.{u}]
'FT1536Bridge.static_head_shifts' depends on axioms: [propext, Classical.choice.{u}, Quot.sound.{u}]
'FT1536Bridge.static_loop_spec' depends on axioms: [propext, Classical.choice.{u}, Quot.sound.{u}]
'FT1536Bridge.DECODE_STATIC' depends on axioms: [propext, Classical.choice.{u}, Quot.sound.{u}]
'FT1536Bridge.listVec_property' depends on axioms: [propext, Quot.sound.{u}]
'FT1536Bridge.static_vector_signed' depends on axioms: [propext, Classical.choice.{u}, Quot.sound.{u}]
'Postprocess.source_magnitude' depends on axioms: [propext, Classical.choice.{u}, Quot.sound.{u}]
'Postprocess.coefficient_roundtrip' depends on axioms: [propext, Quot.sound.{u}]
'Postprocess.no_negative_zero' depends on axioms: [propext, Quot.sound.{u}]
'Postprocess.byte_append' depends on axioms: [propext, Classical.choice.{u}, Quot.sound.{u}]
'Postprocess.unsigned_wrap_preserves_suffix' depends on axioms: [propext, Quot.sound.{u}]
'Postprocess.encoder_buffer_guard' depends on axioms: [propext, Quot.sound.{u}]
'Postprocess.encoder_header' does not depend on any axioms
'Postprocess.narrowed_signed' depends on axioms: [propext, Classical.choice.{u}, Quot.sound.{u}]
'Postprocess.stored_norm' depends on axioms: [propext, Classical.choice.{u}, Quot.sound.{u}]
'Postprocess.stored_capacity' depends on axioms: [propext, Classical.choice.{u}, Quot.sound.{u}]
'Postprocess.magnitude_is_nearest' depends on axioms: [propext, Classical.choice.{u}, Quot.sound.{u}]
'Postprocess.nearest_error' depends on axioms: [propext, Classical.choice.{u}, Quot.sound.{u}]
'Postprocess.nearest_tie_even' depends on axioms: [propext, Quot.sound.{u}]
'Postprocess.negative_error' depends on axioms: [propext, Classical.choice.{u}, Quot.sound.{u}]
'OrderedJoint.exit_preserved' does not depend on any axioms
'OrderedJoint.joint_bad_exact' does not depend on any axioms
'OrderedJoint.exit_not_bad' depends on axioms: [propext]
'OrderedJoint.event_variance' depends on axioms: [propext, Classical.choice.{u}, Quot.sound.{u}]
'OrderedJoint.marginal_transfer' depends on axioms: [propext, Quot.sound.{u}]
