FT1536M0.CAPACITY_3160 : ∀ (a b : FT1536Global.Vec),
  LT.lt.{0} (FT1536Bridge.Q a b) 2093922385 →
    LE.le.{0} (FT1536M0.staticBits b) 25267 ∧
      LE.le.{0} (FT1536M0.payloadLength b) 3160 ∧ LT.lt.{0} (FT1536M0.payloadLength b) 4096
FT1536M0.capacity_after_source_norm : ∀ (a b : FT1536Global.Vec),
  FT1536Bridge.SignedVec a →
    FT1536Bridge.SignedVec b →
      Eq.{1} (FT1536Bridge.isShort a b) true →
        LE.le.{0} (FT1536M0.staticBits b) 25267 ∧
          LE.le.{0} (FT1536M0.payloadLength b) 3160 ∧ LT.lt.{0} (FT1536M0.payloadLength b) 4096
FT1536M0.STATIC_FITS_4096 : ∀ (a b : FT1536Global.Vec),
  FT1536Bridge.SignedVec a →
    FT1536Bridge.SignedVec b →
      Eq.{1} (FT1536Bridge.isShort a b) true →
        Eq.{1} (FT1536M0.encodeCount 4095 (List.ofFn.{0} b))
            (some.{0} (HSub.hSub.{0, 0, 0} (FT1536M0.payloadLength b) 1)) ∧
          LE.le.{0} (FT1536M0.payloadLength b) 3160 ∧ LT.lt.{0} (FT1536M0.payloadLength b) 4096
FT1536M0.positive_encoder_length : ∀ (a b : FT1536Global.Vec),
  LT.lt.{0} (FT1536Bridge.Q a b) 2093922385 → LE.le.{0} 1921 (FT1536M0.payloadLength b)
FT1536M0.witness_norm : Eq.{1} (FT1536Bridge.Q FT1536M0.zeroVec FT1536M0.witness) 2093088768
FT1536M0.witness_length : Eq.{1} (FT1536M0.payloadLength FT1536M0.witness) 3156
FT1536M0.framing_injective : ∀ (r s m n : FT1536M0.Bytes),
  Eq.{1} (List.length.{0} r) 40 →
    Eq.{1} (List.length.{0} s) 40 → Eq.{1} (FT1536M0.hashInput r m) (FT1536M0.hashInput s n) → Eq.{1} r s ∧ Eq.{1} m n
FT1536M0.repartition_rejected : ∀ (r : FT1536M0.Bytes) (a : FT1536M0.Byte),
  Eq.{1} (List.length.{0} r) 39 →
    Eq.{1} (FT1536M0.nonceOK (HAppend.hAppend.{0, 0, 0} r (List.cons.{0} a List.nil.{0}))) true ∧
      Eq.{1} (FT1536M0.nonceOK r) false
FT1536M0.parent_shake_budget : ∀ (attempts : Nat), LE.le.{0} attempts 16 → LE.le.{0} (FT1536M0.parentBytes attempts) 936
'FT1536Global.store_at' depends on axioms: [propext]
'FT1536Global.store_away' depends on axioms: [propext]
'FT1536Global.prefix_invariant' depends on axioms: [propext, Quot.sound.{u}]
'FT1536Global.prefix_frame' depends on axioms: [propext, Quot.sound.{u}]
'FT1536Global.pair_local' depends on axioms: [propext]
'FT1536Global.pair_frame' depends on axioms: [propext]
'FT1536Global.pair_first_store' depends on axioms: [propext]
'FT1536Global.pair_prefix' depends on axioms: [propext, Quot.sound.{u}]
'FT1536Global.fin3_cases' depends on axioms: [propext, Quot.sound.{u}]
'FT1536Global.triple_local' depends on axioms: [propext, Quot.sound.{u}]
'FT1536Global.triple_frame' depends on axioms: [propext]
'FT1536Global.triple_prefix' depends on axioms: [propext, Quot.sound.{u}]
'FT1536Global.pair_address_bound' depends on axioms: [propext, Quot.sound.{u}]
'FT1536Global.pair_decode' depends on axioms: [propext, Classical.choice.{u}, Quot.sound.{u}]
'FT1536Global.pair_cover' depends on axioms: [propext, Classical.choice.{u}, Quot.sound.{u}]
'FT1536Global.pair_layout' depends on axioms: [propext, Classical.choice.{u}, Quot.sound.{u}]
'FT1536Global.source_pair_prefix' depends on axioms: [propext, Classical.choice.{u}, Quot.sound.{u}]
'FT1536Global.triple_address_bound' depends on axioms: [propext, Quot.sound.{u}]
'FT1536Global.triple_layout' depends on axioms: [propext, Quot.sound.{u}]
'FT1536Global.triple_cover' depends on axioms: [propext, Classical.choice.{u}, Quot.sound.{u}]
'FT1536Global.source_triple_prefix' depends on axioms: [propext, Quot.sound.{u}]
'FT1536Global.pair_prefix_canonical' depends on axioms: [propext, Classical.choice.{u}, Quot.sound.{u}]
'FT1536Global.triple_prefix_canonical' depends on axioms: [propext, Classical.choice.{u}, Quot.sound.{u}]
'FT1536Global.forward_schedule' does not depend on any axioms
'FT1536Global.inverse_schedule' does not depend on any axioms
'FT1536Tables.all_sound' depends on axioms: [propext, Quot.sound.{u}]
'FT1536Tables.row2_sound' depends on axioms: [propext]
'FT1536Tables.row3_sound' depends on axioms: [propext]
'FT1536Tables.rev_even_range' does not depend on any axioms
'FT1536Tables.rev_even_involution' does not depend on any axioms
'FT1536Tables.units_0_checked' depends on axioms: [propext]
'FT1536Tables.units_1_checked' depends on axioms: [propext]
'FT1536Tables.units_2_checked' depends on axioms: [propext]
'FT1536Tables.units_3_checked' depends on axioms: [propext]
'FT1536Tables.units_4_checked' depends on axioms: [propext]
'FT1536Tables.units_5_checked' depends on axioms: [propext]
'FT1536Tables.units_6_checked' depends on axioms: [propext]
'FT1536Tables.units_7_checked' depends on axioms: [propext]
'FT1536Tables.units_8_checked' depends on axioms: [propext]
'FT1536Tables.units_9_checked' depends on axioms: [propext]
'FT1536Tables.units_10_checked' depends on axioms: [propext]
'FT1536Tables.units_11_checked' depends on axioms: [propext]
'FT1536Tables.units_12_checked' depends on axioms: [propext]
'FT1536Tables.units_13_checked' depends on axioms: [propext]
'FT1536Tables.units_14_checked' depends on axioms: [propext]
'FT1536Tables.units_15_checked' depends on axioms: [propext]
'FT1536Tables.units_16_checked' depends on axioms: [propext]
'FT1536Tables.units_17_checked' depends on axioms: [propext]
'FT1536Tables.units_18_checked' depends on axioms: [propext]
'FT1536Tables.units_19_checked' depends on axioms: [propext]
'FT1536Tables.units_20_checked' depends on axioms: [propext]
'FT1536Tables.units_21_checked' depends on axioms: [propext]
'FT1536Tables.units_22_checked' depends on axioms: [propext]
'FT1536Tables.units_23_checked' depends on axioms: [propext]
'FT1536Tables.units_24_checked' depends on axioms: [propext]
'FT1536Tables.units_25_checked' depends on axioms: [propext]
'FT1536Tables.units_26_checked' depends on axioms: [propext]
'FT1536Tables.units_27_checked' depends on axioms: [propext]
'FT1536Tables.units_28_checked' depends on axioms: [propext]
'FT1536Tables.units_29_checked' depends on axioms: [propext]
'FT1536Tables.units_30_checked' depends on axioms: [propext]
'FT1536Tables.units_31_checked' depends on axioms: [propext]
'FT1536Tables.sequence_0_checked' depends on axioms: [propext]
'FT1536Tables.sequence_1_checked' depends on axioms: [propext]
'FT1536Tables.sequence_2_checked' depends on axioms: [propext]
'FT1536Tables.sequence_3_checked' depends on axioms: [propext]
'FT1536Tables.sequence_4_checked' depends on axioms: [propext]
'FT1536Tables.sequence_5_checked' depends on axioms: [propext]
'FT1536Tables.sequence_6_checked' depends on axioms: [propext]
'FT1536Tables.sequence_7_checked' depends on axioms: [propext]
'FT1536Tables.parents_0_checked' depends on axioms: [propext]
'FT1536Tables.parents_1_checked' depends on axioms: [propext]
'FT1536Tables.parents_2_checked' depends on axioms: [propext]
'FT1536Tables.parents_3_checked' depends on axioms: [propext]
'FT1536Tables.parents_4_checked' depends on axioms: [propext]
'FT1536Tables.parents_5_checked' depends on axioms: [propext]
'FT1536Tables.parents_6_checked' depends on axioms: [propext]
'FT1536Tables.parents_7_checked' depends on axioms: [propext]
'FT1536Tables.parents_8_checked' depends on axioms: [propext]
'FT1536Tables.parents_9_checked' depends on axioms: [propext]
'FT1536Tables.parents_10_checked' depends on axioms: [propext]
'FT1536Tables.parents_11_checked' depends on axioms: [propext]
'FT1536Tables.parents_12_checked' depends on axioms: [propext]
'FT1536Tables.parents_13_checked' depends on axioms: [propext]
'FT1536Tables.parents_14_checked' depends on axioms: [propext]
'FT1536Tables.parents_15_checked' depends on axioms: [propext]
'FT1536Tables.tree_0_checked' depends on axioms: [propext]
'FT1536Tables.tree_1_checked' depends on axioms: [propext]
'FT1536Tables.tree_2_checked' depends on axioms: [propext]
'FT1536Tables.tree_3_checked' depends on axioms: [propext]
'FT1536Tables.tree_4_checked' depends on axioms: [propext]
'FT1536Tables.tree_5_checked' depends on axioms: [propext]
'FT1536Tables.tree_6_checked' depends on axioms: [propext]
'FT1536Tables.tree_7_checked' depends on axioms: [propext]
'FT1536Tables.tree_8_checked' depends on axioms: [propext]
'FT1536Tables.tree_9_checked' depends on axioms: [propext]
'FT1536Tables.tree_10_checked' depends on axioms: [propext]
'FT1536Tables.tree_11_checked' depends on axioms: [propext]
'FT1536Tables.tree_12_checked' depends on axioms: [propext]
'FT1536Tables.tree_13_checked' depends on axioms: [propext]
'FT1536Tables.tree_14_checked' depends on axioms: [propext]
'FT1536Tables.tree_15_checked' depends on axioms: [propext]
'FT1536Tables.rows2_0_checked' depends on axioms: [propext]
'FT1536Tables.rows2_1_checked' depends on axioms: [propext]
'FT1536Tables.rows2_2_checked' depends on axioms: [propext]
'FT1536Tables.rows2_3_checked' depends on axioms: [propext]
'FT1536Tables.rows2_4_checked' depends on axioms: [propext]
'FT1536Tables.rows2_5_checked' depends on axioms: [propext]
'FT1536Tables.rows2_6_checked' depends on axioms: [propext]
'FT1536Tables.rows2_7_checked' depends on axioms: [propext]
'FT1536Tables.rows2_8_checked' depends on axioms: [propext]
'FT1536Tables.rows2_9_checked' depends on axioms: [propext]
'FT1536Tables.rows2_10_checked' depends on axioms: [propext]
'FT1536Tables.rows2_11_checked' depends on axioms: [propext]
'FT1536Tables.rows2_12_checked' depends on axioms: [propext]
'FT1536Tables.rows2_13_checked' depends on axioms: [propext]
'FT1536Tables.rows2_14_checked' depends on axioms: [propext]
'FT1536Tables.rows2_15_checked' depends on axioms: [propext]
'FT1536Tables.rows2_16_checked' depends on axioms: [propext]
'FT1536Tables.rows2_17_checked' depends on axioms: [propext]
'FT1536Tables.rows2_18_checked' depends on axioms: [propext]
'FT1536Tables.rows2_19_checked' depends on axioms: [propext]
'FT1536Tables.rows2_20_checked' depends on axioms: [propext]
'FT1536Tables.rows2_21_checked' depends on axioms: [propext]
'FT1536Tables.rows2_22_checked' depends on axioms: [propext]
'FT1536Tables.rows2_23_checked' depends on axioms: [propext]
'FT1536Tables.rows2_24_checked' depends on axioms: [propext]
'FT1536Tables.rows2_25_checked' depends on axioms: [propext]
'FT1536Tables.rows2_26_checked' depends on axioms: [propext]
'FT1536Tables.rows2_27_checked' depends on axioms: [propext]
'FT1536Tables.rows2_28_checked' depends on axioms: [propext]
'FT1536Tables.rows2_29_checked' depends on axioms: [propext]
'FT1536Tables.rows2_30_checked' depends on axioms: [propext]
'FT1536Tables.rows2_31_checked' depends on axioms: [propext]
'FT1536Tables.rows3_0_checked' depends on axioms: [propext]
'FT1536Tables.rows3_1_checked' depends on axioms: [propext]
'FT1536Tables.rows3_2_checked' depends on axioms: [propext]
'FT1536Tables.rows3_3_checked' depends on axioms: [propext]
'FT1536Tables.rows3_4_checked' depends on axioms: [propext]
'FT1536Tables.rows3_5_checked' depends on axioms: [propext]
'FT1536Tables.rows3_6_checked' depends on axioms: [propext]
'FT1536Tables.rows3_7_checked' depends on axioms: [propext]
'FT1536Tables.rows3_8_checked' depends on axioms: [propext]
'FT1536Tables.rows3_9_checked' depends on axioms: [propext]
'FT1536Tables.rows3_10_checked' depends on axioms: [propext]
'FT1536Tables.rows3_11_checked' depends on axioms: [propext]
'FT1536Tables.rows3_12_checked' depends on axioms: [propext]
'FT1536Tables.rows3_13_checked' depends on axioms: [propext]
'FT1536Tables.rows3_14_checked' depends on axioms: [propext]
'FT1536Tables.rows3_15_checked' depends on axioms: [propext]
'FT1536Tables.rows3_16_checked' depends on axioms: [propext]
'FT1536Tables.rows3_17_checked' depends on axioms: [propext]
'FT1536Tables.rows3_18_checked' depends on axioms: [propext]
'FT1536Tables.rows3_19_checked' depends on axioms: [propext]
'FT1536Tables.rows3_20_checked' depends on axioms: [propext]
'FT1536Tables.rows3_21_checked' depends on axioms: [propext]
'FT1536Tables.rows3_22_checked' depends on axioms: [propext]
'FT1536Tables.rows3_23_checked' depends on axioms: [propext]
'FT1536Tables.rows3_24_checked' depends on axioms: [propext]
'FT1536Tables.rows3_25_checked' depends on axioms: [propext]
'FT1536Tables.rows3_26_checked' depends on axioms: [propext]
'FT1536Tables.rows3_27_checked' depends on axioms: [propext]
'FT1536Tables.rows3_28_checked' depends on axioms: [propext]
'FT1536Tables.rows3_29_checked' depends on axioms: [propext]
'FT1536Tables.rows3_30_checked' depends on axioms: [propext]
'FT1536Tables.rows3_31_checked' depends on axioms: [propext]
'FT1536Tables.rows3_32_checked' depends on axioms: [propext]
'FT1536Tables.rows3_33_checked' depends on axioms: [propext]
'FT1536Tables.rows3_34_checked' depends on axioms: [propext]
'FT1536Tables.rows3_35_checked' depends on axioms: [propext]
'FT1536Tables.rows3_36_checked' depends on axioms: [propext]
'FT1536Tables.rows3_37_checked' depends on axioms: [propext]
'FT1536Tables.rows3_38_checked' depends on axioms: [propext]
'FT1536Tables.rows3_39_checked' depends on axioms: [propext]
'FT1536Tables.rows3_40_checked' depends on axioms: [propext]
'FT1536Tables.rows3_41_checked' depends on axioms: [propext]
'FT1536Tables.rows3_42_checked' depends on axioms: [propext]
'FT1536Tables.rows3_43_checked' depends on axioms: [propext]
'FT1536Tables.rows3_44_checked' depends on axioms: [propext]
'FT1536Tables.rows3_45_checked' depends on axioms: [propext]
'FT1536Tables.rows3_46_checked' depends on axioms: [propext]
'FT1536Tables.rows3_47_checked' depends on axioms: [propext]
'FT1536Tables.chain_0_checked' depends on axioms: [propext]
'FT1536Tables.chain_1_checked' depends on axioms: [propext]
'FT1536Tables.root_and_scale_facts' does not depend on any axioms
'FT1536NTT.constants' does not depend on any axioms
'FT1536NTT.fix_contract' depends on axioms: [propext, Classical.choice.{u}, Quot.sound.{u}]
'FT1536NTT.add_contract' depends on axioms: [propext, Classical.choice.{u}, Quot.sound.{u}]
'FT1536NTT.sub_contract' depends on axioms: [propext, Classical.choice.{u}, Quot.sound.{u}]
'FT1536NTT.half_contract' depends on axioms: [propext, Classical.choice.{u}, Quot.sound.{u}]
'FT1536NTT.low_bits_preserved' depends on axioms: [propext, Quot.sound.{u}]
'FT1536NTT.mont_ranges' depends on axioms: [propext, Classical.choice.{u}, Quot.sound.{u}]
'FT1536NTT.mont_divisibility' depends on axioms: [propext, Quot.sound.{u}]
'FT1536NTT.mont_contract_z' depends on axioms: [propext, Classical.choice.{u}, Quot.sound.{u}]
'FT1536NTT.product_range' depends on axioms: [propext, Quot.sound.{u}]
'FT1536NTT.mq_montymul_contract' depends on axioms: [propext, Classical.choice.{u}, Quot.sound.{u}]
'FT1536NTT.mq_montysqr_contract' depends on axioms: [propext, Classical.choice.{u}, Quot.sound.{u}]
'FT1536NTT.small_divisors' does not depend on any axioms
'FT1536NTT.prime_factorization' depends on axioms: [propext, Quot.sound.{u}]
'FT1536Global.unitRows_length' does not depend on any axioms
'FT1536Global.unitRows_checked' depends on axioms: [propext]
'FT1536Global.unit_bounds' depends on axioms: [propext]
'FT1536Global.table_canonical' depends on axioms: [propext, Quot.sound.{u}]
'FT1536Global.gmAt_canonical' depends on axioms: [propext, Quot.sound.{u}]
'FT1536Global.igmAt_canonical' depends on axioms: [propext, Quot.sound.{u}]
'FT1536Composition.product_canonical' depends on axioms: [propext, Quot.sound.{u}]
'FT1536Composition.tomont_factor' depends on axioms: [propext, Quot.sound.{u}]
'FT1536Composition.prepared_product' depends on axioms: [propext, Quot.sound.{u}]
'FT1536Composition.prepared_point_product' depends on axioms: [propext, Quot.sound.{u}]
'FT1536Composition.L_NTT_after_global_interfaces' depends on axioms: [propext, Quot.sound.{u}]
'FT1536Global.addQ_range' depends on axioms: [propext, Classical.choice.{u}, Quot.sound.{u}]
'FT1536Global.subQ_range' depends on axioms: [propext, Classical.choice.{u}, Quot.sound.{u}]
'FT1536Global.mmQ_range' depends on axioms: [propext, Classical.choice.{u}, Quot.sound.{u}]
'FT1536Global.addQ_source' depends on axioms: [propext, Classical.choice.{u}, Quot.sound.{u}]
'FT1536Global.subQ_source' depends on axioms: [propext, Classical.choice.{u}, Quot.sound.{u}]
'FT1536Global.mmQ_source' depends on axioms: [propext, Classical.choice.{u}, Quot.sound.{u}]
'FT1536Global.forwardRootOp_range' depends on axioms: [propext, Classical.choice.{u}, Quot.sound.{u}]
'FT1536Global.forwardBinaryOp_range' depends on axioms: [propext, Classical.choice.{u}, Quot.sound.{u}]
'FT1536Global.forwardCubicOp_range' depends on axioms: [propext, Classical.choice.{u}, Quot.sound.{u}]
'FT1536Global.inverseCubicOp_range' depends on axioms: [propext, Classical.choice.{u}, Quot.sound.{u}]
'FT1536Global.inverseBinaryOp_range' depends on axioms: [propext, Classical.choice.{u}, Quot.sound.{u}]
'FT1536Global.inverseRootOp_range' depends on axioms: [propext, Classical.choice.{u}, Quot.sound.{u}]
'FT1536Global.forward_params_half' depends on axioms: [propext]
'FT1536Global.inverse_params_half' depends on axioms: [propext]
'FT1536Global.forwardMiddle_canonical' depends on axioms: [propext, Classical.choice.{u}, Quot.sound.{u}]
'FT1536Global.inverseMiddle_canonical' depends on axioms: [propext, Classical.choice.{u}, Quot.sound.{u}]
'FT1536Global.store_canonical' depends on axioms: [propext]
'FT1536Global.scale_canonical' depends on axioms: [propext, Classical.choice.{u}, Quot.sound.{u}]
'FT1536Global.forward_canonical' depends on axioms: [propext, Classical.choice.{u}, Quot.sound.{u}]
'FT1536Global.inverse_canonical' depends on axioms: [propext, Classical.choice.{u}, Quot.sound.{u}]
'FT1536Global.fromVec_canonical' depends on axioms: [propext]
'FT1536Global.forwardC_canonical' depends on axioms: [propext, Classical.choice.{u}, Quot.sound.{u}]
'FT1536Global.inverseC_canonical' depends on axioms: [propext, Classical.choice.{u}, Quot.sound.{u}]
'FT1536Global.canonical_fixed' depends on axioms: [propext, Quot.sound.{u}]
'FT1536Global.liftForward_agrees' depends on axioms: [propext, Quot.sound.{u}]
'FT1536Global.liftInverse_agrees' depends on axioms: [propext, Quot.sound.{u}]
'FT1536Linear.dot2_compose' depends on axioms: [propext, Quot.sound.{u}]
'FT1536Linear.dot2_congr' depends on axioms: [propext]
'FT1536Linear.dot3_compose' depends on axioms: [propext, Quot.sound.{u}]
'FT1536Linear.dot3_congr' depends on axioms: [propext]
'FT1536Linear.three_row_action' depends on axioms: [propext, Quot.sound.{u}]
'FT1536Linear.two_row_inverse' depends on axioms: [propext, Quot.sound.{u}]
'FT1536Linear.final_scaling' depends on axioms: [propext, Quot.sound.{u}]
'FT1536Global.eval_subst' depends on axioms: [propext]
'FT1536Global.dot_add' depends on axioms: [propext, Quot.sound.{u}]
'FT1536Global.dot_sub' depends on axioms: [propext, Quot.sound.{u}]
'FT1536Global.dot_mm_left' depends on axioms: [propext, Quot.sound.{u}]
'FT1536Global.dot_mm_right' depends on axioms: [propext, Quot.sound.{u}]
'FT1536Global.eval_linear' depends on axioms: [propext, Quot.sound.{u}]
'FT1536Global.eval_diagonal' depends on axioms: [propext, Quot.sound.{u}]
'FT1536Global.eval_scaled' depends on axioms: [propext, Classical.choice.{u}, Quot.sound.{u}]
'FT1536Global.rootF_bind' depends on axioms: [propext]
'FT1536Global.rootI_bind' depends on axioms: [propext]
'FT1536Global.binF_bind' depends on axioms: [propext]
'FT1536Global.binI_bind' depends on axioms: [propext]
'FT1536Global.cubeF_bind' depends on axioms: [propext, Quot.sound.{u}]
'FT1536Global.cubeI_bind' depends on axioms: [propext, Quot.sound.{u}]
'FT1536Global.fin3_mem' depends on axioms: [propext, Quot.sound.{u}]
'FT1536Global.blockCheck_sound' depends on axioms: [propext, Quot.sound.{u}]
'FT1536Global.row_ids' depends on axioms: [propext]
'FT1536Global.unitRow_id' depends on axioms: [propext]
'FT1536Global.root_checked' depends on axioms: [propext]
'FT1536Global.local_checked_0' depends on axioms: [propext]
'FT1536Global.local_checked_1' depends on axioms: [propext]
'FT1536Global.local_checked_2' depends on axioms: [propext]
'FT1536Global.local_checked_3' depends on axioms: [propext]
'FT1536Global.local_checked_4' depends on axioms: [propext]
'FT1536Global.local_checked_5' depends on axioms: [propext]
'FT1536Global.local_checked_6' depends on axioms: [propext]
'FT1536Global.local_checked_7' depends on axioms: [propext]
'FT1536Global.local_checked_8' depends on axioms: [propext]
'FT1536Global.local_checked_9' depends on axioms: [propext]
'FT1536Global.local_checked_10' depends on axioms: [propext]
'FT1536Global.local_checked_11' depends on axioms: [propext]
'FT1536Global.local_checked_12' depends on axioms: [propext]
'FT1536Global.local_checked_13' depends on axioms: [propext]
'FT1536Global.local_checked_14' depends on axioms: [propext]
'FT1536Global.local_checked_15' depends on axioms: [propext]
'FT1536Global.local_checked_16' depends on axioms: [propext]
'FT1536Global.local_checked_17' depends on axioms: [propext]
'FT1536Global.local_checked_18' depends on axioms: [propext]
'FT1536Global.local_checked_19' depends on axioms: [propext]
'FT1536Global.local_checked_20' depends on axioms: [propext]
'FT1536Global.local_checked_21' depends on axioms: [propext]
'FT1536Global.local_checked_22' depends on axioms: [propext]
'FT1536Global.local_checked_23' depends on axioms: [propext]
'FT1536Global.local_checked_24' depends on axioms: [propext]
'FT1536Global.local_checked_25' depends on axioms: [propext]
'FT1536Global.local_checked_26' depends on axioms: [propext]
'FT1536Global.local_checked_27' depends on axioms: [propext]
'FT1536Global.local_checked_28' depends on axioms: [propext]
'FT1536Global.local_checked_29' depends on axioms: [propext]
'FT1536Global.local_checked_30' depends on axioms: [propext]
'FT1536Global.local_checked_31' depends on axioms: [propext]
'FT1536Global.local_checked' depends on axioms: [propext]
'FT1536Global.local_at' depends on axioms: [propext, Quot.sound.{u}]
'FT1536Global.pairInput_slot' depends on axioms: [propext]
'FT1536Global.pairInput_canonical' depends on axioms: [propext, Quot.sound.{u}]
'FT1536Global.root_inverse' depends on axioms: [propext, Quot.sound.{u}]
'FT1536Global.binary_inverse' depends on axioms: [propext, Quot.sound.{u}]
'FT1536Global.cubic_inverse' depends on axioms: [propext, Quot.sound.{u}]
'FT1536Global.root_homogeneous' depends on axioms: [propext, Classical.choice.{u}, Quot.sound.{u}]
'FT1536Global.binary_homogeneous' depends on axioms: [propext, Classical.choice.{u}, Quot.sound.{u}]
'FT1536Global.cubic_homogeneous' depends on axioms: [propext, Classical.choice.{u}, Quot.sound.{u}]
'FT1536Global.forward_params_ok' depends on axioms: [propext, Classical.choice.{u}, Quot.sound.{u}]
'FT1536Global.schedules_reverse' does not depend on any axioms
'FT1536Global.scale_at' depends on axioms: [propext]
'FT1536Global.scale_out' depends on axioms: [propext]
'FT1536Global.scale_range' depends on axioms: [propext, Classical.choice.{u}, Quot.sound.{u}]
'FT1536Global.scale_combine' depends on axioms: [propext, Quot.sound.{u}]
'FT1536Global.scale_one' depends on axioms: [propext, Quot.sound.{u}]
'FT1536Global.pair_stage_at' depends on axioms: [propext, Classical.choice.{u}, Quot.sound.{u}]
'FT1536Global.triple_stage_at' depends on axioms: [propext, Quot.sound.{u}]
'FT1536Global.pair_stage_out' depends on axioms: [propext, Quot.sound.{u}]
'FT1536Global.triple_stage_out' depends on axioms: [propext, Quot.sound.{u}]
'FT1536Global.pair_stage_inverse' depends on axioms: [propext, Classical.choice.{u}, Quot.sound.{u}]
'FT1536Global.triple_stage_inverse' depends on axioms: [propext, Classical.choice.{u}, Quot.sound.{u}]
'FT1536Global.pair_stage_homogeneous' depends on axioms: [propext, Classical.choice.{u}, Quot.sound.{u}]
'FT1536Global.point_prefix' depends on axioms: [propext, Quot.sound.{u}]
'FT1536Global.scale_loop' depends on axioms: [propext, Quot.sound.{u}]
'FT1536Global.scale_cancel' depends on axioms: [propext, Quot.sound.{u}]
'FT1536Global.fpair_canonical' depends on axioms: [propext, Classical.choice.{u}, Quot.sound.{u}]
'FT1536Global.ipair_canonical' depends on axioms: [propext, Classical.choice.{u}, Quot.sound.{u}]
'FT1536Global.froot_canonical' depends on axioms: [propext, Classical.choice.{u}, Quot.sound.{u}]
'FT1536Global.pair_source_inverse' depends on axioms: [propext, Classical.choice.{u}, Quot.sound.{u}]
'FT1536Global.pair_source_homogeneous' depends on axioms: [propext, Classical.choice.{u}, Quot.sound.{u}]
'FT1536Global.root_source_inverse' depends on axioms: [propext, Classical.choice.{u}, Quot.sound.{u}]
'FT1536Global.root_source_homogeneous' depends on axioms: [propext, Classical.choice.{u}, Quot.sound.{u}]
'FT1536Global.cubic_source_inverse' depends on axioms: [propext, Classical.choice.{u}, Quot.sound.{u}]
'FT1536Global.inverse_append' depends on axioms: [propext]
'FT1536Global.middle_homogeneous' depends on axioms: [propext, Classical.choice.{u}, Quot.sound.{u}]
'FT1536Global.middle_reverse_inverse' depends on axioms: [propext, Classical.choice.{u}, Quot.sound.{u}]
'FT1536Global.inverseMem_forwardMem' depends on axioms: [propext, Classical.choice.{u}, Quot.sound.{u}]
'FT1536Global.forwardMiddle_out' depends on axioms: [propext, Quot.sound.{u}]
'FT1536Global.forward_out' depends on axioms: [propext, Quot.sound.{u}]
'FT1536Global.forward_from_to' depends on axioms: [propext, Quot.sound.{u}]
'FT1536Global.inverseC_forwardC' depends on axioms: [propext, Classical.choice.{u}, Quot.sound.{u}]
'FT1536Global.canonicalVec' depends on axioms: [propext, Classical.choice.{u}, Quot.sound.{u}]
'FT1536Global.inverse_forward' depends on axioms: [propext, Classical.choice.{u}, Quot.sound.{u}]
'FT1536Global.mmQ_ordinary' depends on axioms: [propext]
'FT1536Global.ordinary_root' depends on axioms: [propext]
'FT1536Global.root_coefficients' depends on axioms: [propext, Classical.choice.{u}, Quot.sound.{u}]
'FT1536Global.binary_coefficients' depends on axioms: [propext, Classical.choice.{u}, Quot.sound.{u}]
'FT1536Global.initialized_binary_read' depends on axioms: [propext, Quot.sound.{u}]
'FT1536Global.initialized_cubic_read' depends on axioms: [propext, Quot.sound.{u}]
'FT1536Global.toMontC_eq' depends on axioms: [propext, Quot.sound.{u}]
'FT1536Global.montPointC_eq' depends on axioms: [propext, Quot.sound.{u}]
'FT1536Global.subtractC_eq' depends on axioms: [propext, Quot.sound.{u}]
'FT1536Global.montPoint_canonical' depends on axioms: [propext, Classical.choice.{u}, Quot.sound.{u}]
'FT1536Global.pipelineC_lift' depends on axioms: [propext, Classical.choice.{u}, Quot.sound.{u}]
'FT1536Global.L_NTT_pending_forward' depends on axioms: [propext, Classical.choice.{u}, Quot.sound.{u}]
'FT1536Forward.sum_congr' depends on axioms: [propext, Quot.sound.{u}]
'FT1536Forward.sum_zero' depends on axioms: [propext]
'FT1536Forward.sum_add' depends on axioms: [propext, Quot.sound.{u}]
'FT1536Forward.sum_sub' depends on axioms: [propext, Quot.sound.{u}]
'FT1536Forward.sum_scale' depends on axioms: [propext]
'FT1536Forward.sum_scale_right' depends on axioms: [propext, Quot.sound.{u}]
'FT1536Forward.sum_split' depends on axioms: [propext]
'FT1536Forward.sum_mod' depends on axioms: [propext]
'FT1536Forward.sum_congr_mod' depends on axioms: [propext, Quot.sound.{u}]
'FT1536Forward.sum_swap' depends on axioms: [propext, Quot.sound.{u}]
'FT1536Forward.sum_delta' depends on axioms: [propext, Quot.sound.{u}]
'FT1536Forward.sum_ofFn' depends on axioms: [propext, Quot.sound.{u}]
'FT1536Forward.sum_ofFn_congr' depends on axioms: [propext, Quot.sound.{u}]
'FT1536Forward.eval_congr' depends on axioms: [propext, Quot.sound.{u}]
'FT1536Forward.eval_mod_coeff' depends on axioms: [propext, Quot.sound.{u}]
'FT1536Forward.eval_linear' depends on axioms: [propext, Quot.sound.{u}]
'FT1536Forward.eval_sub' depends on axioms: [propext, Quot.sound.{u}]
'FT1536Forward.eval_scale' depends on axioms: [propext, Quot.sound.{u}]
'FT1536Forward.eval_split' depends on axioms: [propext, Quot.sound.{u}]
'FT1536Forward.split_preserves_eval' depends on axioms: [propext, Quot.sound.{u}]
'FT1536Forward.pow_mod' depends on axioms: [propext]
'FT1536Forward.eval_mod_node' depends on axioms: [propext, Quot.sound.{u}]
'FT1536Forward.eval_delta' depends on axioms: [propext, Quot.sound.{u}]
'FT1536Forward.powM_correct' depends on axioms: [propext]
'FT1536Forward.split_layout' depends on axioms: [propext, Classical.choice.{u}, Quot.sound.{u}]
'FT1536Forward.binary_block_coefficient' depends on axioms: [propext, Classical.choice.{u}, Quot.sound.{u}]
'FT1536Forward.binary_block_eval' depends on axioms: [propext, Classical.choice.{u}, Quot.sound.{u}]
'FT1536Forward.root_block_eval' depends on axioms: [propext, Classical.choice.{u}, Quot.sound.{u}]
'FT1536Forward.powFuel_correct' depends on axioms: [propext, Quot.sound.{u}]
'FT1536Forward.powFast_correct' depends on axioms: [propext, Quot.sound.{u}]
'FT1536Forward.nodeCheck_sound' depends on axioms: [propext, Quot.sound.{u}]
'FT1536Forward.leaf_checked_0' depends on axioms: [propext]
'FT1536Forward.leaf_checked_1' depends on axioms: [propext]
'FT1536Forward.leaf_checked_2' depends on axioms: [propext]
'FT1536Forward.leaf_checked_3' depends on axioms: [propext]
'FT1536Forward.leaf_checked_4' depends on axioms: [propext]
'FT1536Forward.leaf_checked_5' depends on axioms: [propext]
'FT1536Forward.leaf_checked_6' depends on axioms: [propext]
'FT1536Forward.leaf_checked_7' depends on axioms: [propext]
'FT1536Forward.leaf_checked_8' depends on axioms: [propext]
'FT1536Forward.leaf_checked_9' depends on axioms: [propext]
'FT1536Forward.leaf_checked_10' depends on axioms: [propext]
'FT1536Forward.leaf_checked_11' depends on axioms: [propext]
'FT1536Forward.leaf_checked_12' depends on axioms: [propext]
'FT1536Forward.leaf_checked_13' depends on axioms: [propext]
'FT1536Forward.leaf_checked_14' depends on axioms: [propext]
'FT1536Forward.leaf_checked_15' depends on axioms: [propext]
'FT1536Forward.leaf_checked_16' depends on axioms: [propext]
'FT1536Forward.leaf_checked_17' depends on axioms: [propext]
'FT1536Forward.leaf_checked_18' depends on axioms: [propext]
'FT1536Forward.leaf_checked_19' depends on axioms: [propext]
'FT1536Forward.leaf_checked_20' depends on axioms: [propext]
'FT1536Forward.leaf_checked_21' depends on axioms: [propext]
'FT1536Forward.leaf_checked_22' depends on axioms: [propext]
'FT1536Forward.leaf_checked_23' depends on axioms: [propext]
'FT1536Forward.leaf_checked_24' depends on axioms: [propext]
'FT1536Forward.leaf_checked_25' depends on axioms: [propext]
'FT1536Forward.leaf_checked_26' depends on axioms: [propext]
'FT1536Forward.leaf_checked_27' depends on axioms: [propext]
'FT1536Forward.leaf_checked_28' depends on axioms: [propext]
'FT1536Forward.leaf_checked_29' depends on axioms: [propext]
'FT1536Forward.leaf_checked_30' depends on axioms: [propext]
'FT1536Forward.leaf_checked_31' depends on axioms: [propext]
'FT1536Forward.leaf_checked' depends on axioms: [propext]
'FT1536Forward.leaf_facts' depends on axioms: [propext, Quot.sound.{u}]
'FT1536Forward.actual_chain' depends on axioms: [propext]
'FT1536Forward.middle_eval' depends on axioms: [propext, Classical.choice.{u}, Quot.sound.{u}]
'FT1536Forward.cubic_eval' depends on axioms: [propext, Quot.sound.{u}]
'FT1536Forward.forwardMem_eval' depends on axioms: [propext, Classical.choice.{u}, Quot.sound.{u}]
'FT1536Forward.forwardC_eval' depends on axioms: [propext, Classical.choice.{u}, Quot.sound.{u}]
'FT1536Forward.FORWARD_GLOBAL' depends on axioms: [propext, Classical.choice.{u}, Quot.sound.{u}]
'FT1536Forward.fromVec_canonical_mod' depends on axioms: [propext, Quot.sound.{u}]
'FT1536Forward.liftForward_eval' depends on axioms: [propext, Classical.choice.{u}, Quot.sound.{u}]
'FT1536Forward.node_zero' depends on axioms: [propext, Quot.sound.{u}]
'FT1536Forward.phi_square' depends on axioms: [propext, Quot.sound.{u}]
'FT1536Forward.phi_cube' depends on axioms: [propext, Quot.sound.{u}]
'FT1536Forward.power_middle' depends on axioms: [propext, Quot.sound.{u}]
'FT1536Forward.power_high' depends on axioms: [propext, Quot.sound.{u}]
'FT1536Forward.remMonomial_eval' depends on axioms: [propext, Quot.sound.{u}]
'FT1536Forward.eval_sum' depends on axioms: [propext, Quot.sound.{u}]
'FT1536Forward.eval_convolution' depends on axioms: [propext, Quot.sound.{u}]
'FT1536Forward.productCoefficient_eq' depends on axioms: [propext, Quot.sound.{u}]
'FT1536Forward.product_raw' depends on axioms: [propext, Quot.sound.{u}]
'FT1536Forward.product_eval' depends on axioms: [propext, Quot.sound.{u}]
'FT1536Forward.forward_product' depends on axioms: [propext, Classical.choice.{u}, Quot.sound.{u}]
'FT1536Forward.lift_canonical' depends on axioms: [propext, Classical.choice.{u}, Quot.sound.{u}]
'FT1536Forward.product_canonical_inputs' depends on axioms: [propext, Classical.choice.{u}, Quot.sound.{u}]
'FT1536.intermediate_ranges' depends on axioms: [propext, Classical.choice.{u}, Quot.sound.{u}]
'FT1536.positive_remainder' depends on axioms: [propext, Classical.choice.{u}, Quot.sound.{u}]
'FT1536.rho_contract' depends on axioms: [propext, Classical.choice.{u}, Quot.sound.{u}]
'FT1536.result_cast_exact' depends on axioms: [propext, Classical.choice.{u}, Quot.sound.{u}]
'FT1536.canonical_unique' depends on axioms: [propext, Quot.sound.{u}]
'FT1536.old_piecewise' depends on axioms: [propext, Quot.sound.{u}]
'FT1536.old_congruence_domain' depends on axioms: [propext, Classical.choice.{u}, Quot.sound.{u}]
'FT1536.old_canonical_domain' depends on axioms: [propext, Classical.choice.{u}, Quot.sound.{u}]
'FT1536.agree_on_old_canonical' depends on axioms: [propext, Classical.choice.{u}, Quot.sound.{u}]
'FT1536.vector_contract' depends on axioms: [propext, Classical.choice.{u}, Quot.sound.{u}]
'FT1536.loop_progress' depends on axioms: [propext, Classical.choice.{u}, Quot.sound.{u}]
'FT1536.center_antisymmetric' depends on axioms: [propext, Quot.sound.{u}]
'FT1536Forward.L_NTT' depends on axioms: [propext, Classical.choice.{u}, Quot.sound.{u}]
'FT1536Forward.L_NTT_p' depends on axioms: [propext, Classical.choice.{u}, Quot.sound.{u}]
'FT1536Forward.L_NTT_d' depends on axioms: [propext, Classical.choice.{u}, Quot.sound.{u}]
'FT1536Forward.product_range' depends on axioms: [propext, Classical.choice.{u}, Quot.sound.{u}]
'FT1536Forward.subtract_range' depends on axioms: [propext, Classical.choice.{u}, Quot.sound.{u}]
'FT1536Forward.L_NTT_ranges' depends on axioms: [propext, Classical.choice.{u}, Quot.sound.{u}]
'FT1536Forward.toMontC_range' depends on axioms: [propext, Classical.choice.{u}, Quot.sound.{u}]
'FT1536Forward.montPointC_range' depends on axioms: [propext, Classical.choice.{u}, Quot.sound.{u}]
'FT1536Forward.subtractC_range' depends on axioms: [propext, Classical.choice.{u}, Quot.sound.{u}]
'FT1536Forward.point_prefix_range' depends on axioms: [propext, Quot.sound.{u}]
'FT1536Forward.point_read_bound' depends on axioms: [propext, Quot.sound.{u}]
'FT1536Forward.pipeline_intermediate_ranges' depends on axioms: [propext, Classical.choice.{u}, Quot.sound.{u}]
'FT1536Forward.rhoVec_eq' depends on axioms: [propext, Classical.choice.{u}, Quot.sound.{u}]
'FT1536Forward.rhoVec_range' depends on axioms: [propext, Classical.choice.{u}, Quot.sound.{u}]
'FT1536Forward.L_NTT_rho' depends on axioms: [propext, Classical.choice.{u}, Quot.sound.{u}]
'FT1536Forward.L_NTT_rho_ranges' depends on axioms: [propext, Classical.choice.{u}, Quot.sound.{u}]
'FT1536Bridge.s16_range' depends on axioms: [propext, Classical.choice.{u}, Quot.sound.{u}]
'FT1536Bridge.s16_exact' depends on axioms: [propext, Quot.sound.{u}]
'FT1536Bridge.s16_bits' depends on axioms: [propext, Quot.sound.{u}]
'FT1536Bridge.s32_exact' depends on axioms: [propext, Quot.sound.{u}]
'FT1536Bridge.s64_exact' depends on axioms: [propext, Quot.sound.{u}]
'FT1536Bridge.u32_range' depends on axioms: [propext, Classical.choice.{u}, Quot.sound.{u}]
'FT1536Bridge.fromVec_signed' does not depend on any axioms
'FT1536Bridge.center_borrow' depends on axioms: [propext, Quot.sound.{u}]
'FT1536Bridge.center_correction' depends on axioms: [propext, Quot.sound.{u}]
'FT1536Bridge.CENTER_C' depends on axioms: [propext, Classical.choice.{u}, Quot.sound.{u}]
'FT1536Bridge.center_mod' depends on axioms: [propext, Quot.sound.{u}]
'FT1536Bridge.center_congruence' depends on axioms: [propext, Quot.sound.{u}]
'FT1536Bridge.center_range' depends on axioms: [propext, Classical.choice.{u}, Quot.sound.{u}]
'FT1536Bridge.center_prefix' depends on axioms: [propext, Quot.sound.{u}]
'FT1536Bridge.center_unread' depends on axioms: [propext, Quot.sound.{u}]
'FT1536Bridge.center_loop_correct' depends on axioms: [propext, Classical.choice.{u}, Quot.sound.{u}]
'FT1536Bridge.fromVec_neg' depends on axioms: [propext]
'FT1536Bridge.Q0_neg' depends on axioms: [propext, Quot.sound.{u}]
'FT1536Bridge.int16_product' depends on axioms: [propext, Classical.choice.{u}, Quot.sound.{u}]
'FT1536Bridge.normTerm_bound' depends on axioms: [propext, Classical.choice.{u}, Quot.sound.{u}]
'FT1536Bridge.norm_prefix' depends on axioms: [propext, Classical.choice.{u}, Quot.sound.{u}]
'FT1536Bridge.norm_no_overflow' depends on axioms: [propext, Classical.choice.{u}, Quot.sound.{u}]
'FT1536Bridge.interleave_sum' depends on axioms: [propext, Classical.choice.{u}, Quot.sound.{u}]
'FT1536Bridge.norm_sum' depends on axioms: [propext, Classical.choice.{u}, Quot.sound.{u}]
'FT1536Bridge.NORM64_EXACT' depends on axioms: [propext, Classical.choice.{u}, Quot.sound.{u}]
'FT1536Bridge.STRICT_B' depends on axioms: [propext, Classical.choice.{u}, Quot.sound.{u}]
'FT1536M0.sum_le' depends on axioms: [propext, Quot.sound.{u}]
'FT1536M0.sum_nonneg' depends on axioms: [propext, Quot.sound.{u}]
'FT1536M0.sum_const' depends on axioms: [propext]
'FT1536M0.square_nonnegative' depends on axioms: [propext, Quot.sound.{u}]
'FT1536M0.a2_square_bound' depends on axioms: [propext, Quot.sound.{u}]
'FT1536M0.a2_nonnegative' depends on axioms: [propext, Quot.sound.{u}]
'FT1536M0.Q0_nonnegative' depends on axioms: [propext, Quot.sound.{u}]
'FT1536M0.square_sum_bound' depends on axioms: [propext, Quot.sound.{u}]
'FT1536M0.abs_majorant' depends on axioms: [propext, Quot.sound.{u}]
'FT1536M0.l1_bound' depends on axioms: [propext, Quot.sound.{u}]
'FT1536M0.quotient_bound' depends on axioms: [propext, Quot.sound.{u}]
'FT1536M0.CAPACITY_3160' depends on axioms: [propext, Classical.choice.{u}, Quot.sound.{u}]
'FT1536M0.capacity_after_source_norm' depends on axioms: [propext, Classical.choice.{u}, Quot.sound.{u}]
'FT1536M0.integer_endpoint_checks' does not depend on any axioms
'FT1536M0.drain_ok' depends on axioms: [propext, Classical.choice.{u}, Quot.sound.{u}]
'FT1536M0.prefix9_ok' depends on axioms: [propext, Classical.choice.{u}, Quot.sound.{u}]
'FT1536M0.oneBit_ok' depends on axioms: [propext, Classical.choice.{u}, Quot.sound.{u}]
'FT1536M0.manyBits_ok' depends on axioms: [propext, Classical.choice.{u}, Quot.sound.{u}]
'FT1536M0.coeff_bits_eq' depends on axioms: [propext, Quot.sound.{u}]
'FT1536M0.list_bits_nonneg' depends on axioms: [propext, Quot.sound.{u}]
'FT1536M0.encoder_body_ok' depends on axioms: [propext, Classical.choice.{u}, Quot.sound.{u}]
'FT1536M0.finish_ok' depends on axioms: [propext, Quot.sound.{u}]
'FT1536M0.encoder_count_exact' depends on axioms: [propext, Classical.choice.{u}, Quot.sound.{u}]
'FT1536M0.list_bits_append' depends on axioms: [propext]
'FT1536M0.list_bits_ofFn' depends on axioms: [propext, Quot.sound.{u}]
'FT1536M0.vector_bits' depends on axioms: [propext, Quot.sound.{u}]
'FT1536M0.STATIC_FITS_4096' depends on axioms: [propext, Classical.choice.{u}, Quot.sound.{u}]
'FT1536M0.source_ne_bounds' depends on axioms: [propext, Classical.choice.{u}, Quot.sound.{u}]
'FT1536M0.terminal_bit' depends on axioms: [propext, Quot.sound.{u}]
'FT1536M0.post_decrement_count' depends on axioms: [propext, Classical.choice.{u}, Quot.sound.{u}]
'FT1536M0.positive_encoder_length' depends on axioms: [propext, Quot.sound.{u}]
'FT1536M0.counter_index_bound' depends on axioms: [propext, Classical.choice.{u}, Quot.sound.{u}]
'FT1536M0.witness_signed' does not depend on any axioms
'FT1536M0.witness_norm' does not depend on any axioms
'FT1536M0.witness_length' does not depend on any axioms
'FT1536M0.witness_short' does not depend on any axioms
'FT1536M0.witness_buffers' does not depend on any axioms
'FT1536M0.framing_injective' depends on axioms: [propext]
'FT1536M0.transport_roundtrip' depends on axioms: [propext]
'FT1536M0.repartition_same_input' depends on axioms: [propext]
'FT1536M0.repartition_rejected' depends on axioms: [propext]
'FT1536M0.parent_shake_budget' depends on axioms: [propext, Quot.sound.{u}]
'FT1536M0.exact_parent_budget' does not depend on any axioms
M0Audit 0 0.304
FT1536M0.CAPACITY_3160 : ∀ (a b : FT1536Global.Vec)
  (short :
    @LT.lt.{0} Int Int.instLTInt (FT1536Bridge.Q a b)
      (@OfNat.ofNat.{0} Int (nat_lit 2093922385) (@instOfNat (nat_lit 2093922385)))),
  And
    (@LE.le.{0} Int Int.instLEInt (FT1536M0.staticBits b)
      (@OfNat.ofNat.{0} Int (nat_lit 25267) (@instOfNat (nat_lit 25267))))
    (And
      (@LE.le.{0} Int Int.instLEInt (FT1536M0.payloadLength b)
        (@OfNat.ofNat.{0} Int (nat_lit 3160) (@instOfNat (nat_lit 3160))))
      (@LT.lt.{0} Int Int.instLTInt (FT1536M0.payloadLength b)
        (@OfNat.ofNat.{0} Int (nat_lit 4096) (@instOfNat (nat_lit 4096)))))
FT1536M0.capacity_after_source_norm : ∀ (a b : FT1536Global.Vec) (ha : FT1536Bridge.SignedVec a)
  (hb : FT1536Bridge.SignedVec b) (accept : @Eq.{1} Bool (FT1536Bridge.isShort a b) Bool.true),
  And
    (@LE.le.{0} Int Int.instLEInt (FT1536M0.staticBits b)
      (@OfNat.ofNat.{0} Int (nat_lit 25267) (@instOfNat (nat_lit 25267))))
    (And
      (@LE.le.{0} Int Int.instLEInt (FT1536M0.payloadLength b)
        (@OfNat.ofNat.{0} Int (nat_lit 3160) (@instOfNat (nat_lit 3160))))
      (@LT.lt.{0} Int Int.instLTInt (FT1536M0.payloadLength b)
        (@OfNat.ofNat.{0} Int (nat_lit 4096) (@instOfNat (nat_lit 4096)))))
FT1536M0.STATIC_FITS_4096 : ∀ (a b : FT1536Global.Vec) (ha : FT1536Bridge.SignedVec a) (hb : FT1536Bridge.SignedVec b)
  (accept : @Eq.{1} Bool (FT1536Bridge.isShort a b) Bool.true),
  And
    (@Eq.{1} (Option.{0} Int)
      (FT1536M0.encodeCount (@OfNat.ofNat.{0} Int (nat_lit 4095) (@instOfNat (nat_lit 4095)))
        (@List.ofFn.{0} Int (@OfNat.ofNat.{0} Nat (nat_lit 1536) (instOfNatNat (nat_lit 1536))) b))
      (@Option.some.{0} Int
        (@HSub.hSub.{0, 0, 0} Int Int Int (@instHSub.{0} Int Int.instSub) (FT1536M0.payloadLength b)
          (@OfNat.ofNat.{0} Int (nat_lit 1) (@instOfNat (nat_lit 1))))))
    (And
      (@LE.le.{0} Int Int.instLEInt (FT1536M0.payloadLength b)
        (@OfNat.ofNat.{0} Int (nat_lit 3160) (@instOfNat (nat_lit 3160))))
      (@LT.lt.{0} Int Int.instLTInt (FT1536M0.payloadLength b)
        (@OfNat.ofNat.{0} Int (nat_lit 4096) (@instOfNat (nat_lit 4096)))))
FT1536M0.positive_encoder_length : ∀ (a b : FT1536Global.Vec)
  (short :
    @LT.lt.{0} Int Int.instLTInt (FT1536Bridge.Q a b)
      (@OfNat.ofNat.{0} Int (nat_lit 2093922385) (@instOfNat (nat_lit 2093922385)))),
  @LE.le.{0} Int Int.instLEInt (@OfNat.ofNat.{0} Int (nat_lit 1921) (@instOfNat (nat_lit 1921)))
    (FT1536M0.payloadLength b)
FT1536M0.witness_norm : @Eq.{1} Int (FT1536Bridge.Q FT1536M0.zeroVec FT1536M0.witness)
  (@OfNat.ofNat.{0} Int (nat_lit 2093088768) (@instOfNat (nat_lit 2093088768)))
FT1536M0.witness_length : @Eq.{1} Int (FT1536M0.payloadLength FT1536M0.witness)
  (@OfNat.ofNat.{0} Int (nat_lit 3156) (@instOfNat (nat_lit 3156)))
FT1536M0.framing_injective : ∀ (r s m n : FT1536M0.Bytes)
  (hr : @Eq.{1} Nat (@List.length.{0} FT1536M0.Byte r) (@OfNat.ofNat.{0} Nat (nat_lit 40) (instOfNatNat (nat_lit 40))))
  (hs : @Eq.{1} Nat (@List.length.{0} FT1536M0.Byte s) (@OfNat.ofNat.{0} Nat (nat_lit 40) (instOfNatNat (nat_lit 40))))
  (h : @Eq.{1} FT1536M0.Bytes (FT1536M0.hashInput r m) (FT1536M0.hashInput s n)),
  And (@Eq.{1} FT1536M0.Bytes r s) (@Eq.{1} FT1536M0.Bytes m n)
FT1536M0.repartition_rejected : ∀ (r : FT1536M0.Bytes) (a : FT1536M0.Byte)
  (hr : @Eq.{1} Nat (@List.length.{0} FT1536M0.Byte r) (@OfNat.ofNat.{0} Nat (nat_lit 39) (instOfNatNat (nat_lit 39)))),
  And
    (@Eq.{1} Bool
      (FT1536M0.nonceOK
        (@HAppend.hAppend.{0, 0, 0} FT1536M0.Bytes (List.{0} FT1536M0.Byte) FT1536M0.Bytes
          (@instHAppendOfAppend.{0} FT1536M0.Bytes (@List.instAppend.{0} FT1536M0.Byte)) r
          (@List.cons.{0} FT1536M0.Byte a (@List.nil.{0} FT1536M0.Byte))))
      Bool.true)
    (@Eq.{1} Bool (FT1536M0.nonceOK r) Bool.false)
FT1536M0.parent_shake_budget : ∀ (attempts : Nat)
  (h : @LE.le.{0} Nat instLENat attempts (@OfNat.ofNat.{0} Nat (nat_lit 16) (instOfNatNat (nat_lit 16)))),
  @LE.le.{0} Nat instLENat (FT1536M0.parentBytes attempts)
    (@OfNat.ofNat.{0} Nat (nat_lit 936) (instOfNatNat (nat_lit 936)))
theorem FT1536M0.STATIC_FITS_4096 : ∀ (a b : FT1536Global.Vec) (ha : FT1536Bridge.SignedVec a)
  (hb : FT1536Bridge.SignedVec b) (accept : @Eq.{1} Bool (FT1536Bridge.isShort a b) Bool.true),
  And
    (@Eq.{1} (Option.{0} Int)
      (FT1536M0.encodeCount (@OfNat.ofNat.{0} Int (nat_lit 4095) (@instOfNat (nat_lit 4095)))
        (@List.ofFn.{0} Int (@OfNat.ofNat.{0} Nat (nat_lit 1536) (instOfNatNat (nat_lit 1536))) b))
      (@Option.some.{0} Int
        (@HSub.hSub.{0, 0, 0} Int Int Int (@instHSub.{0} Int Int.instSub) (FT1536M0.payloadLength b)
          (@OfNat.ofNat.{0} Int (nat_lit 1) (@instOfNat (nat_lit 1))))))
    (And
      (@LE.le.{0} Int Int.instLEInt (FT1536M0.payloadLength b)
        (@OfNat.ofNat.{0} Int (nat_lit 3160) (@instOfNat (nat_lit 3160))))
      (@LT.lt.{0} Int Int.instLTInt (FT1536M0.payloadLength b)
        (@OfNat.ofNat.{0} Int (nat_lit 4096) (@instOfNat (nat_lit 4096))))) :=
fun (a b : FT1536Global.Vec) (ha : FT1536Bridge.SignedVec a) (hb : FT1536Bridge.SignedVec b)
    (accept : @Eq.{1} Bool (FT1536Bridge.isShort a b) Bool.true) =>
  have hcap :
    And
      (@LE.le.{0} Int Int.instLEInt (FT1536M0.staticBits b)
        (@OfNat.ofNat.{0} Int (nat_lit 25267) (@instOfNat (nat_lit 25267))))
      (And
        (@LE.le.{0} Int Int.instLEInt (FT1536M0.payloadLength b)
          (@OfNat.ofNat.{0} Int (nat_lit 3160) (@instOfNat (nat_lit 3160))))
        (@LT.lt.{0} Int Int.instLTInt (FT1536M0.payloadLength b)
          (@OfNat.ofNat.{0} Int (nat_lit 4096) (@instOfNat (nat_lit 4096))))) :=
    FT1536M0.capacity_after_source_norm a b ha hb accept;
  have hbits :
    @Eq.{1} Int
      (FT1536M0.listBits (@List.ofFn.{0} Int (@OfNat.ofNat.{0} Nat (nat_lit 1536) (instOfNatNat (nat_lit 1536))) b))
      (FT1536M0.staticBits b) :=
    FT1536M0.vector_bits b;
  have he :
    And
      (@Eq.{1} (Option.{0} Int)
        (FT1536M0.encodeCount (@OfNat.ofNat.{0} Int (nat_lit 4095) (@instOfNat (nat_lit 4095)))
          (@List.ofFn.{0} Int (@OfNat.ofNat.{0} Nat (nat_lit 1536) (instOfNatNat (nat_lit 1536))) b))
        (@Option.some.{0} Int
          (@HDiv.hDiv.{0, 0, 0} Int Int Int (@instHDiv.{0} Int Int.instDiv)
            (@HAdd.hAdd.{0, 0, 0} Int Int Int (@instHAdd.{0} Int Int.instAdd)
              (FT1536M0.listBits
                (@List.ofFn.{0} Int (@OfNat.ofNat.{0} Nat (nat_lit 1536) (instOfNatNat (nat_lit 1536))) b))
              (@OfNat.ofNat.{0} Int (nat_lit 7) (@instOfNat (nat_lit 7))))
            (@OfNat.ofNat.{0} Int (nat_lit 8) (@instOfNat (nat_lit 8))))))
      (@LE.le.{0} Int Int.instLEInt
        (@HDiv.hDiv.{0, 0, 0} Int Int Int (@instHDiv.{0} Int Int.instDiv)
          (@HAdd.hAdd.{0, 0, 0} Int Int Int (@instHAdd.{0} Int Int.instAdd)
            (FT1536M0.listBits
              (@List.ofFn.{0} Int (@OfNat.ofNat.{0} Nat (nat_lit 1536) (instOfNatNat (nat_lit 1536))) b))
            (@OfNat.ofNat.{0} Int (nat_lit 7) (@instOfNat (nat_lit 7))))
          (@OfNat.ofNat.{0} Int (nat_lit 8) (@instOfNat (nat_lit 8))))
        (@OfNat.ofNat.{0} Int (nat_lit 4095) (@instOfNat (nat_lit 4095)))) :=
    FT1536M0.encoder_count_exact (@OfNat.ofNat.{0} Int (nat_lit 4095) (@instOfNat (nat_lit 4095)))
      (@List.ofFn.{0} Int (@OfNat.ofNat.{0} Nat (nat_lit 1536) (instOfNatNat (nat_lit 1536))) b)
      (@Eq.mpr.{0}
        (@LE.le.{0} Int Int.instLEInt
          (FT1536M0.listBits (@List.ofFn.{0} Int (@OfNat.ofNat.{0} Nat (nat_lit 1536) (instOfNatNat (nat_lit 1536))) b))
          (@HMul.hMul.{0, 0, 0} Int Int Int (@instHMul.{0} Int Int.instMul)
            (@OfNat.ofNat.{0} Int (nat_lit 8) (@instOfNat (nat_lit 8)))
            (@OfNat.ofNat.{0} Int (nat_lit 4095) (@instOfNat (nat_lit 4095)))))
        (@LE.le.{0} Int Int.instLEInt (FT1536M0.staticBits b)
          (@HMul.hMul.{0, 0, 0} Int Int Int (@instHMul.{0} Int Int.instMul)
            (@OfNat.ofNat.{0} Int (nat_lit 8) (@instOfNat (nat_lit 8)))
            (@OfNat.ofNat.{0} Int (nat_lit 4095) (@instOfNat (nat_lit 4095)))))
        (@id.{0}
          (@Eq.{1} Prop
            (@LE.le.{0} Int Int.instLEInt
              (FT1536M0.listBits
                (@List.ofFn.{0} Int (@OfNat.ofNat.{0} Nat (nat_lit 1536) (instOfNatNat (nat_lit 1536))) b))
              (@HMul.hMul.{0, 0, 0} Int Int Int (@instHMul.{0} Int Int.instMul)
                (@OfNat.ofNat.{0} Int (nat_lit 8) (@instOfNat (nat_lit 8)))
                (@OfNat.ofNat.{0} Int (nat_lit 4095) (@instOfNat (nat_lit 4095)))))
            (@LE.le.{0} Int Int.instLEInt (FT1536M0.staticBits b)
              (@HMul.hMul.{0, 0, 0} Int Int Int (@instHMul.{0} Int Int.instMul)
                (@OfNat.ofNat.{0} Int (nat_lit 8) (@instOfNat (nat_lit 8)))
                (@OfNat.ofNat.{0} Int (nat_lit 4095) (@instOfNat (nat_lit 4095))))))
          (@congrArg.{1, 1} Int Prop
            (FT1536M0.listBits
              (@List.ofFn.{0} Int (@OfNat.ofNat.{0} Nat (nat_lit 1536) (instOfNatNat (nat_lit 1536))) b))
            (FT1536M0.staticBits b)
            (fun (_a : Int) =>
              @LE.le.{0} Int Int.instLEInt _a
                (@HMul.hMul.{0, 0, 0} Int Int Int (@instHMul.{0} Int Int.instMul)
                  (@OfNat.ofNat.{0} Int (nat_lit 8) (@instOfNat (nat_lit 8)))
                  (@OfNat.ofNat.{0} Int (nat_lit 4095) (@instOfNat (nat_lit 4095)))))
            hbits))
        (@Decidable.byContradiction
          (@LE.le.{0} Int Int.instLEInt (FT1536M0.staticBits b)
            (@HMul.hMul.{0, 0, 0} Int Int Int (@instHMul.{0} Int Int.instMul)
              (@OfNat.ofNat.{0} Int (nat_lit 8) (@instOfNat (nat_lit 8)))
              (@OfNat.ofNat.{0} Int (nat_lit 4095) (@instOfNat (nat_lit 4095)))))
          (Int.decLe (FT1536M0.staticBits b)
            (@HMul.hMul.{0, 0, 0} Int Int Int (@instHMul.{0} Int Int.instMul)
              (@OfNat.ofNat.{0} Int (nat_lit 8) (@instOfNat (nat_lit 8)))
              (@OfNat.ofNat.{0} Int (nat_lit 4095) (@instOfNat (nat_lit 4095)))))
          fun
            (a :
              Not
                (@LE.le.{0} Int Int.instLEInt (FT1536M0.staticBits b)
                  (@HMul.hMul.{0, 0, 0} Int Int Int (@instHMul.{0} Int Int.instMul)
                    (@OfNat.ofNat.{0} Int (nat_lit 8) (@instOfNat (nat_lit 8)))
                    (@OfNat.ofNat.{0} Int (nat_lit 4095) (@instOfNat (nat_lit 4095)))))) =>
          FT1536M0.STATIC_FITS_4096._proof_1_1 b hcap hbits a));
  @And.intro
    (@Eq.{1} (Option.{0} Int)
      (FT1536M0.encodeCount (@OfNat.ofNat.{0} Int (nat_lit 4095) (@instOfNat (nat_lit 4095)))
        (@List.ofFn.{0} Int (@OfNat.ofNat.{0} Nat (nat_lit 1536) (instOfNatNat (nat_lit 1536))) b))
      (@Option.some.{0} Int
        (@HSub.hSub.{0, 0, 0} Int Int Int (@instHSub.{0} Int Int.instSub) (FT1536M0.payloadLength b)
          (@OfNat.ofNat.{0} Int (nat_lit 1) (@instOfNat (nat_lit 1))))))
    (And
      (@LE.le.{0} Int Int.instLEInt (FT1536M0.payloadLength b)
        (@OfNat.ofNat.{0} Int (nat_lit 3160) (@instOfNat (nat_lit 3160))))
      (@LT.lt.{0} Int Int.instLTInt (FT1536M0.payloadLength b)
        (@OfNat.ofNat.{0} Int (nat_lit 4096) (@instOfNat (nat_lit 4096)))))
    (have hlen :
      @Eq.{1} Int
        (@HSub.hSub.{0, 0, 0} Int Int Int (@instHSub.{0} Int Int.instSub) (FT1536M0.payloadLength b)
          (@OfNat.ofNat.{0} Int (nat_lit 1) (@instOfNat (nat_lit 1))))
        (@HDiv.hDiv.{0, 0, 0} Int Int Int (@instHDiv.{0} Int Int.instDiv)
          (@HAdd.hAdd.{0, 0, 0} Int Int Int (@instHAdd.{0} Int Int.instAdd) (FT1536M0.staticBits b)
            (@OfNat.ofNat.{0} Int (nat_lit 7) (@instOfNat (nat_lit 7))))
          (@OfNat.ofNat.{0} Int (nat_lit 8) (@instOfNat (nat_lit 8)))) :=
      @id.{0}
        (@Eq.{1} Int
          (@HSub.hSub.{0, 0, 0} Int Int Int (@instHSub.{0} Int Int.instSub) (FT1536M0.payloadLength b)
            (@OfNat.ofNat.{0} Int (nat_lit 1) (@instOfNat (nat_lit 1))))
          (@HDiv.hDiv.{0, 0, 0} Int Int Int (@instHDiv.{0} Int Int.instDiv)
            (@HAdd.hAdd.{0, 0, 0} Int Int Int (@instHAdd.{0} Int Int.instAdd) (FT1536M0.staticBits b)
              (@OfNat.ofNat.{0} Int (nat_lit 7) (@instOfNat (nat_lit 7))))
            (@OfNat.ofNat.{0} Int (nat_lit 8) (@instOfNat (nat_lit 8)))))
        (@Decidable.byContradiction
          (@Eq.{1} Int
            (@HSub.hSub.{0, 0, 0} Int Int Int (@instHSub.{0} Int Int.instSub)
              (@HAdd.hAdd.{0, 0, 0} Int Int Int (@instHAdd.{0} Int Int.instAdd)
                (@OfNat.ofNat.{0} Int (nat_lit 1) (@instOfNat (nat_lit 1)))
                (@HDiv.hDiv.{0, 0, 0} Int Int Int (@instHDiv.{0} Int Int.instDiv)
                  (@HAdd.hAdd.{0, 0, 0} Int Int Int (@instHAdd.{0} Int Int.instAdd) (FT1536M0.staticBits b)
                    (@OfNat.ofNat.{0} Int (nat_lit 7) (@instOfNat (nat_lit 7))))
                  (@OfNat.ofNat.{0} Int (nat_lit 8) (@instOfNat (nat_lit 8)))))
              (@OfNat.ofNat.{0} Int (nat_lit 1) (@instOfNat (nat_lit 1))))
            (@HDiv.hDiv.{0, 0, 0} Int Int Int (@instHDiv.{0} Int Int.instDiv)
              (@HAdd.hAdd.{0, 0, 0} Int Int Int (@instHAdd.{0} Int Int.instAdd) (FT1536M0.staticBits b)
                (@OfNat.ofNat.{0} Int (nat_lit 7) (@instOfNat (nat_lit 7))))
              (@OfNat.ofNat.{0} Int (nat_lit 8) (@instOfNat (nat_lit 8)))))
          (Int.instDecidableEq
            (@HSub.hSub.{0, 0, 0} Int Int Int (@instHSub.{0} Int Int.instSub)
              (@HAdd.hAdd.{0, 0, 0} Int Int Int (@instHAdd.{0} Int Int.instAdd)
                (@OfNat.ofNat.{0} Int (nat_lit 1) (@instOfNat (nat_lit 1)))
                (@HDiv.hDiv.{0, 0, 0} Int Int Int (@instHDiv.{0} Int Int.instDiv)
                  (@HAdd.hAdd.{0, 0, 0} Int Int Int (@instHAdd.{0} Int Int.instAdd) (FT1536M0.staticBits b)
                    (@OfNat.ofNat.{0} Int (nat_lit 7) (@instOfNat (nat_lit 7))))
                  (@OfNat.ofNat.{0} Int (nat_lit 8) (@instOfNat (nat_lit 8)))))
              (@OfNat.ofNat.{0} Int (nat_lit 1) (@instOfNat (nat_lit 1))))
            (@HDiv.hDiv.{0, 0, 0} Int Int Int (@instHDiv.{0} Int Int.instDiv)
              (@HAdd.hAdd.{0, 0, 0} Int Int Int (@instHAdd.{0} Int Int.instAdd) (FT1536M0.staticBits b)
                (@OfNat.ofNat.{0} Int (nat_lit 7) (@instOfNat (nat_lit 7))))
              (@OfNat.ofNat.{0} Int (nat_lit 8) (@instOfNat (nat_lit 8)))))
          fun
            (a :
              Not
                (@Eq.{1} Int
                  (@HSub.hSub.{0, 0, 0} Int Int Int (@instHSub.{0} Int Int.instSub)
                    (@HAdd.hAdd.{0, 0, 0} Int Int Int (@instHAdd.{0} Int Int.instAdd)
                      (@OfNat.ofNat.{0} Int (nat_lit 1) (@instOfNat (nat_lit 1)))
                      (@HDiv.hDiv.{0, 0, 0} Int Int Int (@instHDiv.{0} Int Int.instDiv)
                        (@HAdd.hAdd.{0, 0, 0} Int Int Int (@instHAdd.{0} Int Int.instAdd) (FT1536M0.staticBits b)
                          (@OfNat.ofNat.{0} Int (nat_lit 7) (@instOfNat (nat_lit 7))))
                        (@OfNat.ofNat.{0} Int (nat_lit 8) (@instOfNat (nat_lit 8)))))
                    (@OfNat.ofNat.{0} Int (nat_lit 1) (@instOfNat (nat_lit 1))))
                  (@HDiv.hDiv.{0, 0, 0} Int Int Int (@instHDiv.{0} Int Int.instDiv)
                    (@HAdd.hAdd.{0, 0, 0} Int Int Int (@instHAdd.{0} Int Int.instAdd) (FT1536M0.staticBits b)
                      (@OfNat.ofNat.{0} Int (nat_lit 7) (@instOfNat (nat_lit 7))))
                    (@OfNat.ofNat.{0} Int (nat_lit 8) (@instOfNat (nat_lit 8)))))) =>
          FT1536M0.STATIC_FITS_4096._proof_1_2 b a);
    @Eq.mpr.{0}
      (@Eq.{1} (Option.{0} Int)
        (FT1536M0.encodeCount (@OfNat.ofNat.{0} Int (nat_lit 4095) (@instOfNat (nat_lit 4095)))
          (@List.ofFn.{0} Int (@OfNat.ofNat.{0} Nat (nat_lit 1536) (instOfNatNat (nat_lit 1536))) b))
        (@Option.some.{0} Int
          (@HSub.hSub.{0, 0, 0} Int Int Int (@instHSub.{0} Int Int.instSub) (FT1536M0.payloadLength b)
            (@OfNat.ofNat.{0} Int (nat_lit 1) (@instOfNat (nat_lit 1))))))
      (@Eq.{1} (Option.{0} Int)
        (FT1536M0.encodeCount (@OfNat.ofNat.{0} Int (nat_lit 4095) (@instOfNat (nat_lit 4095)))
          (@List.ofFn.{0} Int (@OfNat.ofNat.{0} Nat (nat_lit 1536) (instOfNatNat (nat_lit 1536))) b))
        (@Option.some.{0} Int
          (@HDiv.hDiv.{0, 0, 0} Int Int Int (@instHDiv.{0} Int Int.instDiv)
            (@HAdd.hAdd.{0, 0, 0} Int Int Int (@instHAdd.{0} Int Int.instAdd) (FT1536M0.staticBits b)
              (@OfNat.ofNat.{0} Int (nat_lit 7) (@instOfNat (nat_lit 7))))
            (@OfNat.ofNat.{0} Int (nat_lit 8) (@instOfNat (nat_lit 8))))))
      (@id.{0}
        (@Eq.{1} Prop
          (@Eq.{1} (Option.{0} Int)
            (FT1536M0.encodeCount (@OfNat.ofNat.{0} Int (nat_lit 4095) (@instOfNat (nat_lit 4095)))
              (@List.ofFn.{0} Int (@OfNat.ofNat.{0} Nat (nat_lit 1536) (instOfNatNat (nat_lit 1536))) b))
            (@Option.some.{0} Int
              (@HSub.hSub.{0, 0, 0} Int Int Int (@instHSub.{0} Int Int.instSub) (FT1536M0.payloadLength b)
                (@OfNat.ofNat.{0} Int (nat_lit 1) (@instOfNat (nat_lit 1))))))
          (@Eq.{1} (Option.{0} Int)
            (FT1536M0.encodeCount (@OfNat.ofNat.{0} Int (nat_lit 4095) (@instOfNat (nat_lit 4095)))
              (@List.ofFn.{0} Int (@OfNat.ofNat.{0} Nat (nat_lit 1536) (instOfNatNat (nat_lit 1536))) b))
            (@Option.some.{0} Int
              (@HDiv.hDiv.{0, 0, 0} Int Int Int (@instHDiv.{0} Int Int.instDiv)
                (@HAdd.hAdd.{0, 0, 0} Int Int Int (@instHAdd.{0} Int Int.instAdd) (FT1536M0.staticBits b)
                  (@OfNat.ofNat.{0} Int (nat_lit 7) (@instOfNat (nat_lit 7))))
                (@OfNat.ofNat.{0} Int (nat_lit 8) (@instOfNat (nat_lit 8)))))))
        (@congrArg.{1, 1} Int Prop
          (@HSub.hSub.{0, 0, 0} Int Int Int (@instHSub.{0} Int Int.instSub) (FT1536M0.payloadLength b)
            (@OfNat.ofNat.{0} Int (nat_lit 1) (@instOfNat (nat_lit 1))))
          (@HDiv.hDiv.{0, 0, 0} Int Int Int (@instHDiv.{0} Int Int.instDiv)
            (@HAdd.hAdd.{0, 0, 0} Int Int Int (@instHAdd.{0} Int Int.instAdd) (FT1536M0.staticBits b)
              (@OfNat.ofNat.{0} Int (nat_lit 7) (@instOfNat (nat_lit 7))))
            (@OfNat.ofNat.{0} Int (nat_lit 8) (@instOfNat (nat_lit 8))))
          (fun (_a : Int) =>
            @Eq.{1} (Option.{0} Int)
              (FT1536M0.encodeCount (@OfNat.ofNat.{0} Int (nat_lit 4095) (@instOfNat (nat_lit 4095)))
                (@List.ofFn.{0} Int (@OfNat.ofNat.{0} Nat (nat_lit 1536) (instOfNatNat (nat_lit 1536))) b))
              (@Option.some.{0} Int _a))
          hlen))
      (@And.left
        (@Eq.{1} (Option.{0} Int)
          (FT1536M0.encodeCount (@OfNat.ofNat.{0} Int (nat_lit 4095) (@instOfNat (nat_lit 4095)))
            (@List.ofFn.{0} Int (@OfNat.ofNat.{0} Nat (nat_lit 1536) (instOfNatNat (nat_lit 1536))) b))
          (@Option.some.{0} Int
            (@HDiv.hDiv.{0, 0, 0} Int Int Int (@instHDiv.{0} Int Int.instDiv)
              (@HAdd.hAdd.{0, 0, 0} Int Int Int (@instHAdd.{0} Int Int.instAdd) (FT1536M0.staticBits b)
                (@OfNat.ofNat.{0} Int (nat_lit 7) (@instOfNat (nat_lit 7))))
              (@OfNat.ofNat.{0} Int (nat_lit 8) (@instOfNat (nat_lit 8))))))
        (@LE.le.{0} Int Int.instLEInt
          (@HDiv.hDiv.{0, 0, 0} Int Int Int (@instHDiv.{0} Int Int.instDiv)
            (@HAdd.hAdd.{0, 0, 0} Int Int Int (@instHAdd.{0} Int Int.instAdd) (FT1536M0.staticBits b)
              (@OfNat.ofNat.{0} Int (nat_lit 7) (@instOfNat (nat_lit 7))))
            (@OfNat.ofNat.{0} Int (nat_lit 8) (@instOfNat (nat_lit 8))))
          (@OfNat.ofNat.{0} Int (nat_lit 4095) (@instOfNat (nat_lit 4095))))
        (@Eq.mp.{0}
          (And
            (@Eq.{1} (Option.{0} Int)
              (FT1536M0.encodeCount (@OfNat.ofNat.{0} Int (nat_lit 4095) (@instOfNat (nat_lit 4095)))
                (@List.ofFn.{0} Int (@OfNat.ofNat.{0} Nat (nat_lit 1536) (instOfNatNat (nat_lit 1536))) b))
              (@Option.some.{0} Int
                (@HDiv.hDiv.{0, 0, 0} Int Int Int (@instHDiv.{0} Int Int.instDiv)
                  (@HAdd.hAdd.{0, 0, 0} Int Int Int (@instHAdd.{0} Int Int.instAdd)
                    (FT1536M0.listBits
                      (@List.ofFn.{0} Int (@OfNat.ofNat.{0} Nat (nat_lit 1536) (instOfNatNat (nat_lit 1536))) b))
                    (@OfNat.ofNat.{0} Int (nat_lit 7) (@instOfNat (nat_lit 7))))
                  (@OfNat.ofNat.{0} Int (nat_lit 8) (@instOfNat (nat_lit 8))))))
            (@LE.le.{0} Int Int.instLEInt
              (@HDiv.hDiv.{0, 0, 0} Int Int Int (@instHDiv.{0} Int Int.instDiv)
                (@HAdd.hAdd.{0, 0, 0} Int Int Int (@instHAdd.{0} Int Int.instAdd)
                  (FT1536M0.listBits
                    (@List.ofFn.{0} Int (@OfNat.ofNat.{0} Nat (nat_lit 1536) (instOfNatNat (nat_lit 1536))) b))
                  (@OfNat.ofNat.{0} Int (nat_lit 7) (@instOfNat (nat_lit 7))))
                (@OfNat.ofNat.{0} Int (nat_lit 8) (@instOfNat (nat_lit 8))))
              (@OfNat.ofNat.{0} Int (nat_lit 4095) (@instOfNat (nat_lit 4095)))))
          (And
            (@Eq.{1} (Option.{0} Int)
              (FT1536M0.encodeCount (@OfNat.ofNat.{0} Int (nat_lit 4095) (@instOfNat (nat_lit 4095)))
                (@List.ofFn.{0} Int (@OfNat.ofNat.{0} Nat (nat_lit 1536) (instOfNatNat (nat_lit 1536))) b))
              (@Option.some.{0} Int
                (@HDiv.hDiv.{0, 0, 0} Int Int Int (@instHDiv.{0} Int Int.instDiv)
                  (@HAdd.hAdd.{0, 0, 0} Int Int Int (@instHAdd.{0} Int Int.instAdd) (FT1536M0.staticBits b)
                    (@OfNat.ofNat.{0} Int (nat_lit 7) (@instOfNat (nat_lit 7))))
                  (@OfNat.ofNat.{0} Int (nat_lit 8) (@instOfNat (nat_lit 8))))))
            (@LE.le.{0} Int Int.instLEInt
              (@HDiv.hDiv.{0, 0, 0} Int Int Int (@instHDiv.{0} Int Int.instDiv)
                (@HAdd.hAdd.{0, 0, 0} Int Int Int (@instHAdd.{0} Int Int.instAdd) (FT1536M0.staticBits b)
                  (@OfNat.ofNat.{0} Int (nat_lit 7) (@instOfNat (nat_lit 7))))
                (@OfNat.ofNat.{0} Int (nat_lit 8) (@instOfNat (nat_lit 8))))
              (@OfNat.ofNat.{0} Int (nat_lit 4095) (@instOfNat (nat_lit 4095)))))
          (@congrArg.{1, 1} Int Prop
            (FT1536M0.listBits
              (@List.ofFn.{0} Int (@OfNat.ofNat.{0} Nat (nat_lit 1536) (instOfNatNat (nat_lit 1536))) b))
            (FT1536M0.staticBits b)
            (fun (_a : Int) =>
              And
                (@Eq.{1} (Option.{0} Int)
                  (FT1536M0.encodeCount (@OfNat.ofNat.{0} Int (nat_lit 4095) (@instOfNat (nat_lit 4095)))
                    (@List.ofFn.{0} Int (@OfNat.ofNat.{0} Nat (nat_lit 1536) (instOfNatNat (nat_lit 1536))) b))
                  (@Option.some.{0} Int
                    (@HDiv.hDiv.{0, 0, 0} Int Int Int (@instHDiv.{0} Int Int.instDiv)
                      (@HAdd.hAdd.{0, 0, 0} Int Int Int (@instHAdd.{0} Int Int.instAdd) _a
                        (@OfNat.ofNat.{0} Int (nat_lit 7) (@instOfNat (nat_lit 7))))
                      (@OfNat.ofNat.{0} Int (nat_lit 8) (@instOfNat (nat_lit 8))))))
                (@LE.le.{0} Int Int.instLEInt
                  (@HDiv.hDiv.{0, 0, 0} Int Int Int (@instHDiv.{0} Int Int.instDiv)
                    (@HAdd.hAdd.{0, 0, 0} Int Int Int (@instHAdd.{0} Int Int.instAdd) _a
                      (@OfNat.ofNat.{0} Int (nat_lit 7) (@instOfNat (nat_lit 7))))
                    (@OfNat.ofNat.{0} Int (nat_lit 8) (@instOfNat (nat_lit 8))))
                  (@OfNat.ofNat.{0} Int (nat_lit 4095) (@instOfNat (nat_lit 4095)))))
            hbits)
          he)))
    (@And.right
      (@LE.le.{0} Int Int.instLEInt (FT1536M0.staticBits b)
        (@OfNat.ofNat.{0} Int (nat_lit 25267) (@instOfNat (nat_lit 25267))))
      (And
        (@LE.le.{0} Int Int.instLEInt (FT1536M0.payloadLength b)
          (@OfNat.ofNat.{0} Int (nat_lit 3160) (@instOfNat (nat_lit 3160))))
        (@LT.lt.{0} Int Int.instLTInt (FT1536M0.payloadLength b)
          (@OfNat.ofNat.{0} Int (nat_lit 4096) (@instOfNat (nat_lit 4096)))))
      hcap)
M0Types 0 0.284
