{
  "status": "PASS_KERNEL_SUBSET_AND_PROVENANCE",
  "modules": 21,
  "checked_theorems": 115,
  "new_theorems": 16,
  "all_final_logs_clean": true,
  "allowed_axioms": [
    "Classical.choice",
    "Quot.sound",
    "propext"
  ],
  "inherited_modules_unchanged": 15,
  "audit_stdout_sha256": "ea8f8ef7074a6bcc86f12084760ce6589012960a229909746f741175616479af",
  "full_types_terms_sha256": "35f1644732d67d64c4db616d7c0c6546a52afb6351f1890ee05b4d80c2ba5d79",
  "analytical_proofs": {
    "ANALYTIC_PROOF.md": "181cbabf6f2648cd241cc482fad7519dd9068465675227299faaa667d434116e",
    "ROOT_CONSUMPTION.md": "a3e267c70939c1f67c9ad36efe93178088ea01e53d8bd74ada6b067037ef8427",
    "NODE3_FRAME.md": "f6c3d6a95c5a42c579f0e190dca3f2750d8534fd931f6667c607ec75342d2a95"
  },
  "full_node3_theorem_kernelized": false,
  "proof_layer": "Kernel integer/inverse/dataflow/constant/frame lemmas; universal Node3 source spectral/error composition analytical with exact certificates.",
  "H3_range_proved": false,
  "full_internal_tree_proved": false,
  "global_reachability_proved": false,
  "sampler_law_proved": false
}
