{
  "status": "PASS_UNIFORM_C3_COMPOSITION",
  "inverse3": {
    "raw": "3fd5555555555555",
    "value": "6004799503160661/18014398509481984",
    "error_from_one_third": "1/54043195528445952"
  },
  "constants": [
    {
      "branch": 0,
      "input_abs_cap": "8388608",
      "split_rounding_norm_error": "1/8192",
      "input_to_real_comparison_error": "0",
      "split_to_exact_reference_error": "9/8192",
      "comparison_eigen_lower": "1/4",
      "comparison_entry_error": "1/8192",
      "t0_real_lower": "1/4",
      "t0_real_upper": "16777216",
      "d11_real_lower": "1/8",
      "d22_real_lower": "1/8",
      "diagonal_real_upper": "33554432",
      "t0_imag_abs_upper": "0",
      "d11_imag_abs_upper": "1/256",
      "d22_imag_abs_upper": "1/256",
      "L10_L20_norm_upper": "2",
      "L21_norm_upper": "4",
      "L10_L20_error_norm": "1/64",
      "L21_error_norm": "1/16",
      "d11_error_norm": "1/128",
      "d22_error_norm": "1/8",
      "source_d11_error_to_H_real": "1/262144",
      "source_d22_error_to_H_real": "1/256",
      "symmetry_modulus_gap_upper": "1/4096",
      "t0_error_norm": "9/8192",
      "all_operand_abs_cap": "2^100",
      "div_denominator_interval": [
        "1/16",
        "34359738368"
      ],
      "intermediate_caps": {
        "split_outputs": "16777216",
        "muladj_c_b": "562949953421312",
        "quotient_c_b_over_h": "33554432",
        "L21_numerator": "67108864",
        "mulselfadj_L21_real": "32",
        "final_product_real": "2147483648"
      }
    },
    {
      "branch": 1,
      "input_abs_cap": "4294967296",
      "split_rounding_norm_error": "1/16",
      "input_to_real_comparison_error": "2653737706650536509441/147573952589676412928",
      "split_to_exact_reference_error": "67108865/16",
      "comparison_eigen_lower": "16",
      "comparison_entry_error": "2662961078687391285249/147573952589676412928",
      "t0_real_lower": "16",
      "t0_real_upper": "8589934592",
      "d11_real_lower": "8",
      "d22_real_lower": "8",
      "diagonal_real_upper": "17179869184",
      "t0_imag_abs_upper": "32",
      "d11_imag_abs_upper": "33",
      "d22_imag_abs_upper": "34",
      "L10_L20_norm_upper": "2",
      "L21_norm_upper": "4",
      "L10_L20_error_norm": "3",
      "L21_error_norm": "5",
      "d11_error_norm": "33554432",
      "d22_error_norm": "536870912",
      "source_d11_error_to_H_real": "1/512",
      "source_d22_error_to_H_real": "2",
      "symmetry_modulus_gap_upper": "2662961078687391285249/73786976294838206464",
      "t0_error_norm": "67108865/16",
      "all_operand_abs_cap": "2^100",
      "div_denominator_interval": [
        "1/16",
        "34359738368"
      ],
      "intermediate_caps": {
        "split_outputs": "8589934592",
        "muladj_c_b": "147573952589676412928",
        "quotient_c_b_over_h": "17179869184",
        "L21_numerator": "34359738368",
        "mulselfadj_L21_real": "32",
        "final_product_real": "1099511627776"
      }
    }
  ]
}
