kernel 0 25.502
normal 0 2.361
sanitizers 0 2.853
model_values 0 0.359
numeric 0 1.526
oracle 0 1.709
binding 0 0.067
ledger 0 0.054
toolchain 0 1.487
{
  "status": "FRESH_REPLAY_PASS",
  "mode": "rehearsal",
  "expected_outputs_sha256": null,
  "proof_kind": "MIXED_KERNEL_AND_UNIVERSAL_ANALYTICAL_SOURCE_PROOF",
  "full_node3_theorem_kernelized": false,
  "no_carried_olean_binary_cache": true,
  "originals_required": false,
  "asan_ubsan_replayed": true,
  "H3_range_proved": false,
  "global_reachability_proved": false,
  "full_internal_tree_proved": false,
  "sampler_law_proved": false,
  "semantic_manifest_sha256": "e76d99d9c8653590674041ee6a5a22962e7be1c0c69f8a5945f519649a78bd5b",
  "matched_files": 123
}
