0000000000000000 0 0
0000000000000001 0 0
3fdfffffffffffff 0 0
3fe0000000000000 0 0
3fe0000000000001 1 1
3ff7ffffffffffff 1 1
3ff8000000000000 2 2
3ff8000000000001 2 2
40dfffbfffffffff 32767 32767
40dfffc000000000 32767 32767
40dfffc000000001 32767 32767
40dfffdfffffffff 32767 32767
40dfffe000000000 32768 -32768
40dfffe000000001 32768 -32768
40efffffffffffff 65536 0
40f0000000000000 65536 0
40f0000000000001 65536 0
8000000000000000 0 0
8000000000000001 0 0
bfdfffffffffffff 0 0
bfe0000000000000 0 0
bfe0000000000001 -1 -1
c0dfffffffffffff -32768 -32768
c0e0000000000000 -32768 -32768
c0e0000000000001 -32768 -32768
c0e0000fffffffff -32768 -32768
c0e0001000000000 -32768 -32768
c0e0001000000001 -32769 32767
