{"argv": ["/usr/bin/gcc", "-W", "-Wall", "-O", "-DFPR_IMPL=\"fpr-emulated.h\"", "-DSAMPLER_CODF=0", "-DSAMPLER_CDF=0", "-DCT_BEREXP=1", "-DFT_TERNARY_ADAPTIVE_CDF=1", "-DFT1536_CANDIDATE_PROFILE=1", "-DCLEANSE=1", "-DTRUE_TERNARY_SECRET=1", "-DTRUE_TERNARY_SECRET_MODE=1", "-DTERNARY_KEYGEN_BOUND_SCALE_NUM=1250", "-DTERNARY_KEYGEN_BOUND_SCALE_DEN=100", "-DTERNARY_KEYGEN_MAX_ATTEMPTS=3000000", "-DSIGN_MAX_ATTEMPTS=16", "-std=c99", "-shared", "-fPIC", "-Ireference", "resume_001/harness_observed.c", "reference/falcon-enc.c", "reference/shake.c", "-o", "/home/footfalcon/Dokumenty/FT1536_LV_STATIC_RUN_001/tmp/replay_001/bin/resume_001/observed-shared.so", "-lm"]}
{
  "mode": "observed-shared",
  "argv": [
    "/usr/bin/gcc",
    "-W",
    "-Wall",
    "-O",
    "-DFPR_IMPL=\"fpr-emulated.h\"",
    "-DSAMPLER_CODF=0",
    "-DSAMPLER_CDF=0",
    "-DCT_BEREXP=1",
    "-DFT_TERNARY_ADAPTIVE_CDF=1",
    "-DFT1536_CANDIDATE_PROFILE=1",
    "-DCLEANSE=1",
    "-DTRUE_TERNARY_SECRET=1",
    "-DTRUE_TERNARY_SECRET_MODE=1",
    "-DTERNARY_KEYGEN_BOUND_SCALE_NUM=1250",
    "-DTERNARY_KEYGEN_BOUND_SCALE_DEN=100",
    "-DTERNARY_KEYGEN_MAX_ATTEMPTS=3000000",
    "-DSIGN_MAX_ATTEMPTS=16",
    "-std=c99",
    "-shared",
    "-fPIC",
    "-Ireference",
    "resume_001/harness_observed.c",
    "reference/falcon-enc.c",
    "reference/shake.c",
    "-o",
    "/home/footfalcon/Dokumenty/FT1536_LV_STATIC_RUN_001/tmp/replay_001/bin/resume_001/observed-shared.so",
    "-lm"
  ],
  "cwd": "/home/footfalcon/Dokumenty/FT1536_LV_STATIC_RUN_001/tmp/replay_001",
  "exit_code": 0,
  "sources": {
    "resume_001/harness_observed.c": "393e013d1806489c16301628fd47d10337df7e8b1ca048882c7e3a3de07ca042",
    "reference/falcon-enc.c": "0f7085fa975d41ebbeb96d5db4cb68482c344ef2d602ca8853e20a4d4f04fb05",
    "reference/shake.c": "c3e7864bf4139264f8c287053214bf869e242757bf555235da81454e40ea316a"
  },
  "binary": "bin/resume_001/observed-shared.so",
  "binary_sha256": "8aaa85afa753f79acfd635868a04165c9b64d799c7a5784be24b9e077f82914a"
}
