'energy_append' depends on axioms: [propext]
'block_0_norm' does not depend on any axioms
'block_1_norm' does not depend on any axioms
'block_2_norm' does not depend on any axioms
'block_3_norm' does not depend on any axioms
'block_4_norm' does not depend on any axioms
'block_5_norm' does not depend on any axioms
'block_6_norm' does not depend on any axioms
'block_7_norm' does not depend on any axioms
'block_8_norm' does not depend on any axioms
'block_9_norm' does not depend on any axioms
'block_10_norm' does not depend on any axioms
'block_11_norm' does not depend on any axioms
'pair_counts' does not depend on any axioms
'first_total' depends on axioms: [propext]
'second_total' does not depend on any axioms
'machine_first_total' does not depend on any axioms
'full_extractor_norm' depends on axioms: [propext]
'machine_pair_short' does not depend on any axioms
'extractor_pair_not_short' depends on axioms: [propext]
'extractor_excess' depends on axioms: [propext]
'pre_ntt_word' does not depend on any axioms
'distinct_residues' does not depend on any axioms
'long_unary_counter_wrap' does not depend on any axioms
'long_unary_accept_boundary' does not depend on any axioms
'long_unary_reject_boundary' does not depend on any axioms
