{
  "status": "EXACT_WITNESS_MATHEMATICS_CHECKED",
  "sage_version": "10.9",
  "witness_sha256": "2b9ea42771316eaef3cc394462b51f6a4df4e5b6e08630c5eaab0ca052da603b",
  "independent_parser": "streaming sign/8-bit low/unary; explicit unsigned and int16 reductions",
  "product_method": "Sage GF(18433)[X] multiplication and polynomial remainder by X^1536-X^768+1",
  "uses_S17_NTT_for_mathematics": false,
  "decoded_bytes": 1930,
  "first_unary_quotient": 78,
  "source_norm_from_exported_actual_pair": 400000000,
  "ext_first_norm": 42658711057,
  "ext_norm": 43058711057,
  "B": 2093922385,
  "source_strict_short": true,
  "Ext0_short": false,
  "exact_congruence": true,
  "ext_excess_over_B": 40964788672,
  "source_preNTT0": 63969,
  "correct_s0_residue": 16866,
  "stored_word_residue": 8670,
  "source_product_equals_GF_product_of_preNTT_words": true,
  "boundary_checks": [
    {
      "target": 2093922384,
      "mode": 0
    },
    {
      "target": 2093922384,
      "mode": 1
    },
    {
      "target": 2093922385,
      "mode": 0
    },
    {
      "target": 2093922385,
      "mode": 1
    },
    {
      "target": 2093922386,
      "mode": 0
    },
    {
      "target": 2093922386,
      "mode": 1
    }
  ],
  "C_execution_formalized_in_Sage": false,
  "C_execution_evidence": "separate unchanged-source binary receipts and actual-norm-argument observer",
  "support_evidence": "pinned historical canonical KeyGen public record; no private replay"
}
