{
  "witness_sha256": "2b9ea42771316eaef3cc394462b51f6a4df4e5b6e08630c5eaab0ca052da603b",
  "lean_sha256": "f166ae8569868ec8eda7a816e7ffdaa1ebacfa4c98acafde565f869b75da7215",
  "pairs": 768,
  "block_size": 64,
  "block_sums": [
    2979338580,
    4013266952,
    2965980213,
    3322203089,
    3028205106,
    4017699519,
    3741460540,
    3353075018,
    3316429520,
    4374866884,
    3861943334,
    3684242302
  ],
  "ordered_pairs_sha256": "bbd94662869a92414ead3595928850561c4c99bacc4be9cbd10992f70bf9cbf9",
  "offset": 768,
  "scope": "kernel checks every literal A2 pair energy, append grouping and exact inequalities; Sage checks the extractor identity; C acceptance separately replayed",
  "prior_attempt_preserved": "formal/Witness.lean"
}
