ZeroScalar.NumericCenter : (x : ZeroScalar.Word) → Prop
ZeroScalar.exponent_from_value : ∀ (x : ZeroScalar.Word) (hx : ZeroScalar.NumericCenter x),
  @LE.le.{0} Nat instLENat (ZeroScalar.ex x) (@OfNat.ofNat.{0} Nat (nat_lit 1053) (instOfNatNat (nat_lit 1053)))
ZeroScalar.FLOOR_ZERO : ∀ (x : ZeroScalar.Word) (hx : ZeroScalar.NumericCenter x),
  @Eq.{1} Int (ZeroScalar.floorC x)
    (@HSub.hSub.{0, 0, 0} Int Int Int (@instHSub.{0} Int Int.instSub) (ZeroScalar.floorVal x) (ZeroScalar.eps0 x))
ZeroScalar.C_INT_BRIDGE : ∀ (x : ZeroScalar.Word) (hx : ZeroScalar.NumericCenter x) (z : Int)
  (hz :
    And
      (@LE.le.{0} Int Int.instLEInt
        (@Neg.neg.{0} Int Int.instNegInt (@OfNat.ofNat.{0} Int (nat_lit 365) (@instOfNat (nat_lit 365)))) z)
      (@LE.le.{0} Int Int.instLEInt z (@OfNat.ofNat.{0} Int (nat_lit 366) (@instOfNat (nat_lit 366))))),
  And
    (@LE.le.{0} Int Int.instLEInt
      (@Neg.neg.{0} Int Int.instNegInt (@OfNat.ofNat.{0} Int (nat_lit 2147483648) (@instOfNat (nat_lit 2147483648))))
      (ZeroScalar.floorC x))
    (And
      (@LE.le.{0} Int Int.instLEInt (ZeroScalar.floorC x)
        (@OfNat.ofNat.{0} Int (nat_lit 2147483647) (@instOfNat (nat_lit 2147483647))))
      (And
        (@LE.le.{0} Int Int.instLEInt
          (@Neg.neg.{0} Int Int.instNegInt
            (@OfNat.ofNat.{0} Int (nat_lit 2147483648) (@instOfNat (nat_lit 2147483648))))
          (@HAdd.hAdd.{0, 0, 0} Int Int Int (@instHAdd.{0} Int Int.instAdd) (ZeroScalar.floorC x) z))
        (@LE.le.{0} Int Int.instLEInt
          (@HAdd.hAdd.{0, 0, 0} Int Int Int (@instHAdd.{0} Int Int.instAdd) (ZeroScalar.floorC x) z)
          (@OfNat.ofNat.{0} Int (nat_lit 2147483647) (@instOfNat (nat_lit 2147483647))))))
ZeroScalar.OF_EXACT : ∀ (i : Int)
  (hi :
    And
      (@LE.le.{0} Int Int.instLEInt
        (@Neg.neg.{0} Int Int.instNegInt (@OfNat.ofNat.{0} Int (nat_lit 2147483648) (@instOfNat (nat_lit 2147483648))))
        i)
      (@LE.le.{0} Int Int.instLEInt i (@OfNat.ofNat.{0} Int (nat_lit 2147483647) (@instOfNat (nat_lit 2147483647))))),
  @Eq.{1} Int (ZeroScalar.valueNum (ZeroScalar.ofC i))
    (@HMul.hMul.{0, 0, 0} Int Int Int (@instHMul.{0} Int Int.instMul) i ZeroScalar.D)
ZeroScalar.RHO_CLOSED : ∀ (x : ZeroScalar.Word) (hx : ZeroScalar.NumericCenter x),
  And (@LE.le.{0} Int Int.instLEInt (@OfNat.ofNat.{0} Int (nat_lit 0) (@instOfNat (nat_lit 0))) (ZeroScalar.rhoNum x))
    (@LE.le.{0} Int Int.instLEInt (ZeroScalar.rhoNum x) ZeroScalar.D)
ZeroScalar.EXACT_RESIDUAL_366 : ∀ (x : ZeroScalar.Word) (hx : ZeroScalar.NumericCenter x) (z : Int)
  (hz :
    And
      (@LE.le.{0} Int Int.instLEInt
        (@Neg.neg.{0} Int Int.instNegInt (@OfNat.ofNat.{0} Int (nat_lit 365) (@instOfNat (nat_lit 365)))) z)
      (@LE.le.{0} Int Int.instLEInt z (@OfNat.ofNat.{0} Int (nat_lit 366) (@instOfNat (nat_lit 366))))),
  And
    (@LE.le.{0} Int Int.instLEInt
      (@HMul.hMul.{0, 0, 0} Int Int Int (@instHMul.{0} Int Int.instMul)
        (@Neg.neg.{0} Int Int.instNegInt (@OfNat.ofNat.{0} Int (nat_lit 366) (@instOfNat (nat_lit 366)))) ZeroScalar.D)
      (@HSub.hSub.{0, 0, 0} Int Int Int (@instHSub.{0} Int Int.instSub) (ZeroScalar.valueNum x)
        (@HMul.hMul.{0, 0, 0} Int Int Int (@instHMul.{0} Int Int.instMul) ZeroScalar.D
          (@HAdd.hAdd.{0, 0, 0} Int Int Int (@instHAdd.{0} Int Int.instAdd) (ZeroScalar.floorC x) z))))
    (@LE.le.{0} Int Int.instLEInt
      (@HSub.hSub.{0, 0, 0} Int Int Int (@instHSub.{0} Int Int.instSub) (ZeroScalar.valueNum x)
        (@HMul.hMul.{0, 0, 0} Int Int Int (@instHMul.{0} Int Int.instMul) ZeroScalar.D
          (@HAdd.hAdd.{0, 0, 0} Int Int Int (@instHAdd.{0} Int Int.instAdd) (ZeroScalar.floorC x) z)))
      (@HMul.hMul.{0, 0, 0} Int Int Int (@instHMul.{0} Int Int.instMul)
        (@OfNat.ofNat.{0} Int (nat_lit 366) (@instOfNat (nat_lit 366))) ZeroScalar.D))
ZeroScalar.SUB_CENTER_CONTRACT : (x : ZeroScalar.Word) → Prop
ZeroScalar.SUB_RESIDUAL_CONTRACT : (x : ZeroScalar.Word) → (z : Int) → Prop
ZeroScalar.R_DELTA_DOMAIN : (x : ZeroScalar.Word) → Prop
ZeroScalar.CONSUME_SUB_RESIDUAL : ∀ (x : ZeroScalar.Word) (hx : ZeroScalar.NumericCenter x) (z : Int)
  (hz :
    And
      (@LE.le.{0} Int Int.instLEInt
        (@Neg.neg.{0} Int Int.instNegInt (@OfNat.ofNat.{0} Int (nat_lit 365) (@instOfNat (nat_lit 365)))) z)
      (@LE.le.{0} Int Int.instLEInt z (@OfNat.ofNat.{0} Int (nat_lit 366) (@instOfNat (nat_lit 366)))))
  (analytic_contract : ZeroScalar.SUB_RESIDUAL_CONTRACT x z),
  And (ZeroScalar.finiteWord (ZeroScalar.resC x z))
    (H3Range.Between (ZeroScalar.valueNum (ZeroScalar.resC x z))
      (@HAdd.hAdd.{0, 0, 0} Int Int Int (@instHAdd.{0} Int Int.instAdd)
        (@HMul.hMul.{0, 0, 0} Int Int Int (@instHMul.{0} Int Int.instMul)
          (@OfNat.ofNat.{0} Int (nat_lit 366) (@instOfNat (nat_lit 366))) ZeroScalar.D)
        ZeroScalar.Eunits))
ZeroScalar.ORDERED_ZERO_TERMINAL : ∀ (r1 rx r0 pre0 sf0 z0 e2 e3 Ehalf Eadd : Int)
  (prior_right :
    H3Range.Between r1
      (@HAdd.hAdd.{0, 0, 0} Int Int Int (@instHAdd.{0} Int Int.instAdd)
        (@HMul.hMul.{0, 0, 0} Int Int Int (@instHMul.{0} Int Int.instMul)
          (@OfNat.ofNat.{0} Int (nat_lit 366) (@instOfNat (nat_lit 366))) ZeroScalar.D)
        ZeroScalar.Eunits))
  (half_error :
    H3Range.Between
      (@HSub.hSub.{0, 0, 0} Int Int Int (@instHSub.{0} Int Int.instSub)
        (@HMul.hMul.{0, 0, 0} Int Int Int (@instHMul.{0} Int Int.instMul)
          (@OfNat.ofNat.{0} Int (nat_lit 2) (@instOfNat (nat_lit 2))) rx)
        r1)
      (@HMul.hMul.{0, 0, 0} Int Int Int (@instHMul.{0} Int Int.instMul)
        (@OfNat.ofNat.{0} Int (nat_lit 2) (@instOfNat (nat_lit 2))) Ehalf))
  (closed_rho :
    And
      (@LE.le.{0} Int Int.instLEInt (@OfNat.ofNat.{0} Int (nat_lit 0) (@instOfNat (nat_lit 0)))
        (@HSub.hSub.{0, 0, 0} Int Int Int (@instHSub.{0} Int Int.instSub) pre0
          (@HMul.hMul.{0, 0, 0} Int Int Int (@instHMul.{0} Int Int.instMul) ZeroScalar.D sf0)))
      (@LE.le.{0} Int Int.instLEInt
        (@HSub.hSub.{0, 0, 0} Int Int Int (@instHSub.{0} Int Int.instSub) pre0
          (@HMul.hMul.{0, 0, 0} Int Int Int (@instHMul.{0} Int Int.instMul) ZeroScalar.D sf0))
        ZeroScalar.D))
  (proposal :
    And
      (@LE.le.{0} Int Int.instLEInt
        (@Neg.neg.{0} Int Int.instNegInt (@OfNat.ofNat.{0} Int (nat_lit 365) (@instOfNat (nat_lit 365)))) z0)
      (@LE.le.{0} Int Int.instLEInt z0 (@OfNat.ofNat.{0} Int (nat_lit 366) (@instOfNat (nat_lit 366)))))
  (second_sub_error : H3Range.Between e2 ZeroScalar.Eunits) (last_sub_error : H3Range.Between e3 Eadd)
  (out :
    @Eq.{1} Int r0
      (@HAdd.hAdd.{0, 0, 0} Int Int Int (@instHAdd.{0} Int Int.instAdd)
        (@HSub.hSub.{0, 0, 0} Int Int Int (@instHSub.{0} Int Int.instSub)
          (@HAdd.hAdd.{0, 0, 0} Int Int Int (@instHAdd.{0} Int Int.instAdd)
            (@HSub.hSub.{0, 0, 0} Int Int Int (@instHSub.{0} Int Int.instSub) pre0
              (@HMul.hMul.{0, 0, 0} Int Int Int (@instHMul.{0} Int Int.instMul) ZeroScalar.D
                (@HAdd.hAdd.{0, 0, 0} Int Int Int (@instHAdd.{0} Int Int.instAdd) sf0 z0)))
            e2)
          rx)
        e3)),
  H3Range.Between
    (@HMul.hMul.{0, 0, 0} Int Int Int (@instHMul.{0} Int Int.instMul)
      (@OfNat.ofNat.{0} Int (nat_lit 2) (@instOfNat (nat_lit 2))) r0)
    (@HAdd.hAdd.{0, 0, 0} Int Int Int (@instHAdd.{0} Int Int.instAdd)
      (@HAdd.hAdd.{0, 0, 0} Int Int Int (@instHAdd.{0} Int Int.instAdd)
        (@HAdd.hAdd.{0, 0, 0} Int Int Int (@instHAdd.{0} Int Int.instAdd)
          (@HMul.hMul.{0, 0, 0} Int Int Int (@instHMul.{0} Int Int.instMul)
            (@OfNat.ofNat.{0} Int (nat_lit 1098) (@instOfNat (nat_lit 1098))) ZeroScalar.D)
          (@HMul.hMul.{0, 0, 0} Int Int Int (@instHMul.{0} Int Int.instMul)
            (@OfNat.ofNat.{0} Int (nat_lit 3) (@instOfNat (nat_lit 3))) ZeroScalar.Eunits))
        (@HMul.hMul.{0, 0, 0} Int Int Int (@instHMul.{0} Int Int.instMul)
          (@OfNat.ofNat.{0} Int (nat_lit 2) (@instOfNat (nat_lit 2))) Ehalf))
      (@HMul.hMul.{0, 0, 0} Int Int Int (@instHMul.{0} Int Int.instMul)
        (@OfNat.ofNat.{0} Int (nat_lit 2) (@instOfNat (nat_lit 2))) Eadd))
def ZeroScalar.NumericCenter : (x : ZeroScalar.Word) → Prop :=
fun (x : ZeroScalar.Word) =>
  And (@LT.lt.{0} Nat instLTNat (ZeroScalar.ex x) (@OfNat.ofNat.{0} Nat (nat_lit 2047) (instOfNatNat (nat_lit 2047))))
    (And
      (@LE.le.{0} Int Int.instLEInt
        (@HMul.hMul.{0, 0, 0} Int Int Int (@instHMul.{0} Int Int.instMul)
          (@Neg.neg.{0} Int Int.instNegInt
            (@OfNat.ofNat.{0} Int (nat_lit 2147483283) (@instOfNat (nat_lit 2147483283))))
          ZeroScalar.D)
        (ZeroScalar.valueNum x))
      (@LT.lt.{0} Int Int.instLTInt (ZeroScalar.valueNum x)
        (@HMul.hMul.{0, 0, 0} Int Int Int (@instHMul.{0} Int Int.instMul)
          (@OfNat.ofNat.{0} Int (nat_lit 2147483282) (@instOfNat (nat_lit 2147483282))) ZeroScalar.D)))
theorem ZeroScalar.FLOOR_ZERO : ∀ (x : ZeroScalar.Word) (hx : ZeroScalar.NumericCenter x),
  @Eq.{1} Int (ZeroScalar.floorC x)
    (@HSub.hSub.{0, 0, 0} Int Int Int (@instHSub.{0} Int Int.instSub) (ZeroScalar.floorVal x) (ZeroScalar.eps0 x)) :=
fun (x : ZeroScalar.Word) (hx : ZeroScalar.NumericCenter x) =>
  @Eq.trans.{1} Int (ZeroScalar.floorC x) (H3Range.floorParts (ZeroScalar.sg x) (ZeroScalar.ex x) (ZeroScalar.frac x))
    (@HSub.hSub.{0, 0, 0} Int Int Int (@instHSub.{0} Int Int.instSub) (ZeroScalar.floorVal x) (ZeroScalar.eps0 x))
    (ZeroScalar.floorC_parts x hx) (ZeroScalar.zero_aware_parts x hx)
theorem ZeroScalar.C_INT_BRIDGE : ∀ (x : ZeroScalar.Word) (hx : ZeroScalar.NumericCenter x) (z : Int)
  (hz :
    And
      (@LE.le.{0} Int Int.instLEInt
        (@Neg.neg.{0} Int Int.instNegInt (@OfNat.ofNat.{0} Int (nat_lit 365) (@instOfNat (nat_lit 365)))) z)
      (@LE.le.{0} Int Int.instLEInt z (@OfNat.ofNat.{0} Int (nat_lit 366) (@instOfNat (nat_lit 366))))),
  And
    (@LE.le.{0} Int Int.instLEInt
      (@Neg.neg.{0} Int Int.instNegInt (@OfNat.ofNat.{0} Int (nat_lit 2147483648) (@instOfNat (nat_lit 2147483648))))
      (ZeroScalar.floorC x))
    (And
      (@LE.le.{0} Int Int.instLEInt (ZeroScalar.floorC x)
        (@OfNat.ofNat.{0} Int (nat_lit 2147483647) (@instOfNat (nat_lit 2147483647))))
      (And
        (@LE.le.{0} Int Int.instLEInt
          (@Neg.neg.{0} Int Int.instNegInt
            (@OfNat.ofNat.{0} Int (nat_lit 2147483648) (@instOfNat (nat_lit 2147483648))))
          (@HAdd.hAdd.{0, 0, 0} Int Int Int (@instHAdd.{0} Int Int.instAdd) (ZeroScalar.floorC x) z))
        (@LE.le.{0} Int Int.instLEInt
          (@HAdd.hAdd.{0, 0, 0} Int Int Int (@instHAdd.{0} Int Int.instAdd) (ZeroScalar.floorC x) z)
          (@OfNat.ofNat.{0} Int (nat_lit 2147483647) (@instOfNat (nat_lit 2147483647)))))) :=
fun (x : ZeroScalar.Word) (hx : ZeroScalar.NumericCenter x) (z : Int)
    (hz :
      And
        (@LE.le.{0} Int Int.instLEInt
          (@Neg.neg.{0} Int Int.instNegInt (@OfNat.ofNat.{0} Int (nat_lit 365) (@instOfNat (nat_lit 365)))) z)
        (@LE.le.{0} Int Int.instLEInt z (@OfNat.ofNat.{0} Int (nat_lit 366) (@instOfNat (nat_lit 366))))) =>
  H3Range.integer_safety (ZeroScalar.floorC x) z (ZeroScalar.source_floor_range x hx) hz
theorem ZeroScalar.CONSUME_SUB_RESIDUAL : ∀ (x : ZeroScalar.Word) (hx : ZeroScalar.NumericCenter x) (z : Int)
  (hz :
    And
      (@LE.le.{0} Int Int.instLEInt
        (@Neg.neg.{0} Int Int.instNegInt (@OfNat.ofNat.{0} Int (nat_lit 365) (@instOfNat (nat_lit 365)))) z)
      (@LE.le.{0} Int Int.instLEInt z (@OfNat.ofNat.{0} Int (nat_lit 366) (@instOfNat (nat_lit 366)))))
  (analytic_contract : ZeroScalar.SUB_RESIDUAL_CONTRACT x z),
  And (ZeroScalar.finiteWord (ZeroScalar.resC x z))
    (H3Range.Between (ZeroScalar.valueNum (ZeroScalar.resC x z))
      (@HAdd.hAdd.{0, 0, 0} Int Int Int (@instHAdd.{0} Int Int.instAdd)
        (@HMul.hMul.{0, 0, 0} Int Int Int (@instHMul.{0} Int Int.instMul)
          (@OfNat.ofNat.{0} Int (nat_lit 366) (@instOfNat (nat_lit 366))) ZeroScalar.D)
        ZeroScalar.Eunits)) :=
fun (x : ZeroScalar.Word) (hx : ZeroScalar.NumericCenter x) (z : Int)
    (hz :
      And
        (@LE.le.{0} Int Int.instLEInt
          (@Neg.neg.{0} Int Int.instNegInt (@OfNat.ofNat.{0} Int (nat_lit 365) (@instOfNat (nat_lit 365)))) z)
        (@LE.le.{0} Int Int.instLEInt z (@OfNat.ofNat.{0} Int (nat_lit 366) (@instOfNat (nat_lit 366)))))
    (analytic_contract : ZeroScalar.SUB_RESIDUAL_CONTRACT x z) =>
  @And.intro (ZeroScalar.finiteWord (ZeroScalar.resC x z))
    (H3Range.Between (ZeroScalar.valueNum (ZeroScalar.resC x z))
      (@HAdd.hAdd.{0, 0, 0} Int Int Int (@instHAdd.{0} Int Int.instAdd)
        (@HMul.hMul.{0, 0, 0} Int Int Int (@instHMul.{0} Int Int.instMul)
          (@OfNat.ofNat.{0} Int (nat_lit 366) (@instOfNat (nat_lit 366))) ZeroScalar.D)
        ZeroScalar.Eunits))
    (@And.left (ZeroScalar.finiteWord (ZeroScalar.resC x z))
      (H3Range.Between
        (@HSub.hSub.{0, 0, 0} Int Int Int (@instHSub.{0} Int Int.instSub) (ZeroScalar.valueNum (ZeroScalar.resC x z))
          (@HSub.hSub.{0, 0, 0} Int Int Int (@instHSub.{0} Int Int.instSub) (ZeroScalar.valueNum x)
            (@HMul.hMul.{0, 0, 0} Int Int Int (@instHMul.{0} Int Int.instMul) ZeroScalar.D
              (@HAdd.hAdd.{0, 0, 0} Int Int Int (@instHAdd.{0} Int Int.instAdd) (ZeroScalar.floorC x) z))))
        ZeroScalar.Eunits)
      analytic_contract)
    (ZeroScalar.MACHINE_RESIDUAL_366 x hx z (ZeroScalar.valueNum (ZeroScalar.resC x z)) hz
      (@And.right (ZeroScalar.finiteWord (ZeroScalar.resC x z))
        (H3Range.Between
          (@HSub.hSub.{0, 0, 0} Int Int Int (@instHSub.{0} Int Int.instSub) (ZeroScalar.valueNum (ZeroScalar.resC x z))
            (@HSub.hSub.{0, 0, 0} Int Int Int (@instHSub.{0} Int Int.instSub) (ZeroScalar.valueNum x)
              (@HMul.hMul.{0, 0, 0} Int Int Int (@instHMul.{0} Int Int.instMul) ZeroScalar.D
                (@HAdd.hAdd.{0, 0, 0} Int Int Int (@instHAdd.{0} Int Int.instAdd) (ZeroScalar.floorC x) z))))
          ZeroScalar.Eunits)
        analytic_contract))
