
/media/footfalcon/FT1536_DATA/ft1536-dudect/FT1536_FPEMU_DUDECT_RUN_002/attempts/005/build/dudect-ft1536:     file format elf64-x86-64


Disassembly of section .init:

Disassembly of section .plt:

Disassembly of section .plt.got:

Disassembly of section .text:

0000000000002a00 <target_floor>:
    2a00:	48 89 fa             	mov    %rdi,%rdx
    2a03:	48 c1 ea 34          	shr    $0x34,%rdx
    2a07:	81 e2 ff 07 00 00    	and    $0x7ff,%edx
    2a0d:	48 89 fe             	mov    %rdi,%rsi
    2a10:	48 c1 fe 3f          	sar    $0x3f,%rsi
    2a14:	48 89 f8             	mov    %rdi,%rax
    2a17:	48 c1 e0 0a          	shl    $0xa,%rax
    2a1b:	48 0f ba f0 3f       	btr    $0x3f,%rax
    2a20:	48 0f ba e8 3e       	bts    $0x3e,%rax
    2a25:	48 31 f0             	xor    %rsi,%rax
    2a28:	48 c1 ef 3f          	shr    $0x3f,%rdi
    2a2c:	48 01 c7             	add    %rax,%rdi
    2a2f:	b9 3d 04 00 00       	mov    $0x43d,%ecx
    2a34:	29 d1                	sub    %edx,%ecx
    2a36:	81 ea fe 03 00 00    	sub    $0x3fe,%edx
    2a3c:	c1 ea 1f             	shr    $0x1f,%edx
    2a3f:	89 d2                	mov    %edx,%edx
    2a41:	48 89 f8             	mov    %rdi,%rax
    2a44:	48 c1 f8 20          	sar    $0x20,%rax
    2a48:	f6 c1 20             	test   $0x20,%cl
    2a4b:	48 0f 44 c7          	cmove  %rdi,%rax
    2a4f:	83 e1 1f             	and    $0x1f,%ecx
    2a52:	48 d3 f8             	sar    %cl,%rax
    2a55:	48 8d 4a ff          	lea    -0x1(%rdx),%rcx
    2a59:	48 21 c8             	and    %rcx,%rax
    2a5c:	48 f7 da             	neg    %rdx
    2a5f:	48 21 d6             	and    %rdx,%rsi
    2a62:	48 09 f0             	or     %rsi,%rax
    2a65:	c3                   	ret

Disassembly of section .fini:
