{
  "status": "PASS",
  "members": 396,
  "origins": 394,
  "source_files": 17,
  "public_inputs": 400,
  "member_bytes": 8324239,
  "all_pins_match": true,
  "exact_scope": true,
  "source_changed": false,
  "inherited_modules": [
    "Floor",
    "ValueDomain",
    "SourceFloor",
    "Proposal",
    "CDF",
    "OrderedResidual",
    "Comparator",
    "GuardPrefix",
    "ZeroRho",
    "BitErrors",
    "PackOf",
    "RootDiv",
    "RootFrame",
    "RootBounds",
    "RootModel",
    "TargetWords",
    "TargetAlgebra",
    "TargetFrame",
    "TargetSequence",
    "ErrorArithmetic",
    "NodeInverse",
    "NodeDataflow",
    "NodeConstants",
    "Half"
  ]
}
