{"job": "toolchain", "exit_code": 0, "elapsed_seconds": 1.3666363219963387}
{"job": "binding", "exit_code": 0, "elapsed_seconds": 0.16437206699629314}
{"job": "source_checks", "exit_code": 0, "elapsed_seconds": 0.11405800501233898}
{"job": "bounds", "exit_code": 0, "elapsed_seconds": 0.11400662499363534}
{"job": "scalar_contract", "exit_code": 0, "elapsed_seconds": 0.064187876007054}
{"job": "transfer", "exit_code": 0, "elapsed_seconds": 1.3171737930097152}
{"job": "kernel", "exit_code": 0, "elapsed_seconds": 26.471204026020132}
{"job": "audit", "exit_code": 0, "elapsed_seconds": 0.8659043310035486}
{"job": "fixtures", "exit_code": 0, "elapsed_seconds": 17.953577965992736}
{"job": "normal", "exit_code": 0, "elapsed_seconds": 0.5648660029983148}
{"job": "sanitizers", "exit_code": 0, "elapsed_seconds": 1.467192509007873}
{"job": "scalar_normal", "exit_code": 0, "elapsed_seconds": 0.2643894449865911}
{"job": "scalar_san", "exit_code": 0, "elapsed_seconds": 0.36485594799160026}
{"job": "mutations", "exit_code": 0, "elapsed_seconds": 24.71429977999651}
{"job": "certificate", "exit_code": 0, "elapsed_seconds": 0.06411869102157652}
{
  "status": "FRESH_REPLAY_PASS",
  "claim_status": "PARTIAL_PROOF",
  "mode": "PREFREEZE_REHEARSAL",
  "input_manifest": "artifacts/rehearsal_inputs.sha256",
  "input_manifest_sha256": "c1b333c63fc94ff27d37f11e5eab8acd99981461317f403a6835f77f8d10dde1",
  "source": "/home/footfalcon/free_falcon_sign/proofs/ft1536/work/FT1536_H3_ORDERED_REACH_RUN_001",
  "destination": "/home/footfalcon/free_falcon_sign/proofs/ft1536/work/FT1536_H3_ORDERED_REACH_RUN_001/tmp/rehearsal_001",
  "seed_members": 494,
  "cached_olean_or_binaries_used": false,
  "source_changed": false,
  "semantic_matches": 225,
  "elapsed_seconds": 76.07283896798617
}
