{"job": "toolchain", "exit_code": 0, "elapsed_seconds": 1.717548058979446}
{"job": "transport", "exit_code": 0, "elapsed_seconds": 0.46475231600925326}
{"job": "source_checks", "exit_code": 0, "elapsed_seconds": 0.11399969301419333}
{"job": "tower_numeric", "exit_code": 0, "elapsed_seconds": 1.566673110006377}
{"job": "kernel", "exit_code": 0, "elapsed_seconds": 30.93166216200916}
{"job": "audit", "exit_code": 0, "elapsed_seconds": 1.5171495339891408}
{"job": "fixtures", "exit_code": 0, "elapsed_seconds": 17.45046968202223}
{"job": "normal", "exit_code": 0, "elapsed_seconds": 1.4172963940072805}
{"job": "sanitizers", "exit_code": 0, "elapsed_seconds": 2.468861247994937}
{"job": "mutations", "exit_code": 0, "elapsed_seconds": 12.640125442005228}
{"job": "composition", "exit_code": 0, "elapsed_seconds": 0.16439437499502674}
{"job": "certificate", "exit_code": 0, "elapsed_seconds": 0.063825013989117}
{
  "status": "FRESH_REPLAY_PASS",
  "mode": "PREFREEZE_REHEARSAL",
  "input_manifest": "artifacts/rehearsal_inputs.sha256",
  "input_manifest_sha256": "3d230a9e3a7e240bd46b98033a92eb69b4db7f12721f0ea06fb67c6836bcc93e",
  "source": "/home/footfalcon/free_falcon_sign/proofs/ft1536/work/FT1536_H3_RAW_ASSEMBLY_RUN_001",
  "destination": "/home/footfalcon/free_falcon_sign/proofs/ft1536/work/FT1536_H3_RAW_ASSEMBLY_RUN_001/tmp/rehearsal_001",
  "seed_members": 409,
  "cached_olean_or_binaries_used": false,
  "source_changed": false,
  "semantic_matches": 195,
  "elapsed_seconds": 70.80608916500933
}
