formal/RawComposition.lean:6:10: error: unexpected identifier; expected prec
formal/RawComposition.lean:14:10: error(lean.invalidField): Invalid field `cubic`: The environment does not contain `RawAssembly.Ops.cubic`, so it is not possible to project the field `cubic` from an expression
  o
of type `Ops P B G C D E W`
formal/RawComposition.lean:15:10: error(lean.invalidField): Invalid field `lower`: The environment does not contain `RawAssembly.Ops.lower`, so it is not possible to project the field `lower` from an expression
  o
of type `Ops P B G C D E W`
formal/RawComposition.lean:16:27: error(lean.invalidField): Invalid field `binary`: The environment does not contain `RawAssembly.Ops.binary`, so it is not possible to project the field `binary` from an expression
  o
of type `Ops P B G C D E W`
formal/RawComposition.lean:17:10: error(lean.invalidField): Invalid field `lower`: The environment does not contain `RawAssembly.Ops.lower`, so it is not possible to project the field `lower` from an expression
  o
of type `Ops P B G C D E W`
formal/RawComposition.lean:18:29: error(lean.invalidField): Invalid field `binary`: The environment does not contain `RawAssembly.Ops.binary`, so it is not possible to project the field `binary` from an expression
  o
of type `Ops P B G C D E W`
formal/RawComposition.lean:19:10: error(lean.invalidField): Invalid field `lower`: The environment does not contain `RawAssembly.Ops.lower`, so it is not possible to project the field `lower` from an expression
  o
of type `Ops P B G C D E W`
formal/RawComposition.lean:20:28: error(lean.invalidField): Invalid field `binary`: The environment does not contain `RawAssembly.Ops.binary`, so it is not possible to project the field `binary` from an expression
  o
of type `Ops P B G C D E W`
formal/RawComposition.lean:21:8: error: Invalid projection: Type of
  z
is not known; cannot resolve projection `1`
formal/RawComposition.lean:23:10: error(lean.invalidField): Invalid field `top0`: The environment does not contain `RawAssembly.Ops.top0`, so it is not possible to project the field `top0` from an expression
  o
of type `Ops P B G C D E W`
formal/RawComposition.lean:25:10: error(lean.invalidField): Invalid field `root`: The environment does not contain `RawAssembly.Ops.root`, so it is not possible to project the field `root` from an expression
  o
of type `Ops P B G C D E W`
formal/RawComposition.lean:26:10: error(lean.invalidField): Invalid field `top1`: The environment does not contain `RawAssembly.Ops.top1`, so it is not possible to project the field `top1` from an expression
  o
of type `Ops P B G C D E W`
formal/RawComposition.lean:28:8: error: Invalid projection: Type of
  z
is not known; cannot resolve projection `1`
formal/RawComposition.lean:29:3: error: unexpected token 'prefix'; expected identifier
formal/RawComposition.lean:30:11: error(lean.invalidField): Invalid field `prefix`: The environment does not contain `RawAssembly.Ops.prefix`, so it is not possible to project the field `prefix` from an expression
  o
of type `Ops P B G C D E W`
formal/RawComposition.lean:31:17: error: Invalid projection: Type of
  bg
is not known; cannot resolve projection `2`
formal/RawComposition.lean:32:8: error: Invalid projection: Type of
  bg
is not known; cannot resolve projection `1`
formal/RawComposition.lean:41:36: error(lean.invalidField): Invalid field `prefix`: The environment does not contain `RawAssembly.Ops.prefix`, so it is not possible to project the field `prefix` from an expression
  o
of type `Ops P B G C D E W`
formal/RawComposition.lean:41:64: error: Invalid projection: Type of
  bg
is not known; cannot resolve projection `2`
formal/RawComposition.lean:42:42: error(lean.invalidField): Invalid field `top0`: The environment does not contain `RawAssembly.Ops.top0`, so it is not possible to project the field `top0` from an expression
  o
of type `Ops P B G C D E W`
formal/RawComposition.lean:43:37: error(lean.invalidField): Invalid field `root`: The environment does not contain `RawAssembly.Ops.root`, so it is not possible to project the field `root` from an expression
  o
of type `Ops P B G C D E W`
formal/RawComposition.lean:43:63: error: Invalid projection: Type of
  z
is not known; cannot resolve projection `2`
formal/RawComposition.lean:44:44: error(lean.invalidField): Invalid field `top1`: The environment does not contain `RawAssembly.Ops.top1`, so it is not possible to project the field `top1` from an expression
  o
of type `Ops P B G C D E W`
formal/RawComposition.lean:45:39: error(lean.invalidField): Invalid field `cubic`: The environment does not contain `RawAssembly.Ops.cubic`, so it is not possible to project the field `cubic` from an expression
  o
of type `Ops P B G C D E W`
formal/RawComposition.lean:45:73: error: Invalid projection: Type of
  z
is not known; cannot resolve projection `2`
formal/RawComposition.lean:46:42: error(lean.invalidField): Invalid field `lower`: The environment does not contain `RawAssembly.Ops.lower`, so it is not possible to project the field `lower` from an expression
  o
of type `Ops P B G C D E W`
formal/RawComposition.lean:48:6: error(lean.invalidField): Invalid field `binary`: The environment does not contain `RawAssembly.Ops.binary`, so it is not possible to project the field `binary` from an expression
  o
of type `Ops P B G C D E W`
formal/RawComposition.lean:48:46: error(lean.invalidField): Invalid field `binary`: The environment does not contain `RawAssembly.Ops.binary`, so it is not possible to project the field `binary` from an expression
  o
of type `Ops P B G C D E W`
formal/RawComposition.lean:48:70: error(lean.invalidField): Invalid field `binary`: The environment does not contain `RawAssembly.Ops.binary`, so it is not possible to project the field `binary` from an expression
  o
of type `Ops P B G C D E W`
formal/RawComposition.lean:49:56: error(lean.invalidField): Invalid field `binary`: The environment does not contain `RawAssembly.Ops.binary`, so it is not possible to project the field `binary` from an expression
  o
of type `Ops P B G C D E W`
formal/RawComposition.lean:52:23: error(lean.invalidField): Invalid field `binary`: The environment does not contain `RawAssembly.Ops.binary`, so it is not possible to project the field `binary` from an expression
  o
of type `Ops P B G C D E W`
formal/RawComposition.lean:51:27: error: Function expected at
  LocalDomains
but this term has type
  ?m.1

Note: Expected a function because this term is being applied to the argument
  o

Hint: The identifier `LocalDomains` is unknown, and Lean's `autoImplicit` option causes an unknown identifier to be treated as an implicitly bound variable with an unknown type. However, the unknown type cannot be a function, and a function is what Lean expects here. This is often the result of a typo or a missing `import` or `open` statement.
formal/RawComposition.lean:53:2: error: Tactic `generalize` failed: result is not type correct
  ∀ (x : Tower.Ops E (?m.14 o Pkey h e he)), ∃ t, Tower.execute x 7 e = some t

x✝ : Sort u_1
LocalDomains : x✝
P B G C D E W : Type
o : Ops P B G C D E W
Pkey : P → Prop
h : sorry
e : E
he : sorry
⊢ ∃ t, Tower.execute sorry 7 e = some t
formal/RawComposition.lean:58:27: error: Function expected at
  LocalDomains
but this term has type
  ?m.1

Note: Expected a function because this term is being applied to the argument
  o

Hint: The identifier `LocalDomains` is unknown, and Lean's `autoImplicit` option causes an unknown identifier to be treated as an implicitly bound variable with an unknown type. However, the unknown type cannot be a function, and a function is what Lean expects here. This is often the result of a typo or a missing `import` or `open` statement.
formal/RawComposition.lean:60:9: error: Tactic `rcases` failed: `x✝ : ?m.17` is not an inductive datatype
formal/RawComposition.lean:69:27: error: Function expected at
  LocalDomains
but this term has type
  ?m.1

Note: Expected a function because this term is being applied to the argument
  o

Hint: The identifier `LocalDomains` is unknown, and Lean's `autoImplicit` option causes an unknown identifier to be treated as an implicitly bound variable with an unknown type. However, the unknown type cannot be a function, and a function is what Lean expects here. This is often the result of a typo or a missing `import` or `open` statement.
formal/RawComposition.lean:71:9: error: Tactic `rcases` failed: `x✝ : ?m.17` is not an inductive datatype
formal/RawComposition.lean:79:9: error: unexpected token 'prefix'; expected term
formal/RawComposition.lean:79:15: error: unexpected identifier; expected ':'
formal/RawComposition.lean:82:33: error: unexpected token ','; expected ':'
formal/RawComposition.lean:88:9: error: unexpected token 'prefix'; expected term
formal/RawComposition.lean:88:15: error: unexpected identifier; expected ':'
