Architektura:                        x86_64
Tryb(y) pracy CPU:                   32-bit, 64-bit
Rozmiary adresów:                    39 bits physical, 48 bits virtual
Kolejność bajtów:                    Little Endian
CPU:                                 12
Lista aktywnych CPU:                 0-11
ID producenta:                       GenuineIntel
Nazwa modelu:                        Intel(R) Core(TM) 5 210H
Rodzina CPU:                         6
Model:                               186
Wątków na rdzeń:                     2
Rdzeni na gniazdo:                   8
Gniazd:                              1
Wersja:                              2
Skalowanie MHz CPU:                  72%
CPU max MHz:                         4800,0000
CPU min MHz:                         400,0000
BogoMIPS:                            5376,00
Flagi:                               fpu vme de pse tsc msr pae mce cx8 apic sep mtrr pge mca cmov pat pse36 clflush dts acpi mmx fxsr sse sse2 ss ht tm pbe syscall nx pdpe1gb rdtscp lm constant_tsc art arch_perfmon pebs bts rep_good nopl xtopology nonstop_tsc cpuid aperfmperf tsc_known_freq pni pclmulqdq dtes64 monitor ds_cpl vmx smx est tm2 ssse3 sdbg fma cx16 xtpr pdcm pcid sse4_1 sse4_2 x2apic movbe popcnt tsc_deadline_timer aes xsave avx f16c rdrand lahf_lm abm 3dnowprefetch cpuid_fault epb ssbd ibrs ibpb stibp ibrs_enhanced tpr_shadow flexpriority ept vpid ept_ad fsgsbase tsc_adjust bmi1 avx2 smep bmi2 erms invpcid rdseed adx smap clflushopt clwb intel_pt sha_ni xsaveopt xsavec xgetbv1 xsaves split_lock_detect user_shstk avx_vnni dtherm ida arat pln pts hwp hwp_notify hwp_act_window hwp_epp hwp_pkg_req hfi vnmi umip pku ospke waitpkg gfni vaes vpclmulqdq rdpid movdiri movdir64b fsrm md_clear serialize arch_lbr flush_l1d arch_capabilities
Wirtualizacja:                       VT-x
Cache L1d:                           320 KiB (8 instancji)
Cache L1i:                           384 KiB (8 instancji)
Cache L2:                            7 MiB (5 instancji)
Cache L3:                            12 MiB (1 instancja)
Węzłów NUMA:                         1
Procesory węzła NUMA 0:              0-11
Podatność Gather data sampling:      Not affected
Podatność Indirect target selection: Not affected
Podatność Itlb multihit:             Not affected
Podatność L1tf:                      Not affected
Podatność Mds:                       Not affected
Podatność Meltdown:                  Not affected
Podatność Mmio stale data:           Not affected
Podatność Reg file data sampling:    Mitigation; Clear Register File
Podatność Retbleed:                  Not affected
Podatność Spec rstack overflow:      Not affected
Podatność Spec store bypass:         Mitigation; Speculative Store Bypass disabled via prctl
Podatność Spectre v1:                Mitigation; usercopy/swapgs barriers and __user pointer sanitization
Podatność Spectre v2:                Mitigation; Enhanced / Automatic IBRS; IBPB conditional; PBRSB-eIBRS SW sequence; BHI BHI_DIS_S
Podatność Srbds:                     Not affected
Podatność Tsa:                       Not affected
Podatność Tsx async abort:           Not affected
Podatność Vmscape:                   Mitigation; IBPB before exit to userspace
