{
  "status": "PASS_ALL_12_PORT_CONTROLS_INDEPENDENT_BALL_ORACLE",
  "cases": [
    {
      "N": 768,
      "case": "ternary",
      "slots": 384,
      "all_slot_ball_bounds_pass": true,
      "max_error_midpoint": 4.027940442709198e-14,
      "author_max_error": 4.027940442709198e-14,
      "author_result_matches": true,
      "reference": "ComplexBallField(256), direct modular-phase sum or exact geometric-series identity"
    },
    {
      "N": 768,
      "case": "gaussian",
      "slots": 384,
      "all_slot_ball_bounds_pass": true,
      "max_error_midpoint": 1.5542182028037683e-13,
      "author_max_error": 1.5542182028037683e-13,
      "author_result_matches": true,
      "reference": "ComplexBallField(256), direct modular-phase sum or exact geometric-series identity"
    },
    {
      "N": 768,
      "case": "all_ones",
      "slots": 384,
      "all_slot_ball_bounds_pass": true,
      "max_error_midpoint": 8.216860261269822e-14,
      "author_max_error": 8.216860261269822e-14,
      "author_result_matches": true,
      "reference": "ComplexBallField(256), direct modular-phase sum or exact geometric-series identity"
    },
    {
      "N": 768,
      "case": "alternating",
      "slots": 384,
      "all_slot_ball_bounds_pass": true,
      "max_error_midpoint": 8.799052970087136e-14,
      "author_max_error": 8.799052970087136e-14,
      "author_result_matches": true,
      "reference": "ComplexBallField(256), direct modular-phase sum or exact geometric-series identity"
    },
    {
      "N": 1536,
      "case": "ternary",
      "slots": 768,
      "all_slot_ball_bounds_pass": true,
      "max_error_midpoint": 5.624157169874466e-14,
      "author_max_error": 5.624157169874466e-14,
      "author_result_matches": true,
      "reference": "ComplexBallField(256), direct modular-phase sum or exact geometric-series identity"
    },
    {
      "N": 1536,
      "case": "gaussian",
      "slots": 768,
      "all_slot_ball_bounds_pass": true,
      "max_error_midpoint": 1.831912185287998e-13,
      "author_max_error": 1.831912185287998e-13,
      "author_result_matches": true,
      "reference": "ComplexBallField(256), direct modular-phase sum or exact geometric-series identity"
    },
    {
      "N": 1536,
      "case": "all_ones",
      "slots": 768,
      "all_slot_ball_bounds_pass": true,
      "max_error_midpoint": 2.475054450263173e-13,
      "author_max_error": 2.475054450263173e-13,
      "author_result_matches": true,
      "reference": "ComplexBallField(256), direct modular-phase sum or exact geometric-series identity"
    },
    {
      "N": 1536,
      "case": "alternating",
      "slots": 768,
      "all_slot_ball_bounds_pass": true,
      "max_error_midpoint": 3.555477702889754e-13,
      "author_max_error": 3.555477702889754e-13,
      "author_result_matches": true,
      "reference": "ComplexBallField(256), direct modular-phase sum or exact geometric-series identity"
    },
    {
      "N": 3072,
      "case": "ternary",
      "slots": 1536,
      "all_slot_ball_bounds_pass": true,
      "max_error_midpoint": 1.0015254063198679e-13,
      "author_max_error": 1.0015254063198679e-13,
      "author_result_matches": true,
      "reference": "ComplexBallField(256), direct modular-phase sum or exact geometric-series identity"
    },
    {
      "N": 3072,
      "case": "gaussian",
      "slots": 1536,
      "all_slot_ball_bounds_pass": true,
      "max_error_midpoint": 4.075671824914388e-13,
      "author_max_error": 4.075671824914388e-13,
      "author_result_matches": true,
      "reference": "ComplexBallField(256), direct modular-phase sum or exact geometric-series identity"
    },
    {
      "N": 3072,
      "case": "all_ones",
      "slots": 1536,
      "all_slot_ball_bounds_pass": true,
      "max_error_midpoint": 7.708381656507595e-13,
      "author_max_error": 7.708381656507595e-13,
      "author_result_matches": true,
      "reference": "ComplexBallField(256), direct modular-phase sum or exact geometric-series identity"
    },
    {
      "N": 3072,
      "case": "alternating",
      "slots": 1536,
      "all_slot_ball_bounds_pass": true,
      "max_error_midpoint": 5.996895504820337e-13,
      "author_max_error": 5.996895504820337e-13,
      "author_result_matches": true,
      "reference": "ComplexBallField(256), direct modular-phase sum or exact geometric-series identity"
    }
  ],
  "maintainer_failed_route": {
    "N": 768,
    "case": "ternary",
    "slot": 1,
    "direct_error": "[3.611778656331833882576837939177610059112600986863487400571e-15 +/- 2.82e-73]",
    "horner_error_enclosure": "[+/- 2.72e+28]",
    "bound": "4.076738946423574816435575485229492187500000000000000000000000000000000000000000e-12",
    "direct_bound_certified": true,
    "horner_bound_certified": false,
    "classification": "MAINTAINER_ORACLE_RECTANGULAR_INTERVAL_WRAPPING_NOT_AUTHOR_FAILURE"
  },
  "fully_source_bound_FPEMU": false,
  "universal_error_theorem_proved": false
}
