Traceback (most recent call last):
  File "/home/footfalcon/miniforge3/envs/sage/bin/sage", line 5, in <module>
    from sage.cli.__main__ import main
  File "/home/footfalcon/miniforge3/envs/sage/lib/python3.14/site-packages/sage/cli/__main__.py", line 9, in <module>
    sys.exit(main())
             ~~~~^^
  File "/home/footfalcon/miniforge3/envs/sage/lib/python3.14/site-packages/sage/cli/__init__.py", line 56, in main
    return RunFileCmd(options).run()
           ~~~~~~~~~~~~~~~~~~~~~~~^^
  File "/home/footfalcon/miniforge3/envs/sage/lib/python3.14/site-packages/sage/cli/run_file_cmd.py", line 50, in run
    eval(compile(open(input_file, 'rb').read(), input_file, 'exec'), sage_globals())
    ~~~~^^^^^^^^^^^^^^^^^^^^^^^^^^^^^^^^^^^^^^^^^^^^^^^^^^^^^^^^^^^^^^^^^^^^^^^^^^^^
  File "/media/footfalcon/FT1536_DATA/free_falcon_sign/proofs/ft1536/work/FT1536_T03_B_GAP_PREPARATION_2026-09-29/run001/tmp/sage_nujeo3xx/check_budget16zgpsq9.sage.py", line 73, in <module>
    delta = QQ("0.0000033")
  File "sage/structure/parent.pyx", line 899, in sage.structure.parent.Parent.__call__
    return mor._call_(x)
  File "sage/structure/coerce_maps.pyx", line 92, in sage.structure.coerce_maps.DefaultConvertMap_unique._call_
    raise
  File "sage/structure/coerce_maps.pyx", line 87, in sage.structure.coerce_maps.DefaultConvertMap_unique._call_
    return C._element_constructor(x)
  File "sage/rings/rational.pyx", line 532, in sage.rings.rational.Rational.__init__
    self.__set_value(x, base)
  File "sage/rings/rational.pyx", line 613, in sage.rings.rational.Rational._Rational__set_value
    raise TypeError("unable to convert {!r} to a rational".format(x))
TypeError: unable to convert '0.0000033' to a rational
