/home/footfalcon/free_falcon_sign/proofs/ft1536/work/B20_001/P02/run/scalar_statements_001/source/B20/Fpr/ParsedStatements.lean:7:16: error: Ambiguous term
  Stmt
Possible interpretations:
  Scalar.Stmt : Type
  
  C.Stmt : Type
/home/footfalcon/free_falcon_sign/proofs/ft1536/work/B20_001/P02/run/scalar_statements_001/source/B20/Fpr/ParsedStatements.lean:8:107: error: Tactic `rfl` failed: The left-hand side
  true
is not definitionally equal to the right-hand side
  Function.const Lean.Name ()
    `B20.Fpr.ParsedStatements.8.40.8.100.40.100._sorry._@.B20.Fpr.ParsedStatements.2234297803._hygCtx._hyg.21

tail : List Token
⊢ sorry
/home/footfalcon/free_falcon_sign/proofs/ft1536/work/B20_001/P02/run/scalar_statements_001/source/B20/Fpr/ParsedStatements.lean:10:16: error: Ambiguous term
  Stmt
Possible interpretations:
  Scalar.Stmt : Type
  
  C.Stmt : Type
/home/footfalcon/free_falcon_sign/proofs/ft1536/work/B20_001/P02/run/scalar_statements_001/source/B20/Fpr/ParsedStatements.lean:11:107: error: Tactic `rfl` failed: The left-hand side
  true
is not definitionally equal to the right-hand side
  Function.const Lean.Name ()
    `B20.Fpr.ParsedStatements.11.40.11.100.40.100._sorry._@.B20.Fpr.ParsedStatements.3710405542._hygCtx._hyg.21

tail : List Token
⊢ sorry
/home/footfalcon/free_falcon_sign/proofs/ft1536/work/B20_001/P02/run/scalar_statements_001/source/B20/Fpr/ParsedStatements.lean:13:16: error: Ambiguous term
  Stmt
Possible interpretations:
  Scalar.Stmt : Type
  
  C.Stmt : Type
/home/footfalcon/free_falcon_sign/proofs/ft1536/work/B20_001/P02/run/scalar_statements_001/source/B20/Fpr/ParsedStatements.lean:14:107: error: Tactic `rfl` failed: The left-hand side
  true
is not definitionally equal to the right-hand side
  Function.const Lean.Name ()
    `B20.Fpr.ParsedStatements.14.40.14.100.40.100._sorry._@.B20.Fpr.ParsedStatements.4027139660._hygCtx._hyg.21

tail : List Token
⊢ sorry
/home/footfalcon/free_falcon_sign/proofs/ft1536/work/B20_001/P02/run/scalar_statements_001/source/B20/Fpr/ParsedStatements.lean:16:16: error: Ambiguous term
  Stmt
Possible interpretations:
  Scalar.Stmt : Type
  
  C.Stmt : Type
/home/footfalcon/free_falcon_sign/proofs/ft1536/work/B20_001/P02/run/scalar_statements_001/source/B20/Fpr/ParsedStatements.lean:17:107: error: Tactic `rfl` failed: The left-hand side
  true
is not definitionally equal to the right-hand side
  Function.const Lean.Name ()
    `B20.Fpr.ParsedStatements.17.40.17.100.40.100._sorry._@.B20.Fpr.ParsedStatements.3958409922._hygCtx._hyg.21

tail : List Token
⊢ sorry
/home/footfalcon/free_falcon_sign/proofs/ft1536/work/B20_001/P02/run/scalar_statements_001/source/B20/Fpr/ParsedStatements.lean:19:16: error: Ambiguous term
  Stmt
Possible interpretations:
  Scalar.Stmt : Type
  
  C.Stmt : Type
/home/footfalcon/free_falcon_sign/proofs/ft1536/work/B20_001/P02/run/scalar_statements_001/source/B20/Fpr/ParsedStatements.lean:20:107: error: Tactic `rfl` failed: The left-hand side
  true
is not definitionally equal to the right-hand side
  Function.const Lean.Name ()
    `B20.Fpr.ParsedStatements.20.40.20.100.40.100._sorry._@.B20.Fpr.ParsedStatements.1601793849._hygCtx._hyg.21

tail : List Token
⊢ sorry
/home/footfalcon/free_falcon_sign/proofs/ft1536/work/B20_001/P02/run/scalar_statements_001/source/B20/Fpr/ParsedStatements.lean:22:16: error: Ambiguous term
  Stmt
Possible interpretations:
  Scalar.Stmt : Type
  
  C.Stmt : Type
/home/footfalcon/free_falcon_sign/proofs/ft1536/work/B20_001/P02/run/scalar_statements_001/source/B20/Fpr/ParsedStatements.lean:23:107: error: Tactic `rfl` failed: The left-hand side
  true
is not definitionally equal to the right-hand side
  Function.const Lean.Name ()
    `B20.Fpr.ParsedStatements.23.40.23.100.40.100._sorry._@.B20.Fpr.ParsedStatements.3660768445._hygCtx._hyg.21

tail : List Token
⊢ sorry
/home/footfalcon/free_falcon_sign/proofs/ft1536/work/B20_001/P02/run/scalar_statements_001/source/B20/Fpr/ParsedStatements.lean:25:16: error: Ambiguous term
  Stmt
Possible interpretations:
  Scalar.Stmt : Type
  
  C.Stmt : Type
/home/footfalcon/free_falcon_sign/proofs/ft1536/work/B20_001/P02/run/scalar_statements_001/source/B20/Fpr/ParsedStatements.lean:26:107: error: Tactic `rfl` failed: The left-hand side
  true
is not definitionally equal to the right-hand side
  Function.const Lean.Name ()
    `B20.Fpr.ParsedStatements.26.40.26.100.40.100._sorry._@.B20.Fpr.ParsedStatements.1860943613._hygCtx._hyg.21

tail : List Token
⊢ sorry
/home/footfalcon/free_falcon_sign/proofs/ft1536/work/B20_001/P02/run/scalar_statements_001/source/B20/Fpr/ParsedStatements.lean:28:16: error: Ambiguous term
  Stmt
Possible interpretations:
  Scalar.Stmt : Type
  
  C.Stmt : Type
/home/footfalcon/free_falcon_sign/proofs/ft1536/work/B20_001/P02/run/scalar_statements_001/source/B20/Fpr/ParsedStatements.lean:29:107: error: Tactic `rfl` failed: The left-hand side
  true
is not definitionally equal to the right-hand side
  Function.const Lean.Name ()
    `B20.Fpr.ParsedStatements.29.40.29.100.40.100._sorry._@.B20.Fpr.ParsedStatements.4229262320._hygCtx._hyg.21

tail : List Token
⊢ sorry
/home/footfalcon/free_falcon_sign/proofs/ft1536/work/B20_001/P02/run/scalar_statements_001/source/B20/Fpr/ParsedStatements.lean:31:16: error: Ambiguous term
  Stmt
Possible interpretations:
  Scalar.Stmt : Type
  
  C.Stmt : Type
/home/footfalcon/free_falcon_sign/proofs/ft1536/work/B20_001/P02/run/scalar_statements_001/source/B20/Fpr/ParsedStatements.lean:32:107: error: Tactic `rfl` failed: The left-hand side
  true
is not definitionally equal to the right-hand side
  Function.const Lean.Name ()
    `B20.Fpr.ParsedStatements.32.40.32.100.40.100._sorry._@.B20.Fpr.ParsedStatements.110937878._hygCtx._hyg.21

tail : List Token
⊢ sorry
/home/footfalcon/free_falcon_sign/proofs/ft1536/work/B20_001/P02/run/scalar_statements_001/source/B20/Fpr/ParsedStatements.lean:34:16: error: Ambiguous term
  Stmt
Possible interpretations:
  Scalar.Stmt : Type
  
  C.Stmt : Type
/home/footfalcon/free_falcon_sign/proofs/ft1536/work/B20_001/P02/run/scalar_statements_001/source/B20/Fpr/ParsedStatements.lean:35:107: error: Tactic `rfl` failed: The left-hand side
  true
is not definitionally equal to the right-hand side
  Function.const Lean.Name ()
    `B20.Fpr.ParsedStatements.35.40.35.100.40.100._sorry._@.B20.Fpr.ParsedStatements.811170802._hygCtx._hyg.21

tail : List Token
⊢ sorry
/home/footfalcon/free_falcon_sign/proofs/ft1536/work/B20_001/P02/run/scalar_statements_001/source/B20/Fpr/ParsedStatements.lean:37:17: error: Ambiguous term
  Stmt
Possible interpretations:
  Scalar.Stmt : Type
  
  C.Stmt : Type
/home/footfalcon/free_falcon_sign/proofs/ft1536/work/B20_001/P02/run/scalar_statements_001/source/B20/Fpr/ParsedStatements.lean:38:110: error: Tactic `rfl` failed: The left-hand side
  true
is not definitionally equal to the right-hand side
  Function.const Lean.Name ()
    `B20.Fpr.ParsedStatements.38.41.38.103.41.103._sorry._@.B20.Fpr.ParsedStatements.2889276965._hygCtx._hyg.21

tail : List Token
⊢ sorry
/home/footfalcon/free_falcon_sign/proofs/ft1536/work/B20_001/P02/run/scalar_statements_001/source/B20/Fpr/ParsedStatements.lean:40:17: error: Ambiguous term
  Stmt
Possible interpretations:
  Scalar.Stmt : Type
  
  C.Stmt : Type
/home/footfalcon/free_falcon_sign/proofs/ft1536/work/B20_001/P02/run/scalar_statements_001/source/B20/Fpr/ParsedStatements.lean:41:110: error: Tactic `rfl` failed: The left-hand side
  true
is not definitionally equal to the right-hand side
  Function.const Lean.Name ()
    `B20.Fpr.ParsedStatements.41.41.41.103.41.103._sorry._@.B20.Fpr.ParsedStatements.3669847641._hygCtx._hyg.21

tail : List Token
⊢ sorry
/home/footfalcon/free_falcon_sign/proofs/ft1536/work/B20_001/P02/run/scalar_statements_001/source/B20/Fpr/ParsedStatements.lean:43:16: error: Ambiguous term
  Stmt
Possible interpretations:
  Scalar.Stmt : Type
  
  C.Stmt : Type
/home/footfalcon/free_falcon_sign/proofs/ft1536/work/B20_001/P02/run/scalar_statements_001/source/B20/Fpr/ParsedStatements.lean:44:107: error: Tactic `rfl` failed: The left-hand side
  true
is not definitionally equal to the right-hand side
  Function.const Lean.Name ()
    `B20.Fpr.ParsedStatements.44.40.44.100.40.100._sorry._@.B20.Fpr.ParsedStatements.1218180621._hygCtx._hyg.21

tail : List Token
⊢ sorry
/home/footfalcon/free_falcon_sign/proofs/ft1536/work/B20_001/P02/run/scalar_statements_001/source/B20/Fpr/ParsedStatements.lean:46:16: error: Ambiguous term
  Stmt
Possible interpretations:
  Scalar.Stmt : Type
  
  C.Stmt : Type
/home/footfalcon/free_falcon_sign/proofs/ft1536/work/B20_001/P02/run/scalar_statements_001/source/B20/Fpr/ParsedStatements.lean:47:107: error: Tactic `rfl` failed: The left-hand side
  true
is not definitionally equal to the right-hand side
  Function.const Lean.Name ()
    `B20.Fpr.ParsedStatements.47.40.47.100.40.100._sorry._@.B20.Fpr.ParsedStatements.668321135._hygCtx._hyg.21

tail : List Token
⊢ sorry
/home/footfalcon/free_falcon_sign/proofs/ft1536/work/B20_001/P02/run/scalar_statements_001/source/B20/Fpr/ParsedStatements.lean:49:16: error: Ambiguous term
  Stmt
Possible interpretations:
  Scalar.Stmt : Type
  
  C.Stmt : Type
/home/footfalcon/free_falcon_sign/proofs/ft1536/work/B20_001/P02/run/scalar_statements_001/source/B20/Fpr/ParsedStatements.lean:50:107: error: Tactic `rfl` failed: The left-hand side
  true
is not definitionally equal to the right-hand side
  Function.const Lean.Name ()
    `B20.Fpr.ParsedStatements.50.40.50.100.40.100._sorry._@.B20.Fpr.ParsedStatements.767893861._hygCtx._hyg.21

tail : List Token
⊢ sorry
/home/footfalcon/free_falcon_sign/proofs/ft1536/work/B20_001/P02/run/scalar_statements_001/source/B20/Fpr/ParsedStatements.lean:52:16: error: Ambiguous term
  Stmt
Possible interpretations:
  Scalar.Stmt : Type
  
  C.Stmt : Type
/home/footfalcon/free_falcon_sign/proofs/ft1536/work/B20_001/P02/run/scalar_statements_001/source/B20/Fpr/ParsedStatements.lean:53:107: error: Tactic `rfl` failed: The left-hand side
  true
is not definitionally equal to the right-hand side
  Function.const Lean.Name ()
    `B20.Fpr.ParsedStatements.53.40.53.100.40.100._sorry._@.B20.Fpr.ParsedStatements.3351428115._hygCtx._hyg.21

tail : List Token
⊢ sorry
/home/footfalcon/free_falcon_sign/proofs/ft1536/work/B20_001/P02/run/scalar_statements_001/source/B20/Fpr/ParsedStatements.lean:55:16: error: Ambiguous term
  Stmt
Possible interpretations:
  Scalar.Stmt : Type
  
  C.Stmt : Type
/home/footfalcon/free_falcon_sign/proofs/ft1536/work/B20_001/P02/run/scalar_statements_001/source/B20/Fpr/ParsedStatements.lean:56:107: error: Tactic `rfl` failed: The left-hand side
  true
is not definitionally equal to the right-hand side
  Function.const Lean.Name ()
    `B20.Fpr.ParsedStatements.56.40.56.100.40.100._sorry._@.B20.Fpr.ParsedStatements.2451676206._hygCtx._hyg.21

tail : List Token
⊢ sorry
/home/footfalcon/free_falcon_sign/proofs/ft1536/work/B20_001/P02/run/scalar_statements_001/source/B20/Fpr/ParsedStatements.lean:58:16: error: Ambiguous term
  Stmt
Possible interpretations:
  Scalar.Stmt : Type
  
  C.Stmt : Type
/home/footfalcon/free_falcon_sign/proofs/ft1536/work/B20_001/P02/run/scalar_statements_001/source/B20/Fpr/ParsedStatements.lean:59:107: error: Tactic `rfl` failed: The left-hand side
  true
is not definitionally equal to the right-hand side
  Function.const Lean.Name ()
    `B20.Fpr.ParsedStatements.59.40.59.100.40.100._sorry._@.B20.Fpr.ParsedStatements.822048654._hygCtx._hyg.21

tail : List Token
⊢ sorry
/home/footfalcon/free_falcon_sign/proofs/ft1536/work/B20_001/P02/run/scalar_statements_001/source/B20/Fpr/ParsedStatements.lean:61:16: error: Ambiguous term
  Stmt
Possible interpretations:
  Scalar.Stmt : Type
  
  C.Stmt : Type
/home/footfalcon/free_falcon_sign/proofs/ft1536/work/B20_001/P02/run/scalar_statements_001/source/B20/Fpr/ParsedStatements.lean:62:107: error: Tactic `rfl` failed: The left-hand side
  true
is not definitionally equal to the right-hand side
  Function.const Lean.Name ()
    `B20.Fpr.ParsedStatements.62.40.62.100.40.100._sorry._@.B20.Fpr.ParsedStatements.40513148._hygCtx._hyg.21

tail : List Token
⊢ sorry
/home/footfalcon/free_falcon_sign/proofs/ft1536/work/B20_001/P02/run/scalar_statements_001/source/B20/Fpr/ParsedStatements.lean:64:16: error: Ambiguous term
  Stmt
Possible interpretations:
  Scalar.Stmt : Type
  
  C.Stmt : Type
/home/footfalcon/free_falcon_sign/proofs/ft1536/work/B20_001/P02/run/scalar_statements_001/source/B20/Fpr/ParsedStatements.lean:65:107: error: Tactic `rfl` failed: The left-hand side
  true
is not definitionally equal to the right-hand side
  Function.const Lean.Name ()
    `B20.Fpr.ParsedStatements.65.40.65.100.40.100._sorry._@.B20.Fpr.ParsedStatements.2881492837._hygCtx._hyg.21

tail : List Token
⊢ sorry
/home/footfalcon/free_falcon_sign/proofs/ft1536/work/B20_001/P02/run/scalar_statements_001/source/B20/Fpr/ParsedStatements.lean:67:16: error: Ambiguous term
  Stmt
Possible interpretations:
  Scalar.Stmt : Type
  
  C.Stmt : Type
/home/footfalcon/free_falcon_sign/proofs/ft1536/work/B20_001/P02/run/scalar_statements_001/source/B20/Fpr/ParsedStatements.lean:68:107: error: Tactic `rfl` failed: The left-hand side
  true
is not definitionally equal to the right-hand side
  Function.const Lean.Name ()
    `B20.Fpr.ParsedStatements.68.40.68.100.40.100._sorry._@.B20.Fpr.ParsedStatements.4268288581._hygCtx._hyg.21

tail : List Token
⊢ sorry
/home/footfalcon/free_falcon_sign/proofs/ft1536/work/B20_001/P02/run/scalar_statements_001/source/B20/Fpr/ParsedStatements.lean:70:16: error: Ambiguous term
  Stmt
Possible interpretations:
  Scalar.Stmt : Type
  
  C.Stmt : Type
/home/footfalcon/free_falcon_sign/proofs/ft1536/work/B20_001/P02/run/scalar_statements_001/source/B20/Fpr/ParsedStatements.lean:71:107: error: Tactic `rfl` failed: The left-hand side
  true
is not definitionally equal to the right-hand side
  Function.const Lean.Name ()
    `B20.Fpr.ParsedStatements.71.40.71.100.40.100._sorry._@.B20.Fpr.ParsedStatements.96176532._hygCtx._hyg.21

tail : List Token
⊢ sorry
/home/footfalcon/free_falcon_sign/proofs/ft1536/work/B20_001/P02/run/scalar_statements_001/source/B20/Fpr/ParsedStatements.lean:73:17: error: Ambiguous term
  Stmt
Possible interpretations:
  Scalar.Stmt : Type
  
  C.Stmt : Type
/home/footfalcon/free_falcon_sign/proofs/ft1536/work/B20_001/P02/run/scalar_statements_001/source/B20/Fpr/ParsedStatements.lean:74:110: error: Tactic `rfl` failed: The left-hand side
  true
is not definitionally equal to the right-hand side
  Function.const Lean.Name ()
    `B20.Fpr.ParsedStatements.74.41.74.103.41.103._sorry._@.B20.Fpr.ParsedStatements.1577576958._hygCtx._hyg.21

tail : List Token
⊢ sorry
/home/footfalcon/free_falcon_sign/proofs/ft1536/work/B20_001/P02/run/scalar_statements_001/source/B20/Fpr/ParsedStatements.lean:76:17: error: Ambiguous term
  Stmt
Possible interpretations:
  Scalar.Stmt : Type
  
  C.Stmt : Type
/home/footfalcon/free_falcon_sign/proofs/ft1536/work/B20_001/P02/run/scalar_statements_001/source/B20/Fpr/ParsedStatements.lean:77:110: error: Tactic `rfl` failed: The left-hand side
  true
is not definitionally equal to the right-hand side
  Function.const Lean.Name ()
    `B20.Fpr.ParsedStatements.77.41.77.103.41.103._sorry._@.B20.Fpr.ParsedStatements.3196677416._hygCtx._hyg.21

tail : List Token
⊢ sorry
/home/footfalcon/free_falcon_sign/proofs/ft1536/work/B20_001/P02/run/scalar_statements_001/source/B20/Fpr/ParsedStatements.lean:79:17: error: Ambiguous term
  Stmt
Possible interpretations:
  Scalar.Stmt : Type
  
  C.Stmt : Type
/home/footfalcon/free_falcon_sign/proofs/ft1536/work/B20_001/P02/run/scalar_statements_001/source/B20/Fpr/ParsedStatements.lean:80:110: error: Tactic `rfl` failed: The left-hand side
  true
is not definitionally equal to the right-hand side
  Function.const Lean.Name ()
    `B20.Fpr.ParsedStatements.80.41.80.103.41.103._sorry._@.B20.Fpr.ParsedStatements.3411857257._hygCtx._hyg.21

tail : List Token
⊢ sorry
/home/footfalcon/free_falcon_sign/proofs/ft1536/work/B20_001/P02/run/scalar_statements_001/source/B20/Fpr/ParsedStatements.lean:82:17: error: Ambiguous term
  Stmt
Possible interpretations:
  Scalar.Stmt : Type
  
  C.Stmt : Type
/home/footfalcon/free_falcon_sign/proofs/ft1536/work/B20_001/P02/run/scalar_statements_001/source/B20/Fpr/ParsedStatements.lean:83:110: error: Tactic `rfl` failed: The left-hand side
  true
is not definitionally equal to the right-hand side
  Function.const Lean.Name ()
    `B20.Fpr.ParsedStatements.83.41.83.103.41.103._sorry._@.B20.Fpr.ParsedStatements.1172677357._hygCtx._hyg.21

tail : List Token
⊢ sorry
/home/footfalcon/free_falcon_sign/proofs/ft1536/work/B20_001/P02/run/scalar_statements_001/source/B20/Fpr/ParsedStatements.lean:85:17: error: Ambiguous term
  Stmt
Possible interpretations:
  Scalar.Stmt : Type
  
  C.Stmt : Type
/home/footfalcon/free_falcon_sign/proofs/ft1536/work/B20_001/P02/run/scalar_statements_001/source/B20/Fpr/ParsedStatements.lean:86:110: error: Tactic `rfl` failed: The left-hand side
  true
is not definitionally equal to the right-hand side
  Function.const Lean.Name ()
    `B20.Fpr.ParsedStatements.86.41.86.103.41.103._sorry._@.B20.Fpr.ParsedStatements.167795925._hygCtx._hyg.21

tail : List Token
⊢ sorry
/home/footfalcon/free_falcon_sign/proofs/ft1536/work/B20_001/P02/run/scalar_statements_001/source/B20/Fpr/ParsedStatements.lean:88:17: error: Ambiguous term
  Stmt
Possible interpretations:
  Scalar.Stmt : Type
  
  C.Stmt : Type
/home/footfalcon/free_falcon_sign/proofs/ft1536/work/B20_001/P02/run/scalar_statements_001/source/B20/Fpr/ParsedStatements.lean:89:110: error: Tactic `rfl` failed: The left-hand side
  true
is not definitionally equal to the right-hand side
  Function.const Lean.Name ()
    `B20.Fpr.ParsedStatements.89.41.89.103.41.103._sorry._@.B20.Fpr.ParsedStatements.3666663277._hygCtx._hyg.21

tail : List Token
⊢ sorry
/home/footfalcon/free_falcon_sign/proofs/ft1536/work/B20_001/P02/run/scalar_statements_001/source/B20/Fpr/ParsedStatements.lean:91:17: error: Ambiguous term
  Stmt
Possible interpretations:
  Scalar.Stmt : Type
  
  C.Stmt : Type
/home/footfalcon/free_falcon_sign/proofs/ft1536/work/B20_001/P02/run/scalar_statements_001/source/B20/Fpr/ParsedStatements.lean:92:110: error: Tactic `rfl` failed: The left-hand side
  true
is not definitionally equal to the right-hand side
  Function.const Lean.Name ()
    `B20.Fpr.ParsedStatements.92.41.92.103.41.103._sorry._@.B20.Fpr.ParsedStatements.227630263._hygCtx._hyg.21

tail : List Token
⊢ sorry
/home/footfalcon/free_falcon_sign/proofs/ft1536/work/B20_001/P02/run/scalar_statements_001/source/B20/Fpr/ParsedStatements.lean:94:17: error: Ambiguous term
  Stmt
Possible interpretations:
  Scalar.Stmt : Type
  
  C.Stmt : Type
/home/footfalcon/free_falcon_sign/proofs/ft1536/work/B20_001/P02/run/scalar_statements_001/source/B20/Fpr/ParsedStatements.lean:95:110: error: Tactic `rfl` failed: The left-hand side
  true
is not definitionally equal to the right-hand side
  Function.const Lean.Name ()
    `B20.Fpr.ParsedStatements.95.41.95.103.41.103._sorry._@.B20.Fpr.ParsedStatements.3590818109._hygCtx._hyg.21

tail : List Token
⊢ sorry
/home/footfalcon/free_falcon_sign/proofs/ft1536/work/B20_001/P02/run/scalar_statements_001/source/B20/Fpr/ParsedStatements.lean:97:17: error: Ambiguous term
  Stmt
Possible interpretations:
  Scalar.Stmt : Type
  
  C.Stmt : Type
/home/footfalcon/free_falcon_sign/proofs/ft1536/work/B20_001/P02/run/scalar_statements_001/source/B20/Fpr/ParsedStatements.lean:98:110: error: Tactic `rfl` failed: The left-hand side
  true
is not definitionally equal to the right-hand side
  Function.const Lean.Name ()
    `B20.Fpr.ParsedStatements.98.41.98.103.41.103._sorry._@.B20.Fpr.ParsedStatements.124438566._hygCtx._hyg.21

tail : List Token
⊢ sorry
/home/footfalcon/free_falcon_sign/proofs/ft1536/work/B20_001/P02/run/scalar_statements_001/source/B20/Fpr/ParsedStatements.lean:100:17: error: Ambiguous term
  Stmt
Possible interpretations:
  Scalar.Stmt : Type
  
  C.Stmt : Type
/home/footfalcon/free_falcon_sign/proofs/ft1536/work/B20_001/P02/run/scalar_statements_001/source/B20/Fpr/ParsedStatements.lean:101:110: error: Tactic `rfl` failed: The left-hand side
  true
is not definitionally equal to the right-hand side
  Function.const Lean.Name ()
    `B20.Fpr.ParsedStatements.101.41.101.103.41.103._sorry._@.B20.Fpr.ParsedStatements.1789894220._hygCtx._hyg.21

tail : List Token
⊢ sorry
/home/footfalcon/free_falcon_sign/proofs/ft1536/work/B20_001/P02/run/scalar_statements_001/source/B20/Fpr/ParsedStatements.lean:103:17: error: Ambiguous term
  Stmt
Possible interpretations:
  Scalar.Stmt : Type
  
  C.Stmt : Type
/home/footfalcon/free_falcon_sign/proofs/ft1536/work/B20_001/P02/run/scalar_statements_001/source/B20/Fpr/ParsedStatements.lean:104:110: error: Tactic `rfl` failed: The left-hand side
  true
is not definitionally equal to the right-hand side
  Function.const Lean.Name ()
    `B20.Fpr.ParsedStatements.104.41.104.103.41.103._sorry._@.B20.Fpr.ParsedStatements.2023376064._hygCtx._hyg.21

tail : List Token
⊢ sorry
/home/footfalcon/free_falcon_sign/proofs/ft1536/work/B20_001/P02/run/scalar_statements_001/source/B20/Fpr/ParsedStatements.lean:106:17: error: Ambiguous term
  Stmt
Possible interpretations:
  Scalar.Stmt : Type
  
  C.Stmt : Type
/home/footfalcon/free_falcon_sign/proofs/ft1536/work/B20_001/P02/run/scalar_statements_001/source/B20/Fpr/ParsedStatements.lean:107:110: error: Tactic `rfl` failed: The left-hand side
  true
is not definitionally equal to the right-hand side
  Function.const Lean.Name ()
    `B20.Fpr.ParsedStatements.107.41.107.103.41.103._sorry._@.B20.Fpr.ParsedStatements.3101731912._hygCtx._hyg.21

tail : List Token
⊢ sorry
/home/footfalcon/free_falcon_sign/proofs/ft1536/work/B20_001/P02/run/scalar_statements_001/source/B20/Fpr/ParsedStatements.lean:109:17: error: Ambiguous term
  Stmt
Possible interpretations:
  Scalar.Stmt : Type
  
  C.Stmt : Type
/home/footfalcon/free_falcon_sign/proofs/ft1536/work/B20_001/P02/run/scalar_statements_001/source/B20/Fpr/ParsedStatements.lean:110:110: error: Tactic `rfl` failed: The left-hand side
  true
is not definitionally equal to the right-hand side
  Function.const Lean.Name ()
    `B20.Fpr.ParsedStatements.110.41.110.103.41.103._sorry._@.B20.Fpr.ParsedStatements.2798321416._hygCtx._hyg.21

tail : List Token
⊢ sorry
/home/footfalcon/free_falcon_sign/proofs/ft1536/work/B20_001/P02/run/scalar_statements_001/source/B20/Fpr/ParsedStatements.lean:112:18: error: Ambiguous term
  Stmt
Possible interpretations:
  Scalar.Stmt : Type
  
  C.Stmt : Type
/home/footfalcon/free_falcon_sign/proofs/ft1536/work/B20_001/P02/run/scalar_statements_001/source/B20/Fpr/ParsedStatements.lean:113:113: error: Tactic `rfl` failed: The left-hand side
  true
is not definitionally equal to the right-hand side
  Function.const Lean.Name ()
    `B20.Fpr.ParsedStatements.113.42.113.106.42.106._sorry._@.B20.Fpr.ParsedStatements.2612300976._hygCtx._hyg.21

tail : List Token
⊢ sorry
/home/footfalcon/free_falcon_sign/proofs/ft1536/work/B20_001/P02/run/scalar_statements_001/source/B20/Fpr/ParsedStatements.lean:115:18: error: Ambiguous term
  Stmt
Possible interpretations:
  Scalar.Stmt : Type
  
  C.Stmt : Type
/home/footfalcon/free_falcon_sign/proofs/ft1536/work/B20_001/P02/run/scalar_statements_001/source/B20/Fpr/ParsedStatements.lean:116:113: error: Tactic `rfl` failed: The left-hand side
  true
is not definitionally equal to the right-hand side
  Function.const Lean.Name ()
    `B20.Fpr.ParsedStatements.116.42.116.106.42.106._sorry._@.B20.Fpr.ParsedStatements.2290741519._hygCtx._hyg.21

tail : List Token
⊢ sorry
/home/footfalcon/free_falcon_sign/proofs/ft1536/work/B20_001/P02/run/scalar_statements_001/source/B20/Fpr/ParsedStatements.lean:118:15: error: Ambiguous term
  Stmt
Possible interpretations:
  Scalar.Stmt : Type
  
  C.Stmt : Type
/home/footfalcon/free_falcon_sign/proofs/ft1536/work/B20_001/P02/run/scalar_statements_001/source/B20/Fpr/ParsedStatements.lean:119:104: error: Tactic `rfl` failed: The left-hand side
  true
is not definitionally equal to the right-hand side
  Function.const Lean.Name ()
    `B20.Fpr.ParsedStatements.119.39.119.97.39.97._sorry._@.B20.Fpr.ParsedStatements.2208422170._hygCtx._hyg.21

tail : List Token
⊢ sorry
/home/footfalcon/free_falcon_sign/proofs/ft1536/work/B20_001/P02/run/scalar_statements_001/source/B20/Fpr/ParsedStatements.lean:121:15: error: Ambiguous term
  Stmt
Possible interpretations:
  Scalar.Stmt : Type
  
  C.Stmt : Type
/home/footfalcon/free_falcon_sign/proofs/ft1536/work/B20_001/P02/run/scalar_statements_001/source/B20/Fpr/ParsedStatements.lean:122:104: error: Tactic `rfl` failed: The left-hand side
  true
is not definitionally equal to the right-hand side
  Function.const Lean.Name ()
    `B20.Fpr.ParsedStatements.122.39.122.97.39.97._sorry._@.B20.Fpr.ParsedStatements.1650354343._hygCtx._hyg.21

tail : List Token
⊢ sorry
/home/footfalcon/free_falcon_sign/proofs/ft1536/work/B20_001/P02/run/scalar_statements_001/source/B20/Fpr/ParsedStatements.lean:124:15: error: Ambiguous term
  Stmt
Possible interpretations:
  Scalar.Stmt : Type
  
  C.Stmt : Type
/home/footfalcon/free_falcon_sign/proofs/ft1536/work/B20_001/P02/run/scalar_statements_001/source/B20/Fpr/ParsedStatements.lean:125:104: error: Tactic `rfl` failed: The left-hand side
  true
is not definitionally equal to the right-hand side
  Function.const Lean.Name ()
    `B20.Fpr.ParsedStatements.125.39.125.97.39.97._sorry._@.B20.Fpr.ParsedStatements.1261164914._hygCtx._hyg.21

tail : List Token
⊢ sorry
/home/footfalcon/free_falcon_sign/proofs/ft1536/work/B20_001/P02/run/scalar_statements_001/source/B20/Fpr/ParsedStatements.lean:127:15: error: Ambiguous term
  Stmt
Possible interpretations:
  Scalar.Stmt : Type
  
  C.Stmt : Type
/home/footfalcon/free_falcon_sign/proofs/ft1536/work/B20_001/P02/run/scalar_statements_001/source/B20/Fpr/ParsedStatements.lean:128:104: error: Tactic `rfl` failed: The left-hand side
  true
is not definitionally equal to the right-hand side
  Function.const Lean.Name ()
    `B20.Fpr.ParsedStatements.128.39.128.97.39.97._sorry._@.B20.Fpr.ParsedStatements.2160493601._hygCtx._hyg.21

tail : List Token
⊢ sorry
/home/footfalcon/free_falcon_sign/proofs/ft1536/work/B20_001/P02/run/scalar_statements_001/source/B20/Fpr/ParsedStatements.lean:130:16: error: Ambiguous term
  Stmt
Possible interpretations:
  Scalar.Stmt : Type
  
  C.Stmt : Type
/home/footfalcon/free_falcon_sign/proofs/ft1536/work/B20_001/P02/run/scalar_statements_001/source/B20/Fpr/ParsedStatements.lean:131:107: error: Tactic `rfl` failed: The left-hand side
  true
is not definitionally equal to the right-hand side
  Function.const Lean.Name ()
    `B20.Fpr.ParsedStatements.131.40.131.100.40.100._sorry._@.B20.Fpr.ParsedStatements.3310577852._hygCtx._hyg.21

tail : List Token
⊢ sorry
/home/footfalcon/free_falcon_sign/proofs/ft1536/work/B20_001/P02/run/scalar_statements_001/source/B20/Fpr/ParsedStatements.lean:133:16: error: Ambiguous term
  Stmt
Possible interpretations:
  Scalar.Stmt : Type
  
  C.Stmt : Type
/home/footfalcon/free_falcon_sign/proofs/ft1536/work/B20_001/P02/run/scalar_statements_001/source/B20/Fpr/ParsedStatements.lean:134:107: error: Tactic `rfl` failed: The left-hand side
  true
is not definitionally equal to the right-hand side
  Function.const Lean.Name ()
    `B20.Fpr.ParsedStatements.134.40.134.100.40.100._sorry._@.B20.Fpr.ParsedStatements.994319457._hygCtx._hyg.21

tail : List Token
⊢ sorry
/home/footfalcon/free_falcon_sign/proofs/ft1536/work/B20_001/P02/run/scalar_statements_001/source/B20/Fpr/ParsedStatements.lean:136:16: error: Ambiguous term
  Stmt
Possible interpretations:
  Scalar.Stmt : Type
  
  C.Stmt : Type
/home/footfalcon/free_falcon_sign/proofs/ft1536/work/B20_001/P02/run/scalar_statements_001/source/B20/Fpr/ParsedStatements.lean:137:107: error: Tactic `rfl` failed: The left-hand side
  true
is not definitionally equal to the right-hand side
  Function.const Lean.Name ()
    `B20.Fpr.ParsedStatements.137.40.137.100.40.100._sorry._@.B20.Fpr.ParsedStatements.383402023._hygCtx._hyg.21

tail : List Token
⊢ sorry
/home/footfalcon/free_falcon_sign/proofs/ft1536/work/B20_001/P02/run/scalar_statements_001/source/B20/Fpr/ParsedStatements.lean:139:16: error: Ambiguous term
  Stmt
Possible interpretations:
  Scalar.Stmt : Type
  
  C.Stmt : Type
/home/footfalcon/free_falcon_sign/proofs/ft1536/work/B20_001/P02/run/scalar_statements_001/source/B20/Fpr/ParsedStatements.lean:140:107: error: Tactic `rfl` failed: The left-hand side
  true
is not definitionally equal to the right-hand side
  Function.const Lean.Name ()
    `B20.Fpr.ParsedStatements.140.40.140.100.40.100._sorry._@.B20.Fpr.ParsedStatements.2471316999._hygCtx._hyg.21

tail : List Token
⊢ sorry
/home/footfalcon/free_falcon_sign/proofs/ft1536/work/B20_001/P02/run/scalar_statements_001/source/B20/Fpr/ParsedStatements.lean:142:16: error: Ambiguous term
  Stmt
Possible interpretations:
  Scalar.Stmt : Type
  
  C.Stmt : Type
/home/footfalcon/free_falcon_sign/proofs/ft1536/work/B20_001/P02/run/scalar_statements_001/source/B20/Fpr/ParsedStatements.lean:143:107: error: Tactic `rfl` failed: The left-hand side
  true
is not definitionally equal to the right-hand side
  Function.const Lean.Name ()
    `B20.Fpr.ParsedStatements.143.40.143.100.40.100._sorry._@.B20.Fpr.ParsedStatements.2797968496._hygCtx._hyg.21

tail : List Token
⊢ sorry
/home/footfalcon/free_falcon_sign/proofs/ft1536/work/B20_001/P02/run/scalar_statements_001/source/B20/Fpr/ParsedStatements.lean:145:18: error: Ambiguous term
  Stmt
Possible interpretations:
  Scalar.Stmt : Type
  
  C.Stmt : Type
/home/footfalcon/free_falcon_sign/proofs/ft1536/work/B20_001/P02/run/scalar_statements_001/source/B20/Fpr/ParsedStatements.lean:146:113: error: Tactic `rfl` failed: The left-hand side
  true
is not definitionally equal to the right-hand side
  Function.const Lean.Name ()
    `B20.Fpr.ParsedStatements.146.42.146.106.42.106._sorry._@.B20.Fpr.ParsedStatements.3969827968._hygCtx._hyg.21

tail : List Token
⊢ sorry
/home/footfalcon/free_falcon_sign/proofs/ft1536/work/B20_001/P02/run/scalar_statements_001/source/B20/Fpr/ParsedStatements.lean:148:18: error: Ambiguous term
  Stmt
Possible interpretations:
  Scalar.Stmt : Type
  
  C.Stmt : Type
/home/footfalcon/free_falcon_sign/proofs/ft1536/work/B20_001/P02/run/scalar_statements_001/source/B20/Fpr/ParsedStatements.lean:149:113: error: Tactic `rfl` failed: The left-hand side
  true
is not definitionally equal to the right-hand side
  Function.const Lean.Name ()
    `B20.Fpr.ParsedStatements.149.42.149.106.42.106._sorry._@.B20.Fpr.ParsedStatements.1948477706._hygCtx._hyg.21

tail : List Token
⊢ sorry
