formal/BlockExpressions.lean:65:32: error: Tactic `rewrite` failed: motive is not type correct:
  fun _a => _a[↑i] = ↑↑i
Error: Application type mismatch: The argument
  hi
has type
  ↑i < (List.map rowID unitRows).length
but is expected to have type
  ↑i < _a.length
in the application
  _a[↑i]

Explanation: The rewrite tactic rewrites an expression 'e' using an equality 'a = b' by the following process. First, it looks for all 'a' in 'e'. Second, it tries to abstract these occurrences of 'a' to create a function 'm := fun _a => ...', called the *motive*, with the property that 'm a' is definitionally equal to 'e'. Third, we observe that 'congrArg' implies that 'm a = m b', which can be used with lemmas such as 'Eq.mpr' to change the goal. However, if 'e' depends on specific properties of 'a', then the motive 'm' might not typecheck.

Possible solutions: use rewrite's 'occs' configuration option to limit which occurrences are rewritten, or use 'simp' or 'conv' mode, which have strategies for certain kinds of dependencies (these tactics can handle proofs and 'Decidable' instances whose types depend on the rewritten term, and 'simp' can apply user-defined '@[congr]' theorems as well).

i : Fin 1024
hi : ↑i < (List.map rowID unitRows).length
⊢ (List.map rowID unitRows)[↑i] = ↑↑i
blockCheck_sound : ∀ (f g : Fin 3 → LExpr) (scale : Int),
  blockCheck f g scale = true →
    ∀ (v : Fin 3 → Int),
      (∀ (j : Fin 3), CanonVal (v j)) → ∀ (k : Fin 3), ((g k).eval fun j => (f j).eval v) = scale * v k % 18433
'FT1536Global.rootF_bind' depends on axioms: [propext]
'FT1536Global.rootI_bind' depends on axioms: [propext]
'FT1536Global.binF_bind' depends on axioms: [propext]
'FT1536Global.binI_bind' depends on axioms: [propext]
'FT1536Global.cubeF_bind' depends on axioms: [propext, Quot.sound]
'FT1536Global.cubeI_bind' depends on axioms: [propext, Quot.sound]
'FT1536Global.blockCheck_sound' depends on axioms: [propext, Quot.sound]
'FT1536Global.row_ids' depends on axioms: [propext]
'FT1536Global.unitRow_id' depends on axioms: [propext, sorryAx]
'FT1536Global.root_checked' depends on axioms: [propext]
