Deps/Words clean 1.22
Deps/Linear clean 0.738
Deps/Tables clean 25.309
Deps/Composition clean 0.359
Buffer clean 0.701
Layouts clean 3.24
Twiddles clean 1.156
SourceModel clean 0.86
Expressions clean 0.904
BlockExpressions clean 2.363
BlockChecks clean 25.688
LocalInverse clean 0.708
Stages clean 0.722
InverseGlobal clean 0.681
ForwardProgress clean 0.698
Pipeline clean 0.31
TraceMain clean 0.683
Audit clean 0.269
{
  "modules": 18,
  "checked_theorems": 351,
  "all_final_logs_clean": true,
  "axioms_allowed": [
    "Classical.choice",
    "Quot.sound",
    "propext"
  ],
  "audit_stdout_sha256": "a15c29db3a739600168af1659ed840492e1ef239849937dace1c76b8d61451f4",
  "note": "L_NTT_pending_forward explicitly retains forward_product; inspect its full type"
}
