gcc_observer 0 0.262
gcc_noop 0 0.271
gcc_plain 0 0.403
gcc_labels 0 0.258
gcc_cubic_order 0 0.269
gcc_scale 0 0.293
gcc_read_after_write 0 0.291
c0 0 0.007
lean0 0 0.65
plain0 0 0.001
c1 0 0.006
lean1 0 0.606
plain1 0 0.001
noop 0 0.007
labels 0 0.009
cubic_order 0 0.008
scale 0 0.009
read_after_write 0 0.009
{
  "C_Lean_all_prefix_buffers_equal": true,
  "plain_observer_endpoints_equal": true,
  "snapshots_per_case": [
    104,
    104
  ],
  "compared_coefficients": 319488,
  "mutations_detected": 4,
  "noop_pass": true,
  "matched_labels_roundtrip_pass_but_forward_wrong": true,
  "cases": 2
}
