/home/footfalcon/free_falcon_sign/proofs/ft1536/work/B20_001/P02/run/fpr_spec_004/source/B20/Fpr/Spec.lean:14:4: error(lean.unknownIdentifier): Unknown identifier `Scalar.execute`
/home/footfalcon/free_falcon_sign/proofs/ft1536/work/B20_001/P02/run/fpr_spec_004/source/B20/Fpr/Spec.lean:14:65: error(lean.invalidDottedIdent): Invalid dotted identifier notation: The expected type of `.u64` could not be determined

Hint: Using one of these would be unambiguous:
  [apply] `Ty.u64`
  [apply] `Val.u64`
/home/footfalcon/free_falcon_sign/proofs/ft1536/work/B20_001/P02/run/fpr_spec_004/source/B20/Fpr/Spec.lean:15:8: error(lean.unknownIdentifier): Unknown identifier `Scalar.execute`
/home/footfalcon/free_falcon_sign/proofs/ft1536/work/B20_001/P02/run/fpr_spec_004/source/B20/Fpr/Spec.lean:16:14: error(lean.unknownIdentifier): Unknown identifier `Scalar.step`
/home/footfalcon/free_falcon_sign/proofs/ft1536/work/B20_001/P02/run/fpr_spec_004/source/B20/Fpr/Spec.lean:16:40: error(lean.unknownIdentifier): Unknown identifier `Scalar.evalExpr`
/home/footfalcon/free_falcon_sign/proofs/ft1536/work/B20_001/P02/run/fpr_spec_004/source/B20/Fpr/Spec.lean:14:86: error: unsolved goals
x : BitVec 64
⊢ sorry () = some (sorry ())
/home/footfalcon/free_falcon_sign/proofs/ft1536/work/B20_001/P02/run/fpr_spec_004/source/B20/Fpr/Spec.lean:15:24: warning: This simp argument is unused:
  Parsed.negProgram

Hint: Omit it from the simp argument list.
  [apply] simp [Scalar.execute, bindArgs, emptyState, declareOne, assign, evalBody, Scalar.step, declareMany,
    Scalar.evalExpr, negSpec, bin, shift, bitsOp, commonTy, Val.ty, B20.C.cast, literalValue, update, cast_i32_1_u64]

Note: This linter can be disabled with `set_option linter.unusedSimpArgs false`
/home/footfalcon/free_falcon_sign/proofs/ft1536/work/B20_001/P02/run/fpr_spec_004/source/B20/Fpr/Spec.lean:15:43: warning: This simp argument is unused:
  bindArgs

Hint: Omit it from the simp argument list.
  [apply] simp [Scalar.execute, Parsed.negProgram, emptyState, declareOne, assign, evalBody, Scalar.step, declareMany,
    Scalar.evalExpr, negSpec, bin, shift, bitsOp, commonTy, Val.ty, B20.C.cast, literalValue, update, cast_i32_1_u64]

Note: This linter can be disabled with `set_option linter.unusedSimpArgs false`
/home/footfalcon/free_falcon_sign/proofs/ft1536/work/B20_001/P02/run/fpr_spec_004/source/B20/Fpr/Spec.lean:15:53: warning: This simp argument is unused:
  emptyState

Hint: Omit it from the simp argument list.
  [apply] simp [Scalar.execute, Parsed.negProgram, bindArgs, declareOne, assign, evalBody, Scalar.step, declareMany,
    Scalar.evalExpr, negSpec, bin, shift, bitsOp, commonTy, Val.ty, B20.C.cast, literalValue, update, cast_i32_1_u64]

Note: This linter can be disabled with `set_option linter.unusedSimpArgs false`
/home/footfalcon/free_falcon_sign/proofs/ft1536/work/B20_001/P02/run/fpr_spec_004/source/B20/Fpr/Spec.lean:15:65: warning: This simp argument is unused:
  declareOne

Hint: Omit it from the simp argument list.
  [apply] simp [Scalar.execute, Parsed.negProgram, bindArgs, emptyState, assign, evalBody, Scalar.step, declareMany,
    Scalar.evalExpr, negSpec, bin, shift, bitsOp, commonTy, Val.ty, B20.C.cast, literalValue, update, cast_i32_1_u64]

Note: This linter can be disabled with `set_option linter.unusedSimpArgs false`
/home/footfalcon/free_falcon_sign/proofs/ft1536/work/B20_001/P02/run/fpr_spec_004/source/B20/Fpr/Spec.lean:15:77: warning: This simp argument is unused:
  assign

Hint: Omit it from the simp argument list.
  [apply] simp [Scalar.execute, Parsed.negProgram, bindArgs, emptyState, declareOne, evalBody, Scalar.step, declareMany,
    Scalar.evalExpr, negSpec, bin, shift, bitsOp, commonTy, Val.ty, B20.C.cast, literalValue, update, cast_i32_1_u64]

Note: This linter can be disabled with `set_option linter.unusedSimpArgs false`
/home/footfalcon/free_falcon_sign/proofs/ft1536/work/B20_001/P02/run/fpr_spec_004/source/B20/Fpr/Spec.lean:16:4: warning: This simp argument is unused:
  evalBody

Hint: Omit it from the simp argument list.
  [apply] simp [Scalar.execute, Parsed.negProgram, bindArgs, emptyState, declareOne, assign, Scalar.step, declareMany,
    Scalar.evalExpr, negSpec, bin, shift, bitsOp, commonTy, Val.ty, B20.C.cast, literalValue, update, cast_i32_1_u64]

Note: This linter can be disabled with `set_option linter.unusedSimpArgs false`
/home/footfalcon/free_falcon_sign/proofs/ft1536/work/B20_001/P02/run/fpr_spec_004/source/B20/Fpr/Spec.lean:16:27: warning: This simp argument is unused:
  declareMany

Hint: Omit it from the simp argument list.
  [apply] simp [Scalar.execute, Parsed.negProgram, bindArgs, emptyState, declareOne, assign, evalBody, Scalar.step,
    Scalar.evalExpr, negSpec, bin, shift, bitsOp, commonTy, Val.ty, B20.C.cast, literalValue, update, cast_i32_1_u64]

Note: This linter can be disabled with `set_option linter.unusedSimpArgs false`
/home/footfalcon/free_falcon_sign/proofs/ft1536/work/B20_001/P02/run/fpr_spec_004/source/B20/Fpr/Spec.lean:16:57: warning: This simp argument is unused:
  negSpec

Hint: Omit it from the simp argument list.
  [apply] simp [Scalar.execute, Parsed.negProgram, bindArgs, emptyState, declareOne, assign, evalBody, Scalar.step,
    declareMany, Scalar.evalExpr, bin, shift, bitsOp, commonTy, Val.ty, B20.C.cast, literalValue, update,
    cast_i32_1_u64]

Note: This linter can be disabled with `set_option linter.unusedSimpArgs false`
/home/footfalcon/free_falcon_sign/proofs/ft1536/work/B20_001/P02/run/fpr_spec_004/source/B20/Fpr/Spec.lean:16:66: warning: This simp argument is unused:
  bin

Hint: Omit it from the simp argument list.
  [apply] simp [Scalar.execute, Parsed.negProgram, bindArgs, emptyState, declareOne, assign, evalBody, Scalar.step,
    declareMany, Scalar.evalExpr, negSpec, shift, bitsOp, commonTy, Val.ty, B20.C.cast, literalValue, update,
    cast_i32_1_u64]

Note: This linter can be disabled with `set_option linter.unusedSimpArgs false`
/home/footfalcon/free_falcon_sign/proofs/ft1536/work/B20_001/P02/run/fpr_spec_004/source/B20/Fpr/Spec.lean:16:71: warning: This simp argument is unused:
  shift

Hint: Omit it from the simp argument list.
  [apply] simp [Scalar.execute, Parsed.negProgram, bindArgs, emptyState, declareOne, assign, evalBody, Scalar.step,
    declareMany, Scalar.evalExpr, negSpec, bin, bitsOp, commonTy, Val.ty, B20.C.cast, literalValue, update,
    cast_i32_1_u64]

Note: This linter can be disabled with `set_option linter.unusedSimpArgs false`
/home/footfalcon/free_falcon_sign/proofs/ft1536/work/B20_001/P02/run/fpr_spec_004/source/B20/Fpr/Spec.lean:16:78: warning: This simp argument is unused:
  bitsOp

Hint: Omit it from the simp argument list.
  [apply] simp [Scalar.execute, Parsed.negProgram, bindArgs, emptyState, declareOne, assign, evalBody, Scalar.step,
    declareMany, Scalar.evalExpr, negSpec, bin, shift, commonTy, Val.ty, B20.C.cast, literalValue, update,
    cast_i32_1_u64]

Note: This linter can be disabled with `set_option linter.unusedSimpArgs false`
/home/footfalcon/free_falcon_sign/proofs/ft1536/work/B20_001/P02/run/fpr_spec_004/source/B20/Fpr/Spec.lean:17:4: warning: This simp argument is unused:
  commonTy

Hint: Omit it from the simp argument list.
  [apply] simp [Scalar.execute, Parsed.negProgram, bindArgs, emptyState, declareOne, assign, evalBody, Scalar.step,
    declareMany, Scalar.evalExpr, negSpec, bin, shift, bitsOp, Val.ty, B20.C.cast, literalValue, update, cast_i32_1_u64]

Note: This linter can be disabled with `set_option linter.unusedSimpArgs false`
/home/footfalcon/free_falcon_sign/proofs/ft1536/work/B20_001/P02/run/fpr_spec_004/source/B20/Fpr/Spec.lean:17:14: warning: This simp argument is unused:
  Val.ty

Hint: Omit it from the simp argument list.
  [apply] simp [Scalar.execute, Parsed.negProgram, bindArgs, emptyState, declareOne, assign, evalBody, Scalar.step,
    declareMany, Scalar.evalExpr, negSpec, bin, shift, bitsOp, commonTy, B20.C.cast, literalValue, update,
    cast_i32_1_u64]

Note: This linter can be disabled with `set_option linter.unusedSimpArgs false`
/home/footfalcon/free_falcon_sign/proofs/ft1536/work/B20_001/P02/run/fpr_spec_004/source/B20/Fpr/Spec.lean:17:22: warning: This simp argument is unused:
  B20.C.cast

Hint: Omit it from the simp argument list.
  [apply] simp [Scalar.execute, Parsed.negProgram, bindArgs, emptyState, declareOne, assign, evalBody, Scalar.step,
    declareMany, Scalar.evalExpr, negSpec, bin, shift, bitsOp, commonTy, Val.ty, literalValue, update, cast_i32_1_u64]

Note: This linter can be disabled with `set_option linter.unusedSimpArgs false`
/home/footfalcon/free_falcon_sign/proofs/ft1536/work/B20_001/P02/run/fpr_spec_004/source/B20/Fpr/Spec.lean:17:34: warning: This simp argument is unused:
  literalValue

Hint: Omit it from the simp argument list.
  [apply] simp [Scalar.execute, Parsed.negProgram, bindArgs, emptyState, declareOne, assign, evalBody, Scalar.step,
    declareMany, Scalar.evalExpr, negSpec, bin, shift, bitsOp, commonTy, Val.ty, B20.C.cast, update, cast_i32_1_u64]

Note: This linter can be disabled with `set_option linter.unusedSimpArgs false`
/home/footfalcon/free_falcon_sign/proofs/ft1536/work/B20_001/P02/run/fpr_spec_004/source/B20/Fpr/Spec.lean:17:48: warning: This simp argument is unused:
  update

Hint: Omit it from the simp argument list.
  [apply] simp [Scalar.execute, Parsed.negProgram, bindArgs, emptyState, declareOne, assign, evalBody, Scalar.step,
    declareMany, Scalar.evalExpr, negSpec, bin, shift, bitsOp, commonTy, Val.ty, B20.C.cast, literalValue,
    cast_i32_1_u64]

Note: This linter can be disabled with `set_option linter.unusedSimpArgs false`
/home/footfalcon/free_falcon_sign/proofs/ft1536/work/B20_001/P02/run/fpr_spec_004/source/B20/Fpr/Spec.lean:17:56: warning: This simp argument is unused:
  cast_i32_1_u64

Hint: Omit it from the simp argument list.
  [apply] simp [Scalar.execute, Parsed.negProgram, bindArgs, emptyState, declareOne, assign, evalBody, Scalar.step,
    declareMany, Scalar.evalExpr, negSpec, bin, shift, bitsOp, commonTy, Val.ty, B20.C.cast, literalValue, update]

Note: This linter can be disabled with `set_option linter.unusedSimpArgs false`
