PASS MANIFEST.sha256 self hash = c9695c80...a0e2b (got c9695c8032faa84f03e254370e5420254d8b96951e95d75e605fe382107a0e2b)
PASS manifest line count == 1275 (got 1275)
PASS manifest entries lexicographically sorted
PASS no absolute/..-/backslash/non-normalised paths (0 bad)
PASS no symlinks in bootstrap (0 found)
PASS all members regular files (0 bad)
PASS all 1275 manifest members present (0 missing)
PASS no unlisted files beyond MANIFEST.sha256 (0 extra)
PASS member count == 1275
PASS all member SHA-256 match (0 mismatch)
PASS ORIGINS base_commit == BASE 1aed8ad
PASS ORIGINS copies unique
PASS ORIGINS sha256 agree with manifest (0 bad)
PASS ORIGINS byte sizes agree on disk (0 bad)
INFO ORIGINS entries: 1273 ; git origins: 1273 ; manifest members: 1275
INFO manifest members without ORIGINS entry: 2 ['ORIGINS.json', 'README.md']
INFO ORIGINS entries not in manifest: 0 []
PASS CANDIDATE.sha256 pin 56974571...a0985
PASS CANDIDATE lists 17 source files (got 17)
PASS CANDIDATE names == source/ dir listing
PASS source/17 hashes match CANDIDATE (0 bad)
PASS TASK pin H6P/H6P_REFERENCE_BAD_EVENT_CERTIFICATE.json = 89dacd3248ff...
PASS TASK pin JOINT/ORDERED_JOINT_CERTIFICATE.json = 2461bfa9d86f...
PASS TASK pin LV/CLAIM.md = e10be7abe58c...
PASS TASK pin POST/NEXT_INTERFACE.md = 2dd40096ff0b...
PASS TASK pin POST/SOURCE_POSTPROCESSING_CERTIFICATE.json = 157bde62850b...
PASS TASK pin TARGETS/TARGET_FORMULAS.md = f0caf16017e5...

SUMMARY: 0 checks failed
