{
 "all_pass": true,
 "checks": {
  "E1_reduced_K3_exact_rational_identity": true,
  "E1b_suffix_identity_equals_c_minus_ZB": true,
  "E2_call_order_cubic_2_1_0": true,
  "E2_call_order_right_branch_first_1536": true,
  "E2_full_K9_integer_identity": true,
  "E2_full_map_bijective": true,
  "E2_terminal_pair_mu1_then_mu0": true
 },
 "mutations": {
  "EQUIVALENT_on_exact_skeleton_source_output_as_reference": true,
  "M_drop_final_subtraction": true,
  "M_source_output_as_reference_detected_with_rounding": true,
  "M_swap_root_branch_order": true,
  "M_swap_terminal_pair_order": true,
  "M_wrong_sign_mapping": true,
  "NOOP_dict_rebuild": true
 }
}
