S 7 S 0 S 64 A 0
S 6 S 128 S 160 S 0
S 5 S 192 S 208 S 128
S 4 S 224 S 232 S 192
S 3 S 240 S 244 S 224
S 2 S 248 S 250 S 240
N 1 252
V 0 4110aab25135736c 40c279a52e954d22 3fa1bc6d79270098 4110a3deb575ca00
V 1 bd81fa97fffffd00 40b55552eb97703e 3f947ad5900328c0 bd823a97fffffd00
B 252 4110aab25135736c 4110a3deb575ca00
N 2 248
V 0 4111555ce8922eee c0d49b3bd9db73f4 bfb3056a02e04cad 41113b1b55e48378
V 1 41100007b9d8b7ea 3eebd9e20c4bb656 3dcbd9d4997ecc27 41100007b9d8b7ea
V 2 bd71f3fffffffa00 c0b615fa8185e9bc bf946305b616422a bd71f3fffffffa00
V 3 bd8afb2ffffffd00 bf09fc454ffc18a7 bde9fc38c3cefaf5 bd8afb2ffffffd00
S 2 S 248 S 250 S 252
N 1 256
V 0 41109d9187de9db1 40c10dd455bed56a 3fa06c1a357057d9 411097bbd8a9cd9f
V 1 bd81fa97fffffd00 40b3b139c0bcb8de 3f92f67ab20a4497 bd81fa97fffffd00
B 256 41109d9187de9db1 411097bbd8a9cd9f
N 3 240
V 0 41100007b9e8d514 bfb281c6f470fdd1 be9281be04a466fa 41100007b9e8d3b8
V 1 4112aab2173b88c9 40b646c6a90c5519 3f93181066899479 4112492c2665b8f0
V 2 41100007b9cb4472 3fa6b120bc8c9ce8 3e86b115c79341ed 41100007b9cb4317
V 3 41100007b9e62b62 bfad9f630a2cba92 be8d9f54bc4b41bc 41100007b9e62a05
V 4 bd4fbffffffff000 bf837debec76c15d be637de282e87825 bd4fbffffffff000
V 5 bd7feffffffff600 c0e5269c4ce176cd bfc221110c0eda28 bd7feffffffff600
V 6 bd7fe5fffffffe00 3fad929a53ebdc68 3e8d928c0c6871d8 bd7fe5fffffffe00
V 7 bd9301affffffd80 3fa6baeffa078be0 3e86bae5002b67be bd9301b000000580
S 3 S 240 S 244 S 248
S 2 S 248 S 250 S 240
N 1 264
V 0 41109250d4fffe71 40bfabf8241c50a3 3f9e94542778c01b 41108d457e73fec5
V 1 bd81fa9800000100 40b2492364e8fc5e 3f91a7b00cf9fc68 bd81fa9800000100
B 264 41109250d4fffe71 41108d457e73fec5
N 2 260
V 0 41112499f0274654 c0d1a9a1e015454d bfb07c29532d3d53 41111118c34dc07d
V 1 41100007b9d8b68e 3eebd9dffa3bfe24 3dcbd9d287701646 41100007b9d8b68e
V 2 bd71f3fffffffa00 c0b2ee455b090911 bf91ab27c7365503 bd71f3fffffffa00
V 3 bd8afb3000000500 bf09fc43616e4433 bde9fc36d5421784 bd8afb3000000500
S 2 S 248 S 250 S 252
N 1 268
V 0 411088903e933b86 40bd8f7136056341 3f9c9b47715dd76a 41108428c0997665
V 1 bd81fa9800000100 40b1111097509eee 3f908418de760620 bd81fa9800000100
B 268 411088903e933b86 41108428c0997665
N 4 224
V 0 411000076f3e31ff c0f549a3cdfc06ab bfd54999e9c754e5 410c71d7a942f136
V 1 4110000804937829 c0b65300b59c1539 bf9652f585bed321 410c71d9bba9363e
V 2 411000076f38de9a 40ec21d0696af885 3fcc21c3571749b0 410c71d7a93e3549
V 3 4115555cbf3e32f8 3f2439df7c400e7a 3dfe56c4af495157 4115555cbf3e32f8
V 4 41100008045856e6 c0f3221ccedb7d1f bfd32213389fb8ad 410c71d9bb74a6c6
V 5 411000076f3e31fe 40e2def8bd084467 3fc2deeff84b4c23 410c71d7a942f134
V 6 4110000804937829 40db6df0ad556698 3fbb6de2ee8ba703 410c71d9bba9363f
V 7 411000076f38de9a c0f4338031bd277f bfd43376cecc579f 410c71d7a93e3549
V 8 bcdffffffff00000 c0b6530324edc2e7 bf9652f8c56a8769 bcdffffffff00000
V 9 bd5fa00000000000 40f549a17b9bd950 3fd54996d0b9d747 bd5fa00000000000
V 10 3d80000000000800 40f00a0c2c0323a2 3fd00a04b8229020 3d90000000000400
V 11 bd97f7ffffffff00 bf21bcdf713a72ef bdfa9b45eace1237 bd97f7ffffffff00
V 12 3cf4000000040000 c0e2def6ad50cb65 bfc2deed38ba4323 3cf4000000040000
V 13 bd8ff00000000000 c0f3221ee5e8bf87 bfd3221601f8461f bd8ff00000000000
V 14 bd8bfafffffff800 40f4337dfdc71c7d 3fd43373de461ff4 bd8bfafffffff800
V 15 bd9805dfffffff00 40db6df3ab16ef93 3fbb6de6ec55f7e1 bd9805dfffffff00
S 4 S 224 S 232 S 240
S 3 S 240 S 244 S 224
S 2 S 248 S 250 S 240
N 1 284
V 0 410e38f4aac8b8c6 40c8a22dca98e35c 3faa1512a8999d5c 410e1e2f581e7d46
V 1 bd7ff52ffffffa00 40bc71bf860f7e5e 3f9e1e0508208bee bd7ff52ffffffa00
B 284 410e38f4aac8b8c6 410e1e2f581e7d46
N 2 280
V 0 411000085194d856 c0db79a0eabb881b bfbb7992a1db28d1 410f9aee49c2d61f
V 1 410c71d8b267c0e0 3ed8c1bb47f20339 3dbbd9e178e35811 410c71d8b267c0e0
V 2 bd63e7fffffff400 c0bd729ed219267c bf9d728f82ab7cc8 bd63e7fffffff400
V 3 bd8afb2ffffffd00 bef7192ec8d57e20 bdd9fc44912c09ee bd8afb2ffffffd00
S 2 S 248 S 250 S 252
N 1 288
V 0 410e06637e154b80 40c5e58030b4b0c3 3fa7563b297a7866 410df118e18be78b
V 1 bd7ff52ffffffa00 40b948acbad8a9f6 3f9af272a7932851 bd7ff52ffffffa00
B 288 410e06637e154b80 410df118e18be78b
N 3 272
V 0 410c71d8b27613ba bfc06ee5116f7ccf bea27cb64594084b 410c71d8b2760a11
V 1 4111c72449eea6ce 40bdb3b010b3600b 3f9abb45dd124ee0 4111111965a4f429
V 2 410c71d8b25bcbfd 3fb42c303034ab55 3e96b1a82e72699c 410c71d8b25bc256
V 3 410c71d8b273b5c4 bfba4cf12afd33a4 be9d967d0562880c 410c71d8b273ac1b
V 4 bd4fbffffffff000 bf914ec920d5b521 be7378963b2dc8c4 bd4fbffffffef000
V 5 bd6fdfffffffec00 c0ec3377c2da1cbc bfc9617a2f969731 bd6fdfffffffec00
V 6 bd7fe5fffffffe00 3fba4a19e436b97d 3e9d934ad7d5f3d9 bd7fe5fffffffe00
V 7 bd9301affffffd80 3fb42e5e3f452fbd 3e96b41bfdcdc496 bd9301affffffd80
S 3 S 240 S 244 S 248
S 2 S 248 S 250 S 240
N 1 296
V 0 410dddef38a3d835 40c3b4f37c7a189d 3fa51d41c08afb8a 410dcc98dd9ddf20
V 1 bd7ff52ffffff200 40b6c16863c20fce 3f986173f7073602 bd7f752ffffff200
B 296 410dddef38a3d835 410dcc98dd9ddf20
N 2 292
V 0 410f4a05bedff932 c0d5fae96c544a27 bfb67abf8450c12f 410f07d349d4c7ce
V 1 410c71d8b267b738 3ed8c1b935e24b07 3dbbd9df249322f9 410c71d8b267b738
V 2 bd63e7ffffffd400 c0b78ee7e91ae194 bf9817eba1cfb43a bd63e7ffffffd400
V 3 bd8afb2ffffffd00 bef7192cda47a9ab bdd9fc4264cddbb6 bd8afb2ffffffd00
S 2 S 248 S 250 S 252
N 1 300
V 0 410dbcd5fe1e3f83 40c1ea52fc98f84e 3fa3473d480b2bc4 410dae71f9776b93
V 1 bd7ff52ffffff200 40b4afd4bb6884ae 3f9642b93bddfcad bd7f752ffffff200
B 300 410dbcd5fe1e3f83 410dae71f9776b93
N 5 192
V 0 410555643ee7fdc8 410552665c50d3bb 3feffb832f404bfc 40115349847a0000
V 1 4115555cbf08651a bf838c01103d94f7 be5d51f76831aa22 4115555cbf0854c4
V 2 4115555cbf7400d8 3fc97b34452095c7 3ea31c608f7847ed 4115555cbf73f090
V 3 410555669365def3 40ff240fbec64285 3fe75af8eea3d560 4011534984788000
V 4 4115555cbefdbe52 bfd100b535d53d6c bea98106f4193036 4115555cbefdadfd
V 5 410555643ee7fdc4 c0f19bda8169ed96 bfda69b54b8fcebb 4011534984758000
V 6 4115555cbf086519 3fba4e11df1fa963 3e93ba868c63f319 4115555cbf0854c3
V 7 4115555cbf7400d8 bfd1717540b6430d beaa2a26c9159c41 4115555cbf73f090
V 8 410555669365def2 c104c6aa9f54fe80 bfef29e6bef1ae89 4011534984770000
V 9 4115555cbefdbe52 3fb0f47af82d60b2 3e896eaf9dfce407 4115555cbefdadfd
V 10 410555643ee7fdc6 40f687e62f0428be 3fe0e5e0d364b5a9 4011534984780000
V 11 4115555cbf086519 bfcfb539f520f267 bea7c7e3346ebb92 4115555cbf0854c3
V 12 4115555cbf7400d8 3fce4c9e689ca772 3ea6b96ee8930ebc 4115555cbf73f090
V 13 410555669365def3 40f8da3597b1ae36 3fe2a399212d5441 4011534984790000
V 14 4115555cbefdbe52 bfa853602df66e4b be823e81cb9a8f0c 4115555cbefdadfd
V 15 410555643ee7fdc4 c1050c60fa2f9a43 bfef927b65798553 4011534984758000
V 16 0000000000000000 40b6561075aef9c0 3fa0c080a2852a03 bd70000000000000
V 17 bceffffffff00000 3fd2a8c41d0eafab 3eabfd1c71dbfdb1 bceffffffff00000
V 18 bd97f80000000000 3fcb34c1147aa480 3ea46789b7e3011b bd97f80000008000
V 19 3d94040000000000 c0fd2aa6811c8c01 bfe5dfeb32c243f6 3db5010000000000
V 20 3af0000000000000 bfbed0bebd9a0983 be971c8706605e13 3b31000000000000
V 21 3d90000000000400 41036e85baeab71a 3fed25b43881a10f 3d90000000000400
V 22 bd9ff7fffffffe00 3fd178ffa2856e24 3eaa3576586231c8 bd9ff7ffffffbe00
V 23 bd8ff00000000000 3fba42b7b1b65b6f 3e93b202ece6ffa3 bd8ff00000000000
V 24 3da0040000000000 c0e3608e6dd78b8d bfcd10be26dc99af 3db0020000000000
V 25 bd9ffdfffffffe00 bfd22dd384e935a2 beab44b3cdc568bc bd9ffdfffffffe00
V 26 3cf0000000000000 41021dc4a730fe33 3feb2c93fc02b003 3db0010000000000
V 27 bd9ff40000000000 3fc3b79da1025fae 3e9d93622a9db3e1 bd9ff40000000000
V 28 3d70040000000000 3fc5b6507d89e07a 3ea048b6b54abfdf 3d70040000000000
V 29 bd9ffbfffffff800 c1015739f74f12a0 bfea02c1ed17e58d bd9ffbfffffff800
V 30 bda005ffffffff00 bfd26ad51160114a beaba03600abc24e bda005ffffffff00
V 31 bd8fff8000000000 40dbccffe23ed3cf 3fc4d9b15689cac0 bd9fffc000000000
S 5 S 192 S 208 S 224
S 4 S 224 S 232 S 192
S 3 S 240 S 244 S 224
S 2 S 248 S 250 S 240
N 1 332
V 0 410800177fee0f28 40d2799eb05902d3 3fb8a210cc83502c 4107b43dfdb6047a
V 1 bd2ea5ffffff4000 40c5554b6c3512e3 3fac719e0bc69b92 bd2ea5ffffff4000
B 332 410800177fee0f28 4107b43dfdb6047a
N 2 328
V 0 410aaac0ed74b184 c0e49b349c5c5f8f bfc8ba2a7db6e608 410999b1be18be6e
V 1 4105556e12676ccb 3eebd9e59392511c 3dd4e353f5cf95af 4105556e12676ccb
V 2 3d68180000000c00 c0c615f2bef39e90 bfaa80a6c56d294c 3d68180000000c00
V 3 bd6becbffffff400 bf09fc482e91a051 bdf37d1f8970b337 bd6becbffffff400
S 2 S 248 S 250 S 252
N 1 336
V 0 4107778fe840159c 40cd8f6de7d6642d 3fb42787663bd414 410745ea26b9be85
V 1 bd2ea5ffffff4000 40c1110eaec5468b 3fa745b5f72dca26 bd2ea5ffffff4000
B 336 4107778fe840159c 410745ea26b9be85
N 3 320
V 0 4105556e1287a723 bf1aac074c5ce1e0 be0400ee46d22bdd 4105556e1287a723
V 1 41100009e430ddf2 40c646bc65f24e2d 3fa646aea07cd26b 410c71e0653a4a02
V 2 4105556e124c85d8 bed9efd3d66cc63b bdc373c852427e06 4105556e124c85d8
V 3 4105556e128253be bf17749c95ce8454 be0197610a0f7e38 4105556e128253be
V 4 3d8c03ffffffc100 beec176a014fbe36 bdd51177127d6d3b 3d8c03ffffffc100
V 5 bd7fefffffff7600 c0f526928e87474b bfd526857b36aaec bd7fefffffff7600
V 6 3d90068000000080 bee0e698882435e6 bdc959c766a91304 3d90068000000080
V 7 bd9701affffffd80 3f11ff80315b758f 3dfaff20fb9edce8 bd9701affffffd80
S 3 S 240 S 244 S 248
S 2 S 248 S 250 S 240
N 1 344
V 0 41071c8aa72432ae 40c8a236412a6b48 3fb10dc46fa8adbb 4106f988974e6dc6
V 1 bd2ea5ffffff4000 40bc71c94bcc5e36 3fa3b12765018e07 3ce5a000000c0000
B 344 41071c8aa72432ae 4106f988974e6dc6
N 2 340
V 0 4108e3a73be0f892 c0db79aa5aaf6c3b bfc1a9929efd2d2d 4108619f8a19f8f2
V 1 4105556e12676ccb 3eebd9e59392511c 3dd4e353f5cf95af 4105556e12676ccb
V 2 3d68180000000c00 c0bd72a8ef822fdf bfa2ee3501916aa2 3d68180000000c00
V 3 bd6becbffffff400 bf09fc482e91a051 bdf37d1f8970b337 bd6becbffffff400
S 2 S 248 S 250 S 252
N 1 348
V 0 4106db86ce40b2de 40c51d5657a6ac7f 3fad8f586e1236e2 4106c1853ea7ec24
V 1 bd2ea5ffffff4000 40b8618bbd946136 3fa1110248a23d1d bd2ea5ffffff4000
B 348 4106db86ce40b2de 4106c1853ea7ec24
N 4 304
V 0 4105556e1251d93e c1054999fff4c769 bfefee41f90759b8 4021533b72880000
V 1 4105556e12bd7508 c0c652f8dd1d0c94 bfb0be273b434b52 4021533b72860000
V 2 4105556e12473272 40fc21c3746ad616 3fe5193a20113898 4021533b72830000
V 3 4115555cbf3e22aa 3f2439e21de61072 3dfe56c8a1c10c53 4115555cbf3e22aa
V 4 4105556e12473274 c103221615dd9825 bfecb2ffd93dc18e 4021533b7284c000
V 5 4105556e1251d93b 40f2def00bf436fb 3fdc4e473f1d4bf0 4021533b72860000
V 6 4105556e12bd7509 40eb6de709861293 3fd492556bdf9fd9 4021533b72874000
V 7 4105556e12473272 c1043376e3db62bb bfee4d0f32b95c82 4021533b72830000
V 8 bd600ffffffff800 c0c652f8dcac711e bfb0be273b434abb 3d77f80000000400
V 9 3d9e05ffffffc000 4105499a0060283b 3fefee41f9075ac3 3d9605ffffffc000
V 10 3d80000000004800 41000a04c8daec10 3fe80eeb476b7675 3d80000000004800
V 11 bd97f7ffffffdf00 bf21bce1c0008dfd bdfa9b4960f61b2e bd97f7ffffffdf00
V 12 3d90050000000100 c0f2def00beacaf2 bfdc4e473f1d4bdd 3d90050000000100
V 13 3d90080000000000 c103221615e725b5 bfecb2ffd93dc1a1 3d90080000000000
V 14 bd8bfafffffff800 41043376e44b5e9f 3fee4d0f32b95d87 bda6febffffffe00
V 15 bda002efffffff80 40eb6de708ee04d2 3fd492556bdf9f27 bdb00177ffffffc0
S 4 S 224 S 232 S 240
S 3 S 240 S 244 S 224
S 2 S 248 S 250 S 240
N 1 364
V 0 40e5564f4c7e65f6 40e2798faf274a57 3febb512e040c9e9 403152cae8501800
V 1 bd807a97fffffd00 40d5553a18c73da0 3fdffe6045746950 bd807a97fffffd00
B 364 40e5564f4c7e65f6 403152cae8501800
N 2 360
V 0 40f555c4b2a2d1cc c0f49b23e08d4166 bfeee8147a1d5b79 403153032bfed000
V 1 4021533b72854000 3d91bdcc03d08b04 3d606269fdefc3cf 4021533b72854000
V 2 3d68180000000c00 c0d615e0cf9434e4 bfd0901225a08425 3d68180000000c00
V 3 bd937d97fffffe80 3db1c0bbe37f1354 3d8065205ba8aaf2 bd937d97fffffe80
S 2 S 248 S 250 S 252
N 1 368
V 0 4029fca0e5417000 400e01493a089498 3fd2795741114466 4027198b95951646
V 1 bd807a97fffffd00 400152cae5784c82 3fc554f8efdfde08 bd807ad7fffffd00
B 368 4029fca0e5417000 4027198b95951646
N 3 352
V 0 4021533b72870000 3ddfa92d23527385 3dad3d3edc536b02 4021533b72870000
V 1 4105557f65b507b0 40d646aa4e6de03c 3fc0b4dec9e93276 4031531f4ee3a000
V 2 4021533b72856000 bdc859dda43429da bd967d104cb8090b 4021533b72856000
V 3 4021533b72852000 bdeacd6fde8098d6 bdb8c0a274f157dd 4021533b72852000
V 4 3d8c03ffffffc100 3db2b1b187f0f8af 3d8143a7ecf576cf 3d8c03ffffffc100
V 5 bd7fefffffff7600 c1052681610b8c1e bfefb98383fcf458 bd97fbffffffdd80
V 6 3d90068000000080 bdcfbbd2f5b70e60 bd9d4e778d93356c 3d90068000000080
V 7 bdab80d7fffffec0 3de4ebe27e144326 3db3523c5629858f bdab80d7fffffec0
S 3 S 240 S 244 S 248
S 2 S 248 S 250 S 240
N 1 376
V 0 4025a7fc3d563000 3ffe01aab199f896 3fc62b5be96e9e15 4024ca3e550a732f
V 1 bd887a97fffffd00 3ff153032b43a6e1 3fb9995712a3b2c2 bd887a97fffffd00
B 376 4025a7fc3d563000 4024ca3e550a732f
N 2 372
V 0 4029fcbd08272000 c010bbe49b6b3cdb bfd49b118f5f5d89 402719981708837c
V 1 4021533b72854000 3d91bdcc03d08b04 3d606269fdefc3cf 4021533b72854000
V 2 bd73f3fffffffa00 bff1ef7671e7158d bfb615cd2dbbb4dd bd73f3fffffffa00
V 3 bd937d97fffffe80 3db1c0bbe37f1354 3d8065205ba8aaf2 bd937d97fffffe80
S 2 S 248 S 250 S 252
N 1 380
V 0 40243669c4c6e1be 3ff401321f96c54a 3fbfabbf63b5f450 4023ccd1a19ca518
V 1 bd887a97fffffd00 3fe71972920cdbb2 3fb24902a0ef08e9 bd887a97fffffd00
B 380 40243669c4c6e1be 4023ccd1a19ca518
N 6 128
V 0 4115555b953fb70a c1155497c38f12cb bfeffeda45cd1605 40115550ad610000
V 1 400153508d7ccdc0 3eec2ba9224db9ce 3eda03f2860b551b 4001535063b71cb5
V 2 4115555de9bd9837 410dac166dfa5612 3fe64107df48e36a 40115550ad5d0000
V 3 4115555b945331fd c10ea8d05e102520 bfe6fe958b0c8915 4011519e9aac0000
V 4 4115555de9a84aa8 c11392be3307da3b bfed5c117de45347 401154fb77430000
V 5 4115555b953fb708 4100f8776c2446fb 3fd974abad21ea7d 40115550ad570000
V 6 400153508d7acdc0 bf33c61e09577bd0 bf2242d9b4f3bf89 4001535063b51cb5
V 7 4115555de9bd9836 c113d7223d564a31 bfedc2a763face4a 40115550ad580000
V 8 4115555b945331fd 4114da3c880e19dc 3fef4751a3aab62d 4011519e9aac0000
V 9 4115555de9a84aa8 40f203cd4c56a576 3fcb05a914823702 401154fb77430000
V 10 4115555b953fb708 c1071ee4102b0787 bfe15725f7a9b88c 40115550ad5a0000
V 11 400153508d77cd40 3f469c1d519b3d77 3f34e14e82fd78a3 4001535063b21c03
V 12 4115555de9bd9836 41118aae38ca57ab 3fea4ffac026077a 40115550ad590000
V 13 4115555b945331fc c1084814993dbf27 bfe2360a1df5b44e 4011519e9aa80000
V 14 4115555de9a84aa8 c0ee8d5d93522f04 bfc6e9fcf76e60a1 401154fb77430000
V 15 4115555b953fb708 4114fd1a08e48dc9 3fef7b9dd43f7ecc 40115550ad570000
V 16 400153508d78cdc0 bf4ab9cfce17dc24 bf38ae6498861889 4001535063b31c52
V 17 4115555de9bd9836 c0e38145fc3eacdf bfbd41dd3623238b 40115550ad590000
V 18 4115555b945331fc 410a862df3d166a6 3fe3e49ca3d3deba 4011519e9aa80000
V 19 4115555de9a84aa8 4110b5ca2e3df591 3fe910a530da0bce 401154fb77440000
V 20 4115555b953fb709 c112a5b0c2691d09 bfebf880f1ec3cd9 40115550ad5b0000
V 21 400153508d79ce00 3f3a22d7b081a239 3f2822f92cd22a27 4001535063b41d27
V 22 4115555de9bd9836 40f76e7ac1df837f 3fd192d500173a00 40115550ad590000
V 23 4115555b945331fc c114836682c47210 bfeec510c1df148a 4011519e9aa80000
V 24 4115555de9a84aa8 c1144f8804441593 bfee773fc5dc7308 401154fb77440000
V 25 4115555b953fb708 40fa1a8ab93ed828 3fd393e24eafabea 40115550ad590000
V 26 400153508d79cdc0 bf389555feddad4c bf26b3e08d1026aa 4001535063b41c20
V 27 4115555de9bd9836 c112f9f188a2ae9d bfec76deda5cad44 40115550ad580000
V 28 4115555b945331fd 4110446875d0cf07 3fe866958bd2a7a2 4011519e9aad0000
V 29 4115555de9a84aa8 410b9a7c6827f1ea 3fe4b3d4fabe0091 401154fb77420000
V 30 4115555b953fb708 c0dbe4e252b19022 bfb4eba39d117047 40115550ad590000
V 31 400153508d77cdc0 3f4acfe6aafa8390 3f38c2cad84f38c2 4001535063b21c83
V 32 bd10000000000000 c0b656d46eb2ecf6 bf90c11a6a846eeb bd10000000000000
V 33 3d10000000000000 bf4ae60399d67dc1 bf38d736b326e0e0 3d10000000000000
V 34 baf0000000000000 410ea8d3b5fdc144 3fe6fe95890faef6 bdc0000000000080
V 35 bcffffffffe00000 410dac13319c8350 3fe64107e1355ad8 bcffffffffe00000
V 36 3d90100000000000 c100f87946b71a61 bfd974abad55e260 3d90100000000000
V 37 bdb0000000000000 c11392bc0fad2c49 bfed5c117da8631b bdb0000000000000
V 38 3d9ff80000000000 bf4904f8163750f6 bf371af8557b7a2b 3d9ff80000004000
V 39 3d80200000000000 40ff5c81f4c21a6e 3fd7855801f08cc2 bdabf80000000000
V 40 0000000000000000 40f203cb5557dcaa 3fcb05a916a23a98 0000000000000000
V 41 3b00000000000000 c114da3ece480401 bfef4751a135016d 3b00000000000000
V 42 3da0000000000400 c111edf5ffb24d0e bfeae4e91e966885 3da0000000000400
V 43 0000000000000000 bf3d27f20c12f646 bf2aecee801e60af 3b40000000000000
V 44 bdaffffffffffe00 410848173f1ddd25 3fe2360a1c62b48a 3db0000000000100
V 45 3d10000000000000 41118aac4f12ec2b 3fea4ffac26c4e25 3dc0020000000000
V 46 bd9ff00000000000 c114fd1c53d4a5a3 bfef7b9dd47fc4a2 bd9ff00000000000
V 47 0000000000000000 c0ee8d5a3cf1fc4e bfc6e9fcf73f9928 0000000000000000
V 48 3db0000000000000 bf1898b20fafe723 bf06b6fad1b680fb 3daffffffffff000
V 49 3d10000000000000 4115318c93fc8180 3fefca4614f9d673 3d10000000000000
V 50 bdaffffffffffe00 4110b5c85bad2d45 3fe910a532d2a8da bdaffffffffffe00
V 51 3cf0000000000000 c10a8630d8674b24 bfe3e49ca243615f 3dc0008000000000
V 52 0000000000000000 c104b9d28c7845cc bfdf16b2b72d8e0f 0000000000000000
V 53 3d00000000000000 bf4783cdd2ced3a2 bf35b7456f495f29 3d00000000000000
V 54 bdaffc0000000000 41148368bf714fa4 3feec510bf362a6c 3d00000000000000
V 55 3d10000000000000 40f76e7833ba80f7 3fd192d5019c1e1f bdaff80000000000
V 56 3d80040000000000 c0fa1a8d9338c684 bfd393e24ed7a3bf 3db2008000000000
V 57 0000000000000000 c1144f85cc4a0ac9 bfee773fc59e40bd 0000000000000000
V 58 bdb0020000000000 bf47ee0a7c4d77c6 bf36196178ce9b2d bdb0020000000000
V 59 3d10000000100000 41037e9bc1893316 3fdd3ddddfae7c3b 3d10000000100000
V 60 bdb0060000000000 410b9a79656f9357 3fe4b3d4fc5ec9b6 bdc8030000000000
V 61 3af0000000000000 c110446a3c040991 bfe8669589e76a4f 3af0000000000000
V 62 3da0000000000000 c115430e9c2c1e3d bfefe48c926d5018 3da0000000000000
V 63 bdafffc000000000 bf119676ac835d39 bf003e0306b9a578 bdafffc000000000
S 6 S 128 S 160 S 192
S 5 S 192 S 208 S 128
S 4 S 224 S 232 S 192
S 3 S 240 S 244 S 224
S 2 S 248 S 250 S 240
N 1 444
V 0 400ede04e9613e3c 3fae091f0f8a127b 3f8f234a177e23ac 400edb956a3ee575
V 1 bd73f52fffffe600 3fa15750f712f049 3f81fa39e1382a3b bd73f52fdfffe600
B 444 400ede04e9613e3c 400edb956a3ee575
N 2 440
V 0 400f68bf7119e556 bfc0b8449251bee7 bfa108c861800ca5 400f5f355f7bfe5e
V 1 400e534a61a89722 3f0bd9d67ae36fda 3eed6390fa92c727 400e534a602ac032
V 2 bd3f3ffffffca000 bfa1eb93c77be9d0 bf8241df7329d5c8 bd3f3ffffffca000
V 3 bd82fb3000000100 bf29fc3a8dbd77f0 bf0b6b951810be83 bd82fb3000000100
S 2 S 248 S 250 S 252
N 1 448
V 0 400ed93fdfd35f48 3fad00c2a03d7e08 3f8e15e03df81ee1 400ed6fa29a46b7f
V 1 bd73f52fffffe600 3fa0beaff511efc9 3f815eae1e5432e1 bd73f52fefffe600
B 448 400ed93fdfd35f48 400ed6fa29a46b7f
N 3 432
V 0 400e53cb4ac4872d bf3aabf921c764b7 bf1c249089c839db 400e53cb44cd4511
V 1 40103ed9cbb7a1c0 3fa21b938e26773c 3f81d58566472d55 40102c57199353e1
V 2 400e52dec615272f bef9efc9a5e3580e bedb5ed56e8b3786 400e52dec6063002
V 3 400e53b5fd3c0714 bf37748fa5d4c408 bf18bfce4aac1cf4 400e53b5f6076ffd
V 4 bd98fdfffffff780 bf0c175b88cc910c beeda3fdbce612b7 bd98fdfffffff780
V 5 3d98040000001280 bfd13156596ca892 bfb0eed26b6e2848 3d98040000001280
V 6 3d800cfffffff900 bf00e692334ac8a2 bee1d5be3602a24b 3d800cfffffff900
V 7 bd9b01affffffd80 3f31ff7641c4892d 3f12fda28c0123a5 bd9b01affffffd80
S 3 S 240 S 244 S 248
S 2 S 248 S 250 S 240
N 1 456
V 0 400ed4c38d006335 3fac082489f6c672 3f8d1835b5c4865c 400ed2a3d5cff58f
V 1 bd73f52fffffe600 3fa02f25df3073a9 3f80cc39d6eac401 bd73f5300fffe600
B 456 400ed4c38d006335 400ed2a3d5cff58f
N 2 452
V 0 400f563cbbf9f66a bfbf34622f29a970 bf9fdd6e0d73e465 400f4de94941e02a
V 1 400e534a5e06d000 3f0bd8e9b58cbb7f 3eed62972586692f 400e534a5c89126b
V 2 bd3f3ffffffca000 bfa0b8f63a9b8d1d bf81138db265f491 bd3f3ffffffca000
V 3 bd82fb3000000100 bf29fb5da4b9a75b bf0b6aabff53b395 bd82fb2ffffffd00
S 2 S 248 S 250 S 252
N 1 460
V 0 400ed099d2e5794a 3fab216846fd7dc7 3f8c2c87e3552ab4 400ece9c3ddd35be
V 1 bd73f52fffffe200 3f9f53dd9715d1f4 3f8044281754f3fa bd73f5300fffe200
B 460 400ed099d2e5794a 400ece9c3ddd35be
N 4 416
V 0 400e52f413a2c72d bfe1466f9c7a5810 bfc23adb757bfc94 400db4d0992719db
V 1 400e54a281e6472d bfa224d3802b20d0 bf83247a2bd625dc 400db60cdc58ced7
V 2 400e52c978910701 3fd6d376f202b876 3fb8168e62e369c1 400db4b1492ce3e8
V 3 4011544edb26c000 3f4439d744563b82 3f22aca66a8a936c 4011544ed0b5f564
V 4 400e52c9788f4714 bfdf0c8d2c9fcfe3 bfc062048e203043 400db4b1492b7637
V 5 400e52f4139b074a 3fcea0c2e7619bf2 3fb0290ddaee6114 400db4d0991f43db
V 6 400e54a281e78708 3fc64b07a3f87c5a 3fa785250164e0fc 400db60cdc599523
V 7 400e52c978908721 bfe06417cee0f979 bfc14c197e4627f2 400db4b1492c3cee
V 8 bda000ffffffff80 bfa21dc9cd9ec276 bf831e1c9cc4007a bda000ffdfffff80
V 9 bd91f9fffffff000 3fe14d25a5fc4775 3fc240ed59c21d40 bd91f9fffffff000
V 10 3d80000000004800 3fda0731c231c5cf 3fbb779c14bf26cc 3d80000400004800
V 11 3da4040000000080 bf41bcd82d83d8fa bf20608477bce464 3da403ffffffe080
V 12 3da0027ffffffc80 bfce9f95666f4906 bfb02885795fedaa 3da0027f7ffffc80
V 13 bd8ff00000000000 bfdf0dbede68e278 bfc0628ed4f72cdc bd8ff00000000000
V 14 3d60140000002000 3fe06b1789c13479 3fc1526e1257ac62 3d6013f800002000
V 15 bdac02efffffff80 3fc64186cc827c7e 3fa77c8c8e6c4a50 bdac02efffffff80
S 4 S 224 S 232 S 240
S 3 S 240 S 244 S 224
S 2 S 248 S 250 S 240
N 1 476
V 0 400e538d8cfd2870 3fb1283702793ec6 3f921a9ba406cd08 400e5051414ce283
V 1 bd73f52fe0000600 3fa3cfb1611eba09 3f84e79595fbc49e bd73f52fe0000600
B 476 400e538d8cfd2870 400e5051414ce283
N 2 472
V 0 400ef20b18062dd8 bfc31d2926f4e95e bfa3c3e73bcf53a7 400ee563c5723857
V 1 400db51001f42308 3f0476b5008c2673 3ee60b040bec5355 400db5100121b44c
V 2 bd3f3fdc0000a000 bfa47c7950908632 bf852f301e715cf2 bd3f3fdc0000a000
V 3 bd82fb3100000100 bf2317c799f7bc51 bf0491013f12ab01 bd82fb30ffffff00
S 2 S 248 S 250 S 252
N 1 480
V 0 400e4d39e349f652 3fb078e1af185daa 3f91653a4775abb8 400e4a3dc77ae40d
V 1 bd73f52fe0000400 3fa3053c45064db9 3f841624f54fa84d bd73f52fe0000400
B 480 400e4d39e349f652 400e4a3dc77ae40d
N 3 464
V 0 400db56ebabff459 bf3398e8af9caabb bf151bd64769a221 400db56eb7764418
V 1 40101753baa633ac 3fa4afe8fb409519 3f8491eb93b03ab3 400ffddefa2f1021
V 2 400db4c0f1255d09 bef30fcd2bcd11b0 bed4889fd65359dd 400db4c0f11d1cb0
V 3 400db55f12c2e908 bf313bfed22c9fe5 bf12904ed0a39f94 400db55f0eca4bab
V 4 bd98fdffdffff780 bf04a3e8941de6d3 bee63b6dcc2f2fd9 bd98fdffdffff780
V 5 3d980400fffff280 bfd3a44dc9241893 bfb387d45378c55d 3d980400fffff280
V 6 3d800cfefffff900 bef8d77bc4a3ab38 bedac2919f620032 3d800cfefffff900
V 7 bd9b01b07ffffd80 3f2a72e2f525496d 3f0c7d26021f78e3 bd9b01b07ffff580
S 3 S 240 S 244 S 248
S 2 S 248 S 250 S 240
N 1 488
V 0 400e475b6c632f25 3fafac7897248d4a 3f90bcb51a0d8b89 400e449896404a5d
V 1 bd73f52fdffffe00 3fa2496d8ded6be9 3f83538dd1486911 bd73f52fdffffe00
B 488 400e475b6c632f25 400e449896404a5d
N 2 484
V 0 400ed9a6d8d2aa1c bfc1a431ae725766 bfa24c83a311d5f3 400eced6e3502004
V 1 400db50ffff3b42e 3f04763282a4522b 3ee60a777d54092f 400db50fff214fee
V 2 bd3f3fdc0000a000 bfa2e87134dcf307 bf839cd8e1b4c521 bd3f3fe00000a000
V 3 bd82fb30fffff900 bf23174dd9d55f9d bf04907e1adad779 bd82fb30fffffb00
S 2 S 248 S 250 S 252
N 1 492
V 0 400e41f37138b7f9 3fae80d4bfb08830 3f90214022242887 400e3f636c7e7a5d
V 1 bd73f53000000000 3fa19c6e42eb0e69 3f82a00c3c964726 bd73f53000000000
B 492 400e41f37138b7f9 400e3f636c7e7a5d
N 5 384
V 0 4009fef8df3c8e5a 3ff154f07cc88965 3fd555b1211ded1e 40071aa422637f2c
V 1 40115377a4048000 bf0ef463ded2008b beec95e622e66a05 401153777191a25d
V 2 40115526124d0000 bf1d1ff7adc3613a befae2b7c7bd7e6c 4011552611e44534
V 3 4009fef8df328e5a 3fe95031e534ef88 3fcf28db374e2e63 40071aa4225db88a
V 4 4011534d08f78000 bf588105a7f16e7c bf36a122a5b5251f 4011534cdf31e84a
V 5 4009fef8df330e02 bfdca08c520c82d5 bfc19e9282e4b10b 40071aa4225bf078
V 6 40115377a4008000 3f44d41173ab01c4 3f233bface740395 40115377718da25d
V 7 40115526124d0000 3f23effb3073b46d 3f0267903419bf52 4011552611e44534
V 8 4009fef8df328e29 bff0e3591126cd3e bfd4c9dd8bbeb933 40071aa4225c62a8
V 9 4011534d08f60000 3f386f6679cdfa42 3f1690dc92a248a9 4011534cdf3067ce
V 10 4009fef8df350e94 3fe25085390183b7 3fc68b60bd1262d3 40071aa4225e2a71
V 11 40115377a4008000 bf591b42140802ca bf372f597e18af2c 40115377718da25d
V 12 40115526124e8000 bf2150e03b40c0c6 befff81c84da5ea3 4011552611e5c531
V 13 4009fef8df320e10 3fe4339afd9175c0 3fc8de093121551e 40071aa4225cd466
V 14 4011534d08f78000 bf3187601170ad1d bf10301735370b44 4011534cdf31e87c
V 15 4009fef8df320e42 bff11c059467b7fc bfd50fa0ef50b4f2 40071aa4225b7f34
V 16 0000000000000000 3fa22802ec0bccb6 3f86598351fc6fa1 0000000000000000
V 17 bdb000ffffffff80 3f5d8c88235f335b 3f3b499511f4332d bdb000ffffffff80
V 18 bd97f80000000000 bf1f18a807c8ef8c befcb49a9afd37aa bd97f80000000000
V 19 bd87f7ffffffc000 bfe7b55d67212a68 bfcd2f2427fc19a4 bd87f7efffffc000
V 20 3af0000000000000 bf463489e6090776 bf2481abc346f0e6 3af0000000000000
V 21 3d90000000004400 3fef9739a64b718e 3fd37185c9f55a09 3d90000000004400
V 22 3db8020000000080 3f5bab7b9466393d 3f398d59a7a20d97 3db8020000000080
V 23 bd8ff00000000000 bf0e0402b180c7aa beebb53a57f29a81 bd8ff00000000000
V 24 3da003fffffff800 bfcf8081bd026d16 bfb3638a36bc867e 3da003fffffff800
V 25 3da0010000000100 bf5a32fcd29088c3 bf3831e7060bb12e 3da0010000000100
V 26 3cf0000000000000 3fed73c10e0725c4 3fd22090b7acebb5 3cf0200000000000
V 27 bd9ff40000000000 3f4f3973b201c5c6 3f2cd5acd72e12e4 bd9ff3ffffff0000
V 28 3da2008000000000 bf18d11bcbb37c63 bef6e8a6e41411c5 3da2008000000000
V 29 bd9ffbfffffff800 bfec30f78ebc6a4e bfd159e57b110170 bd9ffbfffffff800
V 30 bdb802ffffffff80 bf5a8ae8401ca738 bf388318a19980f3 bdb8030000000f80
V 31 bd8fff8000000000 3fc69927fcd64a5d 3fabd14abce3857b bd8fff8000000000
S 5 S 192 S 208 S 224
S 4 S 224 S 232 S 192
S 3 S 240 S 244 S 224
S 2 S 248 S 250 S 240
N 1 524
V 0 400d9a1fb406ee76 3fb406d9e1d9cc5b 3f95a6289a24c392 400d959b8ab7186d
V 1 bd73f52bffffb600 3fa71ffa4c629a49 3f88ff8894dbb76c bd73f52bffffb600
B 524 400d9a1fb406ee76 400d959b8ab7186d
N 2 520
V 0 400e531f866a12e0 bfc64e799e668f0f bfa789f3db139dd0 400e41895eb7f66c
V 1 400ce11fe1a3ca0c 3f0bdd1365f7f74d 3eeedfd9ecb76149 400ce11fe0127792
V 2 bd3f3fbffffca000 bfa7e877ff1af229 bf893a98b384ae9a bd3f3fbffffca000
V 3 bd82fb2dffffd100 bf29ff3ff1e8c6aa bf0cce649f410761 bd82fb2dffffd100
S 2 S 248 S 250 S 252
N 1 528
V 0 400d91549f6536ff 3fb3132a46cf5659 3f94a4dd658641c3 400d8d3a89db483f
V 1 bd73f52bffffb600 3fa60697ea55faa9 3f87d66faf0bdd73 bd73f52bffffb600
B 528 400d91549f6536ff 400d8d3a89db483f
N 3 512
V 0 400ce1a0d2eb41b6 bf3aaf130bfaeb56 bf1d90b3769353f8 400ce1a0cca6140d
V 1 400fc49e39e8e40b 3fa825b27c040f62 3f8852d5875f02e7 400f8148e7d51942
V 2 400ce0b4398da85c bef9ea81344729d5 bedcb7d313854fc5 400ce0b4397df7c0
V 3 400ce18b89b9ebbd bf37769cb9a42cee bf19ff4991c8a764 400ce18b8227a7e0
V 4 bd98fdfdfffff780 bf0c1a9fb38bdc30 beef2381c4f29ce1 bd98fdfdfffff780
V 5 3d98040000001280 bfd6ed54dcf208d6 bfb7183005c49375 3d98040040001280
V 6 3d800d0400007900 bf00e320ee4ac923 bee2b68b1ff2f04a 3d800d0400007940
V 7 bd9b01b000000d80 3f32010929b73e9f 3f13f2c82260ffe2 bd9b01b000001d80
S 3 S 240 S 244 S 248
S 2 S 248 S 250 S 240
N 1 536
V 0 400d894a5c08333c 3fb2345a423ca9e7 3f93b916194278da 400d858ce66c5e3a
V 1 bd73f52bbfffc5e0 3fa5054fc6aa7a89 3f86c62ec51d959a bd73f52bbfffc5e0
B 536 400d894a5c08333c 400d858ce66c5e3a
N 2 532
V 0 400e3174da3d96a8 bfc4462a05d3961d bfa57cc091441e46 400e22dd8d069529
V 1 400ce11fddd2cfd0 3f0bdc1a99494edd 3eeedec641b3da44 400ce11fdc419954
V 2 bd3f3fb7fffca000 bfa5bacd198bee19 bf8707b03ea6d518 bd3f3fb7fffca000
V 3 bd82fb2dffffe0e0 bf29fe57cfd3e54a bf0ccd636b9a0e15 bd82fb2dffffe4e0
S 2 S 248 S 250 S 252
N 1 540
V 0 400d81feb4a4173e 3fb16a2c7c6e6d1b 3f92e2b53d772559 400d7e91ac235e35
V 1 bd73f52bbfffc9e0 3fa41bdb0c4dca59 3f85cea3d023a16d bd73f52bbfffc9e0
B 540 400d81feb4a4173e 400d7e91ac235e35
N 4 496
V 0 400ce0c982c361f3 bfe70becb9dc6cfa bfc989bf9ec6aeb1 400bb93d7ea9d05e
V 1 400ce27823132179 bfa83243d7ce78e4 bf8ace5900109f42 400bba511237d543
V 2 400ce09ef05fe086 3fde73ff7487879d 3fc0df7f5bfbb9af 400bb9223e8e2cd2
V 3 4011544ec1b8f3c8 3f443c31370f97d0 3f22aed24bcebd3d 4011544eb745bb86
V 4 400ce09ef05e9922 bfe4b63d24d3d728 bfc6f394aa62be19 400bb9223e8d88e9
V 5 400ce0c982bcb796 3fd46e2358b85d22 3fb6a38d9d449a4c 400bb93d7ea36a67
V 6 400ce27823142f64 3fcdbacd799283e7 3fb077d53f344832 400bba51123826a4
V 7 400ce09ef05fa816 bfe5de2c8f0da60c bfc83b8419ac6f71 400bb9223e8ddb68
V 8 bda000ffffffff80 bfa82b3953d645e8 bf8ac81b592fb191 bda000ffffffff80
V 9 bd91f9fbfffff000 3fe712a38b10c3e1 3fc98fb31624f6af bd91f9fc7ffff000
V 10 3d80000000004800 3fe15cd0df849918 3fc33d716235868b 3d7ffff000009000
V 11 3da4040000000080 bf41bee812781124 bf20626bf61b5fe3 3da4040000000080
V 12 3da0027ffffffc80 bfd46d8cb6f1789c bfb6a30811a987ed 3da0027ffffffc80
V 13 bd8feff7ffff0000 bfe4b6d5de98e140 bfc6f41c112f1f8a bd8feff7ffff0000
V 14 3d60140000002000 3fe5e52ce6970100 3fc841b8c5420d5e 3d60140000002000
V 15 bdac02f000000f80 3fcdb14bcd651819 3fb0739eaf5efd12 bdac02f000000f80
S 4 S 224 S 232 S 240
S 3 S 240 S 244 S 224
S 2 S 248 S 250 S 240
N 1 556
V 0 400c9764297e47dc 3fb806728217abf2 3f9ae3b22c7a7474 400c90a96ea532e6
V 1 bd73f52e3fffb600 3fabbdecc00f5d9a 3f8f0c9b82f33041 bd73f52e3fffb600
B 556 400c9764297e47dc 400c90a96ea532e6
N 2 552
V 0 400d75538f7ed260 bfcac6f36bd2c0d0 bfad16673b6828f9 400d5b3d2546cbbd
V 1 400bb974c37dbd57 3f01d4c3d60af6a8 3ee494b9f8eb59b7 400bb974c2d28a5b
V 2 bd3f4007fffca000 bfacb31d3bae336d bf8f2d07ec4356e2 bd3f4007fffca000
V 3 bd82fb2dffffd100 bf20a2fbb2b55de0 bf0333c9c18056a7 bd82fb2dffffd300
S 2 S 248 S 250 S 252
N 1 560
V 0 400c8a58f40cab0c 3fb69cf7b677a542 3f995ab029295387 400c84600c38c8e1
V 1 bd73f52e3fffb800 3faa1c862742232a 3f8d46cd134d2314 bd73f52e3fffb800
B 560 400c8a58f40cab0c 400c84600c38c8e1
N 3 544
V 0 400bb9c74870d2d0 bf3113802bdb778d bf13b56db0680b1f 400bb9c745c40efb
V 1 400f30dfd68cd1ef 3facf7e5ca2f9fe0 3f8db8439e5aa84a 400ece2d661582ac
V 2 400bb92fde9879a8 bef096c545f936ba bed325e0c46583f7 400bb92fde91c765
V 3 400bb9b9a8630106 bf2e07f50b9e3ec9 bf11549d63038273 400bb9b9a5281c59
V 4 bd98fdfe3ffff780 bf01fc26d184ce26 bee4c1f221e55b4c bd98fdfe3ffff780
V 5 3d9803fe00001280 bfdb812ab6de19a6 bfbc37d01d79f7f5 3d9803fe00001280
V 6 3d800d0400007900 bef59e80690bddd2 bed8f4412aa182ba 3d800d0400007900
V 7 bd9b01b000000d80 3f270b2d6556f825 3f0a98ab39eb2c8f bd9b01b000001d80
S 3 S 240 S 244 S 248
S 2 S 248 S 250 S 240
N 1 568
V 0 400c7eb78be4dd5a 3fb55aa77f54e044 3f97fb13ce7772b4 400c7961fa55e376
V 1 bd73f52e3fffc600 3fa8a85940fb7c5a 3f8bb0cbc2ee7df8 bd73f52dffffc600
B 568 400c7eb78be4dd5a 400c7961fa55e376
N 2 564
V 0 400d43fa55ecc8d4 bfc7cc4773a2b376 bfaa0584c754c23b 400d2f3c91550773
V 1 400bb974c1dcf1df 3f01d459b1df2dca 3ee4943f7790357c 400bb974c131c6d9
V 2 bd3f4007fffca000 bfa981af609878f1 bf8be3cb4fde42d0 bd3f4007fffca000
V 3 bd82fb2dffffe100 bf20a298aaba4de7 bf03335774f532bb bd82fb2dffffe100
S 2 S 248 S 250 S 252
N 1 572
V 0 400c7458a9436726 3fb43b413b149925 3f96c09b6b0db66e 400c6f8d286280f2
V 1 bd73f52e3fffc600 3fa75c7d023216aa 3f8a45ad4d07f284 bd73f52e3fffc600
B 572 400c7458a9436726 400c6f8d286280f2
N 7 0
V 0 4001555432b40000 bff2aa7fd4a93139 bfe13aed47aa228e 3ff89d88f57211dd
V 1 412555573feaaa5d 40b65707df89d3d3 3f80c144665afb2d 3ffffd540e800000
V 2 400151a21e831680 3fea2429c350842e 3fd82689617dfc6c 3ff89bf58f2985b0
V 3 400154fefc768500 bfea9e0e64408748 bfd892604e5015ac 3ff89bf58f18d890
V 4 4125555994688b8b 4123a45699a88737 3fed767c09291a6b 401aa34044a60000
V 5 4001555432b00000 3fdd23160088902c 3fcae55125f167ee 3ff89d88f5705d9a
V 6 412555573feaaa5d c1100139c728e721 bfd801d482ab4520 3ffffd540e800000
V 7 400151a21e811700 bff146ddfec8161a bfdfec1b865f08e9 3ff89bf58f200f72
V 8 400154fefc728480 3ff247b4e5324e46 3fe0e00ebcd99820 3ff89bf58f172228
V 9 4125555994688b8b c10154f2d1137d8c bfc9ff670cdc440f 401aa34044a40000
V 10 4001555432ac0000 bfe47c9252c35511 bfd2e925d84754c1 3ff89d88f55d6e44
V 11 412555573feaaa5d 4121d59a728c90ee 3feac06544a48101 3ffffd540e880000
V 12 400151a21e811680 3feed2b0c487ad6e 3fdc79caf9e6e1a7 3ff89bf58f200f3b
V 13 400154fefc748500 bfe4ff585a35b5c6 bfd3623bf6abafc9 3ff89bf58f17fe8a
V 14 4125555994688b8b 40ffecc16a2a7320 3fc7f18c4b8aa5e6 401aa34044a40000
V 15 4001555432ae0000 3ff2564f10904e85 3fe0ed36663334f1 3ff89d88f55e4865
V 16 412555573feaaa5d c1253679522777d2 bfefd1b31f83ee0d 3ffffd540e780000
V 17 400151a21e7f1580 bfbfa7f3134ceb9b bfad3ecfc74237ef 3ff89bf58f169859
V 18 400154fefc748500 3fe7734a5d115c0d 3fd5a5eb8fd2aee0 3ff89bf58f17fe8a
V 19 4125555994688b8b c12099dd211485e8 bfe8e6c6bcb995c4 401aa34044a60000
V 20 4001555432ac0000 bff063d4bb188439 bfde4228411de0d1 3ff89d88f5660bcd
V 21 412555573feaaa5d 41146b8b8fb203f1 3fdea14e972b9813 3ffffd540e800000
V 22 400151a21e7d1580 3fd50e8111eb63b0 3fc37400a876dccd 3ff89bf58f0d21e4
V 23 400154fefc728500 bff1e8b9dc39910f bfe08860623d995b 3ff89bf58f172484
V 24 4125555994688b8b 41245d04300140aa 3fee8b80338a5ee1 401aa34044a60000
V 25 4001555432ae0000 3fd642257ba896e0 3fc48bd52d2304b8 3ff89d88f566e5ee
V 26 412555573feaaa5d c113cdedaec15ca4 bfddb4e1daff7597 3ffffd540e880000
V 27 400151a21e7d1680 bff0822481443727 bfde809edfd5adbd 3ff89bf58f0d2252
V 28 400154fefc748500 3fecab143f550f13 3fda770cae5ea13e 3ff89bf58f17fe8a
V 29 4125555994688b8b c11b5619380868a9 bfe4808ed54d6a1a 401aa34044a60000
V 30 4001555432ac0000 bfbad77dce74a4a7 bfa8c6ebe7e7ade0 3ff89d88f55d6e44
V 31 412555573feaaa5d 41253f3b92b5089f 3fefded67f2a26cc 3ffffd540e900000
V 32 400151a21e7d1680 3ff29b722d9c24c1 3fe130b253c83858 3ff89bf58f0d2252
V 33 400154fefc748500 bfb118e44fbe2053 bf9f9107ac08a35b 3ff89bf58f17fe8a
V 34 4125555994688b8b 411c64becba627b9 3fe54b8adb9c5128 401aa34044a60000
V 35 4001555432ac0000 3febddc7281d933e 3fd9b9084a86f107 3ff89d88f5660bce
V 36 412555573feaaa5d c12335b7dce11742 bfecd09134b16821 3ffffd540e800000
V 37 400151a21e7d1680 bfe036658fc9d65c bfcdf4aa559755ac 3ff89bf58f0d2252
V 38 400154fefc748500 3fd894f33ab582cf 3fc6b151907a7b9f 3ff89bf58f17fe8a
V 39 4125555994688b8b c12424f50c2d4247 bfee37698e893ed6 401aa34044a60000
V 40 4001555432b00000 bff211cb5f3180dc bfe0adf7e5b54363 3ff89d88f567c010
V 41 412555573feaaa5d 4105692b34ea1710 3fd00edef6699842 3ffffd540e880000
V 42 400151a21e811680 3fe2e6b7c9f89798 3fd1763c8128f989 3ff89bf58f200f3c
V 43 400154fefc728580 bff0175402a30cc5 bfddb57ddcc58087 3ff89bf58f1726e4
V 44 4125555994688b8b 412107d05e0dff30 3fe98bb3775bc915 401aa34044a80000
V 45 4001555432ac0000 3fe67be66abc7a98 3fd4c124d23f90b2 3ff89d88f5660bcd
V 46 412555573feaaa5d c0f7a8f77618aa5f bfc1beb80081b6b4 3ffffd540e800000
V 47 400151a21e7d1600 bff2753222804580 bfe10d5bf986ff61 3ff89bf58f0d221b
V 48 400154fefc728500 3ff271b35923c1ff 3fe106d2fcaf6d92 3ff89bf58f172484
V 49 4125555994688b8b c0fa6c18c3808978 bfc3d10ea0d67133 401aa34044a60000
V 50 4001555432ac0000 bfe5fe4b7c2157f1 bfd44d3350dd0a3a 3ff89d88f5660bce
V 51 412555573feaaa5d 41213d0d849fe86e 3fe9db91f44f9ba2 3ffffd540e780000
V 52 400151a21e7d1680 3fefd07f32750e92 3fdd64456cedffea 3ff89bf58f0d2252
V 53 400154fefc768500 bfe37509e51f3dcd bfd1f63b3a331281 3ff89bf58f18d890
V 54 4125555994688b8b 41040e6ecc8b1694 3fce15a035cfa2f3 401aa34044a60000
V 55 4001555432ac0000 3ff224cb00e72517 3fe0bf8168732b1e 3ff89d88f55d6e44
V 56 412555573feaaa5d c12406dc83972349 bfee0a48129445f8 3ffffd540e780000
V 57 400151a21e811680 bfd9b05cc834fe44 bfc7bb8df23ab1c3 3ff89bf58f200f3a
V 58 400154fefc748480 3fdf600a51b92a03 3fccf6c13214a859 3ff89bf58f17fc2c
V 59 4125555994688b8b c1235bea8d2285bb bfed09da0bffa7dd 401aa34044a80000
V 60 4001555432aa0000 bfeb74c2885ca9e9 bfd95817b0b94b09 3ff89d88f55c9423
V 61 412555573feaaa5d 411ce92e132a6807 3fe5aee09bbf4f37 3ffffd540e800000
V 62 400151a21e7d1680 3fa863d565b1c2ad 3f9688593e857dbf 3ff89bf58f0d2252
V 63 400154fefc728500 bff2a753ae844bc4 bfe13854421b7ad0 3ff89bf58f172486
V 64 0000000000000000 bf838c24fae06e28 bf720b37026dd2ba 0000000000000000
V 65 bd20000000000000 c1255526761b4112 bfefffb6d14f74f8 bd20000000000000
V 66 3d20000000000000 3fea9291b1d715b0 3fd88c88efdfa0e3 3d20000000000000
V 67 0000000000000000 3fea2f76bb73ac5f 3fd82c487ad64068 0000000000000000
V 68 bb00000000000000 4110a65585ecda39 3fd8f97b5044ea77 bb00000000000000
V 69 0000000000000000 bff12fcbf94693f9 bfdfbab5b8dae675 bc80000000000000
V 70 3b10000000000000 c123c68b0f0eba22 bfeda9cdec72412f 3b10000000000000
V 71 bd10000000000000 3fdbf70b4a352bde 3fc9d5dd04690aef bd10000000000000
V 72 3da0000000000000 3fce55be31c40828 3fbc00ec4bf78d87 3da0000200000000
V 73 3d20000000000000 4124e37d8014a6fe 3fef55360380fed0 3d20000000000000
V 74 bdc0000000000000 bfef35cb3c25490b bfdccf33a477bce0 bdbffffc00000000
V 75 0000000000000000 c11769ce15a84817 bfe18f58fc6ec6fc 0000000000000000
V 76 3daff80000000000 3fe4f6488cf41944 3fd35da05338342c 3daff80800000000
V 77 0000000000000000 3feee003d9c84ff9 3fdc80918a4e5663 3c90000000000000
V 78 3d20000000000000 4124f4ec67307b91 3fef6f5c58f63ce5 3d20000000000000
V 79 3d90000000000000 bfcbef298f909d32 bfb9c9145c4a04ca 3d8ffff800000000
V 80 0000000000000000 c0f21e02468a68f6 bfbb2d00f8dfb479 0000000000000000
V 81 0000000000000000 3ff2884ee07c94f2 3fe11f041f037c92 0000000000000000
V 82 0000000000000000 3fed0e4c8ceeb72c 3fdad2a4e5ab8168 0000000000000000
V 83 3b10000000000000 411acbf25038e966 3fe418f1bc1198a1 3b10000000000000
V 84 3db0000000000000 bfe1de185efda8f1 bfd07e3ef61a3be5 3db0000000000000
V 85 3b10000000000000 c122bb3e17e364ae bfec18da9db58c1b 3b10000000000000
V 86 0000000000000000 3ff1e0ff42c5e02b 3fe084723fe5ca1d 0000000000000000
V 87 0000000000000000 3fd5179b57909023 3fc378a19ee32b8e 3c80000000000000
V 88 3b00000000000000 4109702a8b2f844a 3fd3141c1c35cc86 bdbffffffffffe00
V 89 bdc0000000000000 bff1d163deb54c8c bfe07284a64bf4c3 bdc0000100000000
V 90 3d20000000000000 c122e55dd2b3c7f4 bfec580a30411a0a 3d20000000000000
V 91 0000000000000000 3fe14d51bae18e6f 3fcff8076d224cd5 0000000000000000
V 92 bdb0000000000000 3fe7ec30b8f2d9d7 3fd615874bb28f31 bdb0000000000000
V 93 3d20000000000000 4120612cb1d0f6f2 3fe891be26c14560 3d20000000000000
V 94 0000000000000000 bff297524f8ede33 bfe129396935db71 0000000000000000
V 95 0000000000000000 c0eead250f323726 bfb701d9ba521bcd bda0000000000000
V 96 0000000000000000 3fb1118367f666ab 3f9f89869fda677e 0000000000000000
V 97 3dc0000000000000 3ff2a37d60c6058a 3fe134c97289702d 3dc0000000000000
V 98 3d20000000000000 411fd8e33d61b8fb 3fe7e2a5aceb6680 3dd0020000000000
V 99 0000000000000000 bfe8d8273ba9af29 bfd6eeeaa3f28b96 3c90000000000000
V 100 3b00000000000000 c1128eaa61c8897a bfdbd5fd128ee7ef 3dd0000000000080
V 101 bdc0000000000000 3ff0c8576c855efe 3fdf0253a4a8ea67 bdc0000000000000
V 102 0000000000000000 3ff1a0f78bc5e0e8 3fe04621e1a9957c bc80000000000000
V 103 3d00000000000000 410c16f0a05a2a8f 3fd5113046c0d73f 3d00000000000000
V 104 0000000000000000 bfd2bc03f9e83d29 bfc14b187ed00ae3 3c80000000000000
V 105 0000000000000000 c124a6a14c872bb6 bfeef9ef2a753f20 0000000000000000
V 106 0000000000000000 3ff0106242680166 3fddae6ddc3330fe 0000000000000000
V 107 3d10000000000000 3fe2eee3873febe9 3fd17a642be08c28 3d10000000000000
V 108 3d10000000000000 4119b22b9bb97564 3fe3459cdec2c00c bdcffe0000000000
V 109 bdc0000000000000 bfedcdacfcbd71c7 bfdb82c8de02d620 bdc0000000000000
V 110 3d20000000000000 c1252098f1ec758c bfefb0e2921e0687 3db0080000000000
V 111 0000000000000000 3fc4aba3fbb4ce76 3fb318aaed6662d2 bc70000000000000
V 112 3d90040000000000 3fc71f69033bd264 3fb5587c801706dd 3d90040000000000
V 113 0000000000000000 4125137a04c81043 3fef9d30bc3a48d9 3db0000000000000
V 114 0000000000000000 bfee2ad4b5ceee47 bfdbd8c62c03b2c6 3c90000000000000
V 115 0000000000000000 c11922a1ddc20599 bfe2d9f7b4cf1d30 3dd0000000000000
V 116 bd10000000000000 3fe36ca442ecb6ea 3fd1f1f61ef2e849 bd0fe00000000000
V 117 bdc0000000000000 3fefde3fff9a0230 3fdd6b43c83449a4 bdc0000000000000
V 118 3d20000000100000 4124bc557a88daed 3fef1a7a06e0341f 3d20000000100000
V 119 0000000000000000 bfd18ca126e6dd70 bfc0330bf87aa4e8 3c80000000000000
V 120 bd10000000000000 c10d677f34af9244 bfd60d9d6c6096e4 bdc0020000000000
V 121 bdc0040000000000 3ff17f0ef68f227d 3fe029f746978771 bdc0040100000000
V 122 0000000000000000 3ff0f1081489c813 3fdf476fa8bc6dc7 bc80000000000000
V 123 3b00000000000000 4111ed18e22ce13e 3fdae39ff914e7af 3b00000000000000
V 124 3db0000000000000 bfe94c05d846918c bfd759df8a4c8705 3db0000000000000
V 125 0000000000000000 c11f60e1633baae5 bfe788a6ed3d49d8 0000000000000000
V 126 bdc0000000000000 3ff29f46d371541d 3fe1343c4bca1334 bdc0000000000000
V 127 3cd0000000000000 3fa86e608e4aa929 3f968db5c9cb4980 3cd0000000000000
S 7 S 0 S 64 S 128
S 6 S 128 S 160 S 0
S 5 S 192 S 208 S 128
S 4 S 224 S 232 S 192
S 3 S 240 S 244 S 224
S 2 S 248 S 250 S 240
N 1 700
V 0 4004bca06d343c27 3f79966ce2b2663d 3f63be23d470232e 4004bc95e6f7ef1c
V 1 bd6bea567ffff400 3f6d8bc7980251a8 3f56cc04a48b5b7f bd6bea567ffff400
B 700 4004bca06d343c27 4004bc95e6f7ef1c
N 2 696
V 0 4004cb6651002888 bf8c7ddf973db99b bf75ec25d25cbd84 4004cb3c79c253bf
V 1 4004adda89684fc6 bd7f7271257d3986 bd6854d91d88731e 4004adda89684fc6
V 2 bd82f9fd7ffffd00 bf6e898cc9d4ecf2 bf577f14f2608487 bd82f9fd7f7ffd00
V 3 3d64134900000c00 3db086e027e6dcf0 3d999316e092e81f 3d64134900000c00
S 2 S 248 S 250 S 252
N 1 704
V 0 4004bc8b819551c2 3f797230ada2cabf 3f63a2425aaad778 4004bc811908264a
V 1 bd6bea567efff400 3f6d61f05a2d88a8 3f56abd2fee9e3d2 bd6bea567dfff400
B 704 4004bc8b819551c2 4004bc811908264a
N 3 688
V 0 4004ade7249c7e1e bfd27b18333b41ca bfbc991666e201ab 40046ab187cc1a6b
V 1 4004e8e57d63d2f1 3fa56484db51ede7 3f905e9859a6a8b0 4004989b143d0a80
V 2 4004adda8968d38d 3fc6b170d694359d 3fb18eec85a49b9f 40046aa79ad9034d
V 3 4004adda8967cbfe bfcd9442c1c37d88 bfb6e2ddbd4a1227 40046aa1ec5557f7
V 4 bd4fbfaffffff000 bfa376e21f6304cd bf8e1eb734656c50 bd4fbfaffffff000
V 5 bd91fbfffffffd80 bfd44fc953eec8ec bfbf15aeb9eaedeb bd91fbfffffffd80
V 6 3d880d0180000100 3fcd9302b7e22956 3fb6e1e61de2cd43 3d880d0180000100
V 7 bd7c06b9fffff600 3fc6b2666993510f 3fb18faa87918f55 bd7c06b9fffff600
S 3 S 240 S 244 S 248
S 2 S 248 S 250 S 240
N 1 712
V 0 4004762588cde00c 3f73ec7dec79a8f3 3f5f28b85a36e5e4 4004761f1151bf30
V 1 bd6bea567ffff400 3f67018a6d8e63a8 3f51fd5c8c3da336 bd6bea567ffff400
B 712 4004762588cde00c 4004761f1151bf30
N 2 708
V 0 400481a64e049276 bf862c872fa1c7e3 bf714d1197de8569 4004818c9b33d016
V 1 40046aa4c3972da2 beb7874985b28252 bea2704faaa6adf2 40046aa4c396c870
V 2 bd82f9fd7ffffd00 bf67c4159ebe0c7f bf528b0fc20281b0 bd82f9fd7ffffd00
V 3 3d64134900000c00 3ed5f3cffbe9330e 3ec1341e09eb171e 3d64134900000c00
S 2 S 248 S 250 S 252
N 1 716
V 0 40047618af654c43 3f73d63c80f5a67a 3f5f05fd923560b1 40047612464f89f5
V 1 bd6bea567ffff400 3f66e7d79d3135a8 3f51e94f73ee3f9d bd6bea56807ff400
B 716 40047618af654c43 40047612464f89f5
N 4 672
V 0 40025969bc7dcdd2 bfe471086aad4f75 bfd1d30b47f807e2 4000eb7d67e01be4
V 1 400702648cbb2e6a bf6ee48596cf7842 bf557b5877942f8e 4007000686bf334c
V 2 4002595086148e91 3fdb030b3e23b7ff 3fc78dd51e54b64f 4000eb704d7db7e9
V 3 4007787a74b31751 3da5a774e7442c9f 3d8d85fc7d2349a6 4007787a74b31751
V 4 4007024b565604d8 bfaa74710c5e130c bf92656dbd2c7bec 4006ffee507040d5
V 5 40025969bc7ba242 3fd21ef472930006 3fbf9a0d747f7193 4000eb7d67de0a73
V 6 400702648cba8997 3f92fa8adcd3c7aa 3f7a64f71e50c61b 4007000686be86ff
V 7 4002595086150e66 bfe3659370db3b3b bfd0e9ebacf31758 4000eb704d7d5146
V 8 bce007fffff80000 bfa56fdb874e46cb bf92b13e4bec0cc7 bce00bfffff80000
V 9 bd5f9fa000000000 3fad754b9e938143 3f947bfccb0c4452 bd5f9fa000000000
V 10 3d80000200000800 3fdecd18ab1c19b8 3fcadbb4c8cb4d36 3d80000200000800
V 11 bda5fc007fffff80 bdb0253b6ced278d bd960346d1835a9a bda5fc007fffff80
V 12 3db0014040000040 bf9a1798e1aa1ecb bf8224ddcd5f5682 3db0014040000040
V 13 bda3fbffc0000000 bfe25f6f597516fc bfd005403d4821bb bda3fbffc0000000
V 14 3d9a028500000400 3fabf466f85ea0be 3f9370582f74cba7 3d9a028500000400
V 15 bda402f0ffffff80 3fca5657f65ee9fd 3fb6f73d6e3a739c bda402f1ffffff80
S 4 S 224 S 232 S 240
S 3 S 240 S 244 S 224
S 2 S 248 S 250 S 240
N 1 732
V 0 400404ca27ab483e 3f7a196aaaae28b1 3f64dc234253a13f 400404bed00c8199
V 1 bd6bea58fffff400 3f6e230911a846a7 3f58164289d1546c bd6bea58fffff400
B 732 400404ca27ab483e 400404bed00c8199
N 2 728
V 0 400413dbac34079a bf8d13241a2414b3 bf772b81dc0b6be7 400413ae8bc2c9a1
V 1 4003f5b8a32288e3 3eb70082bb54e6aa 3ea27048eb59f231 4003f5b8a32225f5
V 2 bd82f9fdbffffd00 bf6f2988d5a8f073 bf58d55ecdd6b622 bd82f9fdbffffd00
V 3 3d64134500000c00 bed5760bd8ac42c2 bec1341419bf4c72 3d64134500000c00
S 2 S 248 S 250 S 252
N 1 736
V 0 400404b3977277cb 3f79f255f5a023a0 3f64bcfe5919e1aa 400404a861a558e0
V 1 bd6bea58fffff400 3f6df5e8a0cd3ba7 3f57f24c36b3ee34 bd6bea58fffff400
B 736 400404b3977277cb 400404a861a558e0
N 3 720
V 0 4003f5c1f74fa798 bfd81ce082df9a61 bfc3543342f2933c 40037f3838a918fb
V 1 400431f56118679d 3fab5cb9260a502f 3f95ada0c2c85d37 4003a9f5528a4e5b
V 2 4003f5b5dc2725a4 3fcd9c029d8a2d5a 3fb7bc383047b76b 40037f2f85a66f82
V 3 4003f5bb6a1dec22 bfd34bb181a08b0a bfbeef6430dcb39e 40037f2f85a3f229
V 4 bd4fbfb7fffff000 bfa96565bb7554c9 bf945b8b19bedd7b bd4fbfb7fffff000
V 5 bd91fbfffffffd80 bfd9fac4f871d826 bfc4953380eebabe bd91fc007ffffd80
V 6 3d880d0180000100 3fd34b3b1702b57a 3fbeeeaef3a9c5ab 3d880d0180000100
V 7 bd7c06bdfffff600 3fcd9cb857f9918e 3fb7bcc34217fc6d bd7c06bdfffff600
S 3 S 240 S 244 S 248
S 2 S 248 S 250 S 240
N 1 744
V 0 400389e3259f7240 3f72892b670c7f82 3f5e5b8d65f8de25 400389dd49148e63
V 1 bd6bea59fffff400 3f65673ff4ac64a8 3f5186e867fb147a bd6bea59fffff400
B 744 400389e3259f7240 400389dd49148e63
N 2 740
V 0 40039496c599b3ab bf84a42563f4bb58 bf70dde6a00a2a25 4003947f733f725f
V 1 40037f2f85a530d6 bda0061a8600e7ea bd8a4cc16b71e239 40037f2f85a530d6
V 2 bd82f9fe3ffffd00 bf661f87da87c098 bf5213e9871fbf82 bd82f9fe3ffffd00
V 3 3d64134500000c00 3dc38bdba1f55d5c 3db00a6644c5e6e3 3d64134500000c00
S 2 S 248 S 250 S 252
N 1 748
V 0 400389d77c72519a 3f7274f8ecf0c681 3f5e3a8b537375d7 400389d1aca31264
V 1 bd6bea59fffff400 3f654fed9a6b18a8 3f5173d9c12f6f98 bd6bea59fffff400
B 748 400389d77c72519a 400389d1aca31264
N 5 640
V 0 3ffa74b2088d1c07 3fbd87badad4b319 3fb1dbfbd8aa3576 3ffa53b2c45bc74f
V 1 4007787a74b50da1 bfa384a9959ad674 bf8a9c7bbd216df7 4003c4dc3b3c41f4
V 2 4007787a74b1920e 3fe97b8e37d71108 3fd15f213ee937ce 4003c52c537af2b4
V 3 40068c4ea4c4cac6 3fede7c552967a43 3fd5387f097ff80e 4001e4ff84914c7d
V 4 4007784807e7d2dc bff0fa917fd9b79e bfd72655c06e02e4 4003c4c9e75c1254
V 5 3ffa74b20882948d bfa863400442bf0d bf9d7f9a4432a532 3ffa53b2c4509143
V 6 4007787a74b28108 3fda443096ab1fb0 3fc1e7e725b563e4 4003c4dc3b39295b
V 7 4007787a74b3ad9a bff171b2d3a67220 bfd7c89047438f80 4003c52c537d4d71
V 8 40068c4ea4c46596 bff3f3a621c48ac5 bfdc50b946ba3155 4001e4ff848ce1d9
V 9 4007784807e7a41b 3fd0ee5bac7f91f3 3fb715afd7184fe1 4003c4c9e75bb711
V 10 3ffa74b20889bd8c 3faf3460b2522f32 3fa2df38d43e3ac6 3ffa53b2c45815ac
V 11 4007787a74b265be bfefa9512af61460 bfd5956c0b0ac330 4003c4dc3b3788bc
V 12 4007787a74b1a60a 3fee4d095d4615c6 3fd4a7ff80f1b53c 4003c52c537982a6
V 13 40068c4ea4c36d24 3fe7ddca12de7099 3fd0ef79c2a32194 4001e4ff848cc962
V 14 4007784807ea016d bfc84a978c60dc1a bfb08f5fc8c7b12a 4003c4c9e75ebe6d
V 15 3ffa74b2088036bf bfbd26c0b46b03ce bfb1a155741b75ba 3ffa53b2c44e851b
V 16 0000000000000000 3f6eef5b9ba5a1d1 3f62b57ae4bdbd81 0000000000000000
V 17 bcf007fffff80000 3ff2a1c1fbe454c9 3fd9671eb62a8ced bcf005fffff80000
V 18 bd97f7fb00000000 3feb35211ddf1fac 3fd28c26f8cc89ea bd97f7fb00000000
V 19 3d94040700000000 bfec02696d806ed8 bfd3e01685563ed2 3d94040700000000
V 20 3af0000000000000 bfdec59e357b37df bfc4fa5ff81c8b2b 3af0000000000000
V 21 3d90000200000400 3fbae992c141b98d 3fb046af7eb2d51d 3d90000220000400
V 22 bdaffc00ffffff00 3ff1726f994e85c7 3fd7c991a6cba2ed bdaffbfcffffff00
V 23 bd97f80000000000 3fda431464b9eece 3fc1e7256918c2ff bd97f80000000000
V 24 3db8020100000000 bfd29bbf2e97ec75 bfba68a949fbd430 3db8020100000000
V 25 3da000ff00000100 bff2274313f36df6 bfd8c050f1835511 3da000fd00000100
V 26 3cf0080000000000 3fb9172d9cf16aa5 3fae593ca81ab372 3cf0078000000000
V 27 bdb3fd0040000000 3fe3b035c5097a05 3fcad7db4001fccf bdb3fcfe40000000
V 28 3db5004100000000 3fe5b69d22409cf9 3fcd9aa6d23c320a 3db5003f00000000
V 29 bd9ffbf9fffff800 bff0a719bfbed07a bfd7a22633e7a8ab bd9ffbf9fffff800
V 30 bdb00300ffffff80 bff2642e9922983b bfd91360ad9f2297 bdb00300ffffff80
V 31 bd8fff8000000000 3f93406bff7c97b1 3f87493c4442d5fc bd8fff8000000000
S 5 S 192 S 208 S 224
S 4 S 224 S 232 S 192
S 3 S 240 S 244 S 224
S 2 S 248 S 250 S 240
N 1 780
V 0 4001c42db7889b01 3f89fe7e10c5c00d 3f7768e79e02ccee 4001c3fb01d8fcf0
V 1 bd6bea543ffff400 3f7e03f22da098d1 3f6b0802a62ff2a1 bd6bea543ffff400
B 780 4001c42db7889b01 4001c3fb01d8fcf0
N 2 776
V 0 4001e231a9b626d2 bf9cf712d9e98ebc bf89ea1683e0437b 4001e16889564fba
V 1 4001a629c55b0f30 3ed4bae48d19faa8 3ec2cb087d2122ee 4001a629c5556140
V 2 bd82f9fb57fffd00 bf7f0b73b4937bfb bf6bc664df9393e7 bd82f9fb57fffd00
V 3 3d641344e0000c00 bef3576568798762 bee188c0c56ce56c 3d641344e0000bc0
S 2 S 248 S 250 S 252
N 1 784
V 0 4001c3c92755d87d 3f89a766f47c2780 3f771afbdd454c86 4001c397c220b388
V 1 bd6bea543ffff420 3f7d9f62008c04d1 3f6aae08f7d9b6f3 bd6bea543ffff420
B 784 4001c3c92755d87d 4001c397c220b388
N 3 768
V 0 4001a6385d5d9933 bfc2c463f36b3c44 bfb1036d9974c744 400191eb22185003
V 1 40021e2af60eb470 3f9b98af84accc5a 3f885ee02b221b52 4001f79e2bcc7086
V 2 4001a61fc2530b1f 3fb70a0eb9e0c27c 3fa4e301f127a97e 400191d5b71b6142
V 3 4001a633c8631340 bfbe096488d0e339 bfab3adbfde30add 400191e5ea967be5
V 4 bd4fbfabfffff000 bf93c4147ad3eb4d bf81eb39530cc78f bd4fbfabfffff000
V 5 bd91fbfdf7fffd80 bfca33b3acab44d1 bfb7239ee4cae42f bd91fbfdf7fffd80
V 6 3d880d0370000100 3fbe067f8af6fe58 3fab385b1fc7a6d0 3d880d0370000100
V 7 bd7c06c1fffff600 3fb70c474f10e880 3fa4e4edb26a8915 bd7c06c2fffff600
S 3 S 240 S 244 S 248
S 2 S 248 S 250 S 240
N 1 792
V 0 4001ab513be5a76c 3f860a84846174d7 3f73f57836c3b369 4001ab2c930af66b
V 1 bd6bea54bffff400 3f79736b0ccd9fd1 3f670be843b09bd6 bd6bea54c1fff400
B 792 4001ab513be5a76c 4001ab2c930af66b
N 2 788
V 0 4001c4c4a6f26044 bf988efa978dc39c bf861d3206016c39 4001c43321d40b67
V 1 400191ddd0d8ee94 3ed0c5ca57d7ca74 3ebe8c508c20caad 400191ddd0d5327b
V 2 bd82f9fb57fffd00 bf7a525d1846bc30 bf67b3a6a494fe41 bd82f9fb57fffd00
V 3 3d641343e0000c00 beef4c5146824502 bedc8072e4c1cf47 3d641343e0000c00
S 2 S 248 S 250 S 252
N 1 796
V 0 4001ab0879549ef1 3f85cb81732f59c1 3f73bcba52a89905 4001aae4a05653f9
V 1 bd6bea54bffff400 3f792aa87f813dd1 3f66ca6335d06270 bd6bea54bffff400
B 796 4001ab0879549ef1 4001aae4a05653f9
N 4 752
V 0 4000775aceb512ce bfda5d8fe9b07a54 bfc99e74048827d7 3fff9b87d206031f
V 1 4002d515ec061f98 bf7f67aac8b3cb35 bf6aae82b70a0684 4002c921207179d5
V 2 40007751a4c22d7b 3fd16ba7d68a0455 3fc0ed6ba5a9ef8a 3fff9b7c1b800b48
V 3 4003c504475b3b66 3f0e1bf61bfcdc69 3ef85e3c10ff8791 4003c504470a1b97
V 4 4002d4e4b5f44c75 bfbae4fa33409519 bfa6d9b7d2e2b140 4002c8f4b16e029b
V 5 4000775aceb1c9c9 3fc75f521d84b8d2 3fb6b5e84946b54c 3fff9b87d20054d2
V 6 4002d515ec032604 3fa34b1c4f2dd87b 3f9064462dcc4058 4002c921206e572c
V 7 40007751a4c3007d bfd904ce6dcadc3e bfc84f8302897853 3fff9b7c1b8046b9
V 8 bce005fffff80000 bf9ba63c1d58c3e8 bf8addd1d9c0d616 bce005fffff80000
V 9 bd5f9fa000000000 3fbdf259de6bc9a6 3fa9715740b3e8da bd5f9fa000000000
V 10 3d80000220000800 3fd3dd433a6e3d0c 3fc34d51acc8e699 3d80000220000800
V 11 bda5fbfe7fffff80 bf0a67b395e8c8a4 bef55ec91d363516 bda5fbfe7fffff80
V 12 3db0013fc0000040 bfaa8697158e0418 bf968985fe57c040 3db0013fc8000040
V 13 bda3fbfdc8000000 bfd7b27cb4b11afd bfc706b80c91f846 bda3fbfec8000000
V 14 3d9a028100000400 3fbc6b1346315041 3fa824e998c0050a 3d9a028110000400
V 15 bda402f0ffffff80 3fc0fc471064ebdb 3fb08131f4d5a82f bda402f07fffff80
S 4 S 224 S 232 S 240
S 3 S 240 S 244 S 224
S 2 S 248 S 250 S 240
N 1 812
V 0 40016ae7e4db6886 3f8b4950e0a25d47 3f7910c9c2e15142 40016aaee5f10c18
V 1 bd6bea550ffff400 3f7f81f2b4536a51 3f6cf177fd5ce67c bd6bea550ffff400
B 812 40016ae7e4db6886 40016aaee5f10c18
N 2 808
V 0 40018a69d78fa728 bf9e69091478d5be bf8bbd3d8982d1da 40018987cfb71045
V 1 40014b65f22729e3 3ed3f81135b3c4c4 3ec2796b9d5b6c26 40014b65f221c916
V 2 bd82f9fb57fffd00 bf804bfce94b39b6 bf6dbb1624f9b39d bd82f9fb57fffd00
V 3 3d64134340000c00 bef2a19f14c0a4e2 bee13c9b718f4445 3d64134340000c00
S 2 S 248 S 250 S 252
N 1 816
V 0 40016a76e0ec6cae 3f8ae7711b336b5a 3f78b781a17b8814 40016a3f769e1744
V 1 bd6bea550ffff400 3f7f10eecab85f51 3f6c8a6000e8cac0 bd6bea550ffff400
B 816 40016a76e0ec6cae 40016a3f769e1744
N 3 800
V 0 40014b7284ba3db2 bfc7a6aae33006d5 bfb5e1673fb7ef35 40012a8b1138606e
V 1 4001c9612a65109e 3fa090a2f052397b 3f8dcd57c96113b8 400190c90423dff9
V 2 40014b5c4d371682 3fbd099d97e033d1 3faadd4165265b9b 40012a7883f6cce9
V 3 40014b6f97173d44 bfc2ed15c4da7355 bfb1826254bf2682 40012a879cc335e6
V 4 bd4fbfabfffff000 bf98e8e595e0c0c4 bf870b82884f93be bd4fbfabfffff000
V 5 bd91fbfdf7fffd80 bfcf74b53f0f5f89 bfbc4bd39c436ea3 bd91fbfdf7fffd80
V 6 3d880d0190000100 3fc2ebd6963472f1 3fb1814e90e0f4e2 3d880d0190000100
V 7 bd7c06bfdffff600 3fbd0b876d6c877e 3faadee8995b8efb bd7c06bedffff600
S 3 S 240 S 244 S 248
S 2 S 248 S 250 S 240
N 1 824
V 0 400144150d8590ce 3f8627973bcd9afd 3f7487bf55c055f9 400143ef26403335
V 1 bd6bea548ffff400 3f7994fd28a42dd1 3f67b4d079aa0bc0 bd6bea548ffff400
B 824 400144150d8590ce 400143ef26403335
N 2 820
V 0 40015daa0aae2034 bf98b085f7606ba4 bf86bf65631a51fb 40015d138dc0345e
V 1 40012a80105d0168 3ecf4245a844310a 3ebd22b5f7a411d4 40012a801059afab
V 2 bd82f9fb57fffd00 bf7a765103ceba91 bf68617f3ffcb599 bd82f9fb57fffd00
V 3 3d64134440000c00 beed2a378ee2bdd1 bedb2f11578c5656 3d64134440000c00
S 2 S 248 S 250 S 252
N 1 828
V 0 400143c9cf0cf204 3f85e66d7498fe91 3f744bb51e89575f 400143a4c4d6782a
V 1 bd6bea548ffff400 3f7949beb3572151 3f676f7c7a9af465 bd6bea548ffff400
B 828 400143c9cf0cf204 400143a4c4d6782a
N 6 576
V 0 3ffc4d6e81f908ee bfcd7e299f63bfca bfc0ac4560f8f0d2 3ffbd2773d959f9a
V 1 3ff89bf58f212f20 bd81566c0b2c8ccc bd768b6521a69ef1 3ff89bf58f212f20
V 2 4010655141010bb3 3ffc7d9e2712ec7d 3fdbcd8f5c80567c 4003fef4375ef137
V 3 3ffc4ca4ced007b9 bfc536a9e8b6e848 bfb7fccfedee954b 3ffbd17589691330
V 4 4010651ed434e445 c002cb94b136384b bfe257a804f5ca9b 4003fdea01625e50
V 5 3ffc4d6e81f2b722 3fb776ef76fd2576 3faa87b3c95506cb 3ffbd2773d8b773a
V 6 3ff89bf58f1c06e2 3dbf25456dd6566f 3db43fece9d6fb6b 3ff89bf58f1c06e2
V 7 4010655140fdc90d c0030ce30c509ff8 bfe2972a67d6ec0e 4003fef43752ba57
V 8 3ffc4ca4cec74c2c 3fccdb255ba1409b 3fc050917da4edf2 3ffbd175896000b7
V 9 4010651ed435ffd1 3fe14c7f1c802aa8 3fc0e1cd35d2ca34 4003fdea016337d9
V 10 3ffc4d6e81f305e6 bfbff7d5a75e7659 bfb2127fe365475b 3ffbd2773d8df175
V 11 3ff89bf58f122334 3dd0d381f499122a 3dc5e129e53f0f79 3ff89bf58f122334
V 12 4010655140ffdcbe 4000d7dd8c74f080 3fe06fc87275ac25 4003fef43758b1e0
V 13 3ffc4ca4ceca9129 bfc0ccf603d7a84d bfb2ff61dfc2ac62 3ffbd17589600200
V 14 4010651ed435ffd1 bfdd567d4fec658c bfbca18a6b8518d6 4003fdea016337d9
V 15 3ffc4d6e81f6b722 3fcd053119f64e6d 3fc067e23360caaa 3ffbd2773d8e7dce
V 16 3ff89bf58f12906e bdd60908bd31c460 bdcca72ec371c619 3ff89bf58f12906e
V 17 4010655140ffc17a bfd2ba72076bdc8c bfb246b6d50e5bf8 4003fef4375821ef
V 18 3ffc4ca4cec69129 3fc25a2f68d39bd7 3fb4c08cd3f03a48 3ffbd175895cfba4
V 19 4010651ed435ffd1 40000bc2a5c23d56 3fdf5195f0a9740f 4003fdea016337d8
V 20 3ffc4d6e81f7e008 bfc9c86861ef807f bfbd26b5399b833f 3ffbd2773d920eb4
V 21 3ff89bf58f1b9b10 bdc14fb4443410cc bdb682a8dc563865 3ff89bf58f1b9b10
V 22 401065514100c17a 3fe67fa006b25f03 3fc5f498847759e7 4003fef437586a10
V 23 3ffc4ca4cec6910e bfcc62fb10445451 bfc00ca10180a1d1 3ffbd175895cfb81
V 24 4010651ed435e490 c00380dd8b03a2c0 bfe30892c021ef8b 4003fdea0162a7f6
V 25 3ffc4d6e81ef05e7 3fb20bda7ed867c8 3fa467683d614753 3ffbd2773d8aeae3
V 26 3ff89bf58f12fd71 bdbc959500b8ad67 bdb2959ee2d747c0 3ff89bf58f12fd71
V 27 4010655140feadc8 c0023881172c3b4c bfe1c7e8dcf3eec2 4003fef437527285
V 28 3ffc4ca4cecc079d 3fc682c80c887105 3fb9745c1c7cf874 3ffbd17589660cb1
V 29 4010651ed436ff86 3ffa819d393b44df 3fd9de213024fe88 4003fdea01637e65
V 30 3ffc4d6e81ee4a12 bf9348b852d5516c bf85cdab9513cadf 3ffbd2773d87e552
V 31 3ff89bf58f12236c 3dd39f94d6dfb4b2 3dc9844afba182c9 3ff89bf58f12236c
V 32 bd10000000000000 bf6ee337ab02054d bf61761f33f30f55 bd10000000000000
V 33 3d10000000000000 3de0ac8fcc05782c 3dd5ae8570af7ede 3d10000000000000
V 34 bc70000010000000 3ffd704b154e9310 3fdcba60aebeff50 bc70000010000000
V 35 bcffffffffe00000 3fc487ca986940cf 3fb737128dc91d24 bcffffffffe00000
V 36 3d90100200000000 bff04bcb37c00bf4 bfcfce9131cb5dd6 3d90102200000000
V 37 bdaffffc00000000 bfcb1028f8cf2e7f bfbe994766ae7aee bdaffffc00000000
V 38 3d9ff81000000000 3dcc88d3524bb47b 3dc28d53a937d3a8 3d9ff81000000000
V 39 3d801ffc00000000 3fee1cd1b78aa46c 3fcd62bd32040e45 3d80203c00000000
V 40 0000000000000000 3fa8ede1e53d6a08 3f9c306b1c10a5a5 bc30000000000000
V 41 3b00000000000000 c0040610e2436a58 bfe38a908ad9f777 3b00000000000000
V 42 3da0000000000400 bfc8ca5f22420b24 bfbc077bcea04274 3da0000040000400
V 43 3c70000000000000 bdc5b2a94a2eac1d bdbc36deac7c3685 3c70000000000000
V 44 bdc000007fffff80 3ff75092400753b7 3fd6c07f8fd7b5c2 bdc000007fffff80
V 45 3d10000000000000 3fc84645d40ef17c 3fbb72e41b8cadaf 3d10000000000000
V 46 bd9ff00000000000 c004278ba47f1d89 bfe3ab3cceb4fc18 bd9ff00000000000
V 47 bd90000000000000 bfa51f26428b6242 bf97e18ee73e15fd bd8fffff80000000
V 48 3db0000000000000 3d97dce147a17ba0 3d8f0788e57d790d 3db0000000000000
V 49 3dc0020100000000 40045982215c50e1 3fe3dbc20f29b60d 3dc0020100000000
V 50 3db0000000000100 3fc71fabd5308e62 3fba25c3f84a75f3 3dafffffc0000200
V 51 3cefe00000000000 bff9784d080289bc bfd8db3562554ff1 3cf0700000000000
V 52 3c70000000000000 bfbca82ad06f7b87 bfb0334b776e7b33 3c72000000000000
V 53 3d00000000000000 3dcf246b86daae01 3dc43f5f3dd01b61 3d00000000000000
V 54 bdc7ff0000000000 4003b24d6e776f80 3fe338969b3282b4 bdc7fefe00000000
V 55 3da007ff00000000 3fb03664e2111308 3fa25520553175b3 3da007ff00000000
V 56 3da4010000000000 bfe910f1004931aa bfc87656d9b5aa7a 3da400f800000000
V 57 3dc0000100000000 bfcc1530bc3d07a3 bfbfc06940b9e2ff 3dc0000100000000
V 58 bdb001fe00000000 bdd6a99c7b514b73 bdcd77fc399c9f99 bdb001fe00000000
V 59 3d10040000100000 3ff2b7e2f7321fee 3fd2443794c9e492 3d10040000100000
V 60 bdc0030080000000 3fc3195b1e7aa845 3fb598b83567e83f bdc0030080000000
V 61 bc6fffffe0000000 bfff3dc8a240e4f6 bfde7d183a60a741 bc6fffffe0000000
V 62 3da0000000000000 bfcd65eaa27446b1 bfc09e906f040da5 3da0000010000000
V 63 bdafffc000000000 bdb67d832af660e2 bdad3ea47024ebff bdafffc000000000
S 6 S 128 S 160 S 192
S 5 S 192 S 208 S 128
S 4 S 224 S 232 S 192
S 3 S 240 S 244 S 224
S 2 S 248 S 250 S 240
N 1 892
V 0 3fffae412bcc69a4 3f76427e2097f490 3f667bede7b85649 3fffae2c513cb313
V 1 bd6bea3e57fff400 3f69b40d7584ac21 3f59f65feb53f403 bd6bea3e57fff400
B 892 3fffae412bcc69a4 3fffae2c513cb313
N 2 888
V 0 3fffc7f53941c4c1 bf88bbfe1b035375 bf78e79bcebaec86 3fffc7a2b1ee3d52
V 1 3fff948d1e570e88 bed1c68aef6f6551 bec20305b44ae9fe 3fff948d1e4db8c0
V 2 bd82f9f56ffffd00 bf6a829bf5bda30a bf5ab15b52c315d7 bd82f9f5707ffd00
V 3 3d64135910000c00 3ef095b765e6442b 3ee0ce25069a6d78 3d64135910000bc0
S 2 S 248 S 250 S 252
N 1 896
V 0 3fffae17e81dfb09 3f761ec1be128331 3f6657f269f94956 3fffae035032cbed
V 1 bd6bea3e58fff420 3f698ac9d06bd8a1 3f59ccd367c8af95 bd6bea3e58fff420
B 896 3fffae17e81dfb09 3fffae035032cbed
N 3 880
V 0 3fff94be805dee78 bfb81f734a8a02a8 bfa871606cbf411a 3fff81ffb0276d04
V 1 3ffffb2bf2259b0a 3f90100b2a9f5217 3f801277faeebfa1 3fffdd937cf308c3
V 2 3fff949e49d43720 3fad9d2e0328d71f 3f9e01dfe85c3c3c 3fff81e2808cb72e
V 3 3fff947bf2d9e5f1 bfb350e3e0b07197 bfa392a70422168f 3fff81b691c1457e
V 4 bd4fbeaffffff000 bf89681b928e2888 bf79be64e557faf9 bd4fbeaffffff000
V 5 bd91fbffeffffd80 bfbe80849f3f8636 bfae851f8256f092 bd91fbffeffffd80
V 6 3d880d0d80000100 3fb34bfe2e34cb98 3fa38d9b6254bdc9 3d880d0d80000100
V 7 bd7c06c1effff600 3fada4b200e8b58f 3f9e099e1d9fa9bf bd7c06c1effff600
S 3 S 240 S 244 S 248
S 2 S 248 S 250 S 240
N 1 904
V 0 3fff98cb0fda1c9d 3f73e9e196869736 3f642aed1edd144f 3fff98ba54001522
V 1 bd6bea3e57fff400 3f66fe86b347d6a1 3f5749a23be4116b bd6bea3e577ff400
B 904 3fff98cb0fda1c9d 3fff98ba54001522
N 2 900
V 0 3fffafc9968d3ae4 bf861d3e3314c42b bf7655393b9202b0 3fffaf876be02d07
V 1 3fff81cc8926fe56 bed6bdc45fd2c974 bec718db6516c708 3fff81cc8917adc2
V 2 bd82f9f56ffffd00 bf67b3b3b19ac992 bf57efb3a61990a0 bd82f9f56ffffd00
V 3 3d64135910000c00 3ef537c8ee260778 3ee58cc5e1b356c0 3d64135910000c00
S 2 S 248 S 250 S 252
N 1 908
V 0 3fff98a9fa7bed64 3f73cd3af3b8b7ac 3f640dfde604650a 3fff98996e94d107
V 1 bd6bea3e57fff400 3f66dd7164693221 3f5728391c53b80a bd6bea3e57fff400
B 908 3fff98a9fa7bed64 3fff98996e94d107
N 4 864
V 0 3ffe0f72b1377116 bfceb1068a4c8b93 bfc056006f094211 3ffd9190dc886596
V 1 40008d0527c235ed bf6ad44911bff309 bf59efb0736c926e 40008a89b5667c05
V 2 3ffe0eed9631a144 3fc444deb6d9b353 3fb5940ea4ec605e 3ffd912b9ea15e66
V 3 4000f3b5270cca68 bf09d1663c640c26 bef85e3b33ca9273 4000f3b526c73a80
V 4 40008ce4f13cc7f4 bfa6f75320108425 bf9633d0125a240d 40008a6b0903b2a7
V 5 3ffe0f72b12ede59 3fbb350f4f4a48ec 3facf67bb1f7e98b 3ffd9190dc80b4f3
V 6 40008d0527c103aa 3f907b7b170e49c2 3f7fde16c102c8f3 40008a89b5653aab
V 7 3ffe0eed9631c48e bfcd1c144f0cad33 bfbefd76c073e88e 3ffd912b9ea0b35b
V 8 bce007fffff80000 bf9017d03413b81c bf8121a55dadc422 bce007fffff80000
V 9 bd5f9ea000000000 3fa9955c91dc5bce 3f98bb6150459cb9 bd5f9ea000000000
V 10 3d80000220000800 3fc71cc5b07eec55 3fb89afae185e8b1 3d80000220000800
V 11 bda5fc0077ffff80 3f06a4496fb14a42 3ef55ec7fdf1f999 bda5fc0077ffff80
V 12 3db0014238000040 bf96a6b963b9df5b bf85e5e47e46f971 3db0014239000040
V 13 bda3fbfdb0000000 bfcb95df3ec68899 bfbd5d8ad30d777f bda3fbfd70000000
V 14 3d9a028100000400 3fa84718469e4b15 3f97783d1c328083 3d9a028100000400
V 15 bda402f0fbffff80 3fb3c347b6c0edbd 3fa50a18a07c0735 bda402f0bbffff80
S 4 S 224 S 232 S 240
S 3 S 240 S 244 S 224
S 2 S 248 S 250 S 240
N 1 924
V 0 3fff6d7c056f0e7f 3f76cbbcc47537f4 3f673602eca8087d 3fff6d65f98cf7a5
V 1 bd6bea3d53fff400 3f6a5287726752a2 3f5acd3e693bcfc8 bd6bea3d53fff400
B 924 3fff6d7c056f0e7f 3fff6d65f98cf7a5
N 2 920
V 0 3fff87ce8ce14c42 bf895949c70c600b bf79b9eab87c6f7f 3fff87772e7eb576
V 1 3fff53297dfcd0bc bec4a6b11d320b78 beb518a2f386ecbc 3fff53297df9a3c7
V 2 bd82f9f56ffffd00 bf6b2b32b880a2b2 bf5b92c3b24ac7e3 bd82f9f56f7ffd00
V 3 3d64135b18000c00 3ee3448e1d72b7e5 3ed3aeddf7ec11f7 3d64135b18000bf0
S 2 S 248 S 250 S 252
N 1 928
V 0 3fff6d50563c2c9e 3f76a5e7d80c27be 3f670f9daf398cd7 3fff6d3a932c29ed
V 1 bd6bea3d52fff408 3f6a26d842b26722 3f5aa0e8951751a1 bd6bea3d52fff408
B 928 3fff6d50563c2c9e 3fff6d3a932c29ed
N 3 912
V 0 3fff535223aaaed0 bfbbde84332c952e bfac7824a5b33baf 3fff3a18c9f119e0
V 1 3fffbc4af617e9b3 3f921d5025bce5df 3f8243f5c66203c2 3fff965cad4f69b6
V 2 3fff533377440d20 3fb11b876095530a 3fa179e64a2cd498 3fff39fd75855bab
V 3 3fff531f84b59458 bfb64f8b448b5f21 bfa6caac866575c1 3fff39e0544a1b67
V 4 bd4fbeaffffff000 bf8d5a3719678b4f bf7dfc049b169c74 bd4fbeaefffff000
V 5 bd91fbffeffffd80 bfc132fc79b31335 bfb157ae2bae1f99 bd91fbffdffffd80
V 6 3d880d0e04000100 3fb64b8358de52cd 3fa6c67fdad70e0d 3d880d0e04000100
V 7 bd7c06c0effff600 3fb11e9f329dca5d 3fa17d1a4f20cdd8 bd7c06c0effff600
S 3 S 240 S 244 S 248
S 2 S 248 S 250 S 240
N 1 936
V 0 3fff5114d043feaa 3f740bff290d7c18 3f647bf7c9565d60 3fff5103b40d925f
V 1 bd6bea3d23fff400 3f6725eb5c6cb0a2 3f57a7366b95e50f bd6bea3d23fff400
B 936 3fff5114d043feaa 3fff5103b40d925f
N 2 932
V 0 3fff683abba041cb bf8647c3d6c9e9dc bf76b36e79373704 3fff67f6f882fc89
V 1 3fff39eee4e7bb89 bece284a236ea2ae bebee7938982b0aa 3fff39eee4e0f065
V 2 bd82f9f557fffd00 bf67e146e31293a6 bf5854ac6dfbcf5f bd82f9f5587ffd00
V 3 3d64135b18000c00 3eec2321fbeaebc9 3edcd59b1563c120 3d64135b18000c00
S 2 S 248 S 250 S 252
N 1 940
V 0 3fff50f2eeb1f677 3f73eea7a6a828a3 3f645e126ca572ba 3fff50e2045ae2fb
V 1 bd6bea3d24fff400 3f670409d12fa1a2 3f5784b11435f15c bd6bea3d24fff400
B 940 3fff50f2eeb1f677 3fff50e2045ae2fb
N 5 832
V 0 3ffa3736665b675d 3fb9b0878d85db87 3faf5b999bda2045 3ffa1e02f1a53fe9
V 1 4000f3d77e09bd68 bf897de9027bedc3 bf780f3d82042222 400067f8a525bd14
V 2 4000f392d0140cf6 3fd0a08a86c42547 3fbf63419773e9ec 400067f8a52081a5
V 3 400026777f705ee4 3fd67455a77968e4 3fc63eda3c836e86 3ffe78164ed8e98d
V 4 4000f35263099c1a bfd629883db957a9 bfc4eb65712d7c9d 4000679f07d6567a
V 5 3ffa373666500a54 bfa537449438fc4f bf99e5a4be74c340 3ffa1e02f1996465
V 6 4000f3d77e045970 3fc12713b47824a1 3fb0305b413dd782 400067f8a5207b66
V 7 4000f392d0153b60 bfd6c3a0ecedfeb3 bfc57c886d27dc88 400067f8a521d83c
V 8 400026777f70b513 bfddf627bc4ca5b8 bfcdaecae9ef5f38 3ffe78164ed4cbf3
V 9 4000f3526308dad5 3fb6199821e45332 3fa4dc5a1ec43852 4000679f07d549a1
V 10 3ffa37366656d4e2 3fab256dac583fd7 3fa091636d7ad17b 3ffa1e02f1a08977
V 11 4000f3d77e0373e8 bfd4acfd81a2f13c bfc3839819a152e6 400067f8a51f55d8
V 12 4000f392d0140eb4 3fd3c55f61ad6a97 3fc2a9491fb0c191 400067f8a52069a6
V 13 400026777f6df89f 3fd1eb88dbf18c19 3fc1c0da3de29baa 3ffe78164ed1d2b0
V 14 4000f352630b425f bfafb510df3d35e0 bf9dede978d0a58d 4000679f07d8888e
V 15 3ffa3736664d045f bfb95c2a3b71a76b bfaef49ef92af324 3ffa1e02f196ba69
V 16 0000000000000000 3f6ae962959528d0 3f606cbe1d86be68 bbe0000000000000
V 17 bcf007fffff80000 3fd8558f79cb6fd0 3fc6f78a9d540312 bcf007fffff80000
V 18 bd97f7eb00000000 3fd1c0a9a6a7e295 3fc0c193ef91fc9e bd97f7eb00000000
V 19 3d94041700000000 bfd507e7223bf8cc bfc4d5cfb8b8ded2 3d94041900000000
V 20 bc1ffffc00000000 bfc41549b95dd586 bfb2f4ff3843fe90 bc51ffffc0000000
V 21 3d90000240000400 3fb76988263a4a5e 3fac93f7b08bfefb 3d90000260000400
V 22 bdaffc00ffffff00 3fd6c967e43f6a0e 3fc581a53f1237e7 bdaffc00ffffff00
V 23 bd97f7ffe0000000 3fc122ba6b117281 3fb02c820b879caa bd97f7fee0000000
V 24 3db8020100000000 bfbbf1b7aa5473c0 bfabaf28e5f0d191 3db80200c0000000
V 25 3da00106e0000100 bfd7b2064de78292 bfc65de15425773d 3da0010720000100
V 26 3cf0090000000000 3fb5d3cb83a0b9b0 3faaa4b51537d996 3cf0090000000000
V 27 bdb3fcfe40000000 3fc9b6c923c4e713 3fb844eb8d150463 bdb3fcfe40000000
V 28 3db5003f00000000 3fcc55db4a7951f8 3fbabeb57e0673a4 3db5003f00000000
V 29 bd9ffbf9fffff800 bfd901e5aa3a1d22 bfc8c65596877c51 bd9ffbf9fffff800
V 30 bdb00300ffffff80 bfd8018afb0aa313 bfc6a8f087e4c5b6 bdb00300ffffff80
V 31 bd8fff7fe0000000 3f90bf716f0e87e1 3f847170dde259b5 bd8fff7fe0000000
S 5 S 192 S 208 S 224
S 4 S 224 S 232 S 192
S 3 S 240 S 244 S 224
S 2 S 248 S 250 S 240
N 1 972
V 0 3ffeb2db09f8e656 3f8040c5490cdb06 3f70f12651580bab 3ffeb2ad25596337
V 1 bd6bea3d88fff400 3f72c471b0f794d0 3f63901bec0faf79 bd6bea3d88fff400
B 972 3ffeb2db09f8e656 3ffeb2ad25596337
N 2 968
V 0 3ffed863ed5aabf0 bf9215eaa053c183 bf82c33e06e04994 3ffed7ae141711b7
V 1 3ffe8d52269720bc 3d44159db6816fd0 3d35094b784c5ded 3ffe8d52269720bc
V 2 bd82f9f4e87ffd00 bf7362545e127ee2 bf641c197dc5f0d9 bd82f9f4e87ffd00
V 3 3d64135890000c00 3da1365fbdff4552 3d920735047567a6 3d64135890000c00
S 2 S 248 S 250 S 252
N 1 976
V 0 3ffeb2801d57193a 3f8019663541080b 3f70c84daf7ed185 3ffeb253157cc9f8
V 1 bd6bea3d88fff400 3f7296fb60110690 3f6360f1a4aca3f8 bd6bea3d86fff400
B 976 3ffeb2801d57193a 3ffeb253157cc9f8
N 3 960
V 0 3ffe8d7ef542a9ba bfb1422da36cd5c0 bfa213779f179909 3ffe8393fa070ee4
V 1 3fff2348e572ae27 3f8bf9bca01a6524 3f7cc00962b195c4 3fff0c3bcb7b45fe
V 2 3ffe8d522697a517 3fa52e3d996fa92b 3f962f3818053411 3ffe836a4d803490
V 3 3ffe8d5226969c60 bfaba349dde69aae bf9cf29c51a00894 3ffe8363eb9bafb0
V 4 bd4fbea00ffff000 bf822d504a8d005a bf7309bdb18a3216 bd4fbea00ffff000
V 5 bd91fbffe7fffd80 bfba8fd956f6b805 bfab4c20eb4b0561 bd91fbffe7fffd80
V 6 3d880d0d40000100 3fab9a66cc4404b9 3f9ce94d6d39e61a 3d880d0d40000100
V 7 bd7c06c1effff600 3fa5350f5228bd8b 3f96365c8d16342a bd7c06c1effff600
S 3 S 240 S 244 S 248
S 2 S 248 S 250 S 240
N 1 984
V 0 3ffea5a77fa78e48 3f7da9a55f5c8e2a 3f6ef8dde74cca9c 3ffea5813802e769
V 1 bd6bea3d88fff400 3f7120318ce2dc10 3f61e1bbbf64f97d bd6bea3d88fff400
B 984 3ffea5a77fa78e48 3ffea5813802e769
N 2 980
V 0 3ffec7e7e2c12a71 bf907ff8c05ac5aa bf81274489ba49f2 3ffec7503601743b
V 1 3ffe83671c8df220 beaa6e1a45a5ed2c be9bb7c4f67f0ca5 3ffe83671c8d9cb0
V 2 bd82f9f4e87ffd00 bf71af3d3cd701eb bf62628bebc83b74 bd82f9f4e77ffd00
V 3 3d64135890000c00 3ec8a8e0ad4d66cc 3eb9dc763829f724 3d64135890000c02
S 2 S 248 S 250 S 252
N 1 988
V 0 3ffea55ba9478876 3f7d67f808178f25 3f6eb4965228a08e 3ffea5360a0d8b85
V 1 bd6bea3d86fff3ff 3f70fa465d0aaa90 3f61ba4fe7eab101 bd6bea3d84fff3ff
B 988 3ffea55ba9478876 3ffea5360a0d8b85
N 4 944
V 0 3ffd76fa1df85d08 bfcab90ba7ca9423 bfbd05ac0691ab82 3ffd159dc3d59726
V 1 3fffa403cc8cf66c bf739dbff1f09800 bf63d6c71354e8c5 3fff98e8bb0c87b4
V 2 3ffd76a080a308ac 3fc1a67252658daf 3fb32b74e24175fe 3ffd15575a51347c
V 3 400067f8a52129d1 3daa30ac29c108dc 3d998ab2600e99ad 400067f8a52129d1
V 4 3fffa3aa2f3faf9a bfb0caeda88690d3 bfa0fbef85253cb7 3fff9895a050b327
V 5 3ffd76fa1def9a94 3fb7b06b23fdab2c 3fa9ba38ac3c065e 3ffd159dc3cda328
V 6 3fffa403cc8952fe 3f981a267e2e2511 3f8860383b048af7 3fff98e8bb08a193
V 7 3ffd76a080a3e5c2 bfc9593d6c9a55f6 bfbb87ec4595b817 3ffd15575a51474d
V 8 bce00807fff80000 bf8c062c4a83bf9e bf7e6f767e15e7d4 bce00807fff80000
V 9 bd5f9e9000000000 3fb2b491890f909c 3fa2eaf2c40f5925 bd5f9e9020000000
V 10 3d80000140000800 3fc4204d04116e94 3fb5dbe1b9d8eef3 3d80000140000800
V 11 bda5fc0037ffff80 bdb222698fbd5cb4 bda1af7d04593983 bda5fc0037ffff80
V 12 3db0014228000040 bfa08ffe63b7639f bf90c054421c13b0 3db0014228000040
V 13 bda3fbfdb0000000 bfc804b64d95dcde bfba15c4941fd35f bda3fbfdb0000000
V 14 3d9a028100000400 3fb1c02b510d2d20 3fa1f3c608ccd075 3d9a028100000400
V 15 bda402f0fbffff80 3fb13599ab1f60d0 3fa2b0e5190fa159 bda402f11bffff80
S 4 S 224 S 232 S 240
S 3 S 240 S 244 S 224
S 2 S 248 S 250 S 240
N 1 1004
V 0 3ffe7e08539dbcc5 3f80da4dca66ca06 3f71af9fa60b11f9 3ffe7dd6a6770c2b
V 1 bd6bea3dcafff400 3f7375ba9feb4450 3f646c0ca8385669 bd6bea3dcafff400
B 1004 3ffe7e08539dbcc5 3ffe7dd6a6770c2b
N 2 1000
V 0 3ffea4f3c8dd69be bf92c2b67c88b454 bf83972d4a1611e3 3ffea42ed3695425
V 1 3ffe571cde5e0fcc 3eaa47b9725aaf3c 3e9bb7c0eb28d3e1 3ffe571cde5dbad8
V 2 bd82f9f4e97ffd00 bf741b8838327297 bf64ff401b3f5bd5 bd82f9f4e97ffd00
V 3 3d64135810000c00 bec88508cc5dd2d2 beb9dc68c765420f 3d64135810000c00
S 2 S 248 S 250 S 252
N 1 1008
V 0 3ffe7da5d8e3877e 3f80afa939dc1a3a 3f718317dff4098c 3ffe7d7525466477
V 1 bd6bea3dcafff400 3f73447d42fb1b10 3f6438a15509a0b1 bd6bea3dc8fff400
B 1008 3ffe7da5d8e3877e 3ffe7d7525466477
N 3 992
V 0 3ffe57433f710f6d bfb3ee50a4019f54 bfa5055330046cda 3ffe49f171a1b0a3
V 1 3ffef2a45249c40f 3f8f266e2f238024 3f801ac64e22fadb 3ffed5e307b33a29
V 2 3ffe5719b20f2b28 3fa876a0bfe06641 3f99cd39ae08f136 3ffe49cb42ccdab3
V 3 3ffe57200aacf470 bfafe93a480cfe38 bfa0d40c914620ff 3ffe49cb42caa9e9
V 4 bd4fbea02ffff000 bf84fddc3013fa17 bf7623b80dde41bd bd4fbea0affff000
V 5 bd91fbffe7fffd80 bfbd937a0049d284 bfae94e54505218b bd91fbffeffffd80
V 6 3d880d0d40000100 3fafe19d98dae338 3fa0d00c719b524d 3d880d0d40000100
V 7 bd7c06c26ffff600 3fa87c780705f251 3f99d35d5aea6e69 bd7c06c2affff600
S 3 S 240 S 244 S 248
S 2 S 248 S 250 S 240
N 1 1016
V 0 3ffe6cdabfbb1bda 3f7e5d002a1634ec 3f6fef5358959625 3ffe6cb258d35207
V 1 bd6bea3e02fff400 3f7187be77c18dd0 3f627006c37f2848 bd6bea3e00fff400
B 1016 3ffe6cdabfbb1bda 3ffe6cb258d35207
N 2 1012
V 0 3ffe8fea3caa7566 bf90e59b7c92218f bf81b11c4a1fadfc 3ffe8f4a0976c9d2
V 1 3ffe49cb42cbc24e bd81e6f21761fa96 bd72e9f377dac675 3ffe49cb42cbc24e
V 2 bd82f9f4f57ffd00 bf721c2c08b54f20 bf62f649381a05b4 bd82f9f4f57ffd00
V 3 3d641357d0000c00 3db18b12a9434849 3da288e2d61d538e 3d641357d0000c00
S 2 S 248 S 250 S 252
N 1 1020
V 0 3ffe6c8aa6214610 3f7e17a1cb07b16e 3f6fa6b12443ff62 3ffe6c62f69964de
V 1 bd6bea3e02fff400 3f715fb1aad6a8d0 3f624617650f092c bd6bea3e04fff400
B 1020 3ffe6c8aa6214610 3ffe6c62f69964de
T 0 bfe13aed47aa228e
T 1 3f80c144665afb2d
T 2 3fd82689617dfc6c
T 3 bfd892604e5015ac
T 4 3fed767c09291a6b
T 5 3fcae55125f167ee
T 6 bfd801d482ab4520
T 7 bfdfec1b865f08e9
T 8 3fe0e00ebcd99820
T 9 bfc9ff670cdc440f
T 10 bfd2e925d84754c1
T 11 3feac06544a48101
T 12 3fdc79caf9e6e1a7
T 13 bfd3623bf6abafc9
T 14 3fc7f18c4b8aa5e6
T 15 3fe0ed36663334f1
T 16 bfefd1b31f83ee0d
T 17 bfad3ecfc74237ef
T 18 3fd5a5eb8fd2aee0
T 19 bfe8e6c6bcb995c4
T 20 bfde4228411de0d1
T 21 3fdea14e972b9813
T 22 3fc37400a876dccd
T 23 bfe08860623d995b
T 24 3fee8b80338a5ee1
T 25 3fc48bd52d2304b8
T 26 bfddb4e1daff7597
T 27 bfde809edfd5adbd
T 28 3fda770cae5ea13e
T 29 bfe4808ed54d6a1a
T 30 bfa8c6ebe7e7ade0
T 31 3fefded67f2a26cc
T 32 3fe130b253c83858
T 33 bf9f9107ac08a35b
T 34 3fe54b8adb9c5128
T 35 3fd9b9084a86f107
T 36 bfecd09134b16821
T 37 bfcdf4aa559755ac
T 38 3fc6b151907a7b9f
T 39 bfee37698e893ed6
T 40 bfe0adf7e5b54363
T 41 3fd00edef6699842
T 42 3fd1763c8128f989
T 43 bfddb57ddcc58087
T 44 3fe98bb3775bc915
T 45 3fd4c124d23f90b2
T 46 bfc1beb80081b6b4
T 47 bfe10d5bf986ff61
T 48 3fe106d2fcaf6d92
T 49 bfc3d10ea0d67133
T 50 bfd44d3350dd0a3a
T 51 3fe9db91f44f9ba2
T 52 3fdd64456cedffea
T 53 bfd1f63b3a331281
T 54 3fce15a035cfa2f3
T 55 3fe0bf8168732b1e
T 56 bfee0a48129445f8
T 57 bfc7bb8df23ab1c3
T 58 3fccf6c13214a859
T 59 bfed09da0bffa7dd
T 60 bfd95817b0b94b09
T 61 3fe5aee09bbf4f37
T 62 3f9688593e857dbf
T 63 bfe13854421b7ad0
T 64 bf720b37026dd2ba
T 65 bfefffb6d14f74f8
T 66 3fd88c88efdfa0e3
T 67 3fd82c487ad64068
T 68 3fd8f97b5044ea77
T 69 bfdfbab5b8dae675
T 70 bfeda9cdec72412f
T 71 3fc9d5dd04690aef
T 72 3fbc00ec4bf78d87
T 73 3fef55360380fed0
T 74 bfdccf33a477bce0
T 75 bfe18f58fc6ec6fc
T 76 3fd35da05338342c
T 77 3fdc80918a4e5663
T 78 3fef6f5c58f63ce5
T 79 bfb9c9145c4a04ca
T 80 bfbb2d00f8dfb479
T 81 3fe11f041f037c92
T 82 3fdad2a4e5ab8168
T 83 3fe418f1bc1198a1
T 84 bfd07e3ef61a3be5
T 85 bfec18da9db58c1b
T 86 3fe084723fe5ca1d
T 87 3fc378a19ee32b8e
T 88 3fd3141c1c35cc86
T 89 bfe07284a64bf4c3
T 90 bfec580a30411a0a
T 91 3fcff8076d224cd5
T 92 3fd615874bb28f31
T 93 3fe891be26c14560
T 94 bfe129396935db71
T 95 bfb701d9ba521bcd
T 96 3f9f89869fda677e
T 97 3fe134c97289702d
T 98 3fe7e2a5aceb6680
T 99 bfd6eeeaa3f28b96
T 100 bfdbd5fd128ee7ef
T 101 3fdf0253a4a8ea67
T 102 3fe04621e1a9957c
T 103 3fd5113046c0d73f
T 104 bfc14b187ed00ae3
T 105 bfeef9ef2a753f20
T 106 3fddae6ddc3330fe
T 107 3fd17a642be08c28
T 108 3fe3459cdec2c00c
T 109 bfdb82c8de02d620
T 110 bfefb0e2921e0687
T 111 3fb318aaed6662d2
T 112 3fb5587c801706dd
T 113 3fef9d30bc3a48d9
T 114 bfdbd8c62c03b2c6
T 115 bfe2d9f7b4cf1d30
T 116 3fd1f1f61ef2e849
T 117 3fdd6b43c83449a4
T 118 3fef1a7a06e0341f
T 119 bfc0330bf87aa4e8
T 120 bfd60d9d6c6096e4
T 121 3fe029f746978771
T 122 3fdf476fa8bc6dc7
T 123 3fdae39ff914e7af
T 124 bfd759df8a4c8705
T 125 bfe788a6ed3d49d8
T 126 3fe1343c4bca1334
T 127 3f968db5c9cb4980
T 128 bfeffeda45cd1605
T 129 3eda03f2860b551b
T 130 3fe64107df48e36a
T 131 bfe6fe958b0c8915
T 132 bfed5c117de45347
T 133 3fd974abad21ea7d
T 134 bf2242d9b4f3bf89
T 135 bfedc2a763face4a
T 136 3fef4751a3aab62d
T 137 3fcb05a914823702
T 138 bfe15725f7a9b88c
T 139 3f34e14e82fd78a3
T 140 3fea4ffac026077a
T 141 bfe2360a1df5b44e
T 142 bfc6e9fcf76e60a1
T 143 3fef7b9dd43f7ecc
T 144 bf38ae6498861889
T 145 bfbd41dd3623238b
T 146 3fe3e49ca3d3deba
T 147 3fe910a530da0bce
T 148 bfebf880f1ec3cd9
T 149 3f2822f92cd22a27
T 150 3fd192d500173a00
T 151 bfeec510c1df148a
T 152 bfee773fc5dc7308
T 153 3fd393e24eafabea
T 154 bf26b3e08d1026aa
T 155 bfec76deda5cad44
T 156 3fe866958bd2a7a2
T 157 3fe4b3d4fabe0091
T 158 bfb4eba39d117047
T 159 3f38c2cad84f38c2
T 160 bf90c11a6a846eeb
T 161 bf38d736b326e0e0
T 162 3fe6fe95890faef6
T 163 3fe64107e1355ad8
T 164 bfd974abad55e260
T 165 bfed5c117da8631b
T 166 bf371af8557b7a2b
T 167 3fd7855801f08cc2
T 168 3fcb05a916a23a98
T 169 bfef4751a135016d
T 170 bfeae4e91e966885
T 171 bf2aecee801e60af
T 172 3fe2360a1c62b48a
T 173 3fea4ffac26c4e25
T 174 bfef7b9dd47fc4a2
T 175 bfc6e9fcf73f9928
T 176 bf06b6fad1b680fb
T 177 3fefca4614f9d673
T 178 3fe910a532d2a8da
T 179 bfe3e49ca243615f
T 180 bfdf16b2b72d8e0f
T 181 bf35b7456f495f29
T 182 3feec510bf362a6c
T 183 3fd192d5019c1e1f
T 184 bfd393e24ed7a3bf
T 185 bfee773fc59e40bd
T 186 bf36196178ce9b2d
T 187 3fdd3ddddfae7c3b
T 188 3fe4b3d4fc5ec9b6
T 189 bfe8669589e76a4f
T 190 bfefe48c926d5018
T 191 bf003e0306b9a578
T 192 3feffb832f404bfc
T 193 be5d51f76831aa22
T 194 3ea31c608f7847ed
T 195 3fe75af8eea3d560
T 196 bea98106f4193036
T 197 bfda69b54b8fcebb
T 198 3e93ba868c63f319
T 199 beaa2a26c9159c41
T 200 bfef29e6bef1ae89
T 201 3e896eaf9dfce407
T 202 3fe0e5e0d364b5a9
T 203 bea7c7e3346ebb92
T 204 3ea6b96ee8930ebc
T 205 3fe2a399212d5441
T 206 be823e81cb9a8f0c
T 207 bfef927b65798553
T 208 3fa0c080a2852a03
T 209 3eabfd1c71dbfdb1
T 210 3ea46789b7e3011b
T 211 bfe5dfeb32c243f6
T 212 be971c8706605e13
T 213 3fed25b43881a10f
T 214 3eaa3576586231c8
T 215 3e93b202ece6ffa3
T 216 bfcd10be26dc99af
T 217 beab44b3cdc568bc
T 218 3feb2c93fc02b003
T 219 3e9d93622a9db3e1
T 220 3ea048b6b54abfdf
T 221 bfea02c1ed17e58d
T 222 beaba03600abc24e
T 223 3fc4d9b15689cac0
T 224 bfd54999e9c754e5
T 225 bf9652f585bed321
T 226 3fcc21c3571749b0
T 227 3dfe56c4af495157
T 228 bfd32213389fb8ad
T 229 3fc2deeff84b4c23
T 230 3fbb6de2ee8ba703
T 231 bfd43376cecc579f
T 232 bf9652f8c56a8769
T 233 3fd54996d0b9d747
T 234 3fd00a04b8229020
T 235 bdfa9b45eace1237
T 236 bfc2deed38ba4323
T 237 bfd3221601f8461f
T 238 3fd43373de461ff4
T 239 3fbb6de6ec55f7e1
T 240 be9281be04a466fa
T 241 3f93181066899479
T 242 3e86b115c79341ed
T 243 be8d9f54bc4b41bc
T 244 be637de282e87825
T 245 bfc221110c0eda28
T 246 3e8d928c0c6871d8
T 247 3e86bae5002b67be
T 248 bfb3056a02e04cad
T 249 3dcbd9d4997ecc27
T 250 bf946305b616422a
T 251 bde9fc38c3cefaf5
T 252 3fa1bc6d79270098
T 253 3f947ad5900328c0
T 254 4110aab25135736c
T 255 4110a3deb575ca00
T 256 3fa06c1a357057d9
T 257 3f92f67ab20a4497
T 258 41109d9187de9db1
T 259 411097bbd8a9cd9f
T 260 bfb07c29532d3d53
T 261 3dcbd9d287701646
T 262 bf91ab27c7365503
T 263 bde9fc36d5421784
T 264 3f9e94542778c01b
T 265 3f91a7b00cf9fc68
T 266 41109250d4fffe71
T 267 41108d457e73fec5
T 268 3f9c9b47715dd76a
T 269 3f908418de760620
T 270 411088903e933b86
T 271 41108428c0997665
T 272 bea27cb64594084b
T 273 3f9abb45dd124ee0
T 274 3e96b1a82e72699c
T 275 be9d967d0562880c
T 276 be7378963b2dc8c4
T 277 bfc9617a2f969731
T 278 3e9d934ad7d5f3d9
T 279 3e96b41bfdcdc496
T 280 bfbb7992a1db28d1
T 281 3dbbd9e178e35811
T 282 bf9d728f82ab7cc8
T 283 bdd9fc44912c09ee
T 284 3faa1512a8999d5c
T 285 3f9e1e0508208bee
T 286 410e38f4aac8b8c6
T 287 410e1e2f581e7d46
T 288 3fa7563b297a7866
T 289 3f9af272a7932851
T 290 410e06637e154b80
T 291 410df118e18be78b
T 292 bfb67abf8450c12f
T 293 3dbbd9df249322f9
T 294 bf9817eba1cfb43a
T 295 bdd9fc4264cddbb6
T 296 3fa51d41c08afb8a
T 297 3f986173f7073602
T 298 410dddef38a3d835
T 299 410dcc98dd9ddf20
T 300 3fa3473d480b2bc4
T 301 3f9642b93bddfcad
T 302 410dbcd5fe1e3f83
T 303 410dae71f9776b93
T 304 bfefee41f90759b8
T 305 bfb0be273b434b52
T 306 3fe5193a20113898
T 307 3dfe56c8a1c10c53
T 308 bfecb2ffd93dc18e
T 309 3fdc4e473f1d4bf0
T 310 3fd492556bdf9fd9
T 311 bfee4d0f32b95c82
T 312 bfb0be273b434abb
T 313 3fefee41f9075ac3
T 314 3fe80eeb476b7675
T 315 bdfa9b4960f61b2e
T 316 bfdc4e473f1d4bdd
T 317 bfecb2ffd93dc1a1
T 318 3fee4d0f32b95d87
T 319 3fd492556bdf9f27
T 320 be0400ee46d22bdd
T 321 3fa646aea07cd26b
T 322 bdc373c852427e06
T 323 be0197610a0f7e38
T 324 bdd51177127d6d3b
T 325 bfd526857b36aaec
T 326 bdc959c766a91304
T 327 3dfaff20fb9edce8
T 328 bfc8ba2a7db6e608
T 329 3dd4e353f5cf95af
T 330 bfaa80a6c56d294c
T 331 bdf37d1f8970b337
T 332 3fb8a210cc83502c
T 333 3fac719e0bc69b92
T 334 410800177fee0f28
T 335 4107b43dfdb6047a
T 336 3fb42787663bd414
T 337 3fa745b5f72dca26
T 338 4107778fe840159c
T 339 410745ea26b9be85
T 340 bfc1a9929efd2d2d
T 341 3dd4e353f5cf95af
T 342 bfa2ee3501916aa2
T 343 bdf37d1f8970b337
T 344 3fb10dc46fa8adbb
T 345 3fa3b12765018e07
T 346 41071c8aa72432ae
T 347 4106f988974e6dc6
T 348 3fad8f586e1236e2
T 349 3fa1110248a23d1d
T 350 4106db86ce40b2de
T 351 4106c1853ea7ec24
T 352 3dad3d3edc536b02
T 353 3fc0b4dec9e93276
T 354 bd967d104cb8090b
T 355 bdb8c0a274f157dd
T 356 3d8143a7ecf576cf
T 357 bfefb98383fcf458
T 358 bd9d4e778d93356c
T 359 3db3523c5629858f
T 360 bfeee8147a1d5b79
T 361 3d606269fdefc3cf
T 362 bfd0901225a08425
T 363 3d8065205ba8aaf2
T 364 3febb512e040c9e9
T 365 3fdffe6045746950
T 366 40e5564f4c7e65f6
T 367 403152cae8501800
T 368 3fd2795741114466
T 369 3fc554f8efdfde08
T 370 4029fca0e5417000
T 371 4027198b95951646
T 372 bfd49b118f5f5d89
T 373 3d606269fdefc3cf
T 374 bfb615cd2dbbb4dd
T 375 3d8065205ba8aaf2
T 376 3fc62b5be96e9e15
T 377 3fb9995712a3b2c2
T 378 4025a7fc3d563000
T 379 4024ca3e550a732f
T 380 3fbfabbf63b5f450
T 381 3fb24902a0ef08e9
T 382 40243669c4c6e1be
T 383 4023ccd1a19ca518
T 384 3fd555b1211ded1e
T 385 beec95e622e66a05
T 386 befae2b7c7bd7e6c
T 387 3fcf28db374e2e63
T 388 bf36a122a5b5251f
T 389 bfc19e9282e4b10b
T 390 3f233bface740395
T 391 3f0267903419bf52
T 392 bfd4c9dd8bbeb933
T 393 3f1690dc92a248a9
T 394 3fc68b60bd1262d3
T 395 bf372f597e18af2c
T 396 befff81c84da5ea3
T 397 3fc8de093121551e
T 398 bf10301735370b44
T 399 bfd50fa0ef50b4f2
T 400 3f86598351fc6fa1
T 401 3f3b499511f4332d
T 402 befcb49a9afd37aa
T 403 bfcd2f2427fc19a4
T 404 bf2481abc346f0e6
T 405 3fd37185c9f55a09
T 406 3f398d59a7a20d97
T 407 beebb53a57f29a81
T 408 bfb3638a36bc867e
T 409 bf3831e7060bb12e
T 410 3fd22090b7acebb5
T 411 3f2cd5acd72e12e4
T 412 bef6e8a6e41411c5
T 413 bfd159e57b110170
T 414 bf388318a19980f3
T 415 3fabd14abce3857b
T 416 bfc23adb757bfc94
T 417 bf83247a2bd625dc
T 418 3fb8168e62e369c1
T 419 3f22aca66a8a936c
T 420 bfc062048e203043
T 421 3fb0290ddaee6114
T 422 3fa785250164e0fc
T 423 bfc14c197e4627f2
T 424 bf831e1c9cc4007a
T 425 3fc240ed59c21d40
T 426 3fbb779c14bf26cc
T 427 bf20608477bce464
T 428 bfb02885795fedaa
T 429 bfc0628ed4f72cdc
T 430 3fc1526e1257ac62
T 431 3fa77c8c8e6c4a50
T 432 bf1c249089c839db
T 433 3f81d58566472d55
T 434 bedb5ed56e8b3786
T 435 bf18bfce4aac1cf4
T 436 beeda3fdbce612b7
T 437 bfb0eed26b6e2848
T 438 bee1d5be3602a24b
T 439 3f12fda28c0123a5
T 440 bfa108c861800ca5
T 441 3eed6390fa92c727
T 442 bf8241df7329d5c8
T 443 bf0b6b951810be83
T 444 3f8f234a177e23ac
T 445 3f81fa39e1382a3b
T 446 400ede04e9613e3c
T 447 400edb956a3ee575
T 448 3f8e15e03df81ee1
T 449 3f815eae1e5432e1
T 450 400ed93fdfd35f48
T 451 400ed6fa29a46b7f
T 452 bf9fdd6e0d73e465
T 453 3eed62972586692f
T 454 bf81138db265f491
T 455 bf0b6aabff53b395
T 456 3f8d1835b5c4865c
T 457 3f80cc39d6eac401
T 458 400ed4c38d006335
T 459 400ed2a3d5cff58f
T 460 3f8c2c87e3552ab4
T 461 3f8044281754f3fa
T 462 400ed099d2e5794a
T 463 400ece9c3ddd35be
T 464 bf151bd64769a221
T 465 3f8491eb93b03ab3
T 466 bed4889fd65359dd
T 467 bf12904ed0a39f94
T 468 bee63b6dcc2f2fd9
T 469 bfb387d45378c55d
T 470 bedac2919f620032
T 471 3f0c7d26021f78e3
T 472 bfa3c3e73bcf53a7
T 473 3ee60b040bec5355
T 474 bf852f301e715cf2
T 475 bf0491013f12ab01
T 476 3f921a9ba406cd08
T 477 3f84e79595fbc49e
T 478 400e538d8cfd2870
T 479 400e5051414ce283
T 480 3f91653a4775abb8
T 481 3f841624f54fa84d
T 482 400e4d39e349f652
T 483 400e4a3dc77ae40d
T 484 bfa24c83a311d5f3
T 485 3ee60a777d54092f
T 486 bf839cd8e1b4c521
T 487 bf04907e1adad779
T 488 3f90bcb51a0d8b89
T 489 3f83538dd1486911
T 490 400e475b6c632f25
T 491 400e449896404a5d
T 492 3f90214022242887
T 493 3f82a00c3c964726
T 494 400e41f37138b7f9
T 495 400e3f636c7e7a5d
T 496 bfc989bf9ec6aeb1
T 497 bf8ace5900109f42
T 498 3fc0df7f5bfbb9af
T 499 3f22aed24bcebd3d
T 500 bfc6f394aa62be19
T 501 3fb6a38d9d449a4c
T 502 3fb077d53f344832
T 503 bfc83b8419ac6f71
T 504 bf8ac81b592fb191
T 505 3fc98fb31624f6af
T 506 3fc33d716235868b
T 507 bf20626bf61b5fe3
T 508 bfb6a30811a987ed
T 509 bfc6f41c112f1f8a
T 510 3fc841b8c5420d5e
T 511 3fb0739eaf5efd12
T 512 bf1d90b3769353f8
T 513 3f8852d5875f02e7
T 514 bedcb7d313854fc5
T 515 bf19ff4991c8a764
T 516 beef2381c4f29ce1
T 517 bfb7183005c49375
T 518 bee2b68b1ff2f04a
T 519 3f13f2c82260ffe2
T 520 bfa789f3db139dd0
T 521 3eeedfd9ecb76149
T 522 bf893a98b384ae9a
T 523 bf0cce649f410761
T 524 3f95a6289a24c392
T 525 3f88ff8894dbb76c
T 526 400d9a1fb406ee76
T 527 400d959b8ab7186d
T 528 3f94a4dd658641c3
T 529 3f87d66faf0bdd73
T 530 400d91549f6536ff
T 531 400d8d3a89db483f
T 532 bfa57cc091441e46
T 533 3eeedec641b3da44
T 534 bf8707b03ea6d518
T 535 bf0ccd636b9a0e15
T 536 3f93b916194278da
T 537 3f86c62ec51d959a
T 538 400d894a5c08333c
T 539 400d858ce66c5e3a
T 540 3f92e2b53d772559
T 541 3f85cea3d023a16d
T 542 400d81feb4a4173e
T 543 400d7e91ac235e35
T 544 bf13b56db0680b1f
T 545 3f8db8439e5aa84a
T 546 bed325e0c46583f7
T 547 bf11549d63038273
T 548 bee4c1f221e55b4c
T 549 bfbc37d01d79f7f5
T 550 bed8f4412aa182ba
T 551 3f0a98ab39eb2c8f
T 552 bfad16673b6828f9
T 553 3ee494b9f8eb59b7
T 554 bf8f2d07ec4356e2
T 555 bf0333c9c18056a7
T 556 3f9ae3b22c7a7474
T 557 3f8f0c9b82f33041
T 558 400c9764297e47dc
T 559 400c90a96ea532e6
T 560 3f995ab029295387
T 561 3f8d46cd134d2314
T 562 400c8a58f40cab0c
T 563 400c84600c38c8e1
T 564 bfaa0584c754c23b
T 565 3ee4943f7790357c
T 566 bf8be3cb4fde42d0
T 567 bf03335774f532bb
T 568 3f97fb13ce7772b4
T 569 3f8bb0cbc2ee7df8
T 570 400c7eb78be4dd5a
T 571 400c7961fa55e376
T 572 3f96c09b6b0db66e
T 573 3f8a45ad4d07f284
T 574 400c7458a9436726
T 575 400c6f8d286280f2
T 576 bfc0ac4560f8f0d2
T 577 bd768b6521a69ef1
T 578 3fdbcd8f5c80567c
T 579 bfb7fccfedee954b
T 580 bfe257a804f5ca9b
T 581 3faa87b3c95506cb
T 582 3db43fece9d6fb6b
T 583 bfe2972a67d6ec0e
T 584 3fc050917da4edf2
T 585 3fc0e1cd35d2ca34
T 586 bfb2127fe365475b
T 587 3dc5e129e53f0f79
T 588 3fe06fc87275ac25
T 589 bfb2ff61dfc2ac62
T 590 bfbca18a6b8518d6
T 591 3fc067e23360caaa
T 592 bdcca72ec371c619
T 593 bfb246b6d50e5bf8
T 594 3fb4c08cd3f03a48
T 595 3fdf5195f0a9740f
T 596 bfbd26b5399b833f
T 597 bdb682a8dc563865
T 598 3fc5f498847759e7
T 599 bfc00ca10180a1d1
T 600 bfe30892c021ef8b
T 601 3fa467683d614753
T 602 bdb2959ee2d747c0
T 603 bfe1c7e8dcf3eec2
T 604 3fb9745c1c7cf874
T 605 3fd9de213024fe88
T 606 bf85cdab9513cadf
T 607 3dc9844afba182c9
T 608 bf61761f33f30f55
T 609 3dd5ae8570af7ede
T 610 3fdcba60aebeff50
T 611 3fb737128dc91d24
T 612 bfcfce9131cb5dd6
T 613 bfbe994766ae7aee
T 614 3dc28d53a937d3a8
T 615 3fcd62bd32040e45
T 616 3f9c306b1c10a5a5
T 617 bfe38a908ad9f777
T 618 bfbc077bcea04274
T 619 bdbc36deac7c3685
T 620 3fd6c07f8fd7b5c2
T 621 3fbb72e41b8cadaf
T 622 bfe3ab3cceb4fc18
T 623 bf97e18ee73e15fd
T 624 3d8f0788e57d790d
T 625 3fe3dbc20f29b60d
T 626 3fba25c3f84a75f3
T 627 bfd8db3562554ff1
T 628 bfb0334b776e7b33
T 629 3dc43f5f3dd01b61
T 630 3fe338969b3282b4
T 631 3fa25520553175b3
T 632 bfc87656d9b5aa7a
T 633 bfbfc06940b9e2ff
T 634 bdcd77fc399c9f99
T 635 3fd2443794c9e492
T 636 3fb598b83567e83f
T 637 bfde7d183a60a741
T 638 bfc09e906f040da5
T 639 bdad3ea47024ebff
T 640 3fb1dbfbd8aa3576
T 641 bf8a9c7bbd216df7
T 642 3fd15f213ee937ce
T 643 3fd5387f097ff80e
T 644 bfd72655c06e02e4
T 645 bf9d7f9a4432a532
T 646 3fc1e7e725b563e4
T 647 bfd7c89047438f80
T 648 bfdc50b946ba3155
T 649 3fb715afd7184fe1
T 650 3fa2df38d43e3ac6
T 651 bfd5956c0b0ac330
T 652 3fd4a7ff80f1b53c
T 653 3fd0ef79c2a32194
T 654 bfb08f5fc8c7b12a
T 655 bfb1a155741b75ba
T 656 3f62b57ae4bdbd81
T 657 3fd9671eb62a8ced
T 658 3fd28c26f8cc89ea
T 659 bfd3e01685563ed2
T 660 bfc4fa5ff81c8b2b
T 661 3fb046af7eb2d51d
T 662 3fd7c991a6cba2ed
T 663 3fc1e7256918c2ff
T 664 bfba68a949fbd430
T 665 bfd8c050f1835511
T 666 3fae593ca81ab372
T 667 3fcad7db4001fccf
T 668 3fcd9aa6d23c320a
T 669 bfd7a22633e7a8ab
T 670 bfd91360ad9f2297
T 671 3f87493c4442d5fc
T 672 bfd1d30b47f807e2
T 673 bf557b5877942f8e
T 674 3fc78dd51e54b64f
T 675 3d8d85fc7d2349a6
T 676 bf92656dbd2c7bec
T 677 3fbf9a0d747f7193
T 678 3f7a64f71e50c61b
T 679 bfd0e9ebacf31758
T 680 bf92b13e4bec0cc7
T 681 3f947bfccb0c4452
T 682 3fcadbb4c8cb4d36
T 683 bd960346d1835a9a
T 684 bf8224ddcd5f5682
T 685 bfd005403d4821bb
T 686 3f9370582f74cba7
T 687 3fb6f73d6e3a739c
T 688 bfbc991666e201ab
T 689 3f905e9859a6a8b0
T 690 3fb18eec85a49b9f
T 691 bfb6e2ddbd4a1227
T 692 bf8e1eb734656c50
T 693 bfbf15aeb9eaedeb
T 694 3fb6e1e61de2cd43
T 695 3fb18faa87918f55
T 696 bf75ec25d25cbd84
T 697 bd6854d91d88731e
T 698 bf577f14f2608487
T 699 3d999316e092e81f
T 700 3f63be23d470232e
T 701 3f56cc04a48b5b7f
T 702 4004bca06d343c27
T 703 4004bc95e6f7ef1c
T 704 3f63a2425aaad778
T 705 3f56abd2fee9e3d2
T 706 4004bc8b819551c2
T 707 4004bc811908264a
T 708 bf714d1197de8569
T 709 bea2704faaa6adf2
T 710 bf528b0fc20281b0
T 711 3ec1341e09eb171e
T 712 3f5f28b85a36e5e4
T 713 3f51fd5c8c3da336
T 714 4004762588cde00c
T 715 4004761f1151bf30
T 716 3f5f05fd923560b1
T 717 3f51e94f73ee3f9d
T 718 40047618af654c43
T 719 40047612464f89f5
T 720 bfc3543342f2933c
T 721 3f95ada0c2c85d37
T 722 3fb7bc383047b76b
T 723 bfbeef6430dcb39e
T 724 bf945b8b19bedd7b
T 725 bfc4953380eebabe
T 726 3fbeeeaef3a9c5ab
T 727 3fb7bcc34217fc6d
T 728 bf772b81dc0b6be7
T 729 3ea27048eb59f231
T 730 bf58d55ecdd6b622
T 731 bec1341419bf4c72
T 732 3f64dc234253a13f
T 733 3f58164289d1546c
T 734 400404ca27ab483e
T 735 400404bed00c8199
T 736 3f64bcfe5919e1aa
T 737 3f57f24c36b3ee34
T 738 400404b3977277cb
T 739 400404a861a558e0
T 740 bf70dde6a00a2a25
T 741 bd8a4cc16b71e239
T 742 bf5213e9871fbf82
T 743 3db00a6644c5e6e3
T 744 3f5e5b8d65f8de25
T 745 3f5186e867fb147a
T 746 400389e3259f7240
T 747 400389dd49148e63
T 748 3f5e3a8b537375d7
T 749 3f5173d9c12f6f98
T 750 400389d77c72519a
T 751 400389d1aca31264
T 752 bfc99e74048827d7
T 753 bf6aae82b70a0684
T 754 3fc0ed6ba5a9ef8a
T 755 3ef85e3c10ff8791
T 756 bfa6d9b7d2e2b140
T 757 3fb6b5e84946b54c
T 758 3f9064462dcc4058
T 759 bfc84f8302897853
T 760 bf8addd1d9c0d616
T 761 3fa9715740b3e8da
T 762 3fc34d51acc8e699
T 763 bef55ec91d363516
T 764 bf968985fe57c040
T 765 bfc706b80c91f846
T 766 3fa824e998c0050a
T 767 3fb08131f4d5a82f
T 768 bfb1036d9974c744
T 769 3f885ee02b221b52
T 770 3fa4e301f127a97e
T 771 bfab3adbfde30add
T 772 bf81eb39530cc78f
T 773 bfb7239ee4cae42f
T 774 3fab385b1fc7a6d0
T 775 3fa4e4edb26a8915
T 776 bf89ea1683e0437b
T 777 3ec2cb087d2122ee
T 778 bf6bc664df9393e7
T 779 bee188c0c56ce56c
T 780 3f7768e79e02ccee
T 781 3f6b0802a62ff2a1
T 782 4001c42db7889b01
T 783 4001c3fb01d8fcf0
T 784 3f771afbdd454c86
T 785 3f6aae08f7d9b6f3
T 786 4001c3c92755d87d
T 787 4001c397c220b388
T 788 bf861d3206016c39
T 789 3ebe8c508c20caad
T 790 bf67b3a6a494fe41
T 791 bedc8072e4c1cf47
T 792 3f73f57836c3b369
T 793 3f670be843b09bd6
T 794 4001ab513be5a76c
T 795 4001ab2c930af66b
T 796 3f73bcba52a89905
T 797 3f66ca6335d06270
T 798 4001ab0879549ef1
T 799 4001aae4a05653f9
T 800 bfb5e1673fb7ef35
T 801 3f8dcd57c96113b8
T 802 3faadd4165265b9b
T 803 bfb1826254bf2682
T 804 bf870b82884f93be
T 805 bfbc4bd39c436ea3
T 806 3fb1814e90e0f4e2
T 807 3faadee8995b8efb
T 808 bf8bbd3d8982d1da
T 809 3ec2796b9d5b6c26
T 810 bf6dbb1624f9b39d
T 811 bee13c9b718f4445
T 812 3f7910c9c2e15142
T 813 3f6cf177fd5ce67c
T 814 40016ae7e4db6886
T 815 40016aaee5f10c18
T 816 3f78b781a17b8814
T 817 3f6c8a6000e8cac0
T 818 40016a76e0ec6cae
T 819 40016a3f769e1744
T 820 bf86bf65631a51fb
T 821 3ebd22b5f7a411d4
T 822 bf68617f3ffcb599
T 823 bedb2f11578c5656
T 824 3f7487bf55c055f9
T 825 3f67b4d079aa0bc0
T 826 400144150d8590ce
T 827 400143ef26403335
T 828 3f744bb51e89575f
T 829 3f676f7c7a9af465
T 830 400143c9cf0cf204
T 831 400143a4c4d6782a
T 832 3faf5b999bda2045
T 833 bf780f3d82042222
T 834 3fbf63419773e9ec
T 835 3fc63eda3c836e86
T 836 bfc4eb65712d7c9d
T 837 bf99e5a4be74c340
T 838 3fb0305b413dd782
T 839 bfc57c886d27dc88
T 840 bfcdaecae9ef5f38
T 841 3fa4dc5a1ec43852
T 842 3fa091636d7ad17b
T 843 bfc3839819a152e6
T 844 3fc2a9491fb0c191
T 845 3fc1c0da3de29baa
T 846 bf9dede978d0a58d
T 847 bfaef49ef92af324
T 848 3f606cbe1d86be68
T 849 3fc6f78a9d540312
T 850 3fc0c193ef91fc9e
T 851 bfc4d5cfb8b8ded2
T 852 bfb2f4ff3843fe90
T 853 3fac93f7b08bfefb
T 854 3fc581a53f1237e7
T 855 3fb02c820b879caa
T 856 bfabaf28e5f0d191
T 857 bfc65de15425773d
T 858 3faaa4b51537d996
T 859 3fb844eb8d150463
T 860 3fbabeb57e0673a4
T 861 bfc8c65596877c51
T 862 bfc6a8f087e4c5b6
T 863 3f847170dde259b5
T 864 bfc056006f094211
T 865 bf59efb0736c926e
T 866 3fb5940ea4ec605e
T 867 bef85e3b33ca9273
T 868 bf9633d0125a240d
T 869 3facf67bb1f7e98b
T 870 3f7fde16c102c8f3
T 871 bfbefd76c073e88e
T 872 bf8121a55dadc422
T 873 3f98bb6150459cb9
T 874 3fb89afae185e8b1
T 875 3ef55ec7fdf1f999
T 876 bf85e5e47e46f971
T 877 bfbd5d8ad30d777f
T 878 3f97783d1c328083
T 879 3fa50a18a07c0735
T 880 bfa871606cbf411a
T 881 3f801277faeebfa1
T 882 3f9e01dfe85c3c3c
T 883 bfa392a70422168f
T 884 bf79be64e557faf9
T 885 bfae851f8256f092
T 886 3fa38d9b6254bdc9
T 887 3f9e099e1d9fa9bf
T 888 bf78e79bcebaec86
T 889 bec20305b44ae9fe
T 890 bf5ab15b52c315d7
T 891 3ee0ce25069a6d78
T 892 3f667bede7b85649
T 893 3f59f65feb53f403
T 894 3fffae412bcc69a4
T 895 3fffae2c513cb313
T 896 3f6657f269f94956
T 897 3f59ccd367c8af95
T 898 3fffae17e81dfb09
T 899 3fffae035032cbed
T 900 bf7655393b9202b0
T 901 bec718db6516c708
T 902 bf57efb3a61990a0
T 903 3ee58cc5e1b356c0
T 904 3f642aed1edd144f
T 905 3f5749a23be4116b
T 906 3fff98cb0fda1c9d
T 907 3fff98ba54001522
T 908 3f640dfde604650a
T 909 3f5728391c53b80a
T 910 3fff98a9fa7bed64
T 911 3fff98996e94d107
T 912 bfac7824a5b33baf
T 913 3f8243f5c66203c2
T 914 3fa179e64a2cd498
T 915 bfa6caac866575c1
T 916 bf7dfc049b169c74
T 917 bfb157ae2bae1f99
T 918 3fa6c67fdad70e0d
T 919 3fa17d1a4f20cdd8
T 920 bf79b9eab87c6f7f
T 921 beb518a2f386ecbc
T 922 bf5b92c3b24ac7e3
T 923 3ed3aeddf7ec11f7
T 924 3f673602eca8087d
T 925 3f5acd3e693bcfc8
T 926 3fff6d7c056f0e7f
T 927 3fff6d65f98cf7a5
T 928 3f670f9daf398cd7
T 929 3f5aa0e8951751a1
T 930 3fff6d50563c2c9e
T 931 3fff6d3a932c29ed
T 932 bf76b36e79373704
T 933 bebee7938982b0aa
T 934 bf5854ac6dfbcf5f
T 935 3edcd59b1563c120
T 936 3f647bf7c9565d60
T 937 3f57a7366b95e50f
T 938 3fff5114d043feaa
T 939 3fff5103b40d925f
T 940 3f645e126ca572ba
T 941 3f5784b11435f15c
T 942 3fff50f2eeb1f677
T 943 3fff50e2045ae2fb
T 944 bfbd05ac0691ab82
T 945 bf63d6c71354e8c5
T 946 3fb32b74e24175fe
T 947 3d998ab2600e99ad
T 948 bfa0fbef85253cb7
T 949 3fa9ba38ac3c065e
T 950 3f8860383b048af7
T 951 bfbb87ec4595b817
T 952 bf7e6f767e15e7d4
T 953 3fa2eaf2c40f5925
T 954 3fb5dbe1b9d8eef3
T 955 bda1af7d04593983
T 956 bf90c054421c13b0
T 957 bfba15c4941fd35f
T 958 3fa1f3c608ccd075
T 959 3fa2b0e5190fa159
T 960 bfa213779f179909
T 961 3f7cc00962b195c4
T 962 3f962f3818053411
T 963 bf9cf29c51a00894
T 964 bf7309bdb18a3216
T 965 bfab4c20eb4b0561
T 966 3f9ce94d6d39e61a
T 967 3f96365c8d16342a
T 968 bf82c33e06e04994
T 969 3d35094b784c5ded
T 970 bf641c197dc5f0d9
T 971 3d920735047567a6
T 972 3f70f12651580bab
T 973 3f63901bec0faf79
T 974 3ffeb2db09f8e656
T 975 3ffeb2ad25596337
T 976 3f70c84daf7ed185
T 977 3f6360f1a4aca3f8
T 978 3ffeb2801d57193a
T 979 3ffeb253157cc9f8
T 980 bf81274489ba49f2
T 981 be9bb7c4f67f0ca5
T 982 bf62628bebc83b74
T 983 3eb9dc763829f724
T 984 3f6ef8dde74cca9c
T 985 3f61e1bbbf64f97d
T 986 3ffea5a77fa78e48
T 987 3ffea5813802e769
T 988 3f6eb4965228a08e
T 989 3f61ba4fe7eab101
T 990 3ffea55ba9478876
T 991 3ffea5360a0d8b85
T 992 bfa5055330046cda
T 993 3f801ac64e22fadb
T 994 3f99cd39ae08f136
T 995 bfa0d40c914620ff
T 996 bf7623b80dde41bd
T 997 bfae94e54505218b
T 998 3fa0d00c719b524d
T 999 3f99d35d5aea6e69
T 1000 bf83972d4a1611e3
T 1001 3e9bb7c0eb28d3e1
T 1002 bf64ff401b3f5bd5
T 1003 beb9dc68c765420f
T 1004 3f71af9fa60b11f9
T 1005 3f646c0ca8385669
T 1006 3ffe7e08539dbcc5
T 1007 3ffe7dd6a6770c2b
T 1008 3f718317dff4098c
T 1009 3f6438a15509a0b1
T 1010 3ffe7da5d8e3877e
T 1011 3ffe7d7525466477
T 1012 bf81b11c4a1fadfc
T 1013 bd72e9f377dac675
T 1014 bf62f649381a05b4
T 1015 3da288e2d61d538e
T 1016 3f6fef5358959625
T 1017 3f627006c37f2848
T 1018 3ffe6cdabfbb1bda
T 1019 3ffe6cb258d35207
T 1020 3f6fa6b12443ff62
T 1021 3f624617650f092c
T 1022 3ffe6c8aa6214610
T 1023 3ffe6c62f69964de
END 1024 256 INPUTS_UNCHANGED CANARIES_PASS
