Traceback (most recent call last):
  File "/home/footfalcon/miniforge3/envs/sage/bin/sage", line 5, in <module>
    from sage.cli.__main__ import main
  File "/home/footfalcon/miniforge3/envs/sage/lib/python3.14/site-packages/sage/cli/__main__.py", line 9, in <module>
    sys.exit(main())
             ~~~~^^
  File "/home/footfalcon/miniforge3/envs/sage/lib/python3.14/site-packages/sage/cli/__init__.py", line 56, in main
    return RunFileCmd(options).run()
           ~~~~~~~~~~~~~~~~~~~~~~~^^
  File "/home/footfalcon/miniforge3/envs/sage/lib/python3.14/site-packages/sage/cli/run_file_cmd.py", line 50, in run
    eval(compile(open(input_file, 'rb').read(), input_file, 'exec'), sage_globals())
    ~~~~^^^^^^^^^^^^^^^^^^^^^^^^^^^^^^^^^^^^^^^^^^^^^^^^^^^^^^^^^^^^^^^^^^^^^^^^^^^^
  File "scripts/rigorous.py", line 42, in <module>
    assert err < R(2)**-50
           ^^^^^^^^^^^^^^^
  File "sage/structure/element.pyx", line 1103, in sage.structure.element.Element.__richcmp__
    return coercion_model.richcmp(self, other, op)
  File "sage/structure/coerce.pyx", line 2070, in sage.structure.coerce.CoercionModel.richcmp
    raise bin_op_exception('<', x, y)
TypeError: unsupported operand parent(s) for <: 'Real Field with 256 bits of precision and rounding RNDU' and 'Real ball field with 256 bits of precision'
