/home/footfalcon/free_falcon_sign/proofs/ft1536/work/FT1536_MATH_EUFCMA_MTISIS_RUN_001/run/adaptive_001/formal/FT1536/Adaptive.lean:12:22: error: Application type mismatch: The argument
  α
has type
  Type u_2
of sort `Type (u_2 + 1)` but is expected to have type
  Type
of sort `Type 1` in the application
  Hist α n × α
/home/footfalcon/free_falcon_sign/proofs/ft1536/work/FT1536_MATH_EUFCMA_MTISIS_RUN_001/run/adaptive_001/formal/FT1536/Adaptive.lean:14:9: warning: declaration uses `sorry`
/home/footfalcon/free_falcon_sign/proofs/ft1536/work/FT1536_MATH_EUFCMA_MTISIS_RUN_001/run/adaptive_001/formal/FT1536/Adaptive.lean:14:9: warning: declaration uses `sorry`
/home/footfalcon/free_falcon_sign/proofs/ft1536/work/FT1536_MATH_EUFCMA_MTISIS_RUN_001/run/adaptive_001/formal/FT1536/Adaptive.lean:14:9: warning: declaration uses `sorry`
/home/footfalcon/free_falcon_sign/proofs/ft1536/work/FT1536_MATH_EUFCMA_MTISIS_RUN_001/run/adaptive_001/formal/FT1536/Adaptive.lean:18:18: warning: declaration uses `sorry`
/home/footfalcon/free_falcon_sign/proofs/ft1536/work/FT1536_MATH_EUFCMA_MTISIS_RUN_001/run/adaptive_001/formal/FT1536/Adaptive.lean:27:17: error: Type mismatch
  joint_ac (transcript j n) (transcript p n) (j n) (p n) ih fun x x_1 => h n x
has type
  AC.{u_1} (joint (transcript j n) (j n)) (joint (transcript p n) (p n))
but is expected to have type
  AC.{0} (transcript j (n + 1)) (transcript p (n + 1))
/home/footfalcon/free_falcon_sign/proofs/ft1536/work/FT1536_MATH_EUFCMA_MTISIS_RUN_001/run/adaptive_001/formal/FT1536/Adaptive.lean:38:6: error: invalid 'calc' step, left-hand side is
  second.{u_1} (joint (transcript j n) (j n)) (joint (transcript p n) (p n)) : ℝ
but is expected to be
  second.{0} (transcript j (n + 1)) (transcript p (n + 1)) : ℝ
/home/footfalcon/free_falcon_sign/proofs/ft1536/work/FT1536_MATH_EUFCMA_MTISIS_RUN_001/run/adaptive_001/formal/FT1536/Adaptive.lean:35:18: warning: declaration uses `sorry`
