kernel 0 31.02
normal 0 2.138
sanitizers 0 3.321
model_values 0 0.318
numeric 0 1.888
oracle 0 1.634
binding 0 0.06
ledger 0 0.047
toolchain 0 1.632
{
  "status": "FRESH_REPLAY_PASS",
  "mode": "rehearsal",
  "expected_outputs_sha256": null,
  "proof_kind": "MIXED_KERNEL_AND_UNIVERSAL_ANALYTICAL_SOURCE_PROOF",
  "full_node2_theorem_kernelized": false,
  "level": {
    "split_logn": 9,
    "ldl_logn": 8,
    "full": 0
  },
  "no_carried_olean_binary_cache": true,
  "originals_required": false,
  "asan_ubsan_replayed": true,
  "H3_range_proved": false,
  "global_reachability_proved": false,
  "full_internal_tree_proved": false,
  "sampler_law_proved": false,
  "semantic_manifest_sha256": "84111b87b8b5dee95862769ede05c1d27b843e4e30c2ef6e1479aa77236dfbbd",
  "matched_files": 160
}
