{
  "status": "PASS_KERNEL_HALF_AND_LEMMAS_WITH_PROVENANCE",
  "modules": 26,
  "checked_theorems": 131,
  "new_theorems": 16,
  "all_final_logs_clean": true,
  "allowed_axioms": [
    "Classical.choice",
    "Quot.sound",
    "propext"
  ],
  "inherited_modules_unchanged": 19,
  "audit_stdout_sha256": "e2dd3695301607f6b62cec7528d1d65cc7a02444551333af99eeb394fa9f54fb",
  "full_types_terms_sha256": "64e8e12d998958faf3fb5c5425ec228d2ad447d6aff927832e6757ee051785cd",
  "analytical_proofs": {
    "ANALYTIC_PROOF.md": "188f532df7c2706cdd53066bccfdf70975e9bd3c2795a4be8a5b1ca3a0e6b0d0",
    "UPSTREAM_REFINEMENT.md": "040975e5653d79e82eb3584a1732791931ca890302c6dfbeb33a30ee3a5da742",
    "NODE2_FRAME.md": "5702c4faf80d714aca3474be18977f42ec90b7a1ed984a9a3de1083ee944abb0"
  },
  "full_node2_theorem_kernelized": false,
  "proof_layer": "Kernel half bit/value, pair/constant/frame lemmas; universal upstream and complex source composition analytical with exact certificates.",
  "level": {
    "split_logn": 9,
    "ldl_logn": 8,
    "full": 0
  },
  "H3_range_proved": false,
  "full_internal_tree_proved": false,
  "global_reachability_proved": false,
  "sampler_law_proved": false
}
