formal/Half.lean:22:69: warning: `if_neg` has been deprecated: Use `ite_eq_right` instead
formal/Half.lean:38:55: error: unsolved goals
case neg.true
e f : Nat
hf : f < 4503599627370496
h0 : ¬e = 0
h1 : ¬e = 1
hp : p2 (e - 1) = 2 * p2 (e - 2)
⊢ -4503599627370496 ≤ 2 * -(mant f * p2 (e - 2)) + mant f * (2 * p2 (e - 2)) ∧
    2 * -(mant f * p2 (e - 2)) + mant f * (2 * p2 (e - 2)) ≤ 4503599627370496
formal/Half.lean:48:53: warning: This simp argument is unused:
  Int.mul_assoc

Hint: Omit it from the simp argument list.
  [apply] simp [halfNum, inputNum, h0, h1, signed, hp, Int.mul_left_comm, Int.mul_comm]

Note: This linter can be disabled with `set_option linter.unusedSimpArgs false`
formal/Half.lean:48:85: warning: This simp argument is unused:
  Int.mul_comm

Hint: Omit it from the simp argument list.
  [apply] simp [halfNum, inputNum, h0, h1, signed, hp, Int.mul_assoc, Int.mul_left_comm]

Note: This linter can be disabled with `set_option linter.unusedSimpArgs false`
