✔ [2028/2618] Built B20.Foundation.Core (304ms)
✔ [4416/4991] Built B20.Foundation.CExec (491ms)
✔ [7027/7607] Built B20.Foundation.SourceBinding (461ms)
✔ [8926/8934] Built B20.Foundation.CertificateInput (177ms)
✔ [8927/8934] Built B20.Foundation.CertificateTransport (249ms)
✔ [8929/8934] Built B20.Foundation.Certificate (4.9s)
✔ [8930/8934] Built B20.Foundation.Probability (4.8s)
✔ [8931/8934] Built B20.Foundation.EndToEnd (2.6s)
✔ [8932/8934] Built B20 (3.2s)
ℹ [8933/8934] Built FT1536P01 (3.2s)
info: formal/FT1536P01.lean:15:0: 'B20.Foundation.evalStmt_sound' depends on axioms: [propext]
info: formal/FT1536P01.lean:16:0: 'B20.Foundation.CExec_complete' depends on axioms: [propext]
info: formal/FT1536P01.lean:17:0: 'B20.Foundation.compile_refines' does not depend on any axioms
info: formal/FT1536P01.lean:18:0: 'B20.Foundation.Outcome.stuck_ne_abort' does not depend on any axioms
info: formal/FT1536P01.lean:19:0: 'B20.Foundation.u64Add_toNat' depends on axioms: [propext]
info: formal/FT1536P01.lean:22:0: 'B20.Foundation.checker_sound' depends on axioms: [propext]
info: formal/FT1536P01.lean:23:0: 'B20.Foundation.SourceBinding.checker_sound' depends on axioms: [propext]
info: formal/FT1536P01.lean:24:0: 'B20.Foundation.source17ReturnZero_translation' depends on axioms: [propext, Classical.choice, Quot.sound]
info: formal/FT1536P01.lean:25:0: 'B20.Foundation.source17ReturnZero_binding' depends on axioms: [propext]
info: formal/FT1536P01.lean:26:0: 'B20.Foundation.mutated_constant_rejected' depends on axioms: [propext]
info: formal/FT1536P01.lean:27:0: 'B20.Foundation.mutated_constant_translation_rejected' depends on axioms: [propext, Classical.choice, Quot.sound]
info: formal/FT1536P01.lean:28:0: 'B20.Foundation.mutated_operator_rejected' depends on axioms: [propext, Classical.choice, Quot.sound]
info: formal/FT1536P01.lean:29:0: 'B20.Foundation.mutated_operator_translation_rejected' depends on axioms: [propext, Classical.choice, Quot.sound]
info: formal/FT1536P01.lean:30:0: 'B20.Foundation.syntheticShape_binding' depends on axioms: [propext]
info: formal/FT1536P01.lean:33:0: 'B20.Foundation.certificate_sound' depends on axioms: [propext, Classical.choice, Quot.sound]
info: formal/FT1536P01.lean:34:0: 'B20.Foundation.CertificateSound' depends on axioms: [propext, Classical.choice, Quot.sound]
info: formal/FT1536P01.lean:35:0: 'B20.Foundation.sqrt2Witness_checked' does not depend on any axioms
info: formal/FT1536P01.lean:36:0: 'B20.Foundation.sqrt2Witness_sound' depends on axioms: [propext, Classical.choice, Quot.sound]
info: formal/FT1536P01.lean:37:0: 'B20.Foundation.false_inequality_rejected' does not depend on any axioms
info: formal/FT1536P01.lean:38:0: 'B20.Foundation.reversed_endpoint_rejected' does not depend on any axioms
info: formal/FT1536P01.lean:39:0: 'B20.Foundation.missing_denominator_rejected' does not depend on any axioms
info: formal/FT1536P01.lean:40:0: 'B20.Foundation.certificate_checker_discriminates' does not depend on any axioms
info: formal/FT1536P01.lean:43:0: 'B20.Foundation.Transport.decodeNat_encodeNat' depends on axioms: [propext, Quot.sound]
info: formal/FT1536P01.lean:44:0: 'B20.Foundation.Transport.lowerNum_transport' does not depend on any axioms
info: formal/FT1536P01.lean:45:0: 'B20.Foundation.Transport.upperNum_transport' does not depend on any axioms
info: formal/FT1536P01.lean:48:0: 'B20.Foundation.totalVariation_self_zero' depends on axioms: [propext, Classical.choice, Quot.sound]
info: formal/FT1536P01.lean:49:0: 'B20.Foundation.directedChi2_self_zero' depends on axioms: [propext, Classical.choice, Quot.sound]
info: formal/FT1536P01.lean:50:0: 'B20.Foundation.pinned_observation_initState' depends on axioms: [propext, Classical.choice, Quot.sound]
info: formal/FT1536P01.lean:51:0: 'B20.Foundation.pinned_observed_initState' depends on axioms: [propext, Classical.choice, Quot.sound]
info: formal/FT1536P01.lean:52:0: 'B20.Foundation.pinned_tv_self' depends on axioms: [propext, Classical.choice, Quot.sound]
info: formal/FT1536P01.lean:53:0: 'B20.Foundation.pinned_chi2_self' depends on axioms: [propext, Classical.choice, Quot.sound]
info: formal/FT1536P01.lean:54:0: 'B20.Foundation.pinned_conditionalHistory_state' depends on axioms: [propext, Classical.choice, Quot.sound]
info: formal/FT1536P01.lean:55:0: 'B20.Foundation.pinned_conditionalHistory_fresh' depends on axioms: [propext, Classical.choice, Quot.sound]
info: formal/FT1536P01.lean:58:0: 'B20.Foundation.endToEnd_receipt_valid' depends on axioms: [propext, Classical.choice, Quot.sound]
info: formal/FT1536P01.lean:59:0: 'B20.Foundation.source17ReturnZero_exec' does not depend on any axioms
info: formal/FT1536P01.lean:60:0: 'B20.Foundation.endToEnd_chain' depends on axioms: [propext, Classical.choice, Quot.sound]
Build completed successfully (8934 jobs).
