'B20.Foundation.evalStmt_sound' depends on axioms: [propext]
'B20.Foundation.CExec_complete' depends on axioms: [propext]
'B20.Foundation.compile_refines' does not depend on any axioms
'B20.Foundation.Outcome.stuck_ne_abort' does not depend on any axioms
'B20.Foundation.u64Add_toNat' depends on axioms: [propext]
'B20.Foundation.checker_sound' depends on axioms: [propext]
'B20.Foundation.SourceBinding.checker_sound' depends on axioms: [propext]
'B20.Foundation.source17ReturnZero_translation' depends on axioms: [propext, Classical.choice, Quot.sound]
'B20.Foundation.source17ReturnZero_binding' depends on axioms: [propext]
'B20.Foundation.mutated_constant_rejected' depends on axioms: [propext]
'B20.Foundation.mutated_constant_translation_rejected' depends on axioms: [propext, Classical.choice, Quot.sound]
'B20.Foundation.mutated_operator_rejected' depends on axioms: [propext, Classical.choice, Quot.sound]
'B20.Foundation.mutated_operator_translation_rejected' depends on axioms: [propext, Classical.choice, Quot.sound]
'B20.Foundation.syntheticShape_binding' depends on axioms: [propext]
'B20.Foundation.certificate_sound' depends on axioms: [propext, Classical.choice, Quot.sound]
'B20.Foundation.CertificateSound' depends on axioms: [propext, Classical.choice, Quot.sound]
'B20.Foundation.sqrt2Witness_checked' does not depend on any axioms
'B20.Foundation.sqrt2Witness_sound' depends on axioms: [propext, Classical.choice, Quot.sound]
'B20.Foundation.false_inequality_rejected' does not depend on any axioms
'B20.Foundation.reversed_endpoint_rejected' does not depend on any axioms
'B20.Foundation.missing_denominator_rejected' does not depend on any axioms
'B20.Foundation.certificate_checker_discriminates' does not depend on any axioms
'B20.Foundation.Transport.decodeNat_encodeNat' depends on axioms: [propext, Quot.sound]
'B20.Foundation.Transport.lowerNum_transport' does not depend on any axioms
'B20.Foundation.Transport.upperNum_transport' does not depend on any axioms
'B20.Foundation.totalVariation_self_zero' depends on axioms: [propext, Classical.choice, Quot.sound]
'B20.Foundation.directedChi2_self_zero' depends on axioms: [propext, Classical.choice, Quot.sound]
'B20.Foundation.pinned_observation_initState' depends on axioms: [propext, Classical.choice, Quot.sound]
'B20.Foundation.pinned_observed_initState' depends on axioms: [propext, Classical.choice, Quot.sound]
'B20.Foundation.pinned_tv_self' depends on axioms: [propext, Classical.choice, Quot.sound]
'B20.Foundation.pinned_chi2_self' depends on axioms: [propext, Classical.choice, Quot.sound]
'B20.Foundation.pinned_conditionalHistory_state' depends on axioms: [propext, Classical.choice, Quot.sound]
'B20.Foundation.pinned_conditionalHistory_fresh' depends on axioms: [propext, Classical.choice, Quot.sound]
'B20.Foundation.endToEnd_receipt_valid' depends on axioms: [propext, Classical.choice, Quot.sound]
'B20.Foundation.source17ReturnZero_exec' does not depend on any axioms
'B20.Foundation.endToEnd_chain' depends on axioms: [propext, Classical.choice, Quot.sound]
