{
  "checkpoints": [
    {
      "stage": "B20_001_P01_FINAL_001",
      "claimed_status": "PROVED",
      "output_entries": 62,
      "input_entries": 7930,
      "manifest_sha256": "ebd4cff87995d34d318fa86512aef266a3c3c05f6147c81b8bac307cb2553386",
      "integrity": "PASS"
    },
    {
      "stage": "B20_001_P02_FINAL_001",
      "claimed_status": "PARTIAL_PROOF",
      "output_entries": 30612,
      "input_entries": 29751,
      "manifest_sha256": "af60f1b43843160ded4b977bbdc4ae42d5547a42937ec254f40be8b755f4e44e",
      "integrity": "PASS"
    },
    {
      "stage": "B20_001_V01_FINAL_001",
      "claimed_status": "PASS_SCOPED_REVIEW",
      "output_entries": 30,
      "input_entries": 12,
      "manifest_sha256": "acd37b12408e9fa6f6ab3c2d01d022b3f6bbeae54a3933c27257ab9b72492441",
      "integrity": "PASS"
    },
    {
      "stage": "B20_001_V02_FINAL_001",
      "claimed_status": "PASS_SCOPED_REVIEW",
      "output_entries": 343,
      "input_entries": 30633,
      "manifest_sha256": "792b5fb6c5b7dc42f1a4ffb7d02343f6d6a76f9c7f6921ce2ce1817a17836a6c",
      "integrity": "PASS"
    },
    {
      "stage": "FT1536_ADAPTIVE_PROPOSAL_RUN_001",
      "claimed_status": "PARTIAL_PROOF",
      "output_entries": 7,
      "input_entries": 6,
      "manifest_sha256": "ab9752551e410152b6a63f023a755204fd5f307a9858ed7d9137adb3160d9c6b",
      "integrity": "PASS"
    },
    {
      "stage": "FT1536_CENTERING_CLOSURE_RUN_001",
      "claimed_status": "PARTIAL_PROOF",
      "output_entries": 266,
      "input_entries": 6,
      "manifest_sha256": "2b74c9cde8ab9e21b56b975e7c6a2ec602646d4a0f9f4b553d8363b70c84045c",
      "integrity": "PASS"
    },
    {
      "stage": "FT1536_FPEMU_AUDIT_RUN_001",
      "claimed_status": "CONFIRMED_ISSUE",
      "output_entries": 647,
      "input_entries": 128,
      "manifest_sha256": "a20122da1d1bcca66f3c76d3590d14d46cc2342753691e544cebfd50bc930e41",
      "integrity": "PASS"
    },
    {
      "stage": "FT1536_FPEMU_FLOOR_CT_RUN_001",
      "claimed_status": "FLOOR_CT_CANDIDATE_VALIDATED_FOR_PINNED_BUILD",
      "output_entries": 1528,
      "input_entries": 386,
      "manifest_sha256": "1628510e0887ad291b7ead8d16f359141eeecbf8b1863a250b8678ccc18cf0c1",
      "integrity": "PASS"
    },
    {
      "stage": "FT1536_H3_BINARY_TOWER_RUN_001",
      "claimed_status": "H3_BINARY_TOWER_PROVED_FOR_PINNED_MODEL",
      "output_entries": 807,
      "input_entries": 141,
      "manifest_sha256": "48dadc20e00750dd4389fb49652a651cedc1645601fb1a1295cf44f57a75c26a",
      "integrity": "PASS"
    },
    {
      "stage": "FT1536_H3_INITIAL_TARGETS_RUN_001",
      "claimed_status": "H3_INITIAL_TARGETS_PROVED_FOR_EMITTED_PINNED_MODEL",
      "output_entries": 798,
      "input_entries": 202,
      "manifest_sha256": "d133f9a352eb1cb8264a03dcee827e040eb9eba0647799d7c2c528d06cc6f6d6",
      "integrity": "PASS"
    },
    {
      "stage": "FT1536_H3_LEFT_ROOT_CORRELATED_TRANSFER_RUN_001",
      "claimed_status": "H3_LEFT_ROOT_CORRELATED_TRANSFER_PROVED_FOR_EMITTED_PINNED_MODEL",
      "output_entries": 1311,
      "input_entries": 583,
      "manifest_sha256": "e61abbf536787aef11764d44f673baa549641208f350d09f58b5f6fe564a61ee",
      "integrity": "PASS"
    },
    {
      "stage": "FT1536_H3_NODE2_RUN_001",
      "claimed_status": "H3_NODE2_PROVED_FOR_PINNED_MODEL",
      "output_entries": 817,
      "input_entries": 124,
      "manifest_sha256": "5601c991b2b27b639ff57708ed3d82fb4f167a25a156e886d7a9fb0bf0eacbf6",
      "integrity": "PASS"
    },
    {
      "stage": "FT1536_H3_NODE3_RUN_001",
      "claimed_status": "H3_NODE3_PROVED_FOR_PINNED_MODEL",
      "output_entries": 598,
      "input_entries": 112,
      "manifest_sha256": "a4a4116bcf1bbbdd5e73c49cf15828f81fa2eb6d7e05f6b9f81a06a2b6b7dd72",
      "integrity": "PASS"
    },
    {
      "stage": "FT1536_H3_ORDERED_JOINT_KERNEL_RUN_001",
      "claimed_status": "H3_ORDERED_JOINT_KERNEL_PROVED_FOR_PINNED_IID_BUFFER_MODEL",
      "output_entries": 2596,
      "input_entries": 759,
      "manifest_sha256": "da8cfccceea6837fc21edd04e46157351d91ad2d317a37286c05f41f3126e263",
      "integrity": "PASS"
    },
    {
      "stage": "FT1536_H3_ORDERED_REACH_RUN_001",
      "claimed_status": "PARTIAL_PROOF",
      "output_entries": 1059,
      "input_entries": 400,
      "manifest_sha256": "cecb14485a7d9e307b5753a83fe04fcf091ec506f06065c77b57cd665e78ec2a",
      "integrity": "PASS"
    },
    {
      "stage": "FT1536_H3_RANGE_RUN_001",
      "claimed_status": "PARTIAL_PROOF",
      "output_entries": 2095,
      "input_entries": 56,
      "manifest_sha256": "911276514089b86e72173d4260aede980bb4497bcfce2789df5fbd56b8f1ce6e",
      "integrity": "PASS"
    },
    {
      "stage": "FT1536_H3_RAW_ASSEMBLY_RUN_001",
      "claimed_status": "H3_RAW_ASSEMBLY_PROVED_FOR_PINNED_MODEL",
      "output_entries": 975,
      "input_entries": 312,
      "manifest_sha256": "098baa52b26e72c664c91d707590bb6e16352c9c74c04b1b2dfd6cf3134f43a6",
      "integrity": "PASS"
    },
    {
      "stage": "FT1536_H3_ROOT_LDL_RUN_001",
      "claimed_status": "H3_ROOT_LDL_PROVED_FOR_PINNED_MODEL",
      "output_entries": 674,
      "input_entries": 110,
      "manifest_sha256": "9894d5f10e11f65ff7da338881c71d8008456ef4c371d45bb2119f5cd66abc48",
      "integrity": "PASS"
    },
    {
      "stage": "FT1536_H3_SCALAR_GAUSSIAN_COMPARISON_RUN_001",
      "claimed_status": "H3_SCALAR_GAUSSIAN_COMPARISON_BOUND_PROVED_FOR_PINNED_IID_BUFFER_MODEL",
      "output_entries": 1960,
      "input_entries": 493,
      "manifest_sha256": "c20ea0c260fc5fcb6aec06ed8287335ebceacd31776f3da8633d91e399930f1a",
      "integrity": "PASS"
    },
    {
      "stage": "FT1536_H3_SCALAR_KERNEL_IID_RUN_001",
      "claimed_status": "H3_SCALAR_KERNEL_PROVED_FOR_PINNED_IID_BUFFER_MODEL",
      "output_entries": 1556,
      "input_entries": 344,
      "manifest_sha256": "0923f85b0290b4b1e57b4f7af356bd58e327cac68d235805e6a8c78d4e622a8f",
      "integrity": "PASS"
    },
    {
      "stage": "FT1536_H3_SOURCE_POSTPROCESSING_AND_PRECAST_RUN_001",
      "claimed_status": "PARTIAL_PROOF",
      "output_entries": 3141,
      "input_entries": 901,
      "manifest_sha256": "b860e5453a7a72716acd8636cc581ff57b1b9c00dff20baa907e4636344d1401",
      "integrity": "PASS"
    },
    {
      "stage": "FT1536_H3_STABLE_NORMALIZATION_RUN_001",
      "claimed_status": "H3_STABLE_NORMALIZATION_PROVED_FOR_EMITTED_PINNED_MODEL",
      "output_entries": 1119,
      "input_entries": 276,
      "manifest_sha256": "c383e4bb9a8acf045c39aa1e3114ce5da95f4fef0c08c6630012c4e42db6a333",
      "integrity": "PASS"
    },
    {
      "stage": "FT1536_H3_ZERO_SCALAR_RUN_001",
      "claimed_status": "H3_ZERO_SCALAR_PROVED_FOR_PINNED_MODEL",
      "output_entries": 510,
      "input_entries": 77,
      "manifest_sha256": "599b33ccaefb5109cf1ce25c2cd4cc639abb4330ea05e89f3537cf86d57900ab",
      "integrity": "PASS"
    },
    {
      "stage": "FT1536_H6P_REFERENCE_BAD_EVENT_RUN_001",
      "claimed_status": "H6P_REFERENCE_BAD_EVENT_BOUND_PROVED_FOR_PINNED_IID_BUFFER_MODEL",
      "output_entries": 2225,
      "input_entries": 1149,
      "manifest_sha256": "a11735ac8fbc76aaa72d220f02acfd6f7254ee72ecfac8ab1004cbb843bda7d5",
      "integrity": "PASS"
    },
    {
      "stage": "FT1536_HOLE_CENSUS_RUN_001",
      "claimed_status": "PARTIAL_PROOF",
      "output_entries": 6,
      "input_entries": 3,
      "manifest_sha256": "036f0677df65528f176487eb035dd87b1b64022c20f29fbaa4f980cb96d83ac1",
      "integrity": "PASS"
    },
    {
      "stage": "FT1536_IID_RETRY_COMPOSITION_RUN_001",
      "claimed_status": "IID_RETRY_COMPOSITION_PROVED_FOR_PINNED_IID_BUFFER_MODEL",
      "output_entries": 2414,
      "input_entries": 1275,
      "manifest_sha256": "3d68249f4f0e017f32eb7edeb0d90f5c4a6cd6b4b9f93307cec6919439525074",
      "integrity": "PASS"
    },
    {
      "stage": "FT1536_LV_STATIC_ODBIOR_BLUE_001",
      "claimed_status": "CONFIRMED_COUNTEREXAMPLE_REQUIRED_DOMAIN",
      "output_entries": 98,
      "input_entries": 37,
      "manifest_sha256": "281d10aa5071b13a05c6178380909f55743da33469330a6d7463dd5517424771",
      "integrity": "PASS"
    },
    {
      "stage": "FT1536_LV_STATIC_RUN_001",
      "claimed_status": "COUNTEREXAMPLE_REQUIRED_DOMAIN",
      "output_entries": 170,
      "input_entries": 26,
      "manifest_sha256": "0223beb04591bd45908c1b167f4bda89b8666ef40901bde7d502f10088c23f87",
      "integrity": "PASS"
    },
    {
      "stage": "FT1536_L_NTT_FORWARD_RUN_001",
      "claimed_status": "L_NTT_PROVED_FOR_PINNED_MODEL",
      "output_entries": 884,
      "input_entries": 55,
      "manifest_sha256": "32147f114b448a1e1c2659b45ed3e69bfac02c44164ac380001df39c98fb498e",
      "integrity": "PASS"
    },
    {
      "stage": "FT1536_L_NTT_GLOBAL_RUN_001",
      "claimed_status": "PARTIAL_PROOF",
      "output_entries": 546,
      "input_entries": 38,
      "manifest_sha256": "6095dbfbb616d901e5a7991f608b94bbd7c916167f16baf7d2f50fc3e353b129",
      "integrity": "PASS"
    },
    {
      "stage": "FT1536_L_NTT_RUN_001",
      "claimed_status": "PARTIAL_PROOF",
      "output_entries": 708,
      "input_entries": 31,
      "manifest_sha256": "f23358ce0426f04196bbd8fd4e814afb2b14541c6df13854a67c994f6074771f",
      "integrity": "PASS"
    },
    {
      "stage": "FT1536_L_RHO_RUN_001",
      "claimed_status": "L_RHO_PROVED_FOR_PINNED_MODEL",
      "output_entries": 610,
      "input_entries": 34,
      "manifest_sha256": "d5cabfdaf69f080bf31b9e1903bacc4a319f87cd38cb4b643ff5e98f1240f687",
      "integrity": "PASS"
    },
    {
      "stage": "FT1536_L_V_BRIDGE_RUN_001",
      "claimed_status": "L_V_PROVED_FOR_PINNED_MODEL",
      "output_entries": 2397,
      "input_entries": 124,
      "manifest_sha256": "13fa5a9f706a962434c8ac479212af5ef33d91e1ececd6c948d68ed42871a74e",
      "integrity": "PASS"
    },
    {
      "stage": "FT1536_M0_CONTRACT_RUN_001",
      "claimed_status": "M0_CONTRACT_DEFINED_FOR_PINNED_CANDIDATE",
      "output_entries": 1325,
      "input_entries": 97,
      "manifest_sha256": "08c9b6afe630e11bd98f33a910476950442854e5925efaa7f8fa1d0d8c8d695d",
      "integrity": "PASS"
    },
    {
      "stage": "FT1536_MATH_EUFCMA_GAME_BINDING_RUN_001",
      "claimed_status": "PARTIAL_PROOF",
      "output_entries": 295,
      "input_entries": 6,
      "manifest_sha256": "c80b3e542288fe22f60cdb8d8d14465a1c41695cba923b3c87b68b6ac2581a10",
      "integrity": "PASS"
    },
    {
      "stage": "FT1536_MATH_EUFCMA_MTISIS_RUN_001",
      "claimed_status": "PARTIAL_PROOF",
      "output_entries": 4461,
      "input_entries": 27,
      "manifest_sha256": "a9e3af2ebccc221035024fabc7631fa47a93b841c1611e3e79f28ccf5ee5c98f",
      "integrity": "PASS"
    },
    {
      "stage": "FT1536_MUTATION_WRONG_H_RUN_001",
      "claimed_status": "PARTIAL_PROOF",
      "output_entries": 9,
      "input_entries": 3,
      "manifest_sha256": "54de1daaf8cf6f863e02410408018d96aa020456cba219e7358e9cfa25aa1bd4",
      "integrity": "PASS"
    },
    {
      "stage": "FT1536_POST_M0_FREEZE_RUN_001",
      "claimed_status": "RESEARCH_STATE_FROZEN_POST_M0",
      "output_entries": 211,
      "input_entries": 198,
      "manifest_sha256": "c3efdcff510983a143946d43ab456656090061cd5b9b4b6847abc7f141c0cfa3",
      "integrity": "PASS"
    },
    {
      "stage": "FT1536_PRNG_LAYOUT_COUNTER_RUN_003",
      "claimed_status": "PRNG_LAYOUT_COUNTER_PROVED_FOR_PINNED_SOURCE_MODEL",
      "output_entries": 141,
      "input_entries": 61,
      "manifest_sha256": "e37b1e97ebcfa65d698c52e175c09e826cdbafe565722cc017b5349c00d3f5dc",
      "integrity": "PASS"
    },
    {
      "stage": "FT1536_REFERENCE_INTEGER_INDEPENDENT_REVIEW_002",
      "claimed_status": "PASS_SCOPED_REVIEW",
      "output_entries": 1536,
      "input_entries": 11,
      "manifest_sha256": "f212b8eb2bb60a6f1dc57b1b05093b6bfa05612791e7a308145920df18647470",
      "integrity": "PASS"
    },
    {
      "stage": "FT1536_REFERENCE_INTEGER_RECOVERY_RUN_001",
      "claimed_status": "PARTIAL_PROOF",
      "output_entries": 85,
      "input_entries": 29,
      "manifest_sha256": "0cafdbb2c746043380081052951cb6438643f6a1765a98028a065fa57b7df6de",
      "integrity": "PASS"
    },
    {
      "stage": "FT1536_REFERENCE_INTEGER_RECOVERY_RUN_002",
      "claimed_status": "BLOCKED_UPSTREAM_EXPORTS",
      "output_entries": 1939,
      "input_entries": 1437,
      "manifest_sha256": "12df61056ddada2f79c1b94b3b17e8f326db2b3a2cbe53d1694754d79d7958cc",
      "integrity": "PASS"
    },
    {
      "stage": "FT1536_REFERENCE_INTEGER_RECOVERY_RUN_002_REVIEW_001",
      "claimed_status": "PASS_SCOPED_REVIEW",
      "output_entries": 115,
      "input_entries": 1946,
      "manifest_sha256": "a4118200de729562ad1e6396c0bb252a204d9a1ee0f7d7ce085db1fb11689956",
      "integrity": "PASS"
    },
    {
      "stage": "FT_FAMILY_CORRECTIONS_REVIEW_RUN_001",
      "claimed_status": "RESEARCH_REVIEW_CHANGES_REQUIRED",
      "output_entries": 555,
      "input_entries": 323,
      "manifest_sha256": "36b6e7ad0a551cfe8eea79c3514fc723e11164df3e2a1d82e7549bf5de3cffc7",
      "integrity": "PASS"
    },
    {
      "stage": "FT_FAMILY_SCALING_REVIEW_RUN_001",
      "claimed_status": "RESEARCH_REVIEW_CHANGES_REQUIRED",
      "output_entries": 125,
      "input_entries": 118,
      "manifest_sha256": "0319da9743a81084ee32c2f276c92539b45c89110ae1168af407cdeb891ab99a",
      "integrity": "PASS"
    },
    {
      "stage": "FT_FAMILY_SEC_ESTIMATE_REVIEW_RUN_001",
      "claimed_status": "RESEARCH_REVIEW_CHANGES_REQUIRED",
      "output_entries": 186,
      "input_entries": 123,
      "manifest_sha256": "cd4c2e9d8ba7a5e8a96fdb0a25b611c5740e42ac333bac47386073957b7df81b",
      "integrity": "PASS"
    }
  ],
  "documents": 59,
  "originals_required": false
}
