{
  "status": "PASS_FINITE_BINDING_CONTROLS",
  "scalar_pairs": 334,
  "root_frequency_slots": 768,
  "full_degree_polynomial_cases": 2,
  "polynomial_matches": [
    {
      "index": 0,
      "words": 13824,
      "output_sha256": "05ebe30ab4789dec5e150ee5feff3894c4bf56eb3afd2978cdf22e4aafd659b5"
    },
    {
      "index": 1,
      "words": 13824,
      "output_sha256": "39bc2434913724c13c6334e4d9ab1ef8ea43cd843db0f46b259dc5f7acda5681"
    }
  ],
  "all_raw_bits_equal": true,
  "input_arrays_unchanged_and_output_canaries": true,
  "first_subtree_frame_controls": 3,
  "allowed_input_alias_checked": true,
  "noop_pass": true,
  "maximum_observed_errors": {
    "add": "8388607",
    "mul": "140737488355328",
    "div": "70368744177664/3"
  },
  "ntt_map_output_sha256": "9564d33c7741e2cd5f3d204bf6d9fb06462b6185e14e4f46980c9ad3151f39d0",
  "note": "All inputs public synthetic. No KeyGen/private loader/Sign. Polynomial controls do not claim NTRU or emitted membership. Universal proof is separate."
}
