0000000000000000 0000000000000000
0000000000000000 0000000000000000
0000000000000000 0000000000000000
0000000000000000 0000000000000000
0000000000000000 0000000000000000
0000000000000000 0000000000000000
0000000000000000 0000000000000000
0000000000000000 0000000000000000
0000000000000001 0000000000000000
0000000000000002 0000000000000000
0007ffffffffffff 0000000000000000
0008000000000000 0000000000000000
000ffffffffffffe 0000000000000000
000fffffffffffff 0000000000000000
0010000000000000 0010000000000000
0010000000000001 0010000000000001
0010000000000002 0010000000000002
0017ffffffffffff 0017ffffffffffff
0018000000000000 0018000000000000
001ffffffffffffe 001ffffffffffffe
001fffffffffffff 001fffffffffffff
0020000000000000 0020000000000000
0020000000000001 0020000000000001
0020000000000002 0020000000000002
0027ffffffffffff 0027ffffffffffff
0028000000000000 0028000000000000
002ffffffffffffe 002ffffffffffffe
002fffffffffffff 002fffffffffffff
3fe0000000000000 3fe0000000000000
3fe0000000000001 3fe0000000000001
3fe0000000000002 3fe0000000000002
3fe7ffffffffffff 3fe7ffffffffffff
3fe8000000000000 3fe8000000000000
3feffffffffffffe 3feffffffffffffe
3fefffffffffffff 3fefffffffffffff
4620000000000000 4620000000000000
4620000000000001 4620000000000001
4620000000000002 4620000000000002
4627ffffffffffff 4627ffffffffffff
4628000000000000 4628000000000000
462ffffffffffffe 462ffffffffffffe
462fffffffffffff 462fffffffffffff
7fd0000000000000 7fd0000000000000
7fd0000000000001 7fd0000000000001
7fd0000000000002 7fd0000000000002
7fd7ffffffffffff 7fd7ffffffffffff
7fd8000000000000 7fd8000000000000
7fdffffffffffffe 7fdffffffffffffe
7fdfffffffffffff 7fdfffffffffffff
0000000000000000 0000000000000000
0000000000000000 0000000000000000
0000000000000000 0000000000000000
0000000000000000 0000000000000000
0000000000000000 0000000000000000
0000000000000000 0000000000000000
0000000000000000 0000000000000000
8000000000000000 8000000000000000
8000000000000001 8000000000000000
8000000000000002 8000000000000000
8007ffffffffffff 8000000000000000
8008000000000000 8000000000000000
800ffffffffffffe 8000000000000000
800fffffffffffff 8000000000000000
8010000000000000 8010000000000000
8010000000000001 8010000000000001
8010000000000002 8010000000000002
8017ffffffffffff 8017ffffffffffff
8018000000000000 8018000000000000
801ffffffffffffe 801ffffffffffffe
801fffffffffffff 801fffffffffffff
8020000000000000 8020000000000000
8020000000000001 8020000000000001
8020000000000002 8020000000000002
8027ffffffffffff 8027ffffffffffff
8028000000000000 8028000000000000
802ffffffffffffe 802ffffffffffffe
802fffffffffffff 802fffffffffffff
bfe0000000000000 bfe0000000000000
bfe0000000000001 bfe0000000000001
bfe0000000000002 bfe0000000000002
bfe7ffffffffffff bfe7ffffffffffff
bfe8000000000000 bfe8000000000000
bfeffffffffffffe bfeffffffffffffe
bfefffffffffffff bfefffffffffffff
c620000000000000 c620000000000000
c620000000000001 c620000000000001
c620000000000002 c620000000000002
c627ffffffffffff c627ffffffffffff
c628000000000000 c628000000000000
c62ffffffffffffe c62ffffffffffffe
c62fffffffffffff c62fffffffffffff
ffd0000000000000 ffd0000000000000
ffd0000000000001 ffd0000000000001
ffd0000000000002 ffd0000000000002
ffd7ffffffffffff ffd7ffffffffffff
ffd8000000000000 ffd8000000000000
ffdffffffffffffe ffdffffffffffffe
ffdfffffffffffff ffdfffffffffffff
