/home/footfalcon/free_falcon_sign/proofs/ft1536/work/B20_001/P02/run/fpr_spec_045/source/B20/Fpr/Spec.lean:236:4: error: omega could not prove the goal:
a possible counterexample may satisfy the constraints
  2147483648 ≤ c ≤ 4294967295
  1086 ≤ b ≤ 2047
  0 ≤ a ≤ 1072
where
 a := ↑(BitVec.setWidth 32 (x >>> 52) &&& 2047#32).toNat
 b := (BitVec.setWidth 32 (x >>> 52) &&& 2047#32).toInt
 c := ↑(1085#32 - (BitVec.setWidth 32 (x >>> 52) &&& 2047#32)).toNat
/home/footfalcon/free_falcon_sign/proofs/ft1536/work/B20_001/P02/run/fpr_spec_045/source/B20/Fpr/Spec.lean:242:2: error: omega could not prove the goal:
a possible counterexample may satisfy the constraints
  0 ≤ b ≤ 12
  0 ≤ a ≤ 1072
where
 a := ↑(BitVec.setWidth 32 (x >>> 52) &&& 2047#32).toNat
 b := ↑(1085#32 - (BitVec.setWidth 32 (x >>> 52) &&& 2047#32)).toNat
/home/footfalcon/free_falcon_sign/proofs/ft1536/work/B20_001/P02/run/fpr_spec_045/source/B20/Fpr/Spec.lean:260:71: error: unsolved goals
e : BitVec 32
he : e.toNat < 64
hsub : (e - 64#32).toNat = (2 ^ 32 - (64#32).toNat + e.toNat) % 2 ^ 32
h64 : (64#32).toNat = 64
hV : (BitVec.setWidth 64 (BitVec.setWidth 32 (e - 64#32) >>> 31)).toNat = 1
hall : BitVec.allOnes 64 = -1#64
h1 : (1#64).toNat = 1
⊢ ((4294967232 + e.toNat) % 4294967296 % 18446744073709551616) >>> 31 = 1
/home/footfalcon/free_falcon_sign/proofs/ft1536/work/B20_001/P02/run/fpr_spec_045/source/B20/Fpr/Spec.lean:245:39: error: unsolved goals
e : BitVec 32
he : e.toNat < 64
hsub : (e - 64#32).toNat = (2 ^ 32 - (64#32).toNat + e.toNat) % 2 ^ 32
h64 : (64#32).toNat = 64
hV : (BitVec.setWidth 64 (BitVec.setWidth 32 (e - 64#32) >>> 31)).toNat = 1
hall : BitVec.allOnes 64 = -1#64
h1 : (1#64).toNat = 1
hX : BitVec.setWidth 64 (BitVec.setWidth 32 (e - 64#32) >>> 31) = 1#64
⊢ -BitVec.setWidth 64 (e - 64#32) >>> 31 = 18446744073709551615#64
/home/footfalcon/free_falcon_sign/proofs/ft1536/work/B20_001/P02/run/fpr_spec_045/source/B20/Fpr/Spec.lean:253:12: warning: This simp argument is unused:
  BitVec.toNat_setWidth

Hint: Omit it from the simp argument list.
  [apply] simp

Note: This linter can be disabled with `set_option linter.unusedSimpArgs false`
/home/footfalcon/free_falcon_sign/proofs/ft1536/work/B20_001/P02/run/fpr_spec_045/source/B20/Fpr/Spec.lean:262:10: warning: This simp argument is unused:
  hV

Hint: Omit it from the simp argument list.
  [apply] simp [h1]

Note: This linter can be disabled with `set_option linter.unusedSimpArgs false`
/home/footfalcon/free_falcon_sign/proofs/ft1536/work/B20_001/P02/run/fpr_spec_045/source/B20/Fpr/Spec.lean:263:19: warning: This simp argument is unused:
  hX

Hint: Omit it from the simp argument list.
  [apply] simp [rint_mask, hall]

Note: This linter can be disabled with `set_option linter.unusedSimpArgs false`
/home/footfalcon/free_falcon_sign/proofs/ft1536/work/B20_001/P02/run/fpr_spec_045/source/B20/Fpr/Spec.lean:279:71: error: unsolved goals
e : BitVec 32
he : 64 ≤ e.toNat ∧ e.toNat < 2 ^ 31
hsub : (e - 64#32).toNat = (2 ^ 32 - (64#32).toNat + e.toNat) % 2 ^ 32
h64 : (64#32).toNat = 64
hV : (BitVec.setWidth 64 (BitVec.setWidth 32 (e - 64#32) >>> 31)).toNat = 0
⊢ ((4294967232 + e.toNat) % 4294967296 % 18446744073709551616) >>> 31 = 0
/home/footfalcon/free_falcon_sign/proofs/ft1536/work/B20_001/P02/run/fpr_spec_045/source/B20/Fpr/Spec.lean:266:26: error: unsolved goals
e : BitVec 32
he : 64 ≤ e.toNat ∧ e.toNat < 2 ^ 31
hsub : (e - 64#32).toNat = (2 ^ 32 - (64#32).toNat + e.toNat) % 2 ^ 32
h64 : (64#32).toNat = 64
hV : (BitVec.setWidth 64 (BitVec.setWidth 32 (e - 64#32) >>> 31)).toNat = 0
hX : BitVec.setWidth 64 (BitVec.setWidth 32 (e - 64#32) >>> 31) = 0#64
⊢ BitVec.setWidth 64 (e - 64#32) >>> 31 = 0#64
/home/footfalcon/free_falcon_sign/proofs/ft1536/work/B20_001/P02/run/fpr_spec_045/source/B20/Fpr/Spec.lean:274:12: warning: This simp argument is unused:
  BitVec.toNat_setWidth

Hint: Omit it from the simp argument list.
  [apply] simp

Note: This linter can be disabled with `set_option linter.unusedSimpArgs false`
/home/footfalcon/free_falcon_sign/proofs/ft1536/work/B20_001/P02/run/fpr_spec_045/source/B20/Fpr/Spec.lean:281:10: warning: This simp argument is unused:
  hV

Hint: Omit it from the simp argument list.
  [apply] simp

Note: This linter can be disabled with `set_option linter.unusedSimpArgs false`
/home/footfalcon/free_falcon_sign/proofs/ft1536/work/B20_001/P02/run/fpr_spec_045/source/B20/Fpr/Spec.lean:282:19: warning: This simp argument is unused:
  hX

Hint: Omit it from the simp argument list.
  [apply] simp [rint_mask]

Note: This linter can be disabled with `set_option linter.unusedSimpArgs false`
