{
  "status": "PASS_EXACT_CLASSIFIED_WITNESSES",
  "scalar_overrun": 3,
  "first": {
    "classification": "SCALAR_DERIVED_D_ENV_AND_NORMALIZER_DERIVED_STANDALONE_GATE_ADMISSIBLE_LEAF",
    "mu": "3fe944a55eca5136",
    "sigma": "3ff5555555555555",
    "leaf_D": "4114400000000000",
    "leaf_value": "331776=576^2",
    "native_leaf_expression": "div_C(of_C(768),sqrt_C(D)), source sign987-990",
    "k": 4,
    "b": 0,
    "U128": "12248323354020575669426441721766499104",
    "x": "4013687a9f1af2b1",
    "rB": "3fe62e42fefa39f0",
    "exponent": 6,
    "refuted_premise": "all scalar-derived source rB <= literal binary64(log2)",
    "required_Emitted_membership_proved": false
  },
  "negative_extended": 7
}
