0 0000000000000000 3ff0000000000000
0 0000000000000000 3ff0000000000000
0 0000000000000000 3ff0000000000000
0 0000000000000000 3ff0000000000000
0 0000000000000000 3ff0000000000000
0 0000000000000000 3ff0000000000000
0 0000000000000000 3ff0000000000000
0 0000000000000000 3ff0000000000000
0 0010000000000000 3ff0000000000000
0 0010000000000001 3ff0000000000000
0 0010000000000002 3ff0000000000000
0 0017ffffffffffff 3ff0000000000000
0 0018000000000000 3ff0000000000000
0 0018000000000001 3ff0000000000000
0 001ffffffffffffe 3ff0000000000000
0 001fffffffffffff 3ff0000000000000
0 0020000000000000 3ff0000000000000
0 383fffffffffffff 3ff0000000000000
0 3840000000000000 3ff0000000000000
0 3840000000000001 3ff0000000000000
0 3840000000000002 3ff0000000000000
0 3847ffffffffffff 3ff0000000000000
0 3848000000000000 3ff0000000000000
0 3848000000000001 3ff0000000000000
0 384ffffffffffffe 3ff0000000000000
0 384fffffffffffff 3ff0000000000000
0 3850000000000000 3ff0000000000000
0 3bffffffffffffff 3ff0000000000000
0 3c00000000000000 3ff0000000000000
0 3c00000000000001 3ff0000000000000
0 3c00000000000002 3ff0000000000000
0 3c07ffffffffffff 3ff0000000000000
0 3c08000000000000 3ff0000000000000
0 3c08000000000001 3ff0000000000000
0 3c0ffffffffffffe 3ff0000000000000
0 3c0fffffffffffff 3ff0000000000000
0 3c10000000000000 3ff0000000000000
0 3c8fffffffffffff 3ff0000000000000
0 3c90000000000000 3ff0000000000000
0 3c90000000000001 3fefffffffffffff
0 3c90000000000002 3fefffffffffffff
0 3c97ffffffffffff 3fefffffffffffff
0 3c98000000000000 3fefffffffffffff
0 3c98000000000001 3fefffffffffffff
0 3c9ffffffffffffe 3fefffffffffffff
0 3c9fffffffffffff 3fefffffffffffff
0 3ca0000000000000 3fefffffffffffff
0 3ca0000000000001 3fefffffffffffff
0 3ca0000000000002 3fefffffffffffff
0 3ca7ffffffffffff 3fefffffffffffff
0 3ca8000000000000 3feffffffffffffe
0 3ca8000000000001 3feffffffffffffe
0 3caffffffffffffe 3feffffffffffffe
0 3cafffffffffffff 3feffffffffffffe
0 3cb0000000000000 3feffffffffffffe
0 3fcfffffffffffff 3fe8000000000000
0 3fd0000000000000 3fe8000000000000
0 3fd0000000000001 3fe8000000000000
0 3fd0000000000002 3fe7ffffffffffff
0 3fd7ffffffffffff 3fe4000000000000
0 3fd8000000000000 3fe4000000000000
0 3fd8000000000001 3fe4000000000000
0 3fdffffffffffffe 3fe0000000000001
0 3fdfffffffffffff 3fe0000000000000
0 3fe0000000000000 3fe0000000000000
0 3fe0000000000001 3fdffffffffffffe
0 3fe0000000000002 3fdffffffffffffc
0 3fe7ffffffffffff 3fd0000000000002
0 3fe8000000000000 3fd0000000000000
0 3fe8000000000001 3fcffffffffffffc
0 3feffffffffffffe 3cb0000000000000
0 3fefffffffffffff 3ca0000000000000
1 0000000000000000 3ff0000000000000
1 3cb0000000000000 3feffffffffffffe
1 3cc0000000000000 3feffffffffffffc
1 3fdffffffffffffc 3fe0000000000002
1 3fe0000000000000 3fe0000000000000
1 3fe0000000000002 3fdffffffffffffc
1 3feffffffffffffc 3cc0000000000000
1 3feffffffffffffe 3cb0000000000000
2 0000000000000000 3ff0000000000000
268435455 3feffffff0000000 3e60000000000000
268435456 0000000000000000 3ff0000000000000
268435456 3e70000000000000 3fefffffe0000000
268435456 3e80000000000000 3fefffffc0000000
402653183 3fefffffe0000000 3e70000000000000
402653184 0000000000000000 3ff0000000000000
402653184 3e70000000000000 3fefffffe0000000
536870911 3fefffffc0000000 3e80000000000000
536870911 3fefffffe0000000 3e70000000000000
536870912 0000000000000000 3ff0000000000000
536870912 3e80000000000000 3fefffffc0000000
536870912 3e90000000000000 3fefffff80000000
805306367 3fefffffc0000000 3e80000000000000
805306368 0000000000000000 3ff0000000000000
805306368 3e80000000000000 3fefffffc0000000
937866517 3fefffffc0000000 3e80000000000000
937866518 0000000000000000 3ff0000000000000
937866518 3e80000000000000 3fefffffc0000000
1073741823 3fefffff80000000 3e90000000000000
1073741823 3fefffffc0000000 3e80000000000000
1073741824 0000000000000000 3ff0000000000000
1073741824 3e90000000000000 3fefffff80000000
1073741824 3ea0000000000000 3fefffff00000000
1610612735 3fefffff80000000 3e90000000000000
1610612736 0000000000000000 3ff0000000000000
1610612736 3e90000000000000 3fefffff80000000
2147483280 3fefffff80000000 3e90000000000000
2147483281 0000000000000000 3ff0000000000000
2147483281 3e90000000000000 3fefffff80000000
-1 3ff0000000000000 0000000000000000
-1 3ff0000000000000 0000000000000000
-1 3ff0000000000000 0000000000000000
-1 3ff0000000000000 0000000000000000
-1 3ff0000000000000 0000000000000000
-1 3ff0000000000000 0000000000000000
-1 3ff0000000000000 0000000000000000
-1 3ff0000000000000 0000000000000000
-1 3ff0000000000000 0000000000000000
-1 3ff0000000000000 0000000000000000
-1 3ff0000000000000 0000000000000000
-1 3ff0000000000000 0000000000000000
-1 3ff0000000000000 0000000000000000
-1 3ff0000000000000 0000000000000000
-1 3ff0000000000000 0000000000000000
-1 3ff0000000000000 0000000000000000
-1 3ff0000000000000 0000000000000000
-1 3ff0000000000000 0000000000000000
-1 3ff0000000000000 0000000000000000
-1 3ff0000000000000 0000000000000000
-1 3ff0000000000000 0000000000000000
-1 3ff0000000000000 0000000000000000
-1 3ff0000000000000 0000000000000000
-1 3ff0000000000000 0000000000000000
-1 3ff0000000000000 0000000000000000
-1 3ff0000000000000 0000000000000000
-1 3ff0000000000000 0000000000000000
-1 3ff0000000000000 0000000000000000
-1 3ff0000000000000 0000000000000000
-1 3ff0000000000000 0000000000000000
-1 3ff0000000000000 0000000000000000
-1 3ff0000000000000 0000000000000000
-1 3ff0000000000000 0000000000000000
-1 3ff0000000000000 0000000000000000
-1 3ff0000000000000 0000000000000000
-1 3ff0000000000000 0000000000000000
-1 3ff0000000000000 0000000000000000
-1 3ff0000000000000 0000000000000000
-1 3ff0000000000000 0000000000000000
-1 3fefffffffffffff 3ca0000000000000
-1 3fefffffffffffff 3ca0000000000000
-1 3fefffffffffffff 3ca0000000000000
-1 3fefffffffffffff 3ca0000000000000
-1 3fefffffffffffff 3ca0000000000000
-1 3fefffffffffffff 3ca0000000000000
-1 3fefffffffffffff 3ca0000000000000
-1 3fefffffffffffff 3ca0000000000000
-1 3fefffffffffffff 3ca0000000000000
-1 3fefffffffffffff 3ca0000000000000
-1 3fefffffffffffff 3ca0000000000000
-1 3feffffffffffffe 3cb0000000000000
-1 3feffffffffffffe 3cb0000000000000
-1 3feffffffffffffe 3cb0000000000000
-1 3feffffffffffffe 3cb0000000000000
-1 3feffffffffffffe 3cb0000000000000
-1 3fe8000000000000 3fd0000000000000
-1 3fe8000000000000 3fd0000000000000
-1 3fe8000000000000 3fd0000000000000
-1 3fe7ffffffffffff 3fd0000000000002
-1 3fe4000000000000 3fd8000000000000
-1 3fe4000000000000 3fd8000000000000
-1 3fe4000000000000 3fd8000000000000
-1 3fe0000000000001 3fdffffffffffffe
-1 3fe0000000000000 3fe0000000000000
-1 3fe0000000000000 3fe0000000000000
-1 3fdffffffffffffe 3fe0000000000001
-1 3fdffffffffffffc 3fe0000000000002
-1 3fd0000000000002 3fe7ffffffffffff
-1 3fd0000000000000 3fe8000000000000
-1 3fcffffffffffffc 3fe8000000000001
-1 3cb0000000000000 3feffffffffffffe
-1 3ca0000000000000 3fefffffffffffff
-1 0000000000000000 3ff0000000000000
-2 3feffffffffffffe 3cb0000000000000
-2 3feffffffffffffc 3cc0000000000000
-2 3fe0000000000002 3fdffffffffffffc
-2 3fe0000000000000 3fe0000000000000
-2 3fdffffffffffffc 3fe0000000000002
-2 3cc0000000000000 3feffffffffffffc
-2 3cb0000000000000 3feffffffffffffe
-2 0000000000000000 3ff0000000000000
-268435456 3e60000000000000 3feffffff0000000
-268435456 0000000000000000 3ff0000000000000
-268435457 3fefffffe0000000 3e70000000000000
-268435457 3fefffffc0000000 3e80000000000000
-402653184 3e70000000000000 3fefffffe0000000
-402653184 0000000000000000 3ff0000000000000
-402653185 3fefffffe0000000 3e70000000000000
-536870912 3e80000000000000 3fefffffc0000000
-536870912 3e70000000000000 3fefffffe0000000
-536870912 0000000000000000 3ff0000000000000
-536870913 3fefffffc0000000 3e80000000000000
-536870913 3fefffff80000000 3e90000000000000
-805306368 3e80000000000000 3fefffffc0000000
-805306368 0000000000000000 3ff0000000000000
-805306369 3fefffffc0000000 3e80000000000000
-937866518 3e80000000000000 3fefffffc0000000
-937866518 0000000000000000 3ff0000000000000
-937866519 3fefffffc0000000 3e80000000000000
-1073741824 3e90000000000000 3fefffff80000000
-1073741824 3e80000000000000 3fefffffc0000000
-1073741824 0000000000000000 3ff0000000000000
-1073741825 3fefffff80000000 3e90000000000000
-1073741825 3fefffff00000000 3ea0000000000000
-1610612736 3e90000000000000 3fefffff80000000
-1610612736 0000000000000000 3ff0000000000000
-1610612737 3fefffff80000000 3e90000000000000
-2147483283 3e90000000000000 3fefffff80000000
-2147483283 0000000000000000 3ff0000000000000
