CENTERING_CLOSURE/logs/bs2_129.lean:130:0: error: unexpected end of input; expected ':=' or '|'
CENTERING_CLOSURE/logs/bs2_129.lean:129:15: error: Type mismatch
  G ↑(2 * k + 1)
has type
  ℝ
but is expected to have type
  Prop
CENTERING_CLOSURE/logs/bs2_129.lean:129:15: error(lean.synthInstanceFailed): failed to synthesize instance of type class
  AddCommMonoid Prop

Hint: Type class instance resolution failures can be inspected with the `set_option trace.Meta.synthInstance true` command.
CENTERING_CLOSURE/logs/bs2_129.lean:129:7: error: Missing cases:
CENTERING_CLOSURE/logs/bs2_129.lean:78:67: error: unsolved goals
G : ℤ → ℝ
hG : Function.Even G
hs : Summable G
hnegG' : ∀ (m : ℕ), G (Int.negSucc m) = G (↑m + 1)
hnegG2' : ∀ (m : ℕ), G (2 * Int.negSucc m) = G (2 * ↑(m + 1))
hnegG3' : ∀ (m : ℕ), G (2 * Int.negSucc m + 1) = G (2 * ↑m + 1)
hsumNat : Summable fun n => G ↑n
hs2 : Summable fun k => G (2 * k)
hs3 : Summable fun k => G (2 * k + 1)
hsumNat2 : Summable fun n => G (2 * ↑n)
hA : ∑' (n : ℤ), G n = ∑' (n : ℕ), G ↑n + ∑' (m : ℕ), G ↑(m + 1)
hB : ∑' (n : ℤ), G (2 * n) = ∑' (n : ℕ), G (2 * ↑n) + ∑' (m : ℕ), G (2 * ↑(m + 1))
hC : ∑' (n : ℤ), G (2 * n + 1) = ∑' (n : ℕ), G (2 * ↑n + 1) + ∑' (m : ℕ), G (2 * ↑m + 1)
hz1 : ∑' (n : ℕ), G ↑n = G ↑0 + ∑' (n : ℕ), G ↑(n + 1)
hz2 : ∑' (n : ℕ), G (2 * ↑n) = G (2 * ↑0) + ∑' (n : ℕ), G (2 * ↑(n + 1))
hsumShift : Summable fun n => G ↑(n + 1)
he1 : Summable fun k => G ↑(2 * k + 1)
ho1 : Summable fun k => G ↑(2 * k + 2)
hpar : sorry
⊢ ∑' (n : ℤ), G n = ∑' (k : ℤ), G (2 * k) + ∑' (k : ℤ), G (2 * k + 1)
