[diag] Diagnostics
  [reduction] unfolded reducible declarations (max: 162, num: 1):
    [reduction] outParam ↦ 162
  [type_class] used instances (max: 46, num: 3):
    [type_class] Lean.Grind.CommRing.OfCommSemiring.instOfNatQ ↦ 46
    [type_class] OrderDual.instPow_1 ↦ 29
    [type_class] instHPow ↦ 26
  use `set_option diagnostics.threshold <num>` to control threshold for reporting counters
CENTERING_CLOSURE/logs/bisect/c9.lean:329:10: error: (deterministic) timeout at `«Mathlib.Tactic.Ring.Common.evalMulProd»`, maximum number of heartbeats (400000) has been reached

Note: Use `set_option maxHeartbeats <num>` to set the limit.
CENTERING_CLOSURE/logs/bisect/c9.lean:336:20: error: (deterministic) timeout at `«synthesize pending MVars»`, maximum number of heartbeats (400000) has been reached

Note: Use `set_option maxHeartbeats <num>` to set the limit.
[diag] Diagnostics
  [reduction] unfolded reducible declarations (max: 471, num: 3):
    [reduction] outParam ↦ 471
    [reduction] inferInstance ↦ 26
    [reduction] Unit ↦ 21
  [type_class] used instances (max: 125, num: 5):
    [type_class] Lean.Grind.CommRing.OfCommSemiring.instOfNatQ ↦ 125
    [type_class] OrderDual.instPow_1 ↦ 68
    [type_class] instHPow ↦ 62
    [type_class] instHDiv ↦ 42
    [type_class] Vector.instHMul ↦ 25
  use `set_option diagnostics.threshold <num>` to control threshold for reporting counters
