CENTERING_CLOSURE/logs/probe_c4.lean:4:5: error: unknown namespace `MgfProduct`
CENTERING_CLOSURE/logs/probe_c4.lean:8:5: error: Function expected at
  dec
but this term has type
  ?m.1

Note: Expected a function because this term is being applied to the argument
  d.1

Hint: The identifier `dec` is unknown, and Lean's `autoImplicit` option causes an unknown identifier to be treated as an implicitly bound variable with an unknown type. However, the unknown type cannot be a function, and a function is what Lean expects here. This is often the result of a typo or a missing `import` or `open` statement.
CENTERING_CLOSURE/logs/probe_c4.lean:8:14: error: Function expected at
  dec
but this term has type
  ?m.1

Note: Expected a function because this term is being applied to the argument
  d.2

Hint: The identifier `dec` is unknown, and Lean's `autoImplicit` option causes an unknown identifier to be treated as an implicitly bound variable with an unknown type. However, the unknown type cannot be a function, and a function is what Lean expects here. This is often the result of a typo or a missing `import` or `open` statement.
CENTERING_CLOSURE/logs/probe_c4.lean:9:12: error: Function expected at
  dec
but this term has type
  x✝

Note: Expected a function because this term is being applied to the argument
  d.1
CENTERING_CLOSURE/logs/probe_c4.lean:11:12: error: Function expected at
  dec
but this term has type
  x✝

Note: Expected a function because this term is being applied to the argument
  d.2
CENTERING_CLOSURE/logs/probe_c4.lean:13:8: error: maximum recursion depth has been reached
use `set_option maxRecDepth <num>` to increase limit
use `set_option diagnostics true` to get diagnostic information
CENTERING_CLOSURE/logs/probe_c4.lean:16:43: error: Function expected at
  dec
but this term has type
  ?m.1

Note: Expected a function because this term is being applied to the argument
  d.1

Hint: The identifier `dec` is unknown, and Lean's `autoImplicit` option causes an unknown identifier to be treated as an implicitly bound variable with an unknown type. However, the unknown type cannot be a function, and a function is what Lean expects here. This is often the result of a typo or a missing `import` or `open` statement.
CENTERING_CLOSURE/logs/probe_c4.lean:16:58: error: Function expected at
  dec
but this term has type
  ?m.1

Note: Expected a function because this term is being applied to the argument
  d.2

Hint: The identifier `dec` is unknown, and Lean's `autoImplicit` option causes an unknown identifier to be treated as an implicitly bound variable with an unknown type. However, the unknown type cannot be a function, and a function is what Lean expects here. This is often the result of a typo or a missing `import` or `open` statement.
CENTERING_CLOSURE/logs/probe_c4.lean:18:37: error: Function expected at
  dec
but this term has type
  x✝¹

Note: Expected a function because this term is being applied to the argument
  d.1
CENTERING_CLOSURE/logs/probe_c4.lean:18:46: error: Function expected at
  dec
but this term has type
  x✝¹

Note: Expected a function because this term is being applied to the argument
  d.2
