@tsum_int_rec : ∀ {M : Type u_1} [inst : AddCommMonoid M] [inst_1 : TopologicalSpace M] [ContinuousAdd M] [T2Space M]
  {f g : ℕ → M}, Summable f → Summable g → ∑' (n : ℤ), Int.rec f g n = ∑' (n : ℕ), f n + ∑' (n : ℕ), g n
@tsum_even_add_odd : ∀ {M : Type u_1} [inst : AddCommMonoid M] [inst_1 : TopologicalSpace M] [T2Space M]
  [ContinuousAdd M] {f : ℕ → M},
  (Summable fun k => f (2 * k)) →
    (Summable fun k => f (2 * k + 1)) → ∑' (k : ℕ), f (2 * k) + ∑' (k : ℕ), f (2 * k + 1) = ∑' (k : ℕ), f k
@tsum_nat_add_neg : ∀ {M : Type u_1} [inst : AddCommMonoid M] [inst_1 : TopologicalSpace M] [ContinuousAdd M]
  [T2Space M] {f : ℤ → M}, Summable f → ∑' (n : ℕ), (f ↑n + f (-↑n)) = ∑' (n : ℤ), f n + f 0
@tsum_pnat_eq_tsum_succ : ∀ {M : Type u_1} [inst : AddCommMonoid M] [inst_1 : TopologicalSpace M] {f : ℕ → M},
  ∑' (n : ℕ+), f ↑n = ∑' (n : ℕ), f (n + 1)
CENTERING_CLOSURE/logs/probe_b1.lean:13:8: error(lean.unknownIdentifier): Unknown constant `HasSum.comp_injective`
@Summable.comp_injective : ∀ {α : Type u_1} {β : Type u_2} {γ : Type u_3} [inst : UniformSpace α]
  [inst_1 : AddCommGroup α] [IsUniformAddGroup α] {f : β → α} [CompleteSpace α] {i : γ → β},
  Summable f → Function.Injective i → Summable (f ∘ i)
@tsum_mul_left : ∀ {ι : Type u_1} {α : Type u_2} {L : SummationFilter ι} [inst : DivisionSemiring α]
  [inst_1 : TopologicalSpace α] [IsTopologicalSemiring α] {f : ι → α} {a : α} [T2Space α],
  ∑'[L] (x : ι), a * f x = a * ∑'[L] (x : ι), f x
@tsum_mul_right : ∀ {ι : Type u_1} {α : Type u_2} {L : SummationFilter ι} [inst : DivisionSemiring α]
  [inst_1 : TopologicalSpace α] [IsTopologicalSemiring α] {f : ι → α} {a : α} [T2Space α],
  ∑'[L] (x : ι), f x * a = (∑'[L] (x : ι), f x) * a
@Equiv.addRight : {G : Type u_1} → [AddGroup G] → G → Equiv.Perm G
CENTERING_CLOSURE/logs/probe_b1.lean:18:8: error(lean.unknownIdentifier): Unknown identifier `tsum_prod`
@Summable.prod : ∀ {α : Type u_1} {β : Type u_2} {γ : Type u_3} [inst : AddCommGroup α] [inst_1 : UniformSpace α]
  [IsUniformAddGroup α] [CompleteSpace α] {f : β × γ → α}, Summable f → Summable fun b => ∑' (c : γ), f (b, c)
@HasSum.add_isCompl : ∀ {α : Type u_1} {β : Type u_2} [inst : AddCommMonoid α] [inst_1 : TopologicalSpace α] {f : β → α}
  {a b : α} [ContinuousAdd α] {s t : Set β},
  IsCompl s t → HasSum (f ∘ Subtype.val) a → HasSum (f ∘ Subtype.val) b → HasSum f (a + b)
CENTERING_CLOSURE/logs/probe_b1.lean:32:11: error(lean.unknownIdentifier): Unknown constant `Int.natCast_or_negSucc`
CENTERING_CLOSURE/logs/probe_b1.lean:32:41: error: Tactic `rcases` failed: `x✝ : ?m.63` is not an inductive datatype
CENTERING_CLOSURE/logs/probe_b1.lean:36:49: error(lean.unknownIdentifier): Unknown constant `Int.natCast_injective`
CENTERING_CLOSURE/logs/probe_b1.lean:37:52: error(lean.unknownIdentifier): Unknown constant `Int.negSucc_injective`
