CENTERING_CLOSURE/formal/ThetaBox.lean:436:4: error: Type mismatch
  Eq.symm (Summable.tsum_sub hR hW)
has type
  ∑' (b : ℤ) (i : ℤ), rexp (-s * ↑(block i b)) - ∑' (b : ℤ), W s b =
    ∑' (b : ℤ), (∑' (i : ℤ), rexp (-s * ↑(block i b)) - W s b)
but is expected to have type
  ∑' (j : ℤ), (∑' (i : ℤ), rexp (-s * ↑(block i j)) - W s j) = Theta2 s - ∑' (j : ℤ), W s j
CENTERING_CLOSURE/formal/ThetaBox.lean:452:41: error: Application type mismatch: The argument
  hj
has type
  j ∈ Finset.Icc (-N) N
but is expected to have type
  ¬?m.343
in the application
  @ite_eq_right ?m.343 ?m.344 hj
CENTERING_CLOSURE/formal/ThetaBox.lean:460:8: error: unsolved goals
case pos
s : ℝ
hs : 0 < s
hR : Summable fun j => ∑' (i : ℤ), rexp (-s * ↑(block i j))
hW : Summable fun j => W s j
hsub : ∑' (j : ℤ), (∑' (i : ℤ), rexp (-s * ↑(block i j)) - W s j) = Theta2 s - boxSum s
hpt :
  ∀ (j : ℤ),
    ∑' (i : ℤ), rexp (-s * ↑(block i j)) - W s j =
      (if j ∈ Finset.Icc (-N) N then ∑' (i : ℤ), rexp (-s * ↑(block i j)) - W s j else 0) +
        if j ∈ Finset.Icc (-N) N then 0 else ∑' (i : ℤ), rexp (-s * ↑(block i j)) - W s j
j : ℤ
hj : j ∈ Finset.Icc (-N) N
⊢ 0 ≤ ∑' (i : ℤ), rexp (-s * ↑(block i j)) - W s j
CENTERING_CLOSURE/formal/ThetaBox.lean:463:8: error: unsolved goals
case pos
s : ℝ
hs : 0 < s
hR : Summable fun j => ∑' (i : ℤ), rexp (-s * ↑(block i j))
hW : Summable fun j => W s j
hsub : ∑' (j : ℤ), (∑' (i : ℤ), rexp (-s * ↑(block i j)) - W s j) = Theta2 s - boxSum s
hpt :
  ∀ (j : ℤ),
    ∑' (i : ℤ), rexp (-s * ↑(block i j)) - W s j =
      (if j ∈ Finset.Icc (-N) N then ∑' (i : ℤ), rexp (-s * ↑(block i j)) - W s j else 0) +
        if j ∈ Finset.Icc (-N) N then 0 else ∑' (i : ℤ), rexp (-s * ↑(block i j)) - W s j
j : ℤ
hj : j ∈ Finset.Icc (-N) N
⊢ ∑' (i : ℤ), rexp (-s * ↑(block i j)) - W s j ≤ W s j
CENTERING_CLOSURE/formal/ThetaBox.lean:465:16: error: maximum recursion depth has been reached
use `set_option maxRecDepth <num>` to increase limit
use `set_option diagnostics true` to get diagnostic information
CENTERING_CLOSURE/formal/ThetaBox.lean:471:8: error: unsolved goals
case neg
s : ℝ
hs : 0 < s
hR : Summable fun j => ∑' (i : ℤ), rexp (-s * ↑(block i j))
hW : Summable fun j => W s j
hsub : ∑' (j : ℤ), (∑' (i : ℤ), rexp (-s * ↑(block i j)) - W s j) = Theta2 s - boxSum s
hpt :
  ∀ (j : ℤ),
    ∑' (i : ℤ), rexp (-s * ↑(block i j)) - W s j =
      (if j ∈ Finset.Icc (-N) N then ∑' (i : ℤ), rexp (-s * ↑(block i j)) - W s j else 0) +
        if j ∈ Finset.Icc (-N) N then 0 else ∑' (i : ℤ), rexp (-s * ↑(block i j)) - W s j
hs1 : Summable fun j => if j ∈ Finset.Icc (-N) N then ∑' (i : ℤ), rexp (-s * ↑(block i j)) - W s j else 0
j : ℤ
hj : j ∉ Finset.Icc (-N) N
⊢ 0 ≤ ∑' (i : ℤ), rexp (-s * ↑(block i j)) - W s j
CENTERING_CLOSURE/formal/ThetaBox.lean:474:16: error: maximum recursion depth has been reached
use `set_option maxRecDepth <num>` to increase limit
use `set_option diagnostics true` to get diagnostic information
CENTERING_CLOSURE/formal/ThetaBox.lean:475:8: error: unsolved goals
case neg
s : ℝ
hs : 0 < s
hR : Summable fun j => ∑' (i : ℤ), rexp (-s * ↑(block i j))
hW : Summable fun j => W s j
hsub : ∑' (j : ℤ), (∑' (i : ℤ), rexp (-s * ↑(block i j)) - W s j) = Theta2 s - boxSum s
hpt :
  ∀ (j : ℤ),
    ∑' (i : ℤ), rexp (-s * ↑(block i j)) - W s j =
      (if j ∈ Finset.Icc (-N) N then ∑' (i : ℤ), rexp (-s * ↑(block i j)) - W s j else 0) +
        if j ∈ Finset.Icc (-N) N then 0 else ∑' (i : ℤ), rexp (-s * ↑(block i j)) - W s j
hs1 : Summable fun j => if j ∈ Finset.Icc (-N) N then ∑' (i : ℤ), rexp (-s * ↑(block i j)) - W s j else 0
j : ℤ
hj : j ∉ Finset.Icc (-N) N
⊢ ∑' (i : ℤ), rexp (-s * ↑(block i j)) - W s j ≤ W s j
CENTERING_CLOSURE/formal/ThetaBox.lean:508:43: error(lean.unknownIdentifier): Unknown identifier `hs1`
CENTERING_CLOSURE/formal/ThetaBox.lean:531:8: error: No goals to be solved
CENTERING_CLOSURE/formal/ThetaBox.lean:532:6: error: unsolved goals
case neg
s : ℝ
hs : 0 < s
hR : Summable fun j => ∑' (i : ℤ), rexp (-s * ↑(block i j))
hW : Summable fun j => W s j
hsub : ∑' (j : ℤ), (∑' (i : ℤ), rexp (-s * ↑(block i j)) - W s j) = Theta2 s - boxSum s
hsplit :
  ∑' (j : ℤ), (∑' (i : ℤ), rexp (-s * ↑(block i j)) - W s j) =
    (∑' (j : ℤ), if j ∈ Finset.Icc (-N) N then ∑' (i : ℤ), rexp (-s * ↑(block i j)) - W s j else 0) +
      ∑' (j : ℤ), if j ∈ Finset.Icc (-N) N then 0 else ∑' (i : ℤ), rexp (-s * ↑(block i j)) - W s j
hpt :
  ∀ (j : ℤ),
    (if j ∈ Finset.Icc (-N) N then ∑' (i : ℤ), rexp (-s * ↑(block i j)) - W s j else 0) ≤
      if j ∈ Finset.Icc (-N) N then Tg s * rexp (-(s / 2) * ↑j ^ 2) else 0
hTg0 : 0 ≤ Tg s
hsA : Summable fun j => if j ∈ Finset.Icc (-N) N then Tg s * rexp (-(s / 2) * ↑j ^ 2) else 0
hle1 :
  (∑' (i : ℤ), if i ∈ Finset.Icc (-N) N then ∑' (i_1 : ℤ), rexp (-s * ↑(block i_1 i)) - W s i else 0) ≤
    Tg s * ∑' (j : ℤ), if j ∈ Finset.Icc (-N) N then rexp (-(s / 2) * ↑j ^ 2) else 0
hcm :
  ∀ (j : ℤ),
    (if j ∈ Finset.Icc (-N) N then Tg s * rexp (-(s / 2) * ↑j ^ 2) else 0) =
      Tg s * if j ∈ Finset.Icc (-N) N then rexp (-(s / 2) * ↑j ^ 2) else 0
hfac :
  (∑' (j : ℤ), if j ∈ Finset.Icc (-N) N then Tg s * rexp (-(s / 2) * ↑j ^ 2) else 0) =
    Tg s * ∑' (j : ℤ), if j ∈ Finset.Icc (-N) N then rexp (-(s / 2) * ↑j ^ 2) else 0
j : ℤ
hj : j ∉ Finset.Icc (-N) N
⊢ 0 ≤ rexp (-(s / 2) * ↑j ^ 2)
CENTERING_CLOSURE/formal/ThetaBox.lean:538:8: error: unsolved goals
case pos
s : ℝ
hs : 0 < s
hR : Summable fun j => ∑' (i : ℤ), rexp (-s * ↑(block i j))
hW : Summable fun j => W s j
hsub : ∑' (j : ℤ), (∑' (i : ℤ), rexp (-s * ↑(block i j)) - W s j) = Theta2 s - boxSum s
hsplit :
  ∑' (j : ℤ), (∑' (i : ℤ), rexp (-s * ↑(block i j)) - W s j) =
    (∑' (j : ℤ), if j ∈ Finset.Icc (-N) N then ∑' (i : ℤ), rexp (-s * ↑(block i j)) - W s j else 0) +
      ∑' (j : ℤ), if j ∈ Finset.Icc (-N) N then 0 else ∑' (i : ℤ), rexp (-s * ↑(block i j)) - W s j
hpt :
  ∀ (j : ℤ),
    (if j ∈ Finset.Icc (-N) N then ∑' (i : ℤ), rexp (-s * ↑(block i j)) - W s j else 0) ≤
      if j ∈ Finset.Icc (-N) N then Tg s * rexp (-(s / 2) * ↑j ^ 2) else 0
hTg0 : 0 ≤ Tg s
hsA : Summable fun j => if j ∈ Finset.Icc (-N) N then Tg s * rexp (-(s / 2) * ↑j ^ 2) else 0
hle1 :
  (∑' (i : ℤ), if i ∈ Finset.Icc (-N) N then ∑' (i_1 : ℤ), rexp (-s * ↑(block i_1 i)) - W s i else 0) ≤
    Tg s * ∑' (j : ℤ), if j ∈ Finset.Icc (-N) N then rexp (-(s / 2) * ↑j ^ 2) else 0
hcm :
  ∀ (j : ℤ),
    (if j ∈ Finset.Icc (-N) N then Tg s * rexp (-(s / 2) * ↑j ^ 2) else 0) =
      Tg s * if j ∈ Finset.Icc (-N) N then rexp (-(s / 2) * ↑j ^ 2) else 0
hfac :
  (∑' (j : ℤ), if j ∈ Finset.Icc (-N) N then Tg s * rexp (-(s / 2) * ↑j ^ 2) else 0) =
    Tg s * ∑' (j : ℤ), if j ∈ Finset.Icc (-N) N then rexp (-(s / 2) * ↑j ^ 2) else 0
hpt2 : ∀ (j : ℤ), (if j ∈ Finset.Icc (-N) N then rexp (-(s / 2) * ↑j ^ 2) else 0) ≤ rexp (-(s / 2) * ↑j ^ 2)
j : ℤ
hj : j ∈ Finset.Icc (-N) N
⊢ 0 ≤ rexp (-(s / 2) * ↑j ^ 2)
CENTERING_CLOSURE/formal/ThetaBox.lean:540:10: error: No goals to be solved
CENTERING_CLOSURE/formal/ThetaBox.lean:543:10: error: No goals to be solved
CENTERING_CLOSURE/formal/ThetaBox.lean:544:8: error: unsolved goals
case neg
s : ℝ
hs : 0 < s
hR : Summable fun j => ∑' (i : ℤ), rexp (-s * ↑(block i j))
hW : Summable fun j => W s j
hsub : ∑' (j : ℤ), (∑' (i : ℤ), rexp (-s * ↑(block i j)) - W s j) = Theta2 s - boxSum s
hsplit :
  ∑' (j : ℤ), (∑' (i : ℤ), rexp (-s * ↑(block i j)) - W s j) =
    (∑' (j : ℤ), if j ∈ Finset.Icc (-N) N then ∑' (i : ℤ), rexp (-s * ↑(block i j)) - W s j else 0) +
      ∑' (j : ℤ), if j ∈ Finset.Icc (-N) N then 0 else ∑' (i : ℤ), rexp (-s * ↑(block i j)) - W s j
hpt :
  ∀ (j : ℤ),
    (if j ∈ Finset.Icc (-N) N then ∑' (i : ℤ), rexp (-s * ↑(block i j)) - W s j else 0) ≤
      if j ∈ Finset.Icc (-N) N then Tg s * rexp (-(s / 2) * ↑j ^ 2) else 0
hTg0 : 0 ≤ Tg s
hsA : Summable fun j => if j ∈ Finset.Icc (-N) N then Tg s * rexp (-(s / 2) * ↑j ^ 2) else 0
hle1 :
  (∑' (i : ℤ), if i ∈ Finset.Icc (-N) N then ∑' (i_1 : ℤ), rexp (-s * ↑(block i_1 i)) - W s i else 0) ≤
    Tg s * ∑' (j : ℤ), if j ∈ Finset.Icc (-N) N then rexp (-(s / 2) * ↑j ^ 2) else 0
hcm :
  ∀ (j : ℤ),
    (if j ∈ Finset.Icc (-N) N then Tg s * rexp (-(s / 2) * ↑j ^ 2) else 0) =
      Tg s * if j ∈ Finset.Icc (-N) N then rexp (-(s / 2) * ↑j ^ 2) else 0
hfac :
  (∑' (j : ℤ), if j ∈ Finset.Icc (-N) N then Tg s * rexp (-(s / 2) * ↑j ^ 2) else 0) =
    Tg s * ∑' (j : ℤ), if j ∈ Finset.Icc (-N) N then rexp (-(s / 2) * ↑j ^ 2) else 0
hpt2 : ∀ (j : ℤ), (if j ∈ Finset.Icc (-N) N then rexp (-(s / 2) * ↑j ^ 2) else 0) ≤ rexp (-(s / 2) * ↑j ^ 2)
j : ℤ
hj : j ∉ Finset.Icc (-N) N
⊢ 0 ≤ rexp (-(s / 2) * ↑j ^ 2)
CENTERING_CLOSURE/formal/ThetaBox.lean:547:57: error: maximum recursion depth has been reached
use `set_option maxRecDepth <num>` to increase limit
use `set_option diagnostics true` to get diagnostic information
CENTERING_CLOSURE/formal/ThetaBox.lean:547:19: error: Application type mismatch: The argument
  mul_le_mul_of_nonneg_left hbox hTg0
has type
  (Tg s * ∑' (i : ℤ), if i ∈ Finset.Icc (-N) N then rexp (-(s / 2) * ↑i ^ 2) else 0) ≤
    Tg s * ∑' (i : ℤ), rexp (-(s / 2) * ↑i ^ 2)
but is expected to have type
  (∑' (j : ℤ), if j ∈ Finset.Icc (-N) N then ∑' (i : ℤ), rexp (-s * ↑(block i j)) - W s j else 0) ≤
    ∑' (i : ℤ), if i ∈ Finset.Icc (-N) N then ∑' (i_1 : ℤ), rexp (-s * ↑(block i_1 i)) - W s i else 0
in the application
  le_trans (mul_le_mul_of_nonneg_left hbox hTg0)
