CENTERING_CLOSURE/formal/ThetaBox.lean:637:75: error: unsolved goals
hu : 0 < 1 / (2 * 768 ^ 2) / 2
hu9 : 1 / (2 * 768 ^ 2) / 2 ≤ 9
hA : S0 (1 / (2 * 768 ^ 2) / 2) ≤ √(π / (1 / (2 * 768 ^ 2) / 2)) * (1 + 4 * rexp (-(π ^ 2 / (1 / (2 * 768 ^ 2) / 2))))
⊢ π / (1 / 2359296) = π * 2359296
CENTERING_CLOSURE/formal/ThetaBox.lean:651:20: error(lean.unknownIdentifier): Unknown identifier `log_two_lt_d9`
CENTERING_CLOSURE/formal/ThetaBox.lean:659:10: error: linarith failed to find a contradiction
hu : 0 < 1 / (2 * 768 ^ 2) / 2
hu9 : 1 / (2 * 768 ^ 2) / 2 ≤ 9
hA : S0 (1 / (2 * 768 ^ 2) / 2) ≤ √(π / (1 / (2 * 768 ^ 2) / 2)) * (1 + 4 * rexp (-(π ^ 2 / (1 / (2 * 768 ^ 2) / 2))))
hpiu : π / (1 / (2 * 768 ^ 2) / 2) = π * 2359296
hsq : π * 2359296 ≤ 2727 ^ 2
hsqrt : √(π / (1 / (2 * 768 ^ 2) / 2)) ≤ 2727
h4 : log 4 ≤ 2
a✝ : π ^ 2 * 2359296 < 2
⊢ False
failed
CENTERING_CLOSURE/formal/ThetaBox.lean:660:81: error: unsolved goals
hu : 0 < 1 / (2 * 768 ^ 2) / 2
hu9 : 1 / (2 * 768 ^ 2) / 2 ≤ 9
hA : S0 (1 / (2 * 768 ^ 2) / 2) ≤ √(π / (1 / (2 * 768 ^ 2) / 2)) * (1 + 4 * rexp (-(π ^ 2 / (1 / (2 * 768 ^ 2) / 2))))
hpiu : π / (1 / (2 * 768 ^ 2) / 2) = π * 2359296
hsq : π * 2359296 ≤ 2727 ^ 2
hsqrt : √(π / (1 / (2 * 768 ^ 2) / 2)) ≤ 2727
h4 : log 4 ≤ 2
h3 : 2 ≤ π ^ 2 * 2359296
⊢ π ^ 2 / (1 / 2359296) = π ^ 2 * 2359296
CENTERING_CLOSURE/formal/ThetaBox.lean:666:38: error: Application type mismatch: The argument
  hX
has type
  log 4 ≤ π ^ 2 / (1 / (2 * 768 ^ 2) / 2)
but is expected to have type
  π ^ 2 / (1 / (2 * 768 ^ 2) / 2) ≤ log 4
in the application
  neg_le_neg hX
CENTERING_CLOSURE/formal/ThetaBox.lean:671:32: error: Application type mismatch: The argument
  hmono
has type
  rexp (-log 4) ≤ rexp (-(π ^ 2 / (1 / (2 * 768 ^ 2) / 2)))
but is expected to have type
  rexp (-(π ^ 2 / (1 / (2 * 768 ^ 2) / 2))) ≤ 4⁻¹
in the application
  mul_le_mul_of_nonneg_left hmono
CENTERING_CLOSURE/formal/ThetaBox.lean:680:43: error: unsolved goals
hu : 0 < 1 / (2 * 768 ^ 2) / 2
hu9 : 1 / (2 * 768 ^ 2) / 2 ≤ 9
hA : S0 (1 / (2 * 768 ^ 2) / 2) ≤ √(π / (1 / (2 * 768 ^ 2) / 2)) * (1 + 4 * rexp (-(π ^ 2 / (1 / (2 * 768 ^ 2) / 2))))
hpiu : π / (1 / (2 * 768 ^ 2) / 2) = π * 2359296
hsq : π * 2359296 ≤ 2727 ^ 2
hsqrt : √(π / (1 / (2 * 768 ^ 2) / 2)) ≤ 2727
hexp4 : 4 * rexp (-(π ^ 2 / (1 / (2 * 768 ^ 2) / 2))) ≤ 1
hbr : 1 + 4 * rexp (-(π ^ 2 / (1 / (2 * 768 ^ 2) / 2))) ≤ 2
⊢ 0 ≤ 1 + 4 * rexp (-(π ^ 2 / (1 / 2359296)))
CENTERING_CLOSURE/formal/ThetaBox.lean:689:75: error: unsolved goals
hu : 0 < 1 / (2 * 768 ^ 2) / 4
hu9 : 1 / (2 * 768 ^ 2) / 4 ≤ 9
hA : S0 (1 / (2 * 768 ^ 2) / 4) ≤ √(π / (1 / (2 * 768 ^ 2) / 4)) * (1 + 4 * rexp (-(π ^ 2 / (1 / (2 * 768 ^ 2) / 4))))
⊢ π / (1 / 4718592) = π * 4718592
CENTERING_CLOSURE/formal/ThetaBox.lean:703:20: error(lean.unknownIdentifier): Unknown identifier `log_two_lt_d9`
CENTERING_CLOSURE/formal/ThetaBox.lean:711:10: error: linarith failed to find a contradiction
hu : 0 < 1 / (2 * 768 ^ 2) / 4
hu9 : 1 / (2 * 768 ^ 2) / 4 ≤ 9
hA : S0 (1 / (2 * 768 ^ 2) / 4) ≤ √(π / (1 / (2 * 768 ^ 2) / 4)) * (1 + 4 * rexp (-(π ^ 2 / (1 / (2 * 768 ^ 2) / 4))))
hpiu : π / (1 / (2 * 768 ^ 2) / 4) = π * 4718592
hsq : π * 4718592 ≤ 3856 ^ 2
hsqrt : √(π / (1 / (2 * 768 ^ 2) / 4)) ≤ 3856
h4 : log 4 ≤ 2
a✝ : π ^ 2 * 4718592 < 2
⊢ False
failed
CENTERING_CLOSURE/formal/ThetaBox.lean:712:81: error: unsolved goals
hu : 0 < 1 / (2 * 768 ^ 2) / 4
hu9 : 1 / (2 * 768 ^ 2) / 4 ≤ 9
hA : S0 (1 / (2 * 768 ^ 2) / 4) ≤ √(π / (1 / (2 * 768 ^ 2) / 4)) * (1 + 4 * rexp (-(π ^ 2 / (1 / (2 * 768 ^ 2) / 4))))
hpiu : π / (1 / (2 * 768 ^ 2) / 4) = π * 4718592
hsq : π * 4718592 ≤ 3856 ^ 2
hsqrt : √(π / (1 / (2 * 768 ^ 2) / 4)) ≤ 3856
h4 : log 4 ≤ 2
h3 : 2 ≤ π ^ 2 * 4718592
⊢ π ^ 2 / (1 / 4718592) = π ^ 2 * 4718592
CENTERING_CLOSURE/formal/ThetaBox.lean:718:38: error: Application type mismatch: The argument
  hX
has type
  log 4 ≤ π ^ 2 / (1 / (2 * 768 ^ 2) / 4)
but is expected to have type
  π ^ 2 / (1 / (2 * 768 ^ 2) / 4) ≤ log 4
in the application
  neg_le_neg hX
CENTERING_CLOSURE/formal/ThetaBox.lean:723:32: error: Application type mismatch: The argument
  hmono
has type
  rexp (-log 4) ≤ rexp (-(π ^ 2 / (1 / (2 * 768 ^ 2) / 4)))
but is expected to have type
  rexp (-(π ^ 2 / (1 / (2 * 768 ^ 2) / 4))) ≤ 4⁻¹
in the application
  mul_le_mul_of_nonneg_left hmono
CENTERING_CLOSURE/formal/ThetaBox.lean:732:43: error: unsolved goals
hu : 0 < 1 / (2 * 768 ^ 2) / 4
hu9 : 1 / (2 * 768 ^ 2) / 4 ≤ 9
hA : S0 (1 / (2 * 768 ^ 2) / 4) ≤ √(π / (1 / (2 * 768 ^ 2) / 4)) * (1 + 4 * rexp (-(π ^ 2 / (1 / (2 * 768 ^ 2) / 4))))
hpiu : π / (1 / (2 * 768 ^ 2) / 4) = π * 4718592
hsq : π * 4718592 ≤ 3856 ^ 2
hsqrt : √(π / (1 / (2 * 768 ^ 2) / 4)) ≤ 3856
hexp4 : 4 * rexp (-(π ^ 2 / (1 / (2 * 768 ^ 2) / 4))) ≤ 1
hbr : 1 + 4 * rexp (-(π ^ 2 / (1 / (2 * 768 ^ 2) / 4))) ≤ 2
⊢ 0 ≤ 1 + 4 * rexp (-(π ^ 2 / (1 / 4718592)))
