CENTERING_CLOSURE/formal/ThetaBox.lean:639:30: error: Application type mismatch: The argument
  hmono
has type
  rexp (-X) ≤ rexp (-log 4)
but is expected to have type
  rexp (-X) ≤ 4⁻¹
in the application
  mul_le_mul_of_nonneg_left hmono
CENTERING_CLOSURE/formal/ThetaBox.lean:646:14: error(lean.unknownIdentifier): Unknown constant `Real.log_two_lt_d9`
CENTERING_CLOSURE/formal/ThetaBox.lean:645:45: error: unsolved goals
⊢ log 4 ≤ 2
CENTERING_CLOSURE/formal/ThetaBox.lean:659:75: error: unsolved goals
hu : 0 < 1 / (2 * 768 ^ 2) / 2
hu9 : 1 / (2 * 768 ^ 2) / 2 ≤ 9
hA : S0 (1 / (2 * 768 ^ 2) / 2) ≤ √(π / (1 / (2 * 768 ^ 2) / 2)) * (1 + 4 * rexp (-(π ^ 2 / (1 / (2 * 768 ^ 2) / 2))))
⊢ 2 ^ 2 * 768 ^ 2 = 2359296
CENTERING_CLOSURE/formal/ThetaBox.lean:675:8: error: linarith failed to find a contradiction
hu : 0 < 1 / (2 * 768 ^ 2) / 2
hu9 : 1 / (2 * 768 ^ 2) / 2 ≤ 9
hA : S0 (1 / (2 * 768 ^ 2) / 2) ≤ √(π / (1 / (2 * 768 ^ 2) / 2)) * (1 + 4 * rexp (-(π ^ 2 / (1 / (2 * 768 ^ 2) / 2))))
hpiu : π / (1 / (2 * 768 ^ 2) / 2) = π * 2359296
hsq : π * 2359296 ≤ 2727 ^ 2
hsqrt : √(π / (1 / (2 * 768 ^ 2) / 2)) ≤ 2727
h4 : log 4 ≤ 2
a✝ : π ^ 2 * 2359296 < 2
⊢ False
failed
CENTERING_CLOSURE/formal/ThetaBox.lean:676:80: error: unsolved goals
hu : 0 < 1 / (2 * 768 ^ 2) / 2
hu9 : 1 / (2 * 768 ^ 2) / 2 ≤ 9
hA : S0 (1 / (2 * 768 ^ 2) / 2) ≤ √(π / (1 / (2 * 768 ^ 2) / 2)) * (1 + 4 * rexp (-(π ^ 2 / (1 / (2 * 768 ^ 2) / 2))))
hpiu : π / (1 / (2 * 768 ^ 2) / 2) = π * 2359296
hsq : π * 2359296 ≤ 2727 ^ 2
hsqrt : √(π / (1 / (2 * 768 ^ 2) / 2)) ≤ 2727
h4 : log 4 ≤ 2
h3 : 2 ≤ π ^ 2 * 2359296
⊢ 2 ^ 2 * 768 ^ 2 = 2359296
CENTERING_CLOSURE/formal/ThetaBox.lean:686:43: error: unsolved goals
hu : 0 < 1 / (2 * 768 ^ 2) / 2
hu9 : 1 / (2 * 768 ^ 2) / 2 ≤ 9
hA : S0 (1 / (2 * 768 ^ 2) / 2) ≤ √(π / (1 / (2 * 768 ^ 2) / 2)) * (1 + 4 * rexp (-(π ^ 2 / (1 / (2 * 768 ^ 2) / 2))))
hpiu : π / (1 / (2 * 768 ^ 2) / 2) = π * 2359296
hsq : π * 2359296 ≤ 2727 ^ 2
hsqrt : √(π / (1 / (2 * 768 ^ 2) / 2)) ≤ 2727
hexp4 : 4 * rexp (-(π ^ 2 / (1 / (2 * 768 ^ 2) / 2))) ≤ 1
hbr : 1 + 4 * rexp (-(π ^ 2 / (1 / (2 * 768 ^ 2) / 2))) ≤ 2
⊢ 0 ≤ 1 + 4 * rexp (-(π ^ 2 / (1 / 2359296)))
CENTERING_CLOSURE/formal/ThetaBox.lean:695:75: error: unsolved goals
hu : 0 < 1 / (2 * 768 ^ 2) / 4
hu9 : 1 / (2 * 768 ^ 2) / 4 ≤ 9
hA : S0 (1 / (2 * 768 ^ 2) / 4) ≤ √(π / (1 / (2 * 768 ^ 2) / 4)) * (1 + 4 * rexp (-(π ^ 2 / (1 / (2 * 768 ^ 2) / 4))))
⊢ 2 * 768 ^ 2 * 4 = 4718592
CENTERING_CLOSURE/formal/ThetaBox.lean:711:8: error: linarith failed to find a contradiction
hu : 0 < 1 / (2 * 768 ^ 2) / 4
hu9 : 1 / (2 * 768 ^ 2) / 4 ≤ 9
hA : S0 (1 / (2 * 768 ^ 2) / 4) ≤ √(π / (1 / (2 * 768 ^ 2) / 4)) * (1 + 4 * rexp (-(π ^ 2 / (1 / (2 * 768 ^ 2) / 4))))
hpiu : π / (1 / (2 * 768 ^ 2) / 4) = π * 4718592
hsq : π * 4718592 ≤ 3856 ^ 2
hsqrt : √(π / (1 / (2 * 768 ^ 2) / 4)) ≤ 3856
h4 : log 4 ≤ 2
a✝ : π ^ 2 * 4718592 < 2
⊢ False
failed
CENTERING_CLOSURE/formal/ThetaBox.lean:712:80: error: unsolved goals
hu : 0 < 1 / (2 * 768 ^ 2) / 4
hu9 : 1 / (2 * 768 ^ 2) / 4 ≤ 9
hA : S0 (1 / (2 * 768 ^ 2) / 4) ≤ √(π / (1 / (2 * 768 ^ 2) / 4)) * (1 + 4 * rexp (-(π ^ 2 / (1 / (2 * 768 ^ 2) / 4))))
hpiu : π / (1 / (2 * 768 ^ 2) / 4) = π * 4718592
hsq : π * 4718592 ≤ 3856 ^ 2
hsqrt : √(π / (1 / (2 * 768 ^ 2) / 4)) ≤ 3856
h4 : log 4 ≤ 2
h3 : 2 ≤ π ^ 2 * 4718592
⊢ 2 * 768 ^ 2 * 4 = 4718592
CENTERING_CLOSURE/formal/ThetaBox.lean:722:43: error: unsolved goals
hu : 0 < 1 / (2 * 768 ^ 2) / 4
hu9 : 1 / (2 * 768 ^ 2) / 4 ≤ 9
hA : S0 (1 / (2 * 768 ^ 2) / 4) ≤ √(π / (1 / (2 * 768 ^ 2) / 4)) * (1 + 4 * rexp (-(π ^ 2 / (1 / (2 * 768 ^ 2) / 4))))
hpiu : π / (1 / (2 * 768 ^ 2) / 4) = π * 4718592
hsq : π * 4718592 ≤ 3856 ^ 2
hsqrt : √(π / (1 / (2 * 768 ^ 2) / 4)) ≤ 3856
hexp4 : 4 * rexp (-(π ^ 2 / (1 / (2 * 768 ^ 2) / 4))) ≤ 1
hbr : 1 + 4 * rexp (-(π ^ 2 / (1 / (2 * 768 ^ 2) / 4))) ≤ 2
⊢ 0 ≤ 1 + 4 * rexp (-(π ^ 2 / (1 / 4718592)))
