CENTERING_CLOSURE/formal/ThetaBox.lean:661:75: error: unsolved goals
hu : 0 < 1 / (2 * 768 ^ 2) / 2
hu9 : 1 / (2 * 768 ^ 2) / 2 ≤ 9
hA : S0 (1 / (2 * 768 ^ 2) / 2) ≤ √(π / (1 / (2 * 768 ^ 2) / 2)) * (1 + 4 * rexp (-(π ^ 2 / (1 / (2 * 768 ^ 2) / 2))))
⊢ 2 ^ 2 * 768 ^ 2 = 2359296
CENTERING_CLOSURE/formal/ThetaBox.lean:677:8: error: linarith failed to find a contradiction
hu : 0 < 1 / (2 * 768 ^ 2) / 2
hu9 : 1 / (2 * 768 ^ 2) / 2 ≤ 9
hA : S0 (1 / (2 * 768 ^ 2) / 2) ≤ √(π / (1 / (2 * 768 ^ 2) / 2)) * (1 + 4 * rexp (-(π ^ 2 / (1 / (2 * 768 ^ 2) / 2))))
hpiu : π / (1 / (2 * 768 ^ 2) / 2) = π * 2359296
hsq : π * 2359296 ≤ 2727 ^ 2
hsqrt : √(π / (1 / (2 * 768 ^ 2) / 2)) ≤ 2727
h4 : log 4 ≤ 2
a✝ : π ^ 2 * 2359296 < 2
⊢ False
failed
CENTERING_CLOSURE/formal/ThetaBox.lean:678:80: error: unsolved goals
hu : 0 < 1 / (2 * 768 ^ 2) / 2
hu9 : 1 / (2 * 768 ^ 2) / 2 ≤ 9
hA : S0 (1 / (2 * 768 ^ 2) / 2) ≤ √(π / (1 / (2 * 768 ^ 2) / 2)) * (1 + 4 * rexp (-(π ^ 2 / (1 / (2 * 768 ^ 2) / 2))))
hpiu : π / (1 / (2 * 768 ^ 2) / 2) = π * 2359296
hsq : π * 2359296 ≤ 2727 ^ 2
hsqrt : √(π / (1 / (2 * 768 ^ 2) / 2)) ≤ 2727
h4 : log 4 ≤ 2
h3 : 2 ≤ π ^ 2 * 2359296
⊢ 2 ^ 2 * 768 ^ 2 = 2359296
CENTERING_CLOSURE/formal/ThetaBox.lean:688:43: error: unsolved goals
hu : 0 < 1 / (2 * 768 ^ 2) / 2
hu9 : 1 / (2 * 768 ^ 2) / 2 ≤ 9
hA : S0 (1 / (2 * 768 ^ 2) / 2) ≤ √(π / (1 / (2 * 768 ^ 2) / 2)) * (1 + 4 * rexp (-(π ^ 2 / (1 / (2 * 768 ^ 2) / 2))))
hpiu : π / (1 / (2 * 768 ^ 2) / 2) = π * 2359296
hsq : π * 2359296 ≤ 2727 ^ 2
hsqrt : √(π / (1 / (2 * 768 ^ 2) / 2)) ≤ 2727
hexp4 : 4 * rexp (-(π ^ 2 / (1 / (2 * 768 ^ 2) / 2))) ≤ 1
hbr : 1 + 4 * rexp (-(π ^ 2 / (1 / (2 * 768 ^ 2) / 2))) ≤ 2
⊢ 0 ≤ 1 + 4 * rexp (-(π ^ 2 / (1 / 2359296)))
CENTERING_CLOSURE/formal/ThetaBox.lean:697:75: error: unsolved goals
hu : 0 < 1 / (2 * 768 ^ 2) / 4
hu9 : 1 / (2 * 768 ^ 2) / 4 ≤ 9
hA : S0 (1 / (2 * 768 ^ 2) / 4) ≤ √(π / (1 / (2 * 768 ^ 2) / 4)) * (1 + 4 * rexp (-(π ^ 2 / (1 / (2 * 768 ^ 2) / 4))))
⊢ 2 * 768 ^ 2 * 4 = 4718592
CENTERING_CLOSURE/formal/ThetaBox.lean:713:8: error: linarith failed to find a contradiction
hu : 0 < 1 / (2 * 768 ^ 2) / 4
hu9 : 1 / (2 * 768 ^ 2) / 4 ≤ 9
hA : S0 (1 / (2 * 768 ^ 2) / 4) ≤ √(π / (1 / (2 * 768 ^ 2) / 4)) * (1 + 4 * rexp (-(π ^ 2 / (1 / (2 * 768 ^ 2) / 4))))
hpiu : π / (1 / (2 * 768 ^ 2) / 4) = π * 4718592
hsq : π * 4718592 ≤ 3856 ^ 2
hsqrt : √(π / (1 / (2 * 768 ^ 2) / 4)) ≤ 3856
h4 : log 4 ≤ 2
a✝ : π ^ 2 * 4718592 < 2
⊢ False
failed
CENTERING_CLOSURE/formal/ThetaBox.lean:714:80: error: unsolved goals
hu : 0 < 1 / (2 * 768 ^ 2) / 4
hu9 : 1 / (2 * 768 ^ 2) / 4 ≤ 9
hA : S0 (1 / (2 * 768 ^ 2) / 4) ≤ √(π / (1 / (2 * 768 ^ 2) / 4)) * (1 + 4 * rexp (-(π ^ 2 / (1 / (2 * 768 ^ 2) / 4))))
hpiu : π / (1 / (2 * 768 ^ 2) / 4) = π * 4718592
hsq : π * 4718592 ≤ 3856 ^ 2
hsqrt : √(π / (1 / (2 * 768 ^ 2) / 4)) ≤ 3856
h4 : log 4 ≤ 2
h3 : 2 ≤ π ^ 2 * 4718592
⊢ 2 * 768 ^ 2 * 4 = 4718592
CENTERING_CLOSURE/formal/ThetaBox.lean:724:43: error: unsolved goals
hu : 0 < 1 / (2 * 768 ^ 2) / 4
hu9 : 1 / (2 * 768 ^ 2) / 4 ≤ 9
hA : S0 (1 / (2 * 768 ^ 2) / 4) ≤ √(π / (1 / (2 * 768 ^ 2) / 4)) * (1 + 4 * rexp (-(π ^ 2 / (1 / (2 * 768 ^ 2) / 4))))
hpiu : π / (1 / (2 * 768 ^ 2) / 4) = π * 4718592
hsq : π * 4718592 ≤ 3856 ^ 2
hsqrt : √(π / (1 / (2 * 768 ^ 2) / 4)) ≤ 3856
hexp4 : 4 * rexp (-(π ^ 2 / (1 / (2 * 768 ^ 2) / 4))) ≤ 1
hbr : 1 + 4 * rexp (-(π ^ 2 / (1 / (2 * 768 ^ 2) / 4))) ≤ 2
⊢ 0 ≤ 1 + 4 * rexp (-(π ^ 2 / (1 / 4718592)))
