CENTERING_CLOSURE/formal/ThetaBox.lean:678:8: error: linarith failed to find a contradiction
hu : 0 < 1 / (2 * 768 ^ 2) / 2
hu9 : 1 / (2 * 768 ^ 2) / 2 ≤ 9
hA : S0 (1 / (2 * 768 ^ 2) / 2) ≤ √(π / (1 / (2 * 768 ^ 2) / 2)) * (1 + 4 * rexp (-(π ^ 2 / (1 / (2 * 768 ^ 2) / 2))))
hpiu : π / (1 / (2 * 768 ^ 2) / 2) = π * 2359296
hsq : π * 2359296 ≤ 2727 ^ 2
hsqrt : √(π / (1 / (2 * 768 ^ 2) / 2)) ≤ 2727
h4 : log 4 ≤ 2
a✝ : π ^ 2 * 2359296 < 2
⊢ False
failed
CENTERING_CLOSURE/formal/ThetaBox.lean:679:80: error: unsolved goals
hu : 0 < 1 / (2 * 768 ^ 2) / 2
hu9 : 1 / (2 * 768 ^ 2) / 2 ≤ 9
hA : S0 (1 / (2 * 768 ^ 2) / 2) ≤ √(π / (1 / (2 * 768 ^ 2) / 2)) * (1 + 4 * rexp (-(π ^ 2 / (1 / (2 * 768 ^ 2) / 2))))
hpiu : π / (1 / (2 * 768 ^ 2) / 2) = π * 2359296
hsq : π * 2359296 ≤ 2727 ^ 2
hsqrt : √(π / (1 / (2 * 768 ^ 2) / 2)) ≤ 2727
h4 : log 4 ≤ 2
h3 : 2 ≤ π ^ 2 * 2359296
⊢ 2 ^ 2 * 768 ^ 2 = 2359296
CENTERING_CLOSURE/formal/ThetaBox.lean:676:66: error: unsolved goals
hu : 0 < 1 / (2 * 768 ^ 2) / 2
hu9 : 1 / (2 * 768 ^ 2) / 2 ≤ 9
hA : S0 (1 / (2 * 768 ^ 2) / 2) ≤ √(π / (1 / (2 * 768 ^ 2) / 2)) * (1 + 4 * rexp (-(π ^ 2 / (1 / (2 * 768 ^ 2) / 2))))
hpiu : π / (1 / (2 * 768 ^ 2) / 2) = π * 2359296
hsq : π * 2359296 ≤ 2727 ^ 2
hsqrt : √(π / (1 / (2 * 768 ^ 2) / 2)) ≤ 2727
h4 : log 4 ≤ 2
h3 : 2 ≤ π ^ 2 * 2359296
h4b : π ^ 2 / (1 / (2 * 768 ^ 2) / 2) = π ^ 2 * 2359296
⊢ 2 ≤ π ^ 2 / (1 / (2 * 768 ^ 2) / 2)
Try this:
  [apply] ring_nf
  
  The `ring` tactic failed to close the goal. Use `ring_nf` to obtain a normal form.
    
  Note that `ring` works primarily in *commutative* rings. If you have a noncommutative ring, abelian group or module, consider using `noncomm_ring`, `abel` or `module` instead.
CENTERING_CLOSURE/formal/ThetaBox.lean:673:83: error: unsolved goals
hu : 0 < 1 / (2 * 768 ^ 2) / 2
hu9 : 1 / (2 * 768 ^ 2) / 2 ≤ 9
hA : S0 (1 / (2 * 768 ^ 2) / 2) ≤ √(π / (1 / (2 * 768 ^ 2) / 2)) * (1 + 4 * rexp (-(π ^ 2 / (1 / (2 * 768 ^ 2) / 2))))
hpiu : π / (1 / (2 * 768 ^ 2) / 2) = π * 2359296
hsq : π * 2359296 ≤ 2727 ^ 2
hsqrt : √(π / (1 / (2 * 768 ^ 2) / 2)) ≤ 2727
h4 : log 4 ≤ 2
hbig : 2 ≤ π ^ 2 / (1 / (2 * 768 ^ 2) / 2)
⊢ log 4 ≤ π ^ 2 * 2359296
CENTERING_CLOSURE/formal/ThetaBox.lean:657:42: error: unsolved goals
hu : 0 < 1 / (2 * 768 ^ 2) / 2
hu9 : 1 / (2 * 768 ^ 2) / 2 ≤ 9
hA : S0 (1 / (2 * 768 ^ 2) / 2) ≤ √(π / (1 / (2 * 768 ^ 2) / 2)) * (1 + 4 * rexp (-(π ^ 2 / (1 / (2 * 768 ^ 2) / 2))))
hpiu : π / (1 / (2 * 768 ^ 2) / 2) = π * 2359296
hsq : π * 2359296 ≤ 2727 ^ 2
hsqrt : √(π / (1 / (2 * 768 ^ 2) / 2)) ≤ 2727
hexp4 : 4 * rexp (-(π ^ 2 / (1 / (2 * 768 ^ 2) / 2))) ≤ 1
⊢ S0 (1 / (2 * 768 ^ 2) / 2) ≤ 5454
CENTERING_CLOSURE/formal/ThetaBox.lean:682:6: error: unexpected identifier; expected command
CENTERING_CLOSURE/formal/ThetaBox.lean:718:8: error: linarith failed to find a contradiction
hu : 0 < 1 / (2 * 768 ^ 2) / 4
hu9 : 1 / (2 * 768 ^ 2) / 4 ≤ 9
hA : S0 (1 / (2 * 768 ^ 2) / 4) ≤ √(π / (1 / (2 * 768 ^ 2) / 4)) * (1 + 4 * rexp (-(π ^ 2 / (1 / (2 * 768 ^ 2) / 4))))
hpiu : π / (1 / (2 * 768 ^ 2) / 4) = π * 4718592
hsq : π * 4718592 ≤ 3856 ^ 2
hsqrt : √(π / (1 / (2 * 768 ^ 2) / 4)) ≤ 3856
h4 : log 4 ≤ 2
a✝ : π ^ 2 * 4718592 < 2
⊢ False
failed
CENTERING_CLOSURE/formal/ThetaBox.lean:719:80: error: unsolved goals
hu : 0 < 1 / (2 * 768 ^ 2) / 4
hu9 : 1 / (2 * 768 ^ 2) / 4 ≤ 9
hA : S0 (1 / (2 * 768 ^ 2) / 4) ≤ √(π / (1 / (2 * 768 ^ 2) / 4)) * (1 + 4 * rexp (-(π ^ 2 / (1 / (2 * 768 ^ 2) / 4))))
hpiu : π / (1 / (2 * 768 ^ 2) / 4) = π * 4718592
hsq : π * 4718592 ≤ 3856 ^ 2
hsqrt : √(π / (1 / (2 * 768 ^ 2) / 4)) ≤ 3856
h4 : log 4 ≤ 2
h3 : 2 ≤ π ^ 2 * 4718592
⊢ 2 * 768 ^ 2 * 4 = 4718592
CENTERING_CLOSURE/formal/ThetaBox.lean:716:66: error: unsolved goals
hu : 0 < 1 / (2 * 768 ^ 2) / 4
hu9 : 1 / (2 * 768 ^ 2) / 4 ≤ 9
hA : S0 (1 / (2 * 768 ^ 2) / 4) ≤ √(π / (1 / (2 * 768 ^ 2) / 4)) * (1 + 4 * rexp (-(π ^ 2 / (1 / (2 * 768 ^ 2) / 4))))
hpiu : π / (1 / (2 * 768 ^ 2) / 4) = π * 4718592
hsq : π * 4718592 ≤ 3856 ^ 2
hsqrt : √(π / (1 / (2 * 768 ^ 2) / 4)) ≤ 3856
h4 : log 4 ≤ 2
h3 : 2 ≤ π ^ 2 * 4718592
h4b : π ^ 2 / (1 / (2 * 768 ^ 2) / 4) = π ^ 2 * 4718592
⊢ 2 ≤ π ^ 2 / (1 / (2 * 768 ^ 2) / 4)
Try this:
  [apply] ring_nf
  
  The `ring` tactic failed to close the goal. Use `ring_nf` to obtain a normal form.
    
  Note that `ring` works primarily in *commutative* rings. If you have a noncommutative ring, abelian group or module, consider using `noncomm_ring`, `abel` or `module` instead.
CENTERING_CLOSURE/formal/ThetaBox.lean:713:83: error: unsolved goals
hu : 0 < 1 / (2 * 768 ^ 2) / 4
hu9 : 1 / (2 * 768 ^ 2) / 4 ≤ 9
hA : S0 (1 / (2 * 768 ^ 2) / 4) ≤ √(π / (1 / (2 * 768 ^ 2) / 4)) * (1 + 4 * rexp (-(π ^ 2 / (1 / (2 * 768 ^ 2) / 4))))
hpiu : π / (1 / (2 * 768 ^ 2) / 4) = π * 4718592
hsq : π * 4718592 ≤ 3856 ^ 2
hsqrt : √(π / (1 / (2 * 768 ^ 2) / 4)) ≤ 3856
h4 : log 4 ≤ 2
hbig : 2 ≤ π ^ 2 / (1 / (2 * 768 ^ 2) / 4)
⊢ log 4 ≤ π ^ 2 * 4718592
CENTERING_CLOSURE/formal/ThetaBox.lean:697:42: error: unsolved goals
hu : 0 < 1 / (2 * 768 ^ 2) / 4
hu9 : 1 / (2 * 768 ^ 2) / 4 ≤ 9
hA : S0 (1 / (2 * 768 ^ 2) / 4) ≤ √(π / (1 / (2 * 768 ^ 2) / 4)) * (1 + 4 * rexp (-(π ^ 2 / (1 / (2 * 768 ^ 2) / 4))))
hpiu : π / (1 / (2 * 768 ^ 2) / 4) = π * 4718592
hsq : π * 4718592 ≤ 3856 ^ 2
hsqrt : √(π / (1 / (2 * 768 ^ 2) / 4)) ≤ 3856
hexp4 : 4 * rexp (-(π ^ 2 / (1 / (2 * 768 ^ 2) / 4))) ≤ 1
⊢ S0 (1 / (2 * 768 ^ 2) / 4) ≤ 7712
CENTERING_CLOSURE/formal/ThetaBox.lean:722:6: error: unexpected identifier; expected command
