CENTERING_CLOSURE/formal/ThetaBox.lean:678:8: error: linarith failed to find a contradiction
hu : 0 < 1 / (2 * 768 ^ 2) / 2
hu9 : 1 / (2 * 768 ^ 2) / 2 ≤ 9
hA : S0 (1 / (2 * 768 ^ 2) / 2) ≤ √(π / (1 / (2 * 768 ^ 2) / 2)) * (1 + 4 * rexp (-(π ^ 2 / (1 / (2 * 768 ^ 2) / 2))))
hpiu : π / (1 / (2 * 768 ^ 2) / 2) = π * 2359296
hsq : π * 2359296 ≤ 2727 ^ 2
hsqrt : √(π / (1 / (2 * 768 ^ 2) / 2)) ≤ 2727
h4 : log 4 ≤ 2
a✝ : π ^ 2 * 2359296 < 2
⊢ False
failed
CENTERING_CLOSURE/formal/ThetaBox.lean:718:8: error: linarith failed to find a contradiction
hu : 0 < 1 / (2 * 768 ^ 2) / 4
hu9 : 1 / (2 * 768 ^ 2) / 4 ≤ 9
hA : S0 (1 / (2 * 768 ^ 2) / 4) ≤ √(π / (1 / (2 * 768 ^ 2) / 4)) * (1 + 4 * rexp (-(π ^ 2 / (1 / (2 * 768 ^ 2) / 4))))
hpiu : π / (1 / (2 * 768 ^ 2) / 4) = π * 4718592
hsq : π * 4718592 ≤ 3856 ^ 2
hsqrt : √(π / (1 / (2 * 768 ^ 2) / 4)) ≤ 3856
h4 : log 4 ≤ 2
a✝ : π ^ 2 * 4718592 < 2
⊢ False
failed
