CENTERING_CLOSURE/formal/ThetaPoisson.lean:84:65: error: unsolved goals
c : ℝ
hc : 1 ≤ c
h : Summable fun n => rexp (-c * ↑(n + 1) ^ 2)
k : ℕ
⊢ rexp (-c * (↑k + 1) ^ 2) = rexp (-c * (↑k + 1) ^ 2)
CENTERING_CLOSURE/formal/ThetaPoisson.lean:116:53: error: unsolved goals
case e_f
c : ℝ
hc : 1 ≤ c
hsum : Summable fun n => rexp (-c * ↑n ^ 2)
hdecomp0 : ∑' (n : ℤ), rexp (-c * ↑n ^ 2) = rexp (-c * ↑0 ^ 2) + 2 * ∑' (n : ℕ+), rexp (-c * ↑↑↑n ^ 2)
hsmul : ∀ (X : ℝ), 2 • X = 2 * X
hdecomp1 : ∑' (n : ℤ), rexp (-c * ↑n ^ 2) = rexp (-c * ↑0 ^ 2) + 2 * ∑' (n : ℕ+), rexp (-c * ↑↑↑n ^ 2)
heq : ∑' (c_1 : ℕ), rexp (-c * ↑↑↑(Equiv.pnatEquivNat.symm c_1) ^ 2) = ∑' (b : ℕ+), rexp (-c * ↑↑↑b ^ 2)
k : ℕ
⊢ rexp (-c * (↑k + 1) ^ 2) = rexp (-c * (↑k + 1) ^ 2)
CENTERING_CLOSURE/formal/ThetaPoisson.lean:157:10: error: unsolved goals
c : ℝ
hc : 1 ≤ c
hsum : Summable fun n => rexp (-c * ↑n ^ 2)
hdecomp0 : ∑' (n : ℤ), rexp (-c * ↑n ^ 2) = rexp (-c * ↑0 ^ 2) + 2 * ∑' (n : ℕ+), rexp (-c * ↑↑↑n ^ 2)
hsmul : ∀ (X : ℝ), 2 • X = 2 * X
hdecomp1 : ∑' (n : ℤ), rexp (-c * ↑n ^ 2) = 1 + 2 * ∑' (k : ℕ), rexp (-c * (↑k + 1) ^ 2)
hpnat : ∑' (n : ℕ+), rexp (-c * ↑↑↑n ^ 2) = ∑' (k : ℕ), rexp (-c * (↑k + 1) ^ 2)
h0 : rexp (-c * ↑0 ^ 2) = 1
hexpc : rexp (-c) ≤ 1 / 2
k : ℕ
hkm : ↑k + 1 ≤ (↑k + 1) ^ 2
h1 : -c * (↑k + 1) ^ 2 ≤ -c * (↑k + 1)
h2 : rexp (-c * (↑k + 1) ^ 2) ≤ rexp (-c * (↑k + 1))
⊢ ↑k + 1 = ↑k + 1
CENTERING_CLOSURE/formal/ThetaPoisson.lean:160:8: error: Tactic `rewrite` failed: Did not find an occurrence of the pattern
  rexp (-c * (↑k + 1))
in the target expression
  rexp (-c * (↑k + 1) ^ 2) ≤ rexp (-c) * rexp (-c) ^ k

c : ℝ
hc : 1 ≤ c
hsum : Summable fun n => rexp (-c * ↑n ^ 2)
hdecomp0 : ∑' (n : ℤ), rexp (-c * ↑n ^ 2) = rexp (-c * ↑0 ^ 2) + 2 * ∑' (n : ℕ+), rexp (-c * ↑↑↑n ^ 2)
hsmul : ∀ (X : ℝ), 2 • X = 2 * X
hdecomp1 : ∑' (n : ℤ), rexp (-c * ↑n ^ 2) = 1 + 2 * ∑' (k : ℕ), rexp (-c * (↑k + 1) ^ 2)
hpnat : ∑' (n : ℕ+), rexp (-c * ↑↑↑n ^ 2) = ∑' (k : ℕ), rexp (-c * (↑k + 1) ^ 2)
h0 : rexp (-c * ↑0 ^ 2) = 1
hexpc : rexp (-c) ≤ 1 / 2
k : ℕ
hkm : ↑k + 1 ≤ (↑k + 1) ^ 2
h1 : -c * (↑k + 1) ^ 2 ≤ -c * (↑k + 1)
h2 : rexp (-c * (↑k + 1) ^ 2) ≤ rexp (-c * (↑k + 1))
hpow : rexp (-c * (↑k + 1)) = rexp (-c) * rexp (-c) ^ k
⊢ rexp (-c * (↑k + 1) ^ 2) ≤ rexp (-c) * rexp (-c) ^ k
Try this:
  [apply] ring_nf
  
  The `ring` tactic failed to close the goal. Use `ring_nf` to obtain a normal form.
    
  Note that `ring` works primarily in *commutative* rings. If you have a noncommutative ring, abelian group or module, consider using `noncomm_ring`, `abel` or `module` instead.
CENTERING_CLOSURE/formal/ThetaPoisson.lean:188:54: error: unsolved goals
c : ℝ
hc : 1 ≤ c
hsum : Summable fun n => rexp (-c * ↑n ^ 2)
hdecomp0 : ∑' (n : ℤ), rexp (-c * ↑n ^ 2) = rexp (-c * ↑0 ^ 2) + 2 * ∑' (n : ℕ+), rexp (-c * ↑↑↑n ^ 2)
hsmul : ∀ (X : ℝ), 2 • X = 2 * X
hdecomp1 : ∑' (n : ℤ), rexp (-c * ↑n ^ 2) = 1 + 2 * ∑' (k : ℕ), rexp (-c * (↑k + 1) ^ 2)
hpnat : ∑' (n : ℕ+), rexp (-c * ↑↑↑n ^ 2) = ∑' (k : ℕ), rexp (-c * (↑k + 1) ^ 2)
h0 : rexp (-c * ↑0 ^ 2) = 1
hexpc : rexp (-c) ≤ 1 / 2
hpoint : ∀ (k : ℕ), rexp (-c * (↑k + 1) ^ 2) ≤ rexp (-c) * rexp (-c) ^ k
hge0 : 0 ≤ rexp (-c)
hlt1 : rexp (-c) < 1
hbase : Summable fun k => rexp (-c) ^ k
hshiftg : Summable fun k => rexp (-c) * rexp (-c) ^ k
hval : ∑' (k : ℕ), rexp (-c) * rexp (-c) ^ k = rexp (-c) / (1 - rexp (-c))
hle : ∑' (k : ℕ), rexp (-c * (↑k + 1) ^ 2) ≤ rexp (-c) / (1 - rexp (-c))
hp : 0 < 1 - rexp (-c)
h1 : 1 ≤ 2 * (1 - rexp (-c))
⊢ rexp (-c) ≤ rexp (-c)
