CENTERING_CLOSURE/formal/ThetaPoisson.lean:68:4: error: Function expected at
  exp_le_exp
but this term has type
  rexp ?m.302 ≤ rexp ?m.303 ↔ ?m.302 ≤ ?m.303

Note: Expected a function because this term is being applied to the argument
  hnc
CENTERING_CLOSURE/formal/ThetaPoisson.lean:79:45: error: Application type mismatch: The argument
  exp_pos ?m.545
has type
  0 < rexp ?m.545
but is expected to have type
  0 ≤ ?m.543
in the application
  abs_of_nonneg (exp_pos ?m.545)
CENTERING_CLOSURE/formal/ThetaPoisson.lean:80:2: error: linarith failed to find a contradiction
c : ℝ
hc : 1 ≤ c
hsplit : ∀ (n : ℕ), rexp (-c * ↑n ^ 2) = rexp (-c * (↑n + 1) ^ 2) * rexp (c * (2 * ↑n + 1))
n : ℕ
hnc : 1 ≤ c * (2 * ↑n + 1)
hmono : rexp 1 ≤ rexp (c * (2 * ↑n + 1))
hpos : 0 < rexp (-c * (↑n + 1) ^ 2)
hkey : 2 * rexp (-c * (↑n + 1) ^ 2) ≤ rexp (-c * ↑n ^ 2)
a✝ : 1 / 2 * |rexp (-c * ↑n ^ 2)| < |rexp (-c * ↑(n + 1) ^ 2)|
⊢ False
failed
CENTERING_CLOSURE/formal/ThetaPoisson.lean:88:2: error: 'show' tactic failed, pattern
  rexp (-c * (-↑n) ^ 2) = rexp (-c * ↑n ^ 2)
is not definitionally equal to target
  rexp (-c * ↑n ^ 2) = rexp (-c * ↑(-↑n) ^ 2)
CENTERING_CLOSURE/formal/ThetaPoisson.lean:98:2: error: 'show' tactic failed, pattern
  rexp (-c * (↑k + 1) ^ 2) = rexp (-c * (↑k + 1) ^ 2)
is not definitionally equal to target
  rexp (-c * ↑(k + 1) ^ 2) = rexp (-c * (↑k + 1) ^ 2)
CENTERING_CLOSURE/formal/ThetaPoisson.lean:112:4: error: omega could not prove the goal:
a possible counterexample may satisfy the constraints
  a ≥ 1
where
 a := ↑↑n
CENTERING_CLOSURE/formal/ThetaPoisson.lean:114:4: error: Tactic `apply` failed: could not unify the conclusion of `@Subtype.ext`
  ?a1 = ?a2
with the goal
  (fun n => ↑n - 1) ((fun k => ⟨k + 1, ⋯⟩) k) = k

Note: The full type of `@Subtype.ext` is
  ∀ {α : Sort ?u.31} {p : α → Prop} {a1 a2 : { x // p x }}, ↑a1 = ↑a2 → a1 = a2

k : ℕ
⊢ (fun n => ↑n - 1) ((fun k => ⟨k + 1, ⋯⟩) k) = k
CENTERING_CLOSURE/formal/ThetaPoisson.lean:111:25: warning: This simp argument is unused:
  Subtype.coe_mk

Hint: Omit it from the simp argument list.
  [apply] simp only [PNat.val]

Note: This linter can be disabled with `set_option linter.unusedSimpArgs false`
CENTERING_CLOSURE/formal/ThetaPoisson.lean:127:2: error: Type mismatch
  Summable.le_tsum (exp_sq_summable c hc) 0 ?m.23
has type
  rexp (-c * ↑0 ^ 2) ≤ ∑' (i : ℤ), rexp (-c * ↑i ^ 2)
but is expected to have type
  1 ≤ thetaQ c
CENTERING_CLOSURE/formal/ThetaPoisson.lean:222:61: error: unexpected token ')'; expected ':=' or '|'
CENTERING_CLOSURE/formal/ThetaPoisson.lean:247:4: error: No goals to be solved
CENTERING_CLOSURE/formal/ThetaPoisson.lean:252:6: error: Failed to rewrite using equation theorems for `S0`
CENTERING_CLOSURE/formal/ThetaPoisson.lean:286:8: error: Function expected at
  one_le_div_iff
but this term has type
  1 ≤ ?m.81 / ?m.82 ↔ 0 < ?m.82 ∧ ?m.82 ≤ ?m.81 ∨ ?m.82 < 0 ∧ ?m.81 ≤ ?m.82

Note: Expected a function because this term is being applied to the argument
  hu
CENTERING_CLOSURE/formal/ThetaPoisson.lean:294:4: error: Type mismatch
  le_mul_of_one_le_left (le_of_lt hu) (thetaQ_ge_one (π ^ 2 / u) hc)
has type
  u ≤ thetaQ (π ^ 2 / u) * u
but is expected to have type
  √(π / u) ≤ √(π / u) * thetaQ (π ^ 2 / u)
