CENTERING_CLOSURE/formal/Theta2Split.lean:137:25: error: unsolved goals
G : ℤ → ℝ
hG : Function.Even G
hs : Summable G
hnegG' : ∀ (m : ℕ), G (Int.negSucc m) = G (↑m + 1)
hnegG2' : ∀ (m : ℕ), G (2 * Int.negSucc m) = G (2 * ↑(m + 1))
hnegG3' : ∀ (m : ℕ), G (2 * Int.negSucc m + 1) = G (2 * ↑m + 1)
hsumNat : Summable fun n => G ↑n
hs2 : Summable fun k => G (2 * k)
hs3 : Summable fun k => G (2 * k + 1)
hsumNat2 : Summable fun n => G (2 * ↑n)
hA : ∑' (n : ℤ), G n = ∑' (n : ℕ), G ↑n + ∑' (m : ℕ), G ↑(m + 1)
hB : ∑' (n : ℤ), G (2 * n) = ∑' (n : ℕ), G (2 * ↑n) + ∑' (m : ℕ), G (2 * ↑(m + 1))
hC : ∑' (n : ℤ), G (2 * n + 1) = ∑' (n : ℕ), G (2 * ↑n + 1) + ∑' (m : ℕ), G (2 * ↑m + 1)
hz1 : ∑' (n : ℕ), G ↑n = G ↑0 + ∑' (n : ℕ), G ↑(n + 1)
hz2 : ∑' (n : ℕ), G (2 * ↑n) = G (2 * ↑0) + ∑' (n : ℕ), G (2 * ↑(n + 1))
hsumShift : Summable fun n => G ↑(n + 1)
he1 : Summable fun k => G ↑(2 * k + 1)
ho1 : Summable fun k => G ↑(2 * k + 1 + 1)
hpar : ∑' (k : ℕ), G ↑(2 * k + 1) + ∑' (k : ℕ), G ↑(2 * k + 1 + 1) = ∑' (n : ℕ), G ↑(n + 1)
hb1 : ∑' (k : ℕ), G ↑(2 * k + 1) = ∑' (k : ℕ), G (2 * ↑k + 1)
k : ℕ
⊢ G (2 * ↑k + 1 + 1) = G (2 * (↑k + 1))
