{"job": "toolchain", "exit_code": 0, "elapsed_seconds": 1.5173192120273598}
{"job": "binding", "exit_code": 0, "elapsed_seconds": 0.1643911169958301}
{"job": "source_checks", "exit_code": 0, "elapsed_seconds": 0.11403214797610417}
{"job": "bank_bounds", "exit_code": 0, "elapsed_seconds": 1.3168828070047311}
{"job": "metric_bounds", "exit_code": 0, "elapsed_seconds": 1.6674243589513935}
{"job": "energy_transfer", "exit_code": 0, "elapsed_seconds": 1.3667356839869171}
{"job": "kernel", "exit_code": 0, "elapsed_seconds": 29.530681043979712}
{"job": "audit", "exit_code": 0, "elapsed_seconds": 1.266905527038034}
{"job": "fixtures", "exit_code": 0, "elapsed_seconds": 21.060733227990568}
{"job": "normal", "exit_code": 0, "elapsed_seconds": 1.6177835870184936}
{"job": "sanitizers", "exit_code": 0, "elapsed_seconds": 2.318950692017097}
{"job": "banks_normal", "exit_code": 0, "elapsed_seconds": 0.8158316119806841}
{"job": "banks_san", "exit_code": 0, "elapsed_seconds": 1.4669370190240443}
{"job": "metric_oracle", "exit_code": 0, "elapsed_seconds": 6.127407286956441}
{"job": "mutations", "exit_code": 0, "elapsed_seconds": 0.264707546972204}
{"job": "certificate", "exit_code": 0, "elapsed_seconds": 0.11427305301185697}
{
  "status": "FRESH_REPLAY_PASS",
  "mode": "PREFREEZE_REHEARSAL",
  "input_manifest": "artifacts/rehearsal_inputs.sha256",
  "input_manifest_sha256": "cbf153c46a403351bc9b26ed0bf3424f7095d96a9174620dbca509f413a9afe2",
  "source": "/home/footfalcon/free_falcon_sign/proofs/ft1536/work/FT1536_H3_LEFT_ROOT_CORRELATED_TRANSFER_RUN_001",
  "destination": "/home/footfalcon/free_falcon_sign/proofs/ft1536/work/FT1536_H3_LEFT_ROOT_CORRELATED_TRANSFER_RUN_001/tmp/rehearsal_001",
  "seed_members": 689,
  "cached_olean_or_binaries_used": false,
  "source_changed": false,
  "semantic_matches": 228,
  "elapsed_seconds": 70.9078065379872
}
