    PID COMMAND         %CPU PSR
 558219 python3         71.4  11
 534176 opencode        66.0   7
 533415 opencode        34.3   9
 558216 python3         25.0   9
 507535 opencode         9.6  11
  21039 gnome-terminal-  5.7   1
 483196 Isolated Web Co  4.0  10
 507545 opencode         3.9   0
   2035 gnome-shell      3.4   3
  76576 firefox-esr      2.0  10
  76754 Isolated Web Co  0.6   9
 518838 Isolated Web Co  0.4   9
 554783 kworker/u48:0-e  0.2   6
 508210 kworker/u48:3-e  0.2   8
 535855 kworker/u48:1-e  0.1   9
     18 rcu_preempt      0.1   7
 509370 kworker/10:1-i9  0.1  10
    151 kworker/u49:0-i  0.1  11
    327 usb-storage      0.1   0
 553379 kworker/u48:5-e  0.0  11
 544449 kworker/u48:2-k  0.0   4
  76707 Privileged Cont  0.0   8
   2978 vmware-tray      0.0   4
 550647 Web Content      0.0  11
 550588 Web Content      0.0  11
  76893 Utility Process  0.0  11
 550554 Web Content      0.0   5
  76660 Socket Process   0.0   9
    105 kcompactd0       0.0   9
   2131 ibus-daemon      0.0   7
 552599 kworker/0:2-eve  0.0   0
     44 migration/8      0.0   8
 539476 kworker/2:1-eve  0.0   2
    126 kswapd0          0.0   2
 535406 kworker/8:1-eve  0.0   8
  76712 RDD Process      0.0  11
 555125 kworker/8:0-eve  0.0   8
    292 kworker/10:1H-e  0.0  10
     50 migration/9      0.0   9
 552843 kworker/4:0-eve  0.0   4
   2450 localsearch-3    0.0   6
 312247 sd_dummy         0.0  11
 520832 kworker/6:0-eve  0.0   6
     56 migration/10     0.0  10
 518752 kworker/9:0-eve  0.0   9
  20819 usb-storage      0.0   2
   2184 gnome-software   0.0  11
   2397 ibus-engine-sim  0.0   1
 550553 kworker/11:0-ev  0.0  11
     62 migration/11     0.0  11
   1008 vmware-usbarbit  0.0   4
 549250 kworker/1:1-eve  0.0   1
   1337 vmware-authdlau  0.0  10
 556552 kworker/4:2-eve  0.0   4
   2379 gvfs-afc-volume  0.0   6
 550587 kworker/5:1-eve  0.0   5
 550492 kworker/7:1-eve  0.0   7
 551482 kworker/3:0-eve  0.0   3
 538549 kworker/6:1-eve  0.0   6
     17 ksoftirqd/0      0.0   0
    112 irq/9-acpi       0.0   0
    246 kworker/11:1H-e  0.0  11
   1873 pipewire         0.0   2
   1877 pipewire-pulse   0.0   2
     47 kworker/8:0H-ev  0.0   8
    247 kworker/2:1H-ev  0.0   2
    392 jbd2/sda6-8      0.0   9
     21 migration/0      0.0   0
    139 hwrng            0.0   0
    312 irq/164-ELAN06F  0.0   5
   2315 ibus-extension-  0.0   3
    124 kworker/9:1H-ev  0.0   9
    259 kworker/4:1H-ev  0.0   4
     26 migration/2      0.0   2
   1489 upowerd          0.0   9
     32 migration/4      0.0   4
    144 kworker/0:1H-ev  0.0   0
    922 udisksd          0.0   2
 469450 kworker/7:0-eve  0.0   7
     38 migration/6      0.0   6
    919 polkitd          0.0   4
    915 dbus-daemon      0.0  11
   2451 xdg-desktop-por  0.0   9
    293 kworker/6:1H-ev  0.0   6
   1872 dbus-daemon      0.0  10
   2467 xdg-desktop-por  0.0   8
      1 systemd          0.0  11
   2114 Xwayland         0.0   8
     69 ksoftirqd/1      0.0   1
    107 khugepaged       0.0   4
     27 ksoftirqd/2      0.0   2
  76841 WebExtensions    0.0   2
    910 avahi-daemon     0.0   8
    295 kworker/1:1H-ev  0.0   1
     33 ksoftirqd/4      0.0   4
    212 kworker/3:1H-ev  0.0   3
     39 ksoftirqd/6      0.0   6
   1192 rtkit-daemon     0.0   6
   1876 wireplumber      0.0   2
 494474 xdg-desktop-por  0.0   5
    296 kworker/5:1H-ev  0.0   5
   2135 gsd-housekeepin  0.0   9
   2137 gsd-media-keys   0.0   2
 536448 cups-browsed     0.0   4
     75 ksoftirqd/3      0.0   3
    291 kworker/7:1H-ev  0.0   7
   1855 systemd          0.0   0
    436 systemd-journal  0.0  10
     68 migration/1      0.0   1
     81 ksoftirqd/5      0.0   5
     87 ksoftirqd/7      0.0   7
    921 systemd-logind   0.0   9
    748 irq/190-AudioDS  0.0   2
     74 migration/3      0.0   3
     80 migration/5      0.0   5
     86 migration/7      0.0   7
   2549 mutter-x11-fram  0.0   9
   1066 psimon           0.0   3
   1065 wpa_supplicant   0.0   4
   2499 gsd-xsettings    0.0  11
   2133 gsd-color        0.0   8
   2138 gsd-power        0.0   3
  19508 gnome-calendar   0.0   9
    490 systemd-udevd    0.0   0
   2294 gjs              0.0   3
     45 ksoftirqd/8      0.0   8
   2113 gjs              0.0   5
   1064 NetworkManager   0.0   1
   2201 evolution-alarm  0.0   2
   2331 gvfs-udisks2-vo  0.0   9
    486 systemd-timesyn  0.0   2
     51 ksoftirqd/9      0.0   9
 312161 speech-dispatch  0.0   4
     57 ksoftirqd/10     0.0  10
     63 ksoftirqd/11     0.0  11
   1673 power-profiles-  0.0   6
 533963 bash             0.0  11
 533376 bash             0.0   6
   1101 boltd            0.0   8
   2136 gsd-keyboard     0.0   3
   2187 gsd-wacom        0.0   1
    918 low-memory-moni  0.0   7
    914 cron             0.0   8
    102 khungtaskd       0.0  11
 507531 bash             0.0   8
   2047 dbus-daemon      0.0   3
   2206 gsd-disk-utilit  0.0   8
    906 accounts-daemon  0.0   4
      2 kthreadd         0.0   8
 312246 sd_espeak-ng     0.0   7
   2837 gvfsd-metadata   0.0   5
   1878 gnome-keyring-d  0.0   1
   2706 gvfsd-trash      0.0  10
   2377 goa-identity-se  0.0   4
   1386 colord           0.0  10
   2104 dconf-service    0.0  11
   2003 gnome-session-b  0.0   4
     20 rcu_exp_gp_kthr  0.0   7
   2456 xdg-document-po  0.0  10
   2354 evolution-sourc  0.0   9
   1100 ModemManager     0.0  11
   3279 gvfsd-dnssd      0.0   6
   2317 ibus-portal      0.0   5
    710 kworker/u49:1-h  0.0   4
 312250 sd_espeak-ng     0.0   5
   2818 evolution-calen  0.0   0
   1986 gvfsd            0.0   8
   2823 evolution-addre  0.0   5
   3267 gvfsd-recent     0.0   1
   1879 mpris-proxy      0.0   4
  76585 crashhelper      0.0   2
   2102 gnome-shell-cal  0.0   8
   1140 gdm3             0.0  10
    911 bluetoothd       0.0   9
   2141 gsd-print-notif  0.0   9
   2151 gsd-sharing      0.0   9
   2083 at-spi2-registr  0.0   4
 411065 irq/126-mei_me   0.0  11
  21449 jbd2/sda3-8      0.0   9
   3268 gvfsd-network    0.0   8
   2369 goa-daemon       0.0   2
   2343 gvfs-mtp-volume  0.0   1
   2143 gsd-rfkill       0.0   8
   2144 gsd-screensaver  0.0   3
   2174 gsd-usb-protect  0.0   6
 312173 sd_espeak-ng-mb  0.0   9
   2736 ibus-x11         0.0   9
   2360 gvfs-goa-volume  0.0   8
   2355 gvfs-gphoto2-vo  0.0  10
   2157 gsd-smartcard    0.0   6
   2158 gsd-sound        0.0   0
   2132 gsd-a11y-settin  0.0   1
   2134 gsd-datetime     0.0   0
   1843 gdm-session-wor  0.0   6
    920 switcheroo-cont  0.0   6
   2036 at-spi-bus-laun  0.0   0
   1993 xdg-permission-  0.0   0
   1933 gnome-session-b  0.0   4
    501 psimon           0.0  10
      3 pool_workqueue_  0.0   8
      4 kworker/R-kvfre  0.0   0
      5 kworker/R-rcu_g  0.0   0
      6 kworker/R-sync_  0.0   0
      7 kworker/R-slub_  0.0   0
      8 kworker/R-netns  0.0   0
     10 kworker/0:0H-ev  0.0   0
     13 kworker/R-mm_pe  0.0   0
     14 rcu_tasks_kthre  0.0   2
     15 rcu_tasks_rude_  0.0   0
     16 rcu_tasks_trace  0.0   0
     19 rcu_exp_par_gp_  0.0   0
     22 idle_inject/0    0.0   0
     23 cpuhp/0          0.0   0
     24 cpuhp/2          0.0   2
     25 idle_inject/2    0.0   2
     29 kworker/2:0H-ev  0.0   2
     30 cpuhp/4          0.0   4
     31 idle_inject/4    0.0   4
     35 kworker/4:0H-ev  0.0   4
     36 cpuhp/6          0.0   6
     37 idle_inject/6    0.0   6
     41 kworker/6:0H-ev  0.0   6
     42 cpuhp/8          0.0   8
     43 idle_inject/8    0.0   8
     48 cpuhp/9          0.0   9
     49 idle_inject/9    0.0   9
     53 kworker/9:0H-ev  0.0   9
     54 cpuhp/10         0.0  10
     55 idle_inject/10   0.0  10
     59 kworker/10:0H-e  0.0  10
     60 cpuhp/11         0.0  11
     61 idle_inject/11   0.0  11
     65 kworker/11:0H-e  0.0  11
     66 cpuhp/1          0.0   1
     67 idle_inject/1    0.0   1
     71 kworker/1:0H-ev  0.0   1
     72 cpuhp/3          0.0   3
     73 idle_inject/3    0.0   3
     77 kworker/3:0H-ev  0.0   3
     78 cpuhp/5          0.0   5
     79 idle_inject/5    0.0   5
     83 kworker/5:0H-ev  0.0   5
     84 cpuhp/7          0.0   7
     85 idle_inject/7    0.0   7
     89 kworker/7:0H-ev  0.0   7
     99 kdevtmpfs        0.0   0
    100 kworker/R-inet_  0.0  10
    101 kauditd          0.0   9
    103 oom_reaper       0.0   2
    104 kworker/R-write  0.0   2
    106 ksmd             0.0   2
    108 kworker/R-kinte  0.0   2
    109 kworker/R-kbloc  0.0   2
    110 kworker/R-blkcg  0.0   2
    120 kworker/R-tpm_d  0.0  11
    121 kworker/R-edac-  0.0   8
    122 kworker/R-devfr  0.0   8
    123 kworker/R-quota  0.0  10
    133 kworker/R-kthro  0.0   9
    137 irq/123-pciehp   0.0   5
    138 kworker/R-acpi_  0.0   9
    140 kworker/R-hfi-u  0.0   9
    142 kworker/R-mld    0.0  11
    143 kworker/R-ipv6_  0.0   9
    149 kworker/R-kstrp  0.0   8
    294 kworker/8:1H     0.0   8
    300 kworker/R-nvme-  0.0   9
    301 kworker/R-nvme-  0.0  10
    302 kworker/R-nvme-  0.0   0
    303 kworker/R-nvme-  0.0   3
    304 watchdogd        0.0   8
    308 kworker/R-USBC0  0.0  11
    309 kworker/R-sdhci  0.0  10
    315 kworker/R-USBC0  0.0  11
    317 kworker/R-ttm    0.0  10
    318 card0-crtc0      0.0  11
    319 card0-crtc1      0.0  11
    320 card0-crtc2      0.0  11
    321 card0-crtc3      0.0  11
    325 scsi_eh_0        0.0  10
    326 kworker/R-scsi_  0.0  11
    328 kworker/R-uas    0.0  10
    393 kworker/R-ext4-  0.0  11
    578 kworker/R-crypt  0.0   8
    679 kworker/R-cfg80  0.0  11
    692 irq/16-processo  0.0  10
    712 irq/176-iwlwifi  0.0   0
    713 irq/177-iwlwifi  0.0   0
    714 irq/178-iwlwifi  0.0   1
    715 irq/179-iwlwifi  0.0   2
    716 irq/180-iwlwifi  0.0   3
    717 irq/181-iwlwifi  0.0   4
    718 irq/182-iwlwifi  0.0   5
    719 irq/183-iwlwifi  0.0   6
    720 irq/184-iwlwifi  0.0   7
    721 irq/185-iwlwifi  0.0   8
    722 irq/186-iwlwifi  0.0   9
    723 irq/187-iwlwifi  0.0  10
    724 irq/188-iwlwifi  0.0  11
    725 irq/189-iwlwifi  0.0   1
    966 avahi-daemon     0.0  11
   1102 krfcommd         0.0  11
   1156 psimon           0.0  10
   1857 (sd-pam)         0.0   8
   1875 pipewire         0.0   8
   1929 gdm-wayland-ses  0.0   8
   1974 gcr-ssh-agent    0.0   5
   1975 gnome-session-c  0.0   7
   1976 ssh-agent        0.0   7
   1999 gvfsd-fuse       0.0   5
   2275 gsd-printer      0.0   0
   2314 ibus-memconf     0.0   4
   2462 fusermount3      0.0   9
  19948 gvfsd-http       0.0   1
  20817 scsi_eh_1        0.0   9
  20818 kworker/R-scsi_  0.0  10
  21450 kworker/R-ext4-  0.0   8
 411066 irq/165-mmc0     0.0   4
 536036 kworker/5:2      0.0   5
 536446 cupsd            0.0   2
 536456 dbus             0.0  11
 537894 kworker/9:1-eve  0.0   9
 538665 kworker/11:1-cg  0.0  11
 553340 kworker/4:1-eve  0.0   4
 553356 jbd2/nvme0n1p3-  0.0   1
 553357 kworker/R-ext4-  0.0  10
 554036 kworker/3:1-mm_  0.0   3
 554929 kworker/1:2      0.0   1
 554937 kworker/0:0-eve  0.0   0
 554945 kworker/10:2-i9  0.0  10
 555836 kworker/2:0-eve  0.0   2
 556568 kworker/11:2     0.0  11
 556666 kworker/3:2      0.0   3
 556806 kworker/6:2      0.0   6
 556893 kworker/0:1      0.0   0
 557369 kworker/10:0-i9  0.0  10
 558220 rg               0.0   3
 558237 rg               0.0   6
 558238 ps               0.0   8
