/home/footfalcon/free_falcon_sign/proofs/ft1536/work/B20_001/P02/run/fpr_spec_088/source/B20/Fpr/Spec.lean:523:4: error: `simp` made no progress
/home/footfalcon/free_falcon_sign/proofs/ft1536/work/B20_001/P02/run/fpr_spec_088/source/B20/Fpr/Spec.lean:551:29: error: Type mismatch
  hmask
has type
  rint_mask (rint_e x) = 0#64
but is expected to have type
  -BitVec.setWidth 64 (BitVec.setWidth 32 (1085#32 - (BitVec.setWidth 32 (x >>> 52) &&& 2047#32) - 64#32) >>> 31) =
    BitVec.allOnes 64
/home/footfalcon/free_falcon_sign/proofs/ft1536/work/B20_001/P02/run/fpr_spec_088/source/B20/Fpr/Spec.lean:553:4: error: `simp` made no progress
/home/footfalcon/free_falcon_sign/proofs/ft1536/work/B20_001/P02/run/fpr_spec_088/source/B20/Fpr/Spec.lean:522:81: warning: This simp argument is unused:
  rint_f

Hint: Omit it from the simp argument list.
  [apply] simp [rint_y, rint_e, rint_m0, rint_mask, rint_m1, rint_e2, rint_d, rint_dd, rint_m2, rint_s,
    hmask] at hS2 hS3 hmask he2eq hsafe hf hneg_eq

Note: This linter can be disabled with `set_option linter.unusedSimpArgs false`
/home/footfalcon/free_falcon_sign/proofs/ft1536/work/B20_001/P02/run/fpr_spec_088/source/B20/Fpr/Spec.lean:522:89: warning: This simp argument is unused:
  rint_m2

Hint: Omit it from the simp argument list.
  [apply] simp [rint_y, rint_e, rint_m0, rint_mask, rint_m1, rint_e2, rint_d, rint_dd, rint_f, rint_s,
    hmask] at hS2 hS3 hmask he2eq hsafe hf hneg_eq

Note: This linter can be disabled with `set_option linter.unusedSimpArgs false`
/home/footfalcon/free_falcon_sign/proofs/ft1536/work/B20_001/P02/run/fpr_spec_088/source/B20/Fpr/Spec.lean:522:106: warning: This simp argument is unused:
  hmask

Hint: Omit it from the simp argument list.
  [apply] simp [rint_y, rint_e, rint_m0, rint_mask, rint_m1, rint_e2, rint_d, rint_dd, rint_f, rint_m2,
    rint_s] at hS2 hS3 hmask he2eq hsafe hf hneg_eq

Note: This linter can be disabled with `set_option linter.unusedSimpArgs false`
/home/footfalcon/free_falcon_sign/proofs/ft1536/work/B20_001/P02/run/fpr_spec_088/source/B20/Fpr/Spec.lean:552:81: warning: This simp argument is unused:
  rint_f

Hint: Omit it from the simp argument list.
  [apply] simp [rint_y, rint_e, rint_m0, rint_mask, rint_m1, rint_e2, rint_d, rint_dd, rint_m2, rint_s,
    hmask] at hS2 hS3 hmask hsafe hf hneg_eq

Note: This linter can be disabled with `set_option linter.unusedSimpArgs false`
/home/footfalcon/free_falcon_sign/proofs/ft1536/work/B20_001/P02/run/fpr_spec_088/source/B20/Fpr/Spec.lean:552:89: warning: This simp argument is unused:
  rint_m2

Hint: Omit it from the simp argument list.
  [apply] simp [rint_y, rint_e, rint_m0, rint_mask, rint_m1, rint_e2, rint_d, rint_dd, rint_f, rint_s,
    hmask] at hS2 hS3 hmask hsafe hf hneg_eq

Note: This linter can be disabled with `set_option linter.unusedSimpArgs false`
/home/footfalcon/free_falcon_sign/proofs/ft1536/work/B20_001/P02/run/fpr_spec_088/source/B20/Fpr/Spec.lean:552:106: warning: This simp argument is unused:
  hmask

Hint: Omit it from the simp argument list.
  [apply] simp [rint_y, rint_e, rint_m0, rint_mask, rint_m1, rint_e2, rint_d, rint_dd, rint_f, rint_m2,
    rint_s] at hS2 hS3 hmask hsafe hf hneg_eq

Note: This linter can be disabled with `set_option linter.unusedSimpArgs false`
